###############################################################################
#                                                                             #
# IAR ELF Linker V6.30.1.53127/W32 for ARM              09/May/2013  22:15:16 #
# Copyright 2007-2011 IAR Systems AB.                                         #
#                                                                             #
#    Output file  =  L:\git_workspace\YD_PRJ_NEW_20130323_git_\IAR\twrk60n512 #
#                    \Int Flash Debug\Exe\twrk60n512.out                      #
#    Map file     =  L:\git_workspace\YD_PRJ_NEW_20130323_git_\IAR\twrk60n512 #
#                    \Int Flash Debug\List\twrk60n512.map                     #
#    Command line =  "L:\git_workspace\YD_PRJ_NEW_20130323_git_\IAR\twrk60n51 #
#                    2\Int Flash Debug\Obj\DSPSPI.o"                          #
#                    "L:\git_workspace\YD_PRJ_NEW_20130323_git_\IAR\twrk60n51 #
#                    2\Int Flash Debug\Obj\DataConvert.o"                     #
#                    "L:\git_workspace\YD_PRJ_NEW_20130323_git_\IAR\twrk60n51 #
#                    2\Int Flash Debug\Obj\FTP_Task.o"                        #
#                    "L:\git_workspace\YD_PRJ_NEW_20130323_git_\IAR\twrk60n51 #
#                    2\Int Flash Debug\Obj\LCDDriver.o"                       #
#                    "L:\git_workspace\YD_PRJ_NEW_20130323_git_\IAR\twrk60n51 #
#                    2\Int Flash Debug\Obj\LCDUart.o"                         #
#                    "L:\git_workspace\YD_PRJ_NEW_20130323_git_\IAR\twrk60n51 #
#                    2\Int Flash Debug\Obj\MenuView.o"                        #
#                    "L:\git_workspace\YD_PRJ_NEW_20130323_git_\IAR\twrk60n51 #
#                    2\Int Flash Debug\Obj\SD_task.o"                         #
#                    "L:\git_workspace\YD_PRJ_NEW_20130323_git_\IAR\twrk60n51 #
#                    2\Int Flash Debug\Obj\Shell_Task.o"                      #
#                    "L:\git_workspace\YD_PRJ_NEW_20130323_git_\IAR\twrk60n51 #
#                    2\Int Flash Debug\Obj\System.o"                          #
#                    "L:\git_workspace\YD_PRJ_NEW_20130323_git_\IAR\twrk60n51 #
#                    2\Int Flash Debug\Obj\USB_File.o"                        #
#                    "L:\git_workspace\YD_PRJ_NEW_20130323_git_\IAR\twrk60n51 #
#                    2\Int Flash Debug\Obj\USB_Task.o"                        #
#                    "L:\git_workspace\YD_PRJ_NEW_20130323_git_\IAR\twrk60n51 #
#                    2\Int Flash Debug\Obj\mem_flash.o"                       #
#                    "L:\git_workspace\YD_PRJ_NEW_20130323_git_\IAR\twrk60n51 #
#                    2\Int Flash Debug\Obj\mem_ram.o"                         #
#                    "L:\git_workspace\YD_PRJ_NEW_20130323_git_\IAR\twrk60n51 #
#                    2\Int Flash Debug\Obj\pin2.o"                            #
#                    "L:\git_workspace\YD_PRJ_NEW_20130323_git_\IAR\twrk60n51 #
#                    2\Int Flash Debug\Obj\sh_cd.o"                           #
#                    "L:\git_workspace\YD_PRJ_NEW_20130323_git_\IAR\twrk60n51 #
#                    2\Int Flash Debug\Obj\sh_di.o"                           #
#                    "L:\git_workspace\YD_PRJ_NEW_20130323_git_\IAR\twrk60n51 #
#                    2\Int Flash Debug\Obj\tcpip_socket_task.o"               #
#                    "L:\git_workspace\YD_PRJ_NEW_20130323_git_\IAR\twrk60n51 #
#                    2\Int Flash Debug\Obj\usb_classes.o"                     #
#                    "L:\git_workspace\YD_PRJ_NEW_20130323_git_\IAR\twrk60n51 #
#                    2\Int Flash Debug\Obj\yada_prj.o"                        #
#                    L:\git_workspace\YD_PRJ_NEW_20130323_git_\lib\twrk60n512 #
#                    .iar\bsp\bsp_twrk60n512_130418_SPI_TX_56Data_Buf6175.a   #
#                    L:\git_workspace\YD_PRJ_NEW_20130323_git_\lib\twrk60n512 #
#                    .iar\mfs\mfs_twrk60n512_d.a                              #
#                    L:\git_workspace\YD_PRJ_NEW_20130323_git_\lib\twrk60n512 #
#                    .iar\psp\psp_twrk60n512_d.a                              #
#                    L:\git_workspace\YD_PRJ_NEW_20130323_git_\lib\twrk60n512 #
#                    .iar\rtcs\rtcs_twrk60n512_d_20130105.a                   #
#                    L:\git_workspace\YD_PRJ_NEW_20130323_git_\lib\twrk60n512 #
#                    .iar\shell\shell_twrk60n512_d_20130509.a                 #
#                    L:\git_workspace\YD_PRJ_NEW_20130323_git_\lib\twrk60n512 #
#                    .iar\usb\host\usb_hdk_twrk60n512_d.a --redirect          #
#                    _Printf=_PrintfFull --redirect _Scanf=_ScanfFull -o      #
#                    "L:\git_workspace\YD_PRJ_NEW_20130323_git_\IAR\twrk60n51 #
#                    2\Int Flash Debug\Exe\twrk60n512.out" --map              #
#                    "L:\git_workspace\YD_PRJ_NEW_20130323_git_\IAR\twrk60n51 #
#                    2\Int Flash Debug\List\twrk60n512.map" --config          #
#                    L:\git_workspace\YD_PRJ_NEW_20130323_git_\IAR\..\lib\twr #
#                    k60n512.iar\bsp\intflash.icf --redirect                  #
#                    __iar_dlmalloc=malloc --redirect __iar_dlcalloc=calloc   #
#                    --redirect __iar_dlfree=free --semihosting --entry       #
#                    __iar_program_start --vfe                                #
#                                                                             #
#                                                                             #
###############################################################################

*******************************************************************************
*** RUNTIME MODEL ATTRIBUTES
***

CppFlavor                   = *
__SystemLibrary             = DLib
__dlib_jmp_buf_num_elements = 8


*******************************************************************************
*** PLACEMENT SUMMARY
***

"A1":  place at 0x00000000 { ro section .intvec, block CFMPROTROM };
"P1":  place in [from 0x00000000 to 0x0007ffff] {
          first block TEXTSECTION, ro, last block FLASHX_POOL };
"P2":  place in [from 0x1fff0000 to 0x2000fff0] { rw, last block KERNEL_DATA };

  Section            Kind        Address     Size  Object
  -------            ----        -------     ----  ------
"A1":                                       0x414
  .intvec            const    0x00000000    0x400  vectors.o [3]
  CFMPROTROM                  0x00000400     0x14  <Block>
    .cfmconfig       const    0x00000400     0x10  vectors.o [3]
    .cfmconfig       const    0x00000410      0x0  vectors.o [3]
    CFMPROTROM       const    0x00000410      0x4  <Block tail>
                            - 0x00000414    0x414

"P1":                                     0x33be4
  TEXTSECTION                 0x00000420  0x2ed94  <Block>
    .text            ro code  0x00000420     0x4c  cortex_boot.o [7]
    .text            ro code  0x0000046c      0xc  cstartup_M.o [8]
    .text            ro code  0x00000478     0x16  cmain.o [8]
    .text            ro code  0x0000048e      0xa  iar.o [3]
    .text            ro code  0x00000498     0x2c  data_init3.o [8]
    .text            ro code  0x000004c4     0x10  mqx_main.o [3]
    .text            ro code  0x000004d4      0x4  exit.o [4]
    .text            ro code  0x000004d8    0x190  init_hw.o [3]
    .text            ro code  0x00000668    0x1a8  mqx.o [7]
    .text            ro code  0x00000810      0xa  cexit.o [8]
    .text            ro code  0x0000081a     0x46  sotcp.o [9]
    .text            ro code  0x00000860    0x79c  bsp_cm.o [3]
    .text            ro code  0x00000ffc    0x538  init_gpio.o [3]
    .text            ro code  0x00001534    0x134  mem_zero.o [7]
    .text            ro code  0x00001668     0x76  ABImemcpy.o [8]
    .text            ro code  0x000016de     0x56  macnet_rejoin.o [3]
    .text            ro code  0x00001734     0xd8  mqxiinit.o [7]
    .text            ro code  0x0000180c     0x28  lwm_init.o [7]
    .text            ro code  0x00001834     0x18  lwm_gsys.o [7]
    .text            ro code  0x0000184c     0x24  lwm_size.o [7]
    .text            ro code  0x00001870    0x1c4  ta_init.o [7]
    .text            ro code  0x00001a34     0xc0  sc_irdyq.o [7]
    .text            ro code  0x00001af4     0x74  lws_crea.o [7]
    .text            ro code  0x00001b68    0x2c8  init_bsp.o [3]
    .text            ro code  0x00001e30     0x24  int_disa.o [7]
    .text            ro code  0x00001e54     0x14  exit.o [10]
    .text            ro code  0x00001e68     0x14  cm.o [3]
    .text            ro code  0x00001e7c      0xc  qu_init.o [7]
    .text            ro code  0x00001e88     0x64  lwm_crep.o [7]
    .text            ro code  0x00001eec    0x204  lwm_alli.o [7]
    .text            ro code  0x000020f0     0x34  td_serr.o [7]
    .text            ro code  0x00002124     0xd0  td_alloc.o [7]
    .text            ro code  0x000021f4     0x68  stack_bu.o [7]
    .text            ro code  0x0000225c      0x8  lwm_xfri.o [7]
    .text            ro code  0x00002264     0x18  lwm_allz.o [7]
    .text            ro code  0x0000227c     0x38  int_ena.o [7]
    .text            ro code  0x000022b4     0x3e  qu_enq.o [7]
    .text            ro code  0x000022f2     0x22  zero_init3.o [8]
    .text            ro code  0x00002314      0xc  mqx_scpu.o [7]
    .text            ro code  0x00002320     0x30  lwm_allo.o [7]
    .text            ro code  0x00002350     0x14  psp_iinit.o [7]
    .text            ro code  0x00002364     0x10  int_vtab.o [7]
    .text            ro code  0x00002374     0x10  ti_setv.o [7]
    .text            ro code  0x00002384     0xb0  int_iisr.o [7]
    .text            ro code  0x00002434     0x10  ti_sett.o [7]
    .text            ro code  0x00002444     0x10  ti_shwtt.o [7]
    .text            ro code  0x00002454     0x14  ti_shwtf.o [7]
    .text            ro code  0x00002468     0x14  kinetis_mpu.o [7]
    .text            ro code  0x0000247c     0x18  io_init.o [7]
    .text            ro code  0x00002494    0x3b4  serl_pol_kuart.o [3]
    .text            ro code  0x00002848    0x1f0  serl_int_kuart.o [3]
    .text            ro code  0x00002a38    0x86c  i2c_pol_ki2c.o [3]
    .text            ro code  0x000032a4    0x6aa  i2c_int_ki2c.o [3]
    .text            ro code  0x00003950    0x9e8  spi_pol_dspi.o [3]
    .text            ro code  0x00004338    0x7a0  spi_dma_dspi.o [3]
    .text            ro code  0x00004ad8    0x28c  io_gpio.o [3]
    .text            ro code  0x00004d64    0x5ae  adc.o [3]
    .text            ro code  0x00005314    0xc76  esdhc.o [3]
    .text            ro code  0x00005f8c    0xd3c  flashx.o [3]
    .text            ro code  0x00006cc8     0x34  io_sinit.o [3]
    .text            ro code  0x00006cfc     0xe0  ti_krnl.o [7]
    .text            ro code  0x00006ddc     0xfc  lwm_free.o [7]
    .text            ro code  0x00006ed8     0x40  qu_insrt.o [7]
    .text            ro code  0x00006f18     0x78  int_init.o [7]
    .text            ro code  0x00006f90     0x10  int_inst.o [7]
    .text            ro code  0x00006fa0    0x53c  serl_pol.o [3]
    .text            ro code  0x000074dc     0x4c  serl_mk60.o [3]
    .text            ro code  0x00007528     0x18  lwm_zsys.o [7]
    .text            ro code  0x00007540    0x610  serl_int.o [3]
    .text            ro code  0x00007b50     0x60  int_gdat.o [7]
    .text            ro code  0x00007bb0      0x4  int_geh.o [7]
    .text            ro code  0x00007bb4     0xa0  cortex.o [7]
    .text            ro code  0x00007c54     0xf0  ev_open.o [7]
    .text            ro code  0x00007d44     0xe0  ev_set.o [7]
    .text            ro code  0x00007e24    0x170  i2c_pol.o [3]
    .text            ro code  0x00007f94     0x38  i2c_mk60.o [3]
    .text            ro code  0x00007fcc    0x16c  i2c_int.o [3]
    .text            ro code  0x00008138    0x196  spi_pol.o [3]
    .text            ro code  0x000082d0     0x30  spi_mk60_dspi.o [3]
    .text            ro code  0x00008300    0x1a2  spi_int.o [3]
    .text            ro code  0x000084a4     0x24  io_pntf.o [7]
    .text            ro code  0x000084c8    0x2c4  DSPSPI.o [1]
    .text            ro code  0x0000878c    0x994  io_gpio_kgpio.o [3]
    .text            ro code  0x00009120     0x1a  io_inst.o [7]
    .text            ro code  0x0000913a     0x3e  io_ioctl.o [7]
    .text            ro code  0x00009178    0xac0  adc_kadc.o [3]
    .text            ro code  0x00009c38    0xaf8  adt_kpdb.o [3]
    .text            ro code  0x0000a730     0x42  strcmp.o [8]
    .text            ro code  0x0000a774     0x36  strlen.o [8]
    .text            ro code  0x0000a7ac     0x38  ti_delay.o [7]
    .text            ro code  0x0000a7e4    0x108  io_instx.o [7]
    .text            ro code  0x0000a8ec     0x14  esdhc_mk60.o [3]
    .text            ro code  0x0000a900      0xe  esdhc.o [3]
    .text            ro code  0x0000a910     0x78  lws_wait.o [7]
    .text            ro code  0x0000a988    0x17c  mem_copy.o [7]
    .text            ro code  0x0000ab04     0x7c  lws_post.o [7]
    .text            ro code  0x0000ab80     0xa0  io_fopen.o [7]
    .text            ro code  0x0000ac20     0x34  psp_tinm.o [7]
    .text            ro code  0x0000ac54     0x84  tq_creat.o [7]
    .text            ro code  0x0000acd8     0x80  tq_dest.o [7]
    .text            ro code  0x0000ad58     0xd8  tq_func.o [7]
    .text            ro code  0x0000ae30     0x94  na_findi.o [7]
    .text            ro code  0x0000aec4     0x48  io_ghand.o [7]
    .text            ro code  0x0000af0c    0xbd4  io_dopr.o [7]
    .text            ro code  0x0000bae0     0x34  io_fclos.o [7]
    .text            ro code  0x0000bb14     0x14  ev_creat.o [7]
    .text            ro code  0x0000bb28     0x3a  ev_all.o [7]
    .text            ro code  0x0000bb64     0x48  ev_clear.o [7]
    .text            ro code  0x0000bbac     0x2a  strncmp.o [4]
    .text            ro code  0x0000bbd8      0x6  ABImemclr4.o [8]
    .text            ro code  0x0000bbe0     0x14  adc_mk60.o [3]
    .text            ro code  0x0000bbf4    0x132  I64DivMod.o [8]
    .text            ro code  0x0000bd28     0xd4  lwe_set.o [7]
    .text            ro code  0x0000bdfc     0x84  psp_mstiq.o [7]
    .text            ro code  0x0000be80     0x48  psp_tiad.o [7]
    .text            ro code  0x0000bec8     0x88  ti_deli.o [7]
    .text            ro code  0x0000bf50     0x2e  qu_deq.o [7]
    .text            ro code  0x0000bf7e     0x2c  sc_ipq.o [7]
    .text            ro code  0x0000bfaa     0x1c  strnlen.o [7]
    .text            ro code  0x0000bfc8     0xc0  ev_creai.o [7]
    .text            ro code  0x0000c088    0x108  ev_waiti.o [7]
    .text            ro code  0x0000c190     0x32  ABImemset48.o [8]
    .text            ro code  0x0000c1c4      0x2  I64DivZer.o [8]
    .text            ro code  0x0000c1c8     0xcc  ev_comp.o [7]
    .text            ro code  0x0000c294     0x6c  strncpy.o [8]
    .text            ro code  0x0000c300    0x138  na_addi.o [7]
    .text            ro code  0x0000c438     0x34  ti_delun.o [7]
    .text            ro code  0x0000c46c     0x38  ti_delfo.o [7]
    .text            ro code  0x0000c4a4     0x7c  na_crth.o [7]
    .text            ro code  0x0000c520     0x5e  ABImemset.o [8]
    .text            ro code  0x0000c580    0x490  DataConvert.o [1]
    .text            ro code  0x0000ca10     0xfc  FltDiv.o [5]
    .text            ro code  0x0000cb0c     0xd8  FltMul.o [5]
    .text            ro code  0x0000cbe4     0x24  FltToU32.o [5]
    .text            ro code  0x0000cc08     0x32  I32ToFlt.o [5]
    .text            ro code  0x0000cc3a      0x8  abs.o [4]
    .text            ro code  0x0000cc44     0xe6  FltSub.o [5]
    .text            ro code  0x0000cd2c     0x44  FltToS32.o [5]
    .text            ro code  0x0000cd70     0x24  FltCmpLe.o [5]
    .text            ro code  0x0000cd94     0x84  FltAdd.o [5]
    .text            ro code  0x0000ce18    0x384  LCDDriver.o [1]
    .text            ro code  0x0000d19c     0x24  io_write.o [7]
    .text            ro code  0x0000d1c0     0xec  FTP_Task.o [1]
    .text            ro code  0x0000d2ac    0x26c  rtcscmd.o [9]
    .text            ro code  0x0000d518     0x24  enaddr.o [3]
    .text            ro code  0x0000d53c    0x104  eninit.o [3]
    .text            ro code  0x0000d640     0x5c  ifadd.o [9]
    .text            ro code  0x0000d69c    0x644  ftpd.o [9]
    .text            ro code  0x0000dce0     0x88  ta_creat.o [7]
    .text            ro code  0x0000dd68     0xe4  mqx_ioc.o [7]
    .text            ro code  0x0000de4c    0x1b6  rtcspart.o [9]
    .text            ro code  0x0000e004     0x2c  ms_id.o [7]
    .text            ro code  0x0000e030     0x16  ms_pool.o [7]
    .text            ro code  0x0000e048     0xa8  rtcstask.o [9]
    .text            ro code  0x0000e0f0     0x6c  ms_dpool.o [7]
    .text            ro code  0x0000e15c     0xcc  ms_alloc.o [7]
    .text            ro code  0x0000e228     0x58  td_get.o [7]
    .text            ro code  0x0000e280      0xc  ms_sendb.o [7]
    .text            ro code  0x0000e28c     0x48  ta_rdy.o [7]
    .text            ro code  0x0000e2d4      0xc  ms_send.o [7]
    .text            ro code  0x0000e2e0     0x10  td_gid.o [7]
    .text            ro code  0x0000e2f0     0x1c  td_gerr.o [7]
    .text            ro code  0x0000e30c     0x24  td_util.o [7]
    .text            ro code  0x0000e330     0x2c  init_enet.o [3]
    .text            ro code  0x0000e35c     0x58  enutil.o [3]
    .text            ro code  0x0000e3b4     0x3c  ta_env.o [7]
    .text            ro code  0x0000e3f0     0x22  ta_sexit.o [7]
    .text            ro code  0x0000e414     0xb2  rtcs.o [9]
    .text            ro code  0x0000e4c8    0x3ea  io_util.o [7]
    .text            ro code  0x0000e8b4     0x44  strcpy.o [8]
    .text            ro code  0x0000e8f8     0x18  io_util.o [7]
    .text            ro code  0x0000e910      0x8  io_util.o [7]
    .text            ro code  0x0000e918     0x7c  ta_build.o [7]
    .text            ro code  0x0000e994     0x18  lwm_allp.o [7]
    .text            ro code  0x0000e9ac     0x18  lwm_alzp.o [7]
    .text            ro code  0x0000e9c4     0x18  lwm_gsyp.o [7]
    .text            ro code  0x0000e9dc     0x18  lwm_zsyf.o [7]
    .text            ro code  0x0000e9f4     0x84  pa_creat.o [7]
    .text            ro code  0x0000ea78     0x14  pa_sallo.o [7]
    .text            ro code  0x0000ea8c     0x74  pa_free.o [7]
    .text            ro code  0x0000eb00     0x74  pa_dest.o [7]
    .text            ro code  0x0000eb74    0x20c  ms_pooli.o [7]
    .text            ro code  0x0000ed80     0x12  ta_util.o [7]
    .text            ro code  0x0000ed94     0xa2  lws_dest.o [7]
    .text            ro code  0x0000ee38    0x364  ms_sendi.o [7]
    .text            ro code  0x0000f19c    0x12a  sockutil.o [9]
    .text            ro code  0x0000f2c6      0x8  io_util.o [7]
    .text            ro code  0x0000f2ce     0x2a  io_util.o [7]
    .text            ro code  0x0000f2f8     0x16  io_util.o [7]
    .text            ro code  0x0000f310     0x7c  pa_creai.o [7]
    .text            ro code  0x0000f38c    0x118  pa_alloi.o [7]
    .text            ro code  0x0000f4a4    0x130  ms_comp.o [7]
    .text            ro code  0x0000f5d4     0x60  ms_free.o [7]
    .text            ro code  0x0000f634     0x10  io_util.o [7]
    .text            ro code  0x0000f644      0x8  io_util.o [7]
    .text            ro code  0x0000f64c      0x8  io_util.o [7]
    .text            ro code  0x0000f654     0x7c  pa_comp.o [7]
    .text            ro code  0x0000f6d0     0x5c  pa_extni.o [7]
    .text            ro code  0x0000f72c     0x22  io_util.o [7]
    .text            ro code  0x0000f74e     0x28  io_util.o [7]
    .text            ro code  0x0000f776     0x10  io_util.o [7]
    .text            ro code  0x0000f788    0xab0  LCDUart.o [1]
    .text            ro code  0x00010238     0x14  ev_creaa.o [7]
    .text            ro code  0x0001024c   0x37f8  MenuView.o [1]
    .text            ro code  0x00013a44     0x52  System.o [1]
    .text            ro code  0x00013a98     0x30  I32ToDbl.o [5]
    .text            ro code  0x00013ac8    0x1a2  DblMul.o [5]
    .text            ro code  0x00013c6c    0x246  DblDiv.o [5]
    .text            ro code  0x00013eb4     0x90  DblToFlt.o [5]
    .text            ro code  0x00013f44     0x4e  FltToDbl.o [5]
    .text            ro code  0x00013f92      0x6  cos.o [5]
    .text            ro code  0x00013f98     0xe8  DblAdd.o [5]
    .text            ro code  0x00014080     0x4c  DblToI32.o [5]
    .text            ro code  0x000140cc      0x6  sin.o [5]
    .text            ro code  0x000140d4    0x180  DblSub.o [5]
    .text            ro code  0x00014254     0x24  FltCmpGe.o [5]
    .text            ro code  0x00014278    0x14c  sh_cd.o [1]
    .text            ro code  0x000143c4     0x90  sh_pwd.o [11]
    .text            ro code  0x00014454    0x220  sh_read_wk.o [11]
    .text            ro code  0x00014674    0x24c  sh_write_binary.o [11]
    .text            ro code  0x000148c0     0xc8  sh_update.o [11]
    .text            ro code  0x00014988     0x26  io_spr.o [7]
    .text            ro code  0x000149b0     0xfc  sh_df_driver.o [11]
    .text            ro code  0x00014aac     0x16  ti_get.o [7]
    .text            ro code  0x00014ac4     0xe4  ti_to.o [7]
    .text            ro code  0x00014ba8    0x110  sh_mkdir.o [11]
    .text            ro code  0x00014cb8    0x39c  sh_search_file_1.o [11]
    .text            ro code  0x00015054    0x1f0  xsin.o [5]
    .text            ro code  0x00015244    0x218  sh_util.o [11]
    .text            ro code  0x0001545c    0x408  mfs_misc.o [6]
    .text            ro code  0x00015864     0x90  io_fseek.o [7]
    .text            ro code  0x000158f4     0x16  io_feof.o [7]
    .text            ro code  0x0001590a     0x46  io_fgetc.o [7]
    .text            ro code  0x00015950     0x4c  ti_gett.o [7]
    .text            ro code  0x0001599c     0xbc  psp_tkti.o [7]
    .text            ro code  0x00015a58     0x42  ti_leap.o [7]
    .text            ro code  0x00015a9c    0x320  dir_read.o [6]
    .text            ro code  0x00015dbc      0xc  errno.o [4]
    .text            ro code  0x00015dc8    0x170  xquad.o [5]
    .text            ro code  0x00015f38     0x2e  DblCmpGe.o [5]
    .text            ro code  0x00015f68     0x2e  DblCmpLe.o [5]
    .text            ro code  0x00015f96     0x10  sh_util.o [11]
    .text            ro code  0x00015fa6    0x344  mfs_rw.o [6]
    .text            ro code  0x000162ea     0x9e  mfs_data_sector.o [6]
    .text            ro code  0x00016388    0x382  mfs_fat.o [6]
    .text            ro code  0x0001670a      0x2  xtls.o [4]
    .text            ro code  0x0001670c     0x80  xdint.o [5]
    .text            ro code  0x0001678c     0x20  DblCmpEq.o [5]
    .text            ro code  0x000167ac    0x1a8  fmod.o [5]
    .text            ro code  0x00016954     0x6a  io_read.o [7]
    .text            ro code  0x000169c0     0x62  memcmp.o [8]
    .text            ro code  0x00016a24    0x356  mfs_cluster.o [6]
    .text            ro code  0x00016d7c      0xc  iarEdom.o [8]
    .text            ro code  0x00016d88     0x48  Shell_Task.o [1]
    .text            ro code  0x00016dd0    0x22c  shell.o [11]
    .text            ro code  0x00016ffc     0x38  io_fflsh.o [7]
    .text            ro code  0x00017034     0x2e  io_fgets.o [7]
    .text            ro code  0x00017062     0x94  io_fgetl.o [7]
    .text            ro code  0x000170f6     0x2c  io_fung.o [7]
    .text            ro code  0x00017124    0x2d0  USB_File.o [1]
    .text            ro code  0x000173f4    0x726  usbmfs.o [12]
    .text            ro code  0x00017b1c    0x5a6  part_mgr.o [6]
    .text            ro code  0x000180c2      0xe  io_ferr.o [7]
    .text            ro code  0x000180d0   0x1222  mfs_init.o [6]
    .text            ro code  0x000192f4     0x7c  io_uinst.o [7]
    .text            ro code  0x00019370    0xb54  host_common.o [12]
    .text            ro code  0x00019ec4     0x90  usb_host_msd_ufi.o [12]
    .text            ro code  0x00019f54     0x10  ti_getp.o [7]
    .text            ro code  0x00019f64     0x98  lws_wati.o [7]
    .text            ro code  0x00019ffc     0x30  ti_delti.o [7]
    .text            ro code  0x0001a02c     0xa2  mfs_valdev.o [6]
    .text            ro code  0x0001a0d0    0x39c  mfs_open.o [6]
    .text            ro code  0x0001a46c    0x4bc  mfs_create.o [6]
    .text            ro code  0x0001a928    0x2d0  mfs_read.o [6]
    .text            ro code  0x0001abf8    0x430  mfs_write.o [6]
    .text            ro code  0x0001b028    0x7f8  mfs_directory.o [6]
    .text            ro code  0x0001b820     0xf4  mfs_attribute.o [6]
    .text            ro code  0x0001b914     0xe4  mfs_time.o [6]
    .text            ro code  0x0001b9f8    0x7ce  mfs_lfn.o [6]
    .text            ro code  0x0001c1c6    0x102  mfs_delete.o [6]
    .text            ro code  0x0001c2c8    0x2c0  mfs_rename.o [6]
    .text            ro code  0x0001c588    0x89c  mfs_format.o [6]
    .text            ro code  0x0001ce24     0x10  qu_util.o [7]
    .text            ro code  0x0001ce34     0x68  usb_mqx.o [12]
    .text            ro code  0x0001ce9c    0x3d2  host_dev_list.o [12]
    .text            ro code  0x0001d270    0x564  host_main.o [12]
    .text            ro code  0x0001d7d4    0x660  host_ch9.o [12]
    .text            ro code  0x0001de34    0x670  usb_host_msd_bo.o [12]
    .text            ro code  0x0001e4a4     0x36  lws_wain.o [7]
    .text            ro code  0x0001e4da    0x79a  mfs_search.o [6]
    .text            ro code  0x0001ec74     0xf6  mfs_handle.o [6]
    .text            ro code  0x0001ed6c    0x7f6  mfs_dir_entry.o [6]
    .text            ro code  0x0001f562     0x20  qu_head.o [7]
    .text            ro code  0x0001f582     0x22  qu_next.o [7]
    .text            ro code  0x0001f5a4    0x57c  mfs_parse.o [6]
    .text            ro code  0x0001fb20     0x50  host_close.o [12]
    .text            ro code  0x0001fb70     0x5a  usb_mk60.o [3]
    .text            ro code  0x0001fbca     0xa2  usb_host_msd_queue.o [12]
    .text            ro code  0x0001fc6c     0x58  host_snd.o [12]
    .text            ro code  0x0001fcc4     0x58  host_rcv.o [12]
    .text            ro code  0x0001fd1c     0x30  pa_sallz.o [7]
    .text            ro code  0x0001fd4c     0x1e  qu_unlnk.o [7]
    .text            ro code  0x0001fd6a     0x1e  strcat.o [4]
    .text            ro code  0x0001fd88    0x220  USB_Task.o [1]
    .text            ro code  0x0001ffa8     0x86  lwe_crea.o [7]
    .text            ro code  0x00020030     0x20  int_iunx.o [7]
    .text            ro code  0x00020050     0x34  lwe_clr.o [7]
    .text            ro code  0x00020084     0x48  lwe_watt.o [7]
    .text            ro code  0x000200cc     0x10  int_idef.o [7]
    .text            ro code  0x000200dc     0xf0  lwe_waii.o [7]
    .text            ro code  0x000201cc    0x16c  mem_flash.o [1]
    .text            ro code  0x00020338     0x94  pin2.o [1]
    .text            ro code  0x000203cc     0xac  tq_tsusp.o [7]
    .text            ro code  0x00020478     0x98  ta_prio.o [7]
    .text            ro code  0x00020510     0x68  sc_sprio.o [7]
    .text            ro code  0x00020578      0x4  ta_sync.o [7]
    .text            ro code  0x0002057c    0x29c  tcpip_socket_task.o [1]
    .text            ro code  0x00020818    0x1a0  soselset.o [9]
    .text            ro code  0x000209b8     0xbc  sosel0.o [9]
    .text            ro code  0x00020a74     0xd4  timer.o [9]
    .text            ro code  0x00020b48    0x490  yada_prj.o [1]
    .text            ro code  0x00020fd8    0x3ec  timer_lpt.o [3]
    .text            ro code  0x000213c4     0x7c  timer_lpt_kinetis.o [3]
    .text            ro code  0x00021440     0x22  I64Shl.o [8]
    .text            ro code  0x00021464   0x12f0  ftpd_cmd.o [9]
    .text            ro code  0x00022754     0x24  ftpd_cmd.o [9]
    .text            ro code  0x00022778      0x4  strpbrk.o [4]
    .text            ro code  0x0002277c     0x18  rtcsmsec.o [9]
    .text            ro code  0x00022794     0x20  io_ftell.o [7]
    .text            ro code  0x000227b4     0x22  strpbrk.o [4]
    .text            ro code  0x000227d6     0x1a  ti_elaps.o [7]
    .text            ro code  0x000227f0     0x40  ti_elapt.o [7]
    .text            ro code  0x00022830    0x3be  ip-e.o [9]
    .text            ro code  0x00022bf0    0x82c  arp.o [9]
    .text            ro code  0x0002341c     0x94  enopen.o [3]
    .text            ro code  0x000234b0     0x82  enclose.o [3]
    .text            ro code  0x00023534     0xdc  rtcsrand.o [9]
    .text            ro code  0x00023610    0x496  rtcspcb.o [9]
    .text            ro code  0x00023aa6    0x162  ensend.o [3]
    .text            ro code  0x00023c08    0x24c  iputil.o [9]
    .text            ro code  0x00023e54      0x4  proxyarp.o [9]
    .text            ro code  0x00023e58     0x3c  lws_poll.o [7]
    .text            ro code  0x00023e94    0x24c  ipradix.o [9]
    .text            ro code  0x000240e0     0x94  sh_cmdlist.o [11]
    .text            ro code  0x00024174    0x1f0  sh_copy.o [11]
    .text            ro code  0x00024364    0x118  sh_create.o [11]
    .text            ro code  0x0002447c    0x11c  sh_del.o [11]
    .text            ro code  0x00024598    0x108  sh_df.o [11]
    .text            ro code  0x000246a0    0x154  sh_dir.o [11]
    .text            ro code  0x000247f4    0x1bc  sh_disect.o [11]
    .text            ro code  0x000249b0     0x68  sh_exit.o [11]
    .text            ro code  0x00024a18    0x17c  sh_format.o [11]
    .text            ro code  0x00024b94    0x108  sh_help.o [11]
    .text            ro code  0x00024c9c    0x22c  sh_read.o [11]
    .text            ro code  0x00024ec8     0x40  io_fputc.o [7]
    .text            ro code  0x00024f08    0x188  sh_rename.o [11]
    .text            ro code  0x00025090    0x12c  sh_rmdir.o [11]
    .text            ro code  0x000251bc     0xd8  sh_sh.o [11]
    .text            ro code  0x00025294    0x130  sh_type.o [11]
    .text            ro code  0x000253c4    0x250  sh_write.o [11]
    .text            ro code  0x00025614    0xa94  khci.o [12]
    .text            ro code  0x000260a8     0x92  lwmsgq.o [7]
    .text            ro code  0x0002613c    0x138  lwmsgq_recv.o [7]
    .text            ro code  0x00026274     0x70  ta_creab.o [7]
    .text            ro code  0x000262e4    0x128  lwmsgq_send.o [7]
    .text            ro code  0x0002640c    0x560  usb_host_hub_sm.o [12]
    .text            ro code  0x0002696c    0x3ae  usb_host_hub.o [12]
    .text            ro code  0x00026d1c    0x59c  sstream.o [9]
    .text            ro code  0x000272b8    0x9f6  ip.o [9]
    .text            ro code  0x00027cb0    0x76c  iproute.o [9]
    .text            ro code  0x0002841c     0x86  checksum.o [9]
    .text            ro code  0x000284a2     0x44  ipsum.o [7]
    .text            ro code  0x000284e8    0x680  icmp.o [9]
    .text            ro code  0x00028b68     0x22  route.o [9]
    .text            ro code  0x00028b8c    0x19e  iplocal.o [9]
    .text            ro code  0x00028d2c    0x124  tcpip.o [9]
    .text            ro code  0x00028e50     0x16  ms_open.o [7]
    .text            ro code  0x00028e68     0x10  arpinit.o [9]
    .text            ro code  0x00028e78     0x18  bootinit.o [9]
    .text            ro code  0x00028e90     0x32  ms_recv.o [7]
    .text            ro code  0x00028ec4    0x144  ms_openi.o [7]
    .text            ro code  0x00029008    0x320  ms_recvi.o [7]
    .text            ro code  0x00029328     0xe8  int_unx.o [7]
    .text            ro code  0x00029410    0x3c4  tcp_clos.o [9]
    .text            ro code  0x000297d4    0x792  tcp_rcv.o [9]
    .text            ro code  0x00029f66    0x3a2  ticker.o [9]
    .text            ro code  0x0002a308   0x16e2  tcp.o [9]
    .text            ro code  0x0002b9ea    0x12c  sosel1.o [9]
    .text            ro code  0x0002bb18    0xfa8  tcp_send.o [9]
    .text            ro code  0x0002cac0    0x412  tcp_buf.o [9]
    .text            ro code  0x0002ced4     0x18  ti_getr.o [7]
    .text            ro code  0x0002ceec    0x464  macnet_init.o [3]
    .text            ro code  0x0002d350     0x1c  macnet_mk60.o [3]
    .text            ro code  0x0002d36c    0x49e  macnet_receive.o [3]
    .text            ro code  0x0002d80c    0x1d4  macnet_util.o [3]
    .text            ro code  0x0002d9e0    0x11a  enrecv.o [3]
    .text            ro code  0x0002dafc     0x64  int_gisr.o [7]
    .text            ro code  0x0002db60    0x1e2  ta_dest.o [7]
    .text            ro code  0x0002dd44     0x6c  lwm_list.o [7]
    .text            ro code  0x0002ddb0      0x2  stack_de.o [7]
    .text            ro code  0x0002ddb4     0x34  int_isr.o [7]
    .text            ro code  0x0002dde8     0x10  td_serrt.o [7]
    .text            ro code  0x0002ddf8     0x40  idletask.o [7]
    .text            ro code  0x0002de38     0x60  ev_tdel.o [7]
    .text            ro code  0x0002de98     0x88  macnet_join.o [3]
    .text            ro code  0x0002df20     0xe8  macnet_mii.o [3]
    .text            ro code  0x0002e008     0x4c  macnet_stop.o [3]
    .text            ro code  0x0002e054     0x24  ta_exit.o [7]
    .text            ro code  0x0002e078    0x31c  udp.o [9]
    .text            ro code  0x0002e394    0x4fc  flash_ftfl.o [3]
    .text            ro code  0x0002e890     0x24  flash_mk60.o [3]
    .text            ro code  0x0002e8b4     0xd8  ms_tdel.o [7]
    .text            ro code  0x0002e98c     0x98  pa_tdel.o [7]
    .text            ro code  0x0002ea24    0x104  soip.o [9]
    .text            ro code  0x0002eb28    0x1ba  ipif_add.o [9]
    .text            ro code  0x0002ece2    0x178  phy_ks8721bl.o [3]
    .text            ro code  0x0002ee5a    0x2ba  macnet_send.o [3]
    .text            ro code  0x0002f114     0xa0  packbits_init3.o [8]
  KERNEL             ro code  0x0002f1c0    0x218  dispatch.o [7]
  .iar.init_table    const    0x0002f3d8     0x48  - Linker created -
  .rodata            const    0x0002f420      0x8  DSPSPI.o [1]
  .rodata            const    0x0002f428     0x1c  DSPSPI.o [1]
  .rodata            const    0x0002f444     0x24  DSPSPI.o [1]
  .rodata            const    0x0002f468     0x24  DSPSPI.o [1]
  .rodata            const    0x0002f48c     0x24  DSPSPI.o [1]
  .rodata            const    0x0002f4b0     0x10  DSPSPI.o [1]
  .rodata            const    0x0002f4c0     0x1c  DSPSPI.o [1]
  .rodata            const    0x0002f4dc     0x18  DSPSPI.o [1]
  .rodata            const    0x0002f4f4     0x1c  DSPSPI.o [1]
  .rodata            const    0x0002f510     0x18  DSPSPI.o [1]
  .rodata            const    0x0002f528      0x8  FTP_Task.o [1]
  .rodata            const    0x0002f530      0x8  FTP_Task.o [1]
  .rodata            const    0x0002f538      0x8  FTP_Task.o [1]
  .rodata            const    0x0002f540      0x4  FTP_Task.o [1]
  .rodata            const    0x0002f544      0x8  FTP_Task.o [1]
  .rodata            const    0x0002f54c      0x8  FTP_Task.o [1]
  .rodata            const    0x0002f554      0x8  FTP_Task.o [1]
  .rodata            const    0x0002f55c      0x8  FTP_Task.o [1]
  .rodata            const    0x0002f564      0x4  FTP_Task.o [1]
  .rodata            const    0x0002f568      0x8  FTP_Task.o [1]
  .rodata            const    0x0002f570      0x8  FTP_Task.o [1]
  .rodata            const    0x0002f578      0x8  FTP_Task.o [1]
  .rodata            const    0x0002f580      0x8  FTP_Task.o [1]
  .rodata            const    0x0002f588      0x8  FTP_Task.o [1]
  .rodata            const    0x0002f590      0x8  FTP_Task.o [1]
  .rodata            const    0x0002f598      0x4  FTP_Task.o [1]
  .rodata            const    0x0002f59c      0x8  FTP_Task.o [1]
  .rodata            const    0x0002f5a4      0x8  FTP_Task.o [1]
  .rodata            const    0x0002f5ac      0x8  FTP_Task.o [1]
  .rodata            const    0x0002f5b4      0x8  FTP_Task.o [1]
  .rodata            const    0x0002f5bc      0x8  FTP_Task.o [1]
  .rodata            const    0x0002f5c4      0x4  FTP_Task.o [1]
  .rodata            const    0x0002f5c8      0x8  FTP_Task.o [1]
  .rodata            const    0x0002f5d0      0x8  FTP_Task.o [1]
  .rodata            const    0x0002f5d8      0x8  FTP_Task.o [1]
  .rodata            const    0x0002f5e0      0x8  FTP_Task.o [1]
  .rodata            const    0x0002f5e8      0x8  FTP_Task.o [1]
  .rodata            const    0x0002f5f0      0x8  FTP_Task.o [1]
  .rodata            const    0x0002f5f8      0x8  FTP_Task.o [1]
  .rodata            const    0x0002f600      0x8  FTP_Task.o [1]
  .rodata            const    0x0002f608      0x8  FTP_Task.o [1]
  .rodata            const    0x0002f610     0x24  FTP_Task.o [1]
  .rodata            const    0x0002f634     0x24  FTP_Task.o [1]
  .rodata            const    0x0002f658     0x24  FTP_Task.o [1]
  .rodata            const    0x0002f67c     0x14  FTP_Task.o [1]
  .rodata            const    0x0002f690      0xc  FTP_Task.o [1]
  .rodata            const    0x0002f69c    0x100  FTP_Task.o [1]
  .rodata            const    0x0002f79c      0x8  LCDDriver.o [1]
  .rodata            const    0x0002f7a4      0x8  LCDUart.o [1]
  .rodata            const    0x0002f7ac      0xc  LCDUart.o [1]
  .rodata            const    0x0002f7b8     0x28  LCDUart.o [1]
  .rodata            const    0x0002f7e0     0x24  LCDUart.o [1]
  .rodata            const    0x0002f804     0x24  LCDUart.o [1]
  .rodata            const    0x0002f828     0x1c  LCDUart.o [1]
  .rodata            const    0x0002f844     0x10  LCDUart.o [1]
  .rodata            const    0x0002f854     0x1c  LCDUart.o [1]
  .rodata            const    0x0002f870     0x18  LCDUart.o [1]
  .rodata            const    0x0002f888      0xc  MenuView.o [1]
  .rodata            const    0x0002f894     0x10  MenuView.o [1]
  .rodata            const    0x0002f8a4     0x10  MenuView.o [1]
  .rodata            const    0x0002f8b4     0x14  MenuView.o [1]
  .rodata            const    0x0002f8c8     0x14  MenuView.o [1]
  .rodata            const    0x0002f8dc     0x38  MenuView.o [1]
  .rodata            const    0x0002f914     0x3c  MenuView.o [1]
  .rodata            const    0x0002f950      0x4  MenuView.o [1]
  .rodata            const    0x0002f954      0x8  MenuView.o [1]
  .rodata            const    0x0002f95c     0x24  MenuView.o [1]
  .rodata            const    0x0002f980     0x48  MenuView.o [1]
  .rodata            const    0x0002f9c8      0x8  MenuView.o [1]
  .rodata            const    0x0002f9d0      0x8  MenuView.o [1]
  .rodata            const    0x0002f9d8      0xc  MenuView.o [1]
  .rodata            const    0x0002f9e4      0x8  MenuView.o [1]
  .rodata            const    0x0002f9ec     0x10  MenuView.o [1]
  .rodata            const    0x0002f9fc      0x8  MenuView.o [1]
  .rodata            const    0x0002fa04      0x8  MenuView.o [1]
  .rodata            const    0x0002fa0c     0x2c  MenuView.o [1]
  .rodata            const    0x0002fa38     0x58  MenuView.o [1]
  .rodata            const    0x0002fa90     0x10  MenuView.o [1]
  .rodata            const    0x0002faa0     0x10  MenuView.o [1]
  .rodata            const    0x0002fab0      0xc  MenuView.o [1]
  .rodata            const    0x0002fabc      0xc  MenuView.o [1]
  .rodata            const    0x0002fac8      0xc  MenuView.o [1]
  .rodata            const    0x0002fad4     0x14  MenuView.o [1]
  .rodata            const    0x0002fae8     0x24  MenuView.o [1]
  .rodata            const    0x0002fb0c     0x70  MenuView.o [1]
  .rodata            const    0x0002fb7c     0x38  MenuView.o [1]
  .rodata            const    0x0002fbb4      0xc  MenuView.o [1]
  .rodata            const    0x0002fbc0      0x8  MenuView.o [1]
  .rodata            const    0x0002fbc8      0xc  MenuView.o [1]
  .rodata            const    0x0002fbd4      0xc  MenuView.o [1]
  .rodata            const    0x0002fbe0      0x8  MenuView.o [1]
  .rodata            const    0x0002fbe8     0x20  MenuView.o [1]
  .rodata            const    0x0002fc08     0x20  MenuView.o [1]
  .rodata            const    0x0002fc28     0x24  MenuView.o [1]
  .rodata            const    0x0002fc4c      0xc  MenuView.o [1]
  .rodata            const    0x0002fc58     0x28  MenuView.o [1]
  .rodata            const    0x0002fc80      0xc  MenuView.o [1]
  .rodata            const    0x0002fc8c      0x8  MenuView.o [1]
  .rodata            const    0x0002fc94      0x8  MenuView.o [1]
  .rodata            const    0x0002fc9c      0x8  MenuView.o [1]
  .rodata            const    0x0002fca4     0x10  MenuView.o [1]
  .rodata            const    0x0002fcb4      0xc  MenuView.o [1]
  .rodata            const    0x0002fcc0      0x8  MenuView.o [1]
  .rodata            const    0x0002fcc8      0x8  MenuView.o [1]
  .rodata            const    0x0002fcd0      0x8  MenuView.o [1]
  .rodata            const    0x0002fcd8      0x8  MenuView.o [1]
  .rodata            const    0x0002fce0      0xc  MenuView.o [1]
  .rodata            const    0x0002fcec      0x8  MenuView.o [1]
  .rodata            const    0x0002fcf4      0x4  Shell_Task.o [1]
  .rodata            const    0x0002fcf8      0x8  Shell_Task.o [1]
  .rodata            const    0x0002fd00      0x8  Shell_Task.o [1]
  .rodata            const    0x0002fd08      0x4  Shell_Task.o [1]
  .rodata            const    0x0002fd0c      0x8  Shell_Task.o [1]
  .rodata            const    0x0002fd14      0x4  Shell_Task.o [1]
  .rodata            const    0x0002fd18      0x4  Shell_Task.o [1]
  .rodata            const    0x0002fd1c      0x8  Shell_Task.o [1]
  .rodata            const    0x0002fd24      0x8  Shell_Task.o [1]
  .rodata            const    0x0002fd2c      0x8  Shell_Task.o [1]
  .rodata            const    0x0002fd34      0x8  Shell_Task.o [1]
  .rodata            const    0x0002fd3c      0x4  Shell_Task.o [1]
  .rodata            const    0x0002fd40      0x8  Shell_Task.o [1]
  .rodata            const    0x0002fd48      0x4  Shell_Task.o [1]
  .rodata            const    0x0002fd4c      0x8  Shell_Task.o [1]
  .rodata            const    0x0002fd54      0x4  Shell_Task.o [1]
  .rodata            const    0x0002fd58      0x8  Shell_Task.o [1]
  .rodata            const    0x0002fd60      0x8  Shell_Task.o [1]
  .rodata            const    0x0002fd68      0x8  Shell_Task.o [1]
  .rodata            const    0x0002fd70      0x8  Shell_Task.o [1]
  .rodata            const    0x0002fd78     0x28  Shell_Task.o [1]
  .rodata            const    0x0002fda0     0x24  Shell_Task.o [1]
  .rodata            const    0x0002fdc4     0x24  Shell_Task.o [1]
  .rodata            const    0x0002fde8     0x20  Shell_Task.o [1]
  .rodata            const    0x0002fe08     0xb0  Shell_Task.o [1]
  .rodata            const    0x0002feb8     0x1c  USB_File.o [1]
  .rodata            const    0x0002fed4     0x4c  USB_File.o [1]
  .rodata            const    0x0002ff20     0x34  USB_File.o [1]
  .rodata            const    0x0002ff54     0x24  USB_File.o [1]
  .rodata            const    0x0002ff78     0x20  USB_File.o [1]
  .rodata            const    0x0002ff98     0x20  USB_File.o [1]
  .rodata            const    0x0002ffb8     0x24  USB_File.o [1]
  .rodata            const    0x0002ffdc     0x24  USB_File.o [1]
  .rodata            const    0x00030000     0x2c  USB_File.o [1]
  .rodata            const    0x0003002c     0x24  USB_File.o [1]
  .rodata            const    0x00030050     0x20  USB_File.o [1]
  .rodata            const    0x00030070     0x1c  USB_File.o [1]
  .rodata            const    0x0003008c     0x18  USB_File.o [1]
  .rodata            const    0x000300a4     0x2c  USB_File.o [1]
  .rodata            const    0x000300d0     0x14  USB_File.o [1]
  .rodata            const    0x000300e4     0x24  USB_File.o [1]
  .rodata            const    0x00030108     0x18  USB_File.o [1]
  .rodata            const    0x00030120     0x28  USB_File.o [1]
  .rodata            const    0x00030148     0x18  USB_File.o [1]
  .rodata            const    0x00030160     0x2c  USB_File.o [1]
  .rodata            const    0x0003018c     0x18  USB_File.o [1]
  .rodata            const    0x000301a4     0x30  USB_File.o [1]
  .rodata            const    0x000301d4     0x14  USB_File.o [1]
  .rodata            const    0x000301e8     0x1c  USB_File.o [1]
  .rodata            const    0x00030204     0x18  USB_File.o [1]
  .rodata            const    0x0003021c     0x24  USB_Task.o [1]
  .rodata            const    0x00030240     0x24  USB_Task.o [1]
  .rodata            const    0x00030264     0x24  USB_Task.o [1]
  .rodata            const    0x00030288      0x8  USB_Task.o [1]
  .rodata            const    0x00030290      0x8  USB_Task.o [1]
  .rodata            const    0x00030298      0x8  USB_Task.o [1]
  .rodata            const    0x000302a0      0x8  USB_Task.o [1]
  .rodata            const    0x000302a8     0x30  USB_Task.o [1]
  .rodata            const    0x000302d8      0x4  mem_flash.o [1]
  .rodata            const    0x000302dc      0x8  mem_flash.o [1]
  .rodata            const    0x000302e4     0x14  mem_flash.o [1]
  .rodata            const    0x000302f8      0x8  mem_flash.o [1]
  .rodata            const    0x00030300     0x18  mem_flash.o [1]
  .rodata            const    0x00030318     0x18  mem_flash.o [1]
  .rodata            const    0x00030330     0x28  mem_flash.o [1]
  .rodata            const    0x00030358     0x28  mem_flash.o [1]
  .rodata            const    0x00030380     0x1c  mem_flash.o [1]
  .rodata            const    0x0003039c     0x20  mem_flash.o [1]
  .rodata            const    0x000303bc     0x30  mem_flash.o [1]
  .rodata            const    0x000303ec     0x1c  mem_flash.o [1]
  .rodata            const    0x00030408      0xc  pin2.o [1]
  .rodata            const    0x00030414      0xc  pin2.o [1]
  .rodata            const    0x00030420      0x8  pin2.o [1]
  .rodata            const    0x00030428     0x28  sh_cd.o [1]
  .rodata            const    0x00030450     0x2c  sh_cd.o [1]
  .rodata            const    0x0003047c     0x1c  sh_cd.o [1]
  .rodata            const    0x00030498     0x20  sh_cd.o [1]
  .rodata            const    0x000304b8     0x14  sh_cd.o [1]
  .rodata            const    0x000304cc     0x18  sh_cd.o [1]
  .rodata            const    0x000304e4     0x34  sh_cd.o [1]
  .rodata            const    0x00030518     0x28  tcpip_socket_task.o [1]
  .rodata            const    0x00030540     0x2c  tcpip_socket_task.o [1]
  .rodata            const    0x0003056c     0x1c  tcpip_socket_task.o [1]
  .rodata            const    0x00030588     0x28  tcpip_socket_task.o [1]
  .rodata            const    0x000305b0     0x20  tcpip_socket_task.o [1]
  .rodata            const    0x000305d0     0x14  tcpip_socket_task.o [1]
  .rodata            const    0x000305e4      0x8  tcpip_socket_task.o [1]
  .rodata            const    0x000305ec     0x24  tcpip_socket_task.o [1]
  .rodata            const    0x00030610     0x10  yada_prj.o [1]
  .rodata            const    0x00030620      0xc  yada_prj.o [1]
  .rodata            const    0x0003062c      0xc  yada_prj.o [1]
  .rodata            const    0x00030638     0x10  yada_prj.o [1]
  .rodata            const    0x00030648      0xc  yada_prj.o [1]
  .rodata            const    0x00030654      0xc  yada_prj.o [1]
  .rodata            const    0x00030660     0x10  yada_prj.o [1]
  .rodata            const    0x00030670      0xc  yada_prj.o [1]
  .rodata            const    0x0003067c      0xc  yada_prj.o [1]
  .rodata            const    0x00030688      0xc  yada_prj.o [1]
  .rodata            const    0x00030694     0x20  yada_prj.o [1]
  .rodata            const    0x000306b4     0x24  yada_prj.o [1]
  .rodata            const    0x000306d8     0x24  yada_prj.o [1]
  .rodata            const    0x000306fc     0x24  yada_prj.o [1]
  .rodata            const    0x00030720      0x8  yada_prj.o [1]
  .rodata            const    0x00030728      0x8  yada_prj.o [1]
  .rodata            const    0x00030730      0xc  yada_prj.o [1]
  .rodata            const    0x0003073c    0x140  yada_prj.o [1]
  .rodata            const    0x0003087c      0x4  ftpd_cmd.o [9]
  .rodata            const    0x00030880     0x10  ftpd_cmd.o [9]
  .rodata            const    0x00030890      0x8  ftpd_cmd.o [9]
  .rodata            const    0x00030898      0xc  ftpd_cmd.o [9]
  .rodata            const    0x000308a4     0x14  ftpd_cmd.o [9]
  .rodata            const    0x000308b8      0x8  ftpd_cmd.o [9]
  .rodata            const    0x000308c0     0x20  ftpd_cmd.o [9]
  .rodata            const    0x000308e0     0x24  ftpd_cmd.o [9]
  .rodata            const    0x00030904     0x20  ftpd_cmd.o [9]
  .rodata            const    0x00030924     0x30  ftpd_cmd.o [9]
  .rodata            const    0x00030954     0x28  ftpd_cmd.o [9]
  .rodata            const    0x0003097c     0x24  ftpd_cmd.o [9]
  .rodata            const    0x000309a0     0x1c  ftpd_cmd.o [9]
  .rodata            const    0x000309bc      0x4  ftpd.o [9]
  .rodata            const    0x000309c0      0x8  ftpd.o [9]
  .rodata            const    0x000309c8      0xc  ip-e.o [9]
  .rodata            const    0x000309d4      0x4  ip-e.o [9]
  .rodata            const    0x000309d8      0x8  rtcscmd.o [9]
  .rodata            const    0x000309e0     0x28  sh_df_driver.o [11]
  .rodata            const    0x00030a08     0x14  sh_df_driver.o [11]
  .rodata            const    0x00030a1c     0x18  sh_df_driver.o [11]
  .rodata            const    0x00030a34     0x38  sh_df_driver.o [11]
  .rodata            const    0x00030a6c     0x20  sh_df_driver.o [11]
  .rodata            const    0x00030a8c     0x28  sh_mkdir.o [11]
  .rodata            const    0x00030ab4     0x2c  sh_mkdir.o [11]
  .rodata            const    0x00030ae0     0x20  sh_mkdir.o [11]
  .rodata            const    0x00030b00     0x20  sh_mkdir.o [11]
  .rodata            const    0x00030b20     0x14  sh_mkdir.o [11]
  .rodata            const    0x00030b34     0x18  sh_mkdir.o [11]
  .rodata            const    0x00030b4c     0x30  sh_mkdir.o [11]
  .rodata            const    0x00030b7c     0x28  sh_pwd.o [11]
  .rodata            const    0x00030ba4     0x20  sh_pwd.o [11]
  .rodata            const    0x00030bc4      0x8  sh_pwd.o [11]
  .rodata            const    0x00030bcc      0x8  sh_pwd.o [11]
  .rodata            const    0x00030bd4      0xc  sh_pwd.o [11]
  .rodata            const    0x00030be0     0x28  sh_read_wk.o [11]
  .rodata            const    0x00030c08     0x18  sh_read_wk.o [11]
  .rodata            const    0x00030c20     0x20  sh_read_wk.o [11]
  .rodata            const    0x00030c40      0x8  sh_read_wk.o [11]
  .rodata            const    0x00030c48      0x8  sh_read_wk.o [11]
  .rodata            const    0x00030c50     0x1c  sh_read_wk.o [11]
  .rodata            const    0x00030c6c     0x1c  sh_read_wk.o [11]
  .rodata            const    0x00030c88     0x2c  sh_read_wk.o [11]
  .rodata            const    0x00030cb4     0x14  sh_read_wk.o [11]
  .rodata            const    0x00030cc8      0x8  sh_read_wk.o [11]
  .rodata            const    0x00030cd0     0x20  sh_read_wk.o [11]
  .rodata            const    0x00030cf0     0x20  sh_read_wk.o [11]
  .rodata            const    0x00030d10     0x30  sh_read_wk.o [11]
  .rodata            const    0x00030d40     0x38  sh_read_wk.o [11]
  .rodata            const    0x00030d78     0x28  sh_read_wk.o [11]
  .rodata            const    0x00030da0     0x2c  sh_read_wk.o [11]
  .rodata            const    0x00030dcc     0x34  sh_read_wk.o [11]
  .rodata            const    0x00030e00     0x20  sh_read_wk.o [11]
  .rodata            const    0x00030e20     0x28  sh_search_file_1.o [11]
  .rodata            const    0x00030e48     0x20  sh_search_file_1.o [11]
  .rodata            const    0x00030e68     0x14  sh_search_file_1.o [11]
  .rodata            const    0x00030e7c     0x14  sh_search_file_1.o [11]
  .rodata            const    0x00030e90     0x20  sh_search_file_1.o [11]
  .rodata            const    0x00030eb0     0x24  sh_search_file_1.o [11]
  .rodata            const    0x00030ed4     0x24  sh_search_file_1.o [11]
  .rodata            const    0x00030ef8     0x14  sh_search_file_1.o [11]
  .rodata            const    0x00030f0c     0x24  sh_search_file_1.o [11]
  .rodata            const    0x00030f30     0x30  sh_search_file_1.o [11]
  .rodata            const    0x00030f60      0x8  sh_search_file_1.o [11]
  .rodata            const    0x00030f68      0x8  sh_update.o [11]
  .rodata            const    0x00030f70     0x24  sh_update.o [11]
  .rodata            const    0x00030f94     0x28  sh_update.o [11]
  .rodata            const    0x00030fbc     0x28  sh_update.o [11]
  .rodata            const    0x00030fe4     0x1c  sh_update.o [11]
  .rodata            const    0x00031000     0x28  sh_write_binary.o [11]
  .rodata            const    0x00031028     0x20  sh_write_binary.o [11]
  .rodata            const    0x00031048      0x8  sh_write_binary.o [11]
  .rodata            const    0x00031050      0x8  sh_write_binary.o [11]
  .rodata            const    0x00031058     0x1c  sh_write_binary.o [11]
  .rodata            const    0x00031074     0x1c  sh_write_binary.o [11]
  .rodata            const    0x00031090     0x2c  sh_write_binary.o [11]
  .rodata            const    0x000310bc     0x20  sh_write_binary.o [11]
  .rodata            const    0x000310dc     0x20  sh_write_binary.o [11]
  .rodata            const    0x000310fc     0x38  sh_write_binary.o [11]
  .rodata            const    0x00031134     0x3c  sh_write_binary.o [11]
  .rodata            const    0x00031170     0x28  sh_write_binary.o [11]
  .rodata            const    0x00031198     0x2c  sh_write_binary.o [11]
  .rodata            const    0x000311c4     0x34  sh_write_binary.o [11]
  .rodata            const    0x000311f8     0x20  sh_write_binary.o [11]
  .rodata            const    0x00031218     0x1c  sh_write_binary.o [11]
  .rodata            const    0x00031234     0x10  mfs_misc.o [6]
  .rodata            const    0x00031244     0x1c  mfs_misc.o [6]
  .rodata            const    0x00031260     0x14  mfs_misc.o [6]
  .rodata            const    0x00031274     0x14  mfs_misc.o [6]
  .rodata            const    0x00031288     0x14  mfs_misc.o [6]
  .rodata            const    0x0003129c     0x14  mfs_misc.o [6]
  .rodata            const    0x000312b0     0x18  mfs_misc.o [6]
  .rodata            const    0x000312c8     0x24  mfs_misc.o [6]
  .rodata            const    0x000312ec     0x24  mfs_misc.o [6]
  .rodata            const    0x00031310     0x1c  mfs_misc.o [6]
  .rodata            const    0x0003132c     0x14  mfs_misc.o [6]
  .rodata            const    0x00031340     0x28  mfs_misc.o [6]
  .rodata            const    0x00031368     0x14  mfs_misc.o [6]
  .rodata            const    0x0003137c     0x18  mfs_misc.o [6]
  .rodata            const    0x00031394     0x10  mfs_misc.o [6]
  .rodata            const    0x000313a4     0x10  mfs_misc.o [6]
  .rodata            const    0x000313b4     0x18  mfs_misc.o [6]
  .rodata            const    0x000313cc     0x10  mfs_misc.o [6]
  .rodata            const    0x000313dc     0x18  mfs_misc.o [6]
  .rodata            const    0x000313f4     0x18  mfs_misc.o [6]
  .rodata            const    0x0003140c     0x10  mfs_misc.o [6]
  .rodata            const    0x0003141c     0x14  mfs_misc.o [6]
  .rodata            const    0x00031430      0x8  mfs_misc.o [6]
  .rodata            const    0x00031438     0x1c  mfs_misc.o [6]
  .rodata            const    0x00031454     0x14  mfs_misc.o [6]
  .rodata            const    0x00031468     0x1c  mfs_misc.o [6]
  .rodata            const    0x00031484     0x1c  mfs_misc.o [6]
  .rodata            const    0x000314a0     0x18  mfs_misc.o [6]
  .rodata            const    0x000314b8     0x20  mfs_misc.o [6]
  .rodata            const    0x000314d8     0x10  mfs_misc.o [6]
  .rodata            const    0x000314e8     0x14  mfs_misc.o [6]
  .rodata            const    0x000314fc     0x1c  mfs_misc.o [6]
  .rodata            const    0x00031518     0x1c  mfs_misc.o [6]
  .rodata            const    0x00031534     0x14  mfs_misc.o [6]
  .rodata            const    0x00031548     0x18  mfs_misc.o [6]
  .rodata            const    0x00031560     0x14  mfs_misc.o [6]
  .rodata            const    0x00031574     0x14  mfs_misc.o [6]
  .rodata            const    0x00031588     0x14  shell.o [11]
  .rodata            const    0x0003159c      0xc  shell.o [11]
  .rodata            const    0x000315a8     0x30  shell.o [11]
  .rodata            const    0x000315d8      0xc  shell.o [11]
  .rodata            const    0x000315e4      0x8  shell.o [11]
  .rodata            const    0x000315ec     0x38  shell.o [11]
  .rodata            const    0x00031624     0x14  shell.o [11]
  .rodata            const    0x00031638      0x8  sh_cmdlist.o [11]
  .rodata            const    0x00031640      0xc  sh_cmdlist.o [11]
  .rodata            const    0x0003164c     0x28  sh_copy.o [11]
  .rodata            const    0x00031674     0x20  sh_copy.o [11]
  .rodata            const    0x00031694     0x2c  sh_copy.o [11]
  .rodata            const    0x000316c0     0x24  sh_copy.o [11]
  .rodata            const    0x000316e4     0x2c  sh_copy.o [11]
  .rodata            const    0x00031710     0x40  sh_copy.o [11]
  .rodata            const    0x00031750     0x18  sh_copy.o [11]
  .rodata            const    0x00031768     0x1c  sh_copy.o [11]
  .rodata            const    0x00031784     0x24  sh_copy.o [11]
  .rodata            const    0x000317a8     0x20  sh_copy.o [11]
  .rodata            const    0x000317c8     0x28  sh_create.o [11]
  .rodata            const    0x000317f0     0x20  sh_create.o [11]
  .rodata            const    0x00031810     0x2c  sh_create.o [11]
  .rodata            const    0x0003183c     0x20  sh_create.o [11]
  .rodata            const    0x0003185c     0x1c  sh_create.o [11]
  .rodata            const    0x00031878     0x20  sh_create.o [11]
  .rodata            const    0x00031898     0x28  sh_create.o [11]
  .rodata            const    0x000318c0     0x20  sh_create.o [11]
  .rodata            const    0x000318e0     0x28  sh_del.o [11]
  .rodata            const    0x00031908     0x20  sh_del.o [11]
  .rodata            const    0x00031928     0x2c  sh_del.o [11]
  .rodata            const    0x00031954     0x18  sh_del.o [11]
  .rodata            const    0x0003196c      0xc  sh_del.o [11]
  .rodata            const    0x00031978     0x14  sh_del.o [11]
  .rodata            const    0x0003198c     0x24  sh_del.o [11]
  .rodata            const    0x000319b0     0x28  sh_df.o [11]
  .rodata            const    0x000319d8     0x14  sh_df.o [11]
  .rodata            const    0x000319ec     0x18  sh_df.o [11]
  .rodata            const    0x00031a04     0x38  sh_df.o [11]
  .rodata            const    0x00031a3c     0x20  sh_df.o [11]
  .rodata            const    0x00031a5c     0x18  sh_df.o [11]
  .rodata            const    0x00031a74     0x20  sh_df.o [11]
  .rodata            const    0x00031a94      0x8  sh_df.o [11]
  .rodata            const    0x00031a9c     0x28  sh_dir.o [11]
  .rodata            const    0x00031ac4     0x20  sh_dir.o [11]
  .rodata            const    0x00031ae4     0x14  sh_dir.o [11]
  .rodata            const    0x00031af8     0x24  sh_dir.o [11]
  .rodata            const    0x00031b1c     0x24  sh_dir.o [11]
  .rodata            const    0x00031b40     0x1c  sh_dir.o [11]
  .rodata            const    0x00031b5c     0x24  sh_dir.o [11]
  .rodata            const    0x00031b80     0x24  sh_dir.o [11]
  .rodata            const    0x00031ba4     0x30  sh_dir.o [11]
  .rodata            const    0x00031bd4     0x28  sh_disect.o [11]
  .rodata            const    0x00031bfc     0x18  sh_disect.o [11]
  .rodata            const    0x00031c14     0x20  sh_disect.o [11]
  .rodata            const    0x00031c34     0x28  sh_disect.o [11]
  .rodata            const    0x00031c5c     0x24  sh_disect.o [11]
  .rodata            const    0x00031c80     0x10  sh_disect.o [11]
  .rodata            const    0x00031c90      0x8  sh_disect.o [11]
  .rodata            const    0x00031c98     0x18  sh_disect.o [11]
  .rodata            const    0x00031cb0     0x20  sh_disect.o [11]
  .rodata            const    0x00031cd0     0x24  sh_disect.o [11]
  .rodata            const    0x00031cf4     0x24  sh_disect.o [11]
  .rodata            const    0x00031d18      0xc  sh_exit.o [11]
  .rodata            const    0x00031d24      0x8  sh_format.o [11]
  .rodata            const    0x00031d2c      0x4  sh_format.o [11]
  .rodata            const    0x00031d30      0x4  sh_format.o [11]
  .rodata            const    0x00031d34      0x4  sh_format.o [11]
  .rodata            const    0x00031d38      0x4  sh_format.o [11]
  .rodata            const    0x00031d3c     0x28  sh_format.o [11]
  .rodata            const    0x00031d64     0x24  sh_format.o [11]
  .rodata            const    0x00031d88     0x10  sh_format.o [11]
  .rodata            const    0x00031d98     0x20  sh_format.o [11]
  .rodata            const    0x00031db8     0x2c  sh_format.o [11]
  .rodata            const    0x00031de4      0x8  sh_format.o [11]
  .rodata            const    0x00031dec     0x20  sh_format.o [11]
  .rodata            const    0x00031e0c     0x28  sh_format.o [11]
  .rodata            const    0x00031e34     0x40  sh_format.o [11]
  .rodata            const    0x00031e74     0x34  sh_format.o [11]
  .rodata            const    0x00031ea8     0x14  sh_format.o [11]
  .rodata            const    0x00031ebc      0x8  sh_help.o [11]
  .rodata            const    0x00031ec4      0x8  sh_help.o [11]
  .rodata            const    0x00031ecc     0x18  sh_help.o [11]
  .rodata            const    0x00031ee4      0x8  sh_help.o [11]
  .rodata            const    0x00031eec     0x28  sh_help.o [11]
  .rodata            const    0x00031f14     0x10  sh_help.o [11]
  .rodata            const    0x00031f24     0x18  sh_help.o [11]
  .rodata            const    0x00031f3c     0x28  sh_help.o [11]
  .rodata            const    0x00031f64     0x28  sh_read.o [11]
  .rodata            const    0x00031f8c     0x18  sh_read.o [11]
  .rodata            const    0x00031fa4     0x20  sh_read.o [11]
  .rodata            const    0x00031fc4      0x8  sh_read.o [11]
  .rodata            const    0x00031fcc      0x8  sh_read.o [11]
  .rodata            const    0x00031fd4     0x1c  sh_read.o [11]
  .rodata            const    0x00031ff0     0x1c  sh_read.o [11]
  .rodata            const    0x0003200c     0x2c  sh_read.o [11]
  .rodata            const    0x00032038     0x14  sh_read.o [11]
  .rodata            const    0x0003204c      0x8  sh_read.o [11]
  .rodata            const    0x00032054     0x20  sh_read.o [11]
  .rodata            const    0x00032074     0x20  sh_read.o [11]
  .rodata            const    0x00032094     0x30  sh_read.o [11]
  .rodata            const    0x000320c4     0x38  sh_read.o [11]
  .rodata            const    0x000320fc     0x28  sh_read.o [11]
  .rodata            const    0x00032124     0x2c  sh_read.o [11]
  .rodata            const    0x00032150     0x34  sh_read.o [11]
  .rodata            const    0x00032184     0x20  sh_read.o [11]
  .rodata            const    0x000321a4     0x28  sh_rename.o [11]
  .rodata            const    0x000321cc     0x2c  sh_rename.o [11]
  .rodata            const    0x000321f8     0x34  sh_rename.o [11]
  .rodata            const    0x0003222c     0x20  sh_rename.o [11]
  .rodata            const    0x0003224c     0x18  sh_rename.o [11]
  .rodata            const    0x00032264     0x1c  sh_rename.o [11]
  .rodata            const    0x00032280     0x20  sh_rename.o [11]
  .rodata            const    0x000322a0     0x28  sh_rename.o [11]
  .rodata            const    0x000322c8     0x24  sh_rename.o [11]
  .rodata            const    0x000322ec     0x28  sh_rmdir.o [11]
  .rodata            const    0x00032314     0x2c  sh_rmdir.o [11]
  .rodata            const    0x00032340     0x20  sh_rmdir.o [11]
  .rodata            const    0x00032360     0x20  sh_rmdir.o [11]
  .rodata            const    0x00032380     0x14  sh_rmdir.o [11]
  .rodata            const    0x00032394     0x14  sh_rmdir.o [11]
  .rodata            const    0x000323a8     0x18  sh_rmdir.o [11]
  .rodata            const    0x000323c0     0x30  sh_rmdir.o [11]
  .rodata            const    0x000323f0     0x28  sh_sh.o [11]
  .rodata            const    0x00032418     0x20  sh_sh.o [11]
  .rodata            const    0x00032438     0x10  sh_sh.o [11]
  .rodata            const    0x00032448     0x18  sh_sh.o [11]
  .rodata            const    0x00032460     0x28  sh_sh.o [11]
  .rodata            const    0x00032488     0x20  sh_type.o [11]
  .rodata            const    0x000324a8     0x2c  sh_type.o [11]
  .rodata            const    0x000324d4     0x20  sh_type.o [11]
  .rodata            const    0x000324f4     0x38  sh_type.o [11]
  .rodata            const    0x0003252c     0x10  sh_type.o [11]
  .rodata            const    0x0003253c     0x18  sh_type.o [11]
  .rodata            const    0x00032554     0x28  sh_type.o [11]
  .rodata            const    0x0003257c     0x28  sh_write.o [11]
  .rodata            const    0x000325a4     0x20  sh_write.o [11]
  .rodata            const    0x000325c4     0x18  sh_write.o [11]
  .rodata            const    0x000325dc      0x8  sh_write.o [11]
  .rodata            const    0x000325e4      0x8  sh_write.o [11]
  .rodata            const    0x000325ec     0x1c  sh_write.o [11]
  .rodata            const    0x00032608     0x1c  sh_write.o [11]
  .rodata            const    0x00032624     0x2c  sh_write.o [11]
  .rodata            const    0x00032650     0x20  sh_write.o [11]
  .rodata            const    0x00032670     0x20  sh_write.o [11]
  .rodata            const    0x00032690     0x30  sh_write.o [11]
  .rodata            const    0x000326c0     0x38  sh_write.o [11]
  .rodata            const    0x000326f8     0x28  sh_write.o [11]
  .rodata            const    0x00032720     0x2c  sh_write.o [11]
  .rodata            const    0x0003274c     0x34  sh_write.o [11]
  .rodata            const    0x00032780     0x20  sh_write.o [11]
  .rodata            const    0x000327a0     0x20  usbmfs.o [12]
  .rodata            const    0x000327c0      0xc  khci.o [12]
  .rodata            const    0x000327cc     0x38  khci.o [12]
  .rodata            const    0x00032804     0x50  host_common.o [12]
  .rodata            const    0x00032854     0x50  usb_mqx.o [12]
  .rodata            const    0x000328a4     0x50  host_main.o [12]
  .rodata            const    0x000328f4      0x8  sh_util.o [11]
  .rodata            const    0x000328fc      0x8  sh_util.o [11]
  .rodata            const    0x00032904     0x3c  sstream.o [9]
  .rodata            const    0x00032940     0x58  usb_host_hub.o [12]
  .rodata            const    0x00032998     0x5c  usb_host_msd_bo.o [12]
  .rodata            const    0x000329f4     0x10  timer_lpt.o [3]
  .rodata            const    0x00032a04      0xc  timer_lpt.o [3]
  .rodata            const    0x00032a10     0x18  mqx.o [7]
  .rodata            const    0x00032a28      0xc  mqx.o [7]
  .rodata            const    0x00032a34      0x4  mqx.o [7]
  .rodata            const    0x00032a38      0x4  mqx.o [7]
  .rodata            const    0x00032a3c     0x14  io_dopr.o [7]
  .rodata            const    0x00032a50     0x14  io_dopr.o [7]
  .rodata            const    0x00032a64      0x8  init_enet.o [3]
  .rodata            const    0x00032a6c     0x10  init_enet.o [3]
  .rodata            const    0x00032a7c     0x24  init_enet.o [3]
  .rodata            const    0x00032aa0      0x8  init_enet.o [3]
  .rodata            const    0x00032aa8      0x8  sotcp.o [9]
  .rodata            const    0x00032ab0      0x4  dir_read.o [6]
  .rodata            const    0x00032ab4      0x4  dir_read.o [6]
  .rodata            const    0x00032ab8      0x4  dir_read.o [6]
  .rodata            const    0x00032abc      0x4  dir_read.o [6]
  .rodata            const    0x00032ac0      0x4  dir_read.o [6]
  .rodata            const    0x00032ac4      0x4  dir_read.o [6]
  .rodata            const    0x00032ac8      0x4  dir_read.o [6]
  .rodata            const    0x00032acc      0x4  dir_read.o [6]
  .rodata            const    0x00032ad0      0x4  dir_read.o [6]
  .rodata            const    0x00032ad4      0x4  dir_read.o [6]
  .rodata            const    0x00032ad8      0x4  dir_read.o [6]
  .rodata            const    0x00032adc      0x4  dir_read.o [6]
  .rodata            const    0x00032ae0     0x40  dir_read.o [6]
  .rodata            const    0x00032b20     0x14  dir_read.o [6]
  .rodata            const    0x00032b34     0x10  dir_read.o [6]
  .rodata            const    0x00032b44      0xc  dir_read.o [6]
  .rodata            const    0x00032b50      0xc  dir_read.o [6]
  .rodata            const    0x00032b5c      0x8  dir_read.o [6]
  .rodata            const    0x00032b64      0x8  dir_read.o [6]
  .rodata            const    0x00032b6c     0x30  dir_read.o [6]
  .rodata            const    0x00032b9c     0x18  ftpd_msg.o [9]
  .rodata            const    0x00032bb4     0x1c  ftpd_msg.o [9]
  .rodata            const    0x00032bd0     0x34  ftpd_msg.o [9]
  .rodata            const    0x00032c04     0x30  ftpd_msg.o [9]
  .rodata            const    0x00032c34     0x10  ftpd_msg.o [9]
  .rodata            const    0x00032c44     0x14  ftpd_msg.o [9]
  .rodata            const    0x00032c58     0x14  ftpd_msg.o [9]
  .rodata            const    0x00032c6c     0x18  ftpd_msg.o [9]
  .rodata            const    0x00032c84     0x18  ftpd_msg.o [9]
  .rodata            const    0x00032c9c     0x20  ftpd_msg.o [9]
  .rodata            const    0x00032cbc     0x18  ftpd_msg.o [9]
  .rodata            const    0x00032cd4     0x10  ftpd_msg.o [9]
  .rodata            const    0x00032ce4     0x3c  ftpd_msg.o [9]
  .rodata            const    0x00032d20     0x38  ftpd_msg.o [9]
  .rodata            const    0x00032d58     0x30  ftpd_msg.o [9]
  .rodata            const    0x00032d88     0x1c  ftpd_msg.o [9]
  .rodata            const    0x00032da4      0xc  ftpd_msg.o [9]
  .rodata            const    0x00032db0     0x30  ftpd_msg.o [9]
  .rodata            const    0x00032de0     0x30  ftpd_msg.o [9]
  .rodata            const    0x00032e10     0x20  ftpd_msg.o [9]
  .rodata            const    0x00032e30     0x20  ftpd_msg.o [9]
  .rodata            const    0x00032e50     0x1c  ftpd_msg.o [9]
  .rodata            const    0x00032e6c      0xc  ftpd_msg.o [9]
  .rodata            const    0x00032e78     0x14  ftpd_msg.o [9]
  .rodata            const    0x00032e8c     0x14  ftpd_msg.o [9]
  .rodata            const    0x00032ea0     0x14  ftpd_msg.o [9]
  .rodata            const    0x00032eb4     0x34  ftpd_msg.o [9]
  .rodata            const    0x00032ee8     0x20  ftpd_msg.o [9]
  .rodata            const    0x00032f08     0x1c  ftpd_msg.o [9]
  .rodata            const    0x00032f24     0x20  ftpd_msg.o [9]
  .rodata            const    0x00032f44     0x38  ftpd_msg.o [9]
  .rodata            const    0x00032f7c      0x8  soip.o [9]
  .rodata            const    0x00032f84     0x68  ti_rom.o [7]
  .rodata            const    0x00032fec    0x20c  ti_rom.o [7]
  .rodata            const    0x000331f8     0x14  mfs_create.o [6]
  .rodata            const    0x0003320c     0x14  mfs_create.o [6]
  .rodata            const    0x00033220     0x14  mfs_format.o [6]
  .rodata            const    0x00033234     0x14  mfs_format.o [6]
  .rodata            const    0x00033248     0x14  mfs_format.o [6]
  .rodata            const    0x0003325c     0x30  mfs_format.o [6]
  .rodata            const    0x0003328c      0x8  mfs_lfn.o [6]
  .rodata            const    0x00033294      0xc  mfs_lfn.o [6]
  .rodata            const    0x000332a0     0x54  host_dev_list.o [12]
  .rodata            const    0x000332f4     0x24  host_dev_list.o [12]
  .rodata            const    0x00033318     0x20  int_unx.o [7]
  .rodata            const    0x00033338     0x30  int_unx.o [7]
  .rodata            const    0x00033368     0x3c  int_unx.o [7]
  .rodata            const    0x000333a4     0x14  int_unx.o [7]
  .rodata            const    0x000333b8     0x28  int_unx.o [7]
  .rodata            const    0x000333e0     0x50  host_ch9.o [12]
  .rodata            const    0x00033430      0x8  host_ch9.o [12]
  .rodata            const    0x00033438     0x50  host_rcv.o [12]
  .rodata            const    0x00033488     0x50  host_snd.o [12]
  .rodata            const    0x000334d8      0x4  timer_lpt_kinetis.o [3]
  .rodata            const    0x000334dc      0x4  timer_lpt_kinetis.o [3]
  .rodata            const    0x000334e0      0x4  timer_lpt_kinetis.o [3]
  .rodata            const    0x000334e4      0x8  init_bsp.o [3]
  .rodata            const    0x000334ec      0x8  init_bsp.o [3]
  .rodata            const    0x000334f4      0x8  init_bsp.o [3]
  .rodata            const    0x000334fc      0x8  init_bsp.o [3]
  .rodata            const    0x00033504      0x8  init_bsp.o [3]
  .rodata            const    0x0003350c      0x8  init_bsp.o [3]
  .rodata            const    0x00033514      0x8  init_bsp.o [3]
  .rodata            const    0x0003351c      0x8  init_bsp.o [3]
  .rodata            const    0x00033524      0x8  init_bsp.o [3]
  .rodata            const    0x0003352c      0x8  init_bsp.o [3]
  .rodata            const    0x00033534      0x8  init_bsp.o [3]
  .rodata            const    0x0003353c      0x8  init_bsp.o [3]
  .rodata            const    0x00033544      0x8  init_bsp.o [3]
  .rodata            const    0x0003354c      0x8  init_bsp.o [3]
  .rodata            const    0x00033554      0x8  init_bsp.o [3]
  .rodata            const    0x0003355c      0x8  init_bsp.o [3]
  .rodata            const    0x00033564      0x8  init_bsp.o [3]
  .rodata            const    0x0003356c      0x8  init_bsp.o [3]
  .rodata            const    0x00033574      0x8  init_bsp.o [3]
  .rodata            const    0x0003357c      0x8  init_bsp.o [3]
  .rodata            const    0x00033584      0x8  init_bsp.o [3]
  .rodata            const    0x0003358c      0x8  init_bsp.o [3]
  .rodata            const    0x00033594      0x8  init_bsp.o [3]
  .rodata            const    0x0003359c      0x8  init_bsp.o [3]
  .rodata            const    0x000335a4     0x10  mqxiinit.o [7]
  .rodata            const    0x000335b4     0x20  macnet_init.o [3]
  .rodata            const    0x000335d4     0x14  phy_ks8721bl.o [3]
  .rodata            const    0x000335e8      0xc  iplocal.o [9]
  .rodata            const    0x000335f4      0x4  iplocal.o [9]
  .rodata            const    0x000335f8      0xc  rtcsinit.o [9]
  .rodata            const    0x00033604     0x1c  init_gpio.o [3]
  .rodata            const    0x00033620     0x1c  init_gpio.o [3]
  .rodata            const    0x0003363c      0x4  init_gpio.o [3]
  .rodata            const    0x00033640     0x50  host_close.o [12]
  .rodata            const    0x00033690     0x1c  bsp_cm.o [3]
  .rodata            const    0x000336ac     0x78  bsp_cm.o [3]
  .rodata            const    0x00033724     0x10  init_adc.o [3]
  .rodata            const    0x00033734     0x18  init_adc.o [3]
  .rodata            const    0x0003374c     0x30  init_spi.o [3]
  .rodata            const    0x0003377c     0x30  init_spi.o [3]
  .rodata            const    0x000337ac     0x30  init_spi.o [3]
  .rodata            const    0x000337dc      0xc  init_esdhc.o [3]
  .rodata            const    0x000337e8      0x8  init_flashx.o [3]
  .rodata            const    0x000337f0      0x8  init_flashx.o [3]
  .rodata            const    0x000337f8     0x30  init_flashx.o [3]
  .rodata            const    0x00033828     0x20  init_flashx.o [3]
  .rodata            const    0x00033848     0x14  init_i2c.o [3]
  .rodata            const    0x0003385c     0x20  init_sci.o [3]
  .rodata            const    0x0003387c     0x20  init_sci.o [3]
  .rodata            const    0x0003389c     0x20  init_sci.o [3]
  .rodata            const    0x000338bc     0x20  init_sci.o [3]
  .rodata            const    0x000338dc     0x20  init_sci.o [3]
  .rodata            const    0x000338fc     0x20  init_sci.o [3]
  .rodata            const    0x0003391c     0x1c  spi_dma_dspi.o [3]
  .rodata            const    0x00033938     0x40  spi_dma_dspi.o [3]
  .rodata            const    0x00033978     0x10  spi_pol_dspi.o [3]
  .rodata            const    0x00033988     0x40  spi_pol_dspi.o [3]
  .rodata            const    0x000339c8     0x10  spi_pol_dspi.o [3]
  .rodata            const    0x000339d8    0x100  esdhc.o [3]
  .rodata            const    0x00033ad8      0xc  i2c_pol_ki2c.o [3]
  .rodata            const    0x00033ae4    0x100  i2c_pol_ki2c.o [3]
  .rodata            const    0x00033be4      0xc  serl_int_kuart.o [3]
  .rodata            const    0x00033bf0     0x40  macnet_mk60.o [3]
  .rodata            const    0x00033c30     0x30  flash_ftfl.o [3]
  .rodata            const    0x00033c60     0x20  flash_ftfl.o [3]
  .rodata            const    0x00033c80      0xc  spi_mk60_dspi.o [3]
  .rodata            const    0x00033c8c      0xc  spi_mk60_dspi.o [3]
  .rodata            const    0x00033c98     0x20  adc_kadc.o [3]
  .rodata            const    0x00033cb8      0xc  io_gpio_kgpio.o [3]
  .rodata            const    0x00033cc4      0xc  io_gpio_kgpio.o [3]
  .rodata            const    0x00033cd0      0xc  io_gpio_kgpio.o [3]
  .rodata            const    0x00033cdc      0xc  io_gpio_kgpio.o [3]
  .rodata            const    0x00033ce8     0x14  io_gpio_kgpio.o [3]
  .rodata            const    0x00033cfc     0x14  io_gpio_kgpio.o [3]
[...]
_usb_host_open_pipe     0x0001d5bb    0x96  Code  Gb  host_main.o [12]
_usb_host_open_pipe_call_interface
                        0x0001d331    0x20  Code  Gb  host_main.o [12]
_usb_host_open_pipe_cleanup
                        0x0001d591    0x2a  Code  Gb  host_main.o [12]
_usb_host_recv_data     0x0001fcc5    0x58  Code  Gb  host_rcv.o [12]
_usb_host_recv_data_call_interface
                        0x0001d2cf    0x20  Code  Gb  host_main.o [12]
_usb_host_register_ch9_callback
                        0x0001dab7    0x36  Code  Gb  host_ch9.o [12]
_usb_host_register_service
                        0x0001d51b    0x76  Code  Gb  host_main.o [12]
_usb_host_send_call_interface
                        0x0001d28f    0x20  Code  Gb  host_main.o [12]
_usb_host_send_data     0x0001fc6d    0x52  Code  Gb  host_snd.o [12]
_usb_host_send_setup    0x0001d761    0x6a  Code  Gb  host_main.o [12]
_usb_host_send_setup_call_interface
                        0x0001d2af    0x20  Code  Gb  host_main.o [12]
_usb_host_set_up_TR     0x0001d705    0x5c  Code  Gb  host_main.o [12]
_usb_host_update_device_address_call_interface
                        0x0001d371    0x20  Code  Gb  host_main.o [12]
_usb_host_update_max_packet_size_call_interface
                        0x0001d351    0x20  Code  Gb  host_main.o [12]
_usb_hostdev_cntrl_request
                        0x0001dd95    0x92  Code  Gb  host_ch9.o [12]
_usb_hostdev_free_buffer
                        0x0001945b    0x6c  Code  Gb  host_common.o [12]
_usb_hostdev_get_buffer
                        0x000193e1     0xc  Code  Gb  host_common.o [12]
_usb_hostdev_get_buffer_aligned
                        0x000193ed    0x6e  Code  Gb  host_common.o [12]
_usb_hostdev_get_descriptor
                        0x00019533   0x1ca  Code  Gb  host_common.o [12]
_usb_hostdev_select_interface
                        0x00019ca3   0x1dc  Code  Gb  host_common.o [12]
_usb_khci_add_int_tr    0x00025681    0x6c  Code  Lc  khci.o [12]
_usb_khci_atom_tr       0x00025d65   0x304  Code  Lc  khci.o [12]
_usb_khci_attach        0x000257e9    0x7c  Code  Lc  khci.o [12]
_usb_khci_bus_control   0x00025cd5     0x4  Code  Lc  khci.o [12]
_usb_khci_cancel        0x00025cb5    0x20  Code  Lc  khci.o [12]
_usb_khci_detach        0x000258a9    0x2e  Code  Lc  khci.o [12]
_usb_khci_get_frame_number
                        0x00025cd9    0x10  Code  Lc  khci.o [12]
_usb_khci_get_hot_int_tr
                        0x00025723    0xc6  Code  Lc  khci.o [12]
_usb_khci_host_close_pipe
                        0x00026085    0x24  Code  Lc  khci.o [12]
_usb_khci_init          0x00025ba5    0xa6  Code  Lc  khci.o [12]
_usb_khci_init_int_tr   0x0002566b    0x16  Code  Lc  khci.o [12]
_usb_khci_isr           0x00025615    0x56  Code  Lc  khci.o [12]
_usb_khci_process_tr_complete
                        0x00025ce9    0x7c  Code  Lc  khci.o [12]
_usb_khci_recv          0x00025c93    0x22  Code  Lc  khci.o [12]
_usb_khci_reset         0x00025865    0x44  Code  Lc  khci.o [12]
_usb_khci_rm_int_tr     0x000256ed    0x36  Code  Lc  khci.o [12]
_usb_khci_send          0x00025c4f    0x22  Code  Lc  khci.o [12]
_usb_khci_send_setup    0x00025c71    0x22  Code  Lc  khci.o [12]
_usb_khci_shutdown      0x00025c4b     0x4  Code  Lc  khci.o [12]
_usb_khci_task          0x000258d7   0x272  Code  Lc  khci.o [12]
_usb_khci_task_create   0x00025b49    0x5c  Code  Lc  khci.o [12]
abs                     0x0000cc3b     0x8  Code  Gb  abs.o [4]
adc_address             0x00033d20     0x8  Data  Lc  adc_mk60.o [3]
adc_bundle              0x1fff5f44     0x4  Data  Gb  adc_kadc.o [3]
adc_calibrate           0x00009ac7    0xaa  Code  Lc  adc_kadc.o [3]
adc_complete_isr        0x00009aa9    0x1e  Code  Lc  adc_kadc.o [3]
adc_get_calibration_data
                        0x00009b71    0x64  Code  Lc  adc_kadc.o [3]
adc_internal            0x1fff5f30    0x14  Data  Lc  adc_kadc.o [3]
adc_process_all_data    0x00009a55    0x32  Code  Gb  adc_kadc.o [3]
adc_process_data        0x000099b7    0x9e  Code  Lc  adc_kadc.o [3]
adc_set_calibration_data
                        0x00009bd5    0x64  Code  Lc  adc_kadc.o [3]
adt_idelay_isr          0x0000a6c9    0x36  Code  Lc  adt_kpdb.o [3]
adt_period_prescaler    0x00009f35   0x1e0  Code  Lc  adt_kpdb.o [3]
bdt                     0x1fff0200   0x200  Data  Lc  khci.o [12]
class_interface_map     0x1fff0108    0x24  Data  Gb  usb_classes.o [1]
cos                     0x00013f93     0x6  Code  Gb  cos.o [5]
count                   0x1fff5fa0     0x1  Data  Lc  DSPSPI.o [1]
delay_ms                0x00013a65    0x16  Code  Gb  System.o [1]
delay_us                0x00013a7d    0x1a  Code  Gb  System.o [1]
device                  0x1fff5e70    0x20  Data  Gb  USB_Task.o [1]
dspi_address            0x00033c80     0xc  Data  Lc  spi_mk60_dspi.o [3]
dspi_vectors            0x00033c8c     0xc  Data  Lc  spi_mk60_dspi.o [3]
evntyear_old            0x1fff5f98     0x2  Data  Gb  MenuView.o [1]
exit                    0x000004d5     0x4  Code  Gb  exit.o [4]
first_irq               0x1fff5f2c     0x4  Data  Gb  io_gpio.o [3]
flexnvm_flash_ioctl     0x0002e7f7    0x96  Code  Gb  flash_ftfl.o [3]
flexnvm_prog_part       0x0002e78f    0x40  Code  Gb  flash_ftfl.o [3]
flexnvm_read_resource   0x0002e74b    0x44  Code  Gb  flash_ftfl.o [3]
flexnvm_set_flexram     0x0002e7cf    0x28  Code  Gb  flash_ftfl.o [3]
flg_int                 0x00020e95    0xac  Code  Gb  yada_prj.o [1]
fmod                    0x000167ad          Code  Gb  fmod.o [5]
fmodl                   0x000167ad          Code  Gb  fmod.o [5]
ftfl_flash_command_sequence
                        0x0002e395   0x1c4  Code  Lc  flash_ftfl.o [3]
ftfl_flash_deinit       0x0002e58d    0x22  Code  Gb  flash_ftfl.o [3]
ftfl_flash_erase_sector
                        0x0002e5d7    0xa2  Code  Gb  flash_ftfl.o [3]
ftfl_flash_init         0x0002e559    0x34  Code  Gb  flash_ftfl.o [3]
ftfl_flash_write_sector
                        0x0002e679    0xb8  Code  Gb  flash_ftfl.o [3]
ftfl_init_ram_function  0x0002e5af    0x28  Code  Gb  flash_ftfl.o [3]
ftfl_ram_function       0x0002e731    0x18  Code  Lc  flash_ftfl.o [3]
ftfl_ram_function_end   0x0002e749     0x2  Code  Lc  flash_ftfl.o [3]
ftpmsg_bad_option       0x00032d88    0x1c  Data  Gb  ftpd_msg.o [9]
ftpmsg_badcmd           0x00032c6c    0x18  Data  Gb  ftpd_msg.o [9]
ftpmsg_badport          0x00032c84    0x18  Data  Gb  ftpd_msg.o [9]
ftpmsg_banner           0x00032bb4    0x1c  Data  Gb  ftpd_msg.o [9]
ftpmsg_cd_error         0x00032e10    0x20  Data  Gb  ftpd_msg.o [9]
ftpmsg_delete_error     0x00032e50    0x1c  Data  Gb  ftpd_msg.o [9]
ftpmsg_goodbye          0x00032cd4    0x10  Data  Gb  ftpd_msg.o [9]
ftpmsg_help_end         0x00032de0    0x30  Data  Gb  ftpd_msg.o [9]
ftpmsg_help_start       0x00032db0    0x30  Data  Gb  ftpd_msg.o [9]
ftpmsg_logged           0x00032c34    0x10  Data  Gb  ftpd_msg.o [9]
ftpmsg_no_datacon       0x00032f24    0x20  Data  Gb  ftpd_msg.o [9]
ftpmsg_no_file          0x00032eb4    0x34  Data  Gb  ftpd_msg.o [9]
ftpmsg_no_fs            0x00032ce4    0x3c  Data  Gb  ftpd_msg.o [9]
ftpmsg_no_memory        0x00032f44    0x38  Data  Gb  ftpd_msg.o [9]
ftpmsg_ok               0x00032e6c     0xc  Data  Gb  ftpd_msg.o [9]
ftpmsg_opening_datacon  0x00032ee8    0x20  Data  Gb  ftpd_msg.o [9]
ftpmsg_pasv_mode        0x00032d20    0x38  Data  Gb  ftpd_msg.o [9]
ftpmsg_portok           0x00032b9c    0x18  Data  Gb  ftpd_msg.o [9]
ftpmsg_rmdir_error      0x00032e30    0x20  Data  Gb  ftpd_msg.o [9]
ftpmsg_rxok             0x00032bd0    0x34  Data  Gb  ftpd_msg.o [9]
ftpmsg_site_info        0x00032d58    0x30  Data  Gb  ftpd_msg.o [9]
ftpmsg_size             0x00032cbc    0x18  Data  Gb  ftpd_msg.o [9]
ftpmsg_syst             0x00032da4     0xc  Data  Gb  ftpd_msg.o [9]
ftpmsg_tx_complete      0x00032f08    0x1c  Data  Gb  ftpd_msg.o [9]
ftpmsg_txok             0x00032c04    0x30  Data  Gb  ftpd_msg.o [9]
ftpmsg_type_ascii       0x00032e78    0x14  Data  Gb  ftpd_msg.o [9]
ftpmsg_type_image       0x00032e8c    0x14  Data  Gb  ftpd_msg.o [9]
ftpmsg_type_unknown     0x00032ea0    0x14  Data  Gb  ftpd_msg.o [9]
ftpmsg_unimp            0x00032c9c    0x20  Data  Gb  ftpd_msg.o [9]
ftpmsg_writeeof         0x00032c58    0x14  Data  Gb  ftpd_msg.o [9]
ftpmsg_writefail        0x00032c44    0x14  Data  Gb  ftpd_msg.o [9]
get_irq_mask            0x0000878d    0x2a  Code  Lc  io_gpio_kgpio.o [3]
gpio_cpu_configure      0x000087b7   0x160  Code  Gb  io_gpio_kgpio.o [3]
gpio_cpu_init           0x00008917     0xa  Code  Gb  io_gpio_kgpio.o [3]
gpio_cpu_ioctl          0x00008b15   0x4f8  Code  Gb  io_gpio_kgpio.o [3]
gpio_cpu_open           0x000089d5   0x140  Code  Gb  io_gpio_kgpio.o [3]
gpio_eport_irq          0x0000900d    0x9c  Code  Lc  io_gpio_kgpio.o [3]
gpio_global_irq_map     0x1fff5f80    0x14  Data  Gb  io_gpio_kgpio.o [3]
gpio_global_pin_map     0x1fff5f6c    0x14  Data  Gb  io_gpio_kgpio.o [3]
hub_anchor              0x1fff5efc     0x4  Data  Lc  usb_host_hub.o [12]
init_hardware           0x000005fd    0x3c  Code  Gb  init_hw.o [3]
install_isr             0x00008921    0xb4  Code  Lc  io_gpio_kgpio.o [3]
int_callback            0x00020b49    0x1e  Code  Gb  yada_prj.o [1]
isalpha                 0x0000f645     0x8  Code  Gb  io_util.o [7]
isdigit                 0x00015f97    0x10  Code  Gb  sh_util.o [11]
isgraph                 0x0000e8f9    0x18  Code  Gb  io_util.o [7]
isprint                 0x0000f2cf    0x2a  Code  Gb  io_util.o [7]
ispunct                 0x0000f64d     0x8  Code  Gb  io_util.o [7]
isupper                 0x0000f2c7     0x8  Code  Gb  io_util.o [7]
isxdigit                0x00022755    0x24  Code  Gb  ftpd_cmd.o [9]
kinetis_flash_invalidate_cache
                        0x0002e895    0x16  Code  Gb  flash_mk60.o [3]
linemark                0x00011501   0x176  Code  Gb  MenuView.o [1]
lower_hex_string        0x00032a50    0x14  Data  Lc  io_dopr.o [7]
lpt_address             0x000334d8     0x4  Data  Lc  timer_lpt_kinetis.o [3]
lpt_clock_source        0x000334e0     0x4  Data  Lc  timer_lpt_kinetis.o [3]
lpt_vectors             0x000334dc     0x4  Data  Lc  timer_lpt_kinetis.o [3]
main                    0x000004c5    0x10  Code  Gb  mqx_main.o [3]
mass_anchor             0x1fff5f00     0x4  Data  Lc  usb_host_msd_bo.o [12]
mem_flash_app           0x000201cd   0x16c  Code  Gb  mem_flash.o [1]
memcmp                  0x000169c1          Code  Gb  memcmp.o [8]
memcpy                  0x0000a901     0xe  Code  Gb  esdhc.o [3]
months                  0x00032b6c    0x30  Data  Lc  dir_read.o [6]
pctl_ptr_arr            0x00033cfc    0x14  Data  Lc  io_gpio_kgpio.o [3]
pdb_external            0x1fff0178     0x4  Data  Lc  adt_kpdb.o [3]
pdb_internal            0x1fff5f48    0x24  Data  Lc  adt_kpdb.o [3]
phy_ksz8041_IF          0x000335d4    0x14  Data  Gb  phy_ks8721bl.o [3]
phy_ksz8041_discover_addr
                        0x0002ece3    0x46  Code  Lc  phy_ks8721bl.o [3]
phy_ksz8041_get_link_status
                        0x0002ee15    0x46  Code  Lc  phy_ks8721bl.o [3]
phy_ksz8041_get_speed   0x0002edcf    0x46  Code  Lc  phy_ks8721bl.o [3]
phy_ksz8041_init        0x0002ed29    0xa6  Code  Lc  phy_ks8721bl.o [3]
pipe_init_params_prototype
                        0x000332f4    0x24  Data  Lc  host_dev_list.o [12]
read_buffer             0x1fff012c     0x8  Data  Gb  yada_prj.o [1]
req_prototype           0x00033430     0x8  Data  Lc  host_ch9.o [12]
reseed                  0x1fff5f14     0x4  Data  Lc  rtcsrand.o [9]
rtcs_enet               0x000309c8     0xc  Data  Lc  ip-e.o [9]
rtcs_local              0x000335e8     0xc  Data  Lc  iplocal.o [9]
seed                    0x1fff5f10     0x4  Data  Lc  rtcsrand.o [9]
send_U16str             0x0000cee1    0x2e  Code  Gb  LCDDriver.o [1]
send_U8str              0x0000ceb3    0x2e  Code  Gb  LCDDriver.o [1]
send_area               0x0000ce8b    0x28  Code  Gb  LCDDriver.o [1]
send_byte               0x0000ce3b    0x12  Code  Gb  LCDDriver.o [1]
send_end                0x0000cf0f    0x14  Code  Gb  LCDDriver.o [1]
send_word               0x0000ce4d    0x2a  Code  Gb  LCDDriver.o [1]
send_xy                 0x0000ce77    0x14  Code  Gb  LCDDriver.o [1]
sin                     0x000140cd     0x6  Code  Gb  sin.o [5]
spi2_dma_int            0x000084c9    0x74  Code  Gb  DSPSPI.o [1]
spifd_2                 0x1fff3e10     0x4  Data  Gb  DSPSPI.o [1]
state                   0x1fff0174     0x4  Data  Lc  rtcsrand.o [9]
strcat                  0x0001fd6b    0x1e  Code  Gb  strcat.o [4]
strcmp                  0x0000a731          Code  Gb  strcmp.o [8]
strcpy                  0x0000e8b5          Code  Gb  strcpy.o [8]
strlen                  0x0000a775          Code  Gb  strlen.o [8]
strncmp                 0x0000bbad    0x2a  Code  Gb  strncmp.o [4]
strncpy                 0x0000c295          Code  Gb  strncpy.o [8]
strpbrk                 0x00022779     0x4  Code  Gb  strpbrk.o [4]
systick_config          0x00001b69     0xc  Code  Gb  init_bsp.o [3]
systick_init            0x00001b75    0x34  Code  Lc  init_bsp.o [3]
tcp_socket_task         0x0002057d   0x29c  Code  Gb  tcpip_socket_task.o [1]
time                    0x1fff400c     0x8  Data  Gb  MenuView.o [1]
timer_isr               0x00020b67    0x2a  Code  Lc  yada_prj.o [1]
tolower                 0x0000e911     0x8  Code  Gb  io_util.o [7]
tr_index                0x1fff5ec4     0x4  Data  Lc  host_common.o [12]
uart_isr                0x000029ad    0x76  Code  Gb  serl_int_kuart.o [3]
uart_lcd                0x1fff3e14     0x4  Data  Gb  LCDDriver.o [1]
upper_hex_string        0x00032a3c    0x14  Data  Lc  io_dopr.o [7]
usb_class_hub_clear_feature
                        0x00026ba5    0x1e  Code  Gb  usb_host_hub.o [12]
usb_class_hub_clear_port_feature
                        0x00026bc3    0x24  Code  Gb  usb_host_hub.o [12]
usb_class_hub_cntrl_callback
                        0x00026a29    0x1a  Code  Gb  usb_host_hub.o [12]
usb_class_hub_cntrl_common
                        0x00026a43    0xfe  Code  Gb  usb_host_hub.o [12]
usb_class_hub_get_app   0x000269c9    0x60  Code  Gb  usb_host_hub.o [12]
usb_class_hub_get_descriptor
                        0x00026b41    0x40  Code  Gb  usb_host_hub.o [12]
usb_class_hub_get_port_status
                        0x00026c07    0x22  Code  Gb  usb_host_hub.o [12]
usb_class_hub_get_status
                        0x00026be7    0x20  Code  Gb  usb_host_hub.o [12]
usb_class_hub_init      0x0002696d    0x5c  Code  Gb  usb_host_hub.o [12]
usb_class_hub_int_callback
                        0x00026d01    0x1a  Code  Gb  usb_host_hub.o [12]
usb_class_hub_set_port_feature
                        0x00026b81    0x24  Code  Gb  usb_host_hub.o [12]
usb_class_hub_wait_for_interrupt
                        0x00026c29    0xcc  Code  Gb  usb_host_hub.o [12]
usb_class_mass_call_back_cbw
                        0x0001df41    0xa2  Code  Lc  usb_host_msd_bo.o [12]
usb_class_mass_call_back_csw
                        0x0001e0b9   0x12e  Code  Lc  usb_host_msd_bo.o [12]
usb_class_mass_call_back_dphase
                        0x0001dfe3    0xd6  Code  Lc  usb_host_msd_bo.o [12]
usb_class_mass_clear_bulk_pipe_on_usb
                        0x0001e2d1    0x7c  Code  Lc  usb_host_msd_bo.o [12]
usb_class_mass_deleteq  0x0001fc13    0x34  Code  Gb  usb_host_msd_queue.o [12]
usb_class_mass_get_pending_request
                        0x0001fc47    0x26  Code  Gb  usb_host_msd_queue.o [12]
usb_class_mass_init     0x0001de35    0x88  Code  Gb  usb_host_msd_bo.o [12]
usb_class_mass_pass_on_usb
                        0x0001e1e7    0xea  Code  Lc  usb_host_msd_bo.o [12]
usb_class_mass_q_init   0x0001fbcb     0xc  Code  Gb  usb_host_msd_queue.o [12]
usb_class_mass_q_insert
                        0x0001fbd7    0x3c  Code  Gb  usb_host_msd_queue.o [12]
usb_class_mass_reset_callback
                        0x0001e3b5    0xd0  Code  Lc  usb_host_msd_bo.o [12]
usb_class_mass_reset_recovery_on_usb
                        0x0001e34d    0x68  Code  Gb  usb_host_msd_bo.o [12]
usb_class_mass_storage_device_command
                        0x0001debd    0x84  Code  Gb  usb_host_msd_bo.o [12]
usb_dev_list_attach_device
                        0x0001d053   0x120  Code  Gb  host_dev_list.o [12]
usb_dev_list_close_pipe
                        0x0001d17d    0x46  Code  Lc  host_dev_list.o [12]
usb_dev_list_close_pipe_bundle
                        0x0001d1c3    0x2a  Code  Gb  host_dev_list.o [12]
usb_dev_list_detach_device
                        0x0001d1ed    0x82  Code  Gb  host_dev_list.o [12]
usb_dev_list_free_mem   0x0001cef3    0x76  Code  Gb  host_dev_list.o [12]
usb_dev_list_free_memlist
                        0x0001ce9d    0x56  Code  Gb  host_dev_list.o [12]
usb_dev_list_get_mem    0x0001cf69    0xea  Code  Gb  host_dev_list.o [12]
usb_filesystem_install  0x00017125   0x18c  Code  Gb  USB_File.o [1]
usb_filesystem_uninstall
                        0x000172b1    0xde  Code  Gb  USB_File.o [1]
usb_host_ch9_dev_req    0x0001daed    0x8e  Code  Lc  host_ch9.o [12]
usb_host_class_intf_init
                        0x0001977b    0xf8  Code  Gb  host_common.o [12]
usb_host_class_intf_validate
                        0x00019873    0x22  Code  Gb  host_common.o [12]
usb_host_cntrl_transaction_done
                        0x0001d7d5   0x2e2  Code  Lc  host_ch9.o [12]
usb_host_driver_info_match
                        0x00019895    0xec  Code  Lc  host_common.o [12]
usb_host_driver_info_nonzero
                        0x000199eb    0x4a  Code  Lc  host_common.o [12]
usb_host_driver_info_scan
                        0x00019981    0x6a  Code  Lc  host_common.o [12]
usb_host_hub_device_event
                        0x0002640d    0x9e  Code  Gb  usb_host_hub_sm.o [12]
usb_host_hub_device_sm  0x000264ad   0x45c  Code  Lc  usb_host_hub_sm.o [12]
usb_host_hub_int_callback
                        0x00026909    0x60  Code  Lc  usb_host_hub_sm.o [12]
usb_host_map_class_intf
                        0x00019a35    0x3a  Code  Lc  host_common.o [12]
usb_host_mass_device_event
                        0x0001fd89    0x6e  Code  Gb  USB_Task.o [1]
usb_host_state_struct_ptr
                        0x1fff5ec8     0x4  Data  Gb  host_main.o [12]
usb_hostdev_attach_detach
                        0x00019371    0x48  Code  Gb  host_common.o [12]
usb_hostdev_delete_interface
                        0x00019a9f    0xce  Code  Gb  host_common.o [12]
usb_hostdev_get_class   0x000194c7    0x6c  Code  Lc  host_common.o [12]
usb_hostdev_get_pipe_handle
                        0x000196fd    0x7e  Code  Gb  host_common.o [12]
usb_hostdev_mask_class_etc
                        0x00019b6d    0x2a  Code  Lc  host_common.o [12]
usb_hostdev_open_pipe   0x00019b97   0x10c  Code  Lc  host_common.o [12]
usb_hostdev_tr_init     0x00019e7f    0x36  Code  Gb  host_common.o [12]
usb_hostdev_validate    0x000193b9    0x28  Code  Gb  host_common.o [12]
usb_mass_ufi_cancel     0x00019f49     0xc  Code  Gb  usb_host_msd_ufi.o [12]
usb_mass_ufi_generic    0x00019ec5    0x84  Code  Gb  usb_host_msd_ufi.o [12]


[1] = L:\git_workspace\YD_PRJ_NEW_20130323_git_\IAR\twrk60n512\Int Flash Debug\Obj
[2] = command line
[3] = bsp_twrk60n512_130418_SPI_TX_56Data_Buf6175.a
[4] = dl7M_tln.a
[5] = m7M_tl.a
[6] = mfs_twrk60n512_d.a
[7] = psp_twrk60n512_d.a
[8] = rt7M_tl.a
[9] = rtcs_twrk60n512_d_20130105.a
[10] = shb_l.a
[11] = shell_twrk60n512_d_20130509.a
[12] = usb_hdk_twrk60n512_d.a

  192 440 bytes of readonly  code memory
   20 066 bytes of readonly  data memory
   25 007 bytes of readwrite data memory

Errors: none
Warnings: none
