###############################################################################
#                                                                             #
# IAR ELF Linker V6.30.1.53127/W32 for ARM              11/May/2013  13:12:01 #
# Copyright 2007-2011 IAR Systems AB.                                         #
#                                                                             #
#    Output file  =  L:\git_workspace\YD_PRJ_NEW_20130323_git_\IAR\twrk60n512 #
#                    \Int Flash Debug\Exe\twrk60n512.out                      #
#    Map file     =  L:\git_workspace\YD_PRJ_NEW_20130323_git_\IAR\twrk60n512 #
#                    \Int Flash Debug\List\twrk60n512.map                     #
#    Command line =  "L:\git_workspace\YD_PRJ_NEW_20130323_git_\IAR\twrk60n51 #
#                    2\Int Flash Debug\Obj\DSPSPI.o"                          #
#                    "L:\git_workspace\YD_PRJ_NEW_20130323_git_\IAR\twrk60n51 #
#                    2\Int Flash Debug\Obj\DataConvert.o"                     #
#                    "L:\git_workspace\YD_PRJ_NEW_20130323_git_\IAR\twrk60n51 #
#                    2\Int Flash Debug\Obj\DisTime.o"                         #
#                    "L:\git_workspace\YD_PRJ_NEW_20130323_git_\IAR\twrk60n51 #
#                    2\Int Flash Debug\Obj\FTP_Task.o"                        #
#                    "L:\git_workspace\YD_PRJ_NEW_20130323_git_\IAR\twrk60n51 #
#                    2\Int Flash Debug\Obj\LCDDriver.o"                       #
#                    "L:\git_workspace\YD_PRJ_NEW_20130323_git_\IAR\twrk60n51 #
#                    2\Int Flash Debug\Obj\LCDUart.o"                         #
#                    "L:\git_workspace\YD_PRJ_NEW_20130323_git_\IAR\twrk60n51 #
#                    2\Int Flash Debug\Obj\MenuView.o"                        #
#                    "L:\git_workspace\YD_PRJ_NEW_20130323_git_\IAR\twrk60n51 #
#                    2\Int Flash Debug\Obj\SD_task.o"                         #
#                    "L:\git_workspace\YD_PRJ_NEW_20130323_git_\IAR\twrk60n51 #
#                    2\Int Flash Debug\Obj\Shell_Task.o"                      #
#                    "L:\git_workspace\YD_PRJ_NEW_20130323_git_\IAR\twrk60n51 #
#                    2\Int Flash Debug\Obj\System.o"                          #
#                    "L:\git_workspace\YD_PRJ_NEW_20130323_git_\IAR\twrk60n51 #
#                    2\Int Flash Debug\Obj\USB_File.o"                        #
#                    "L:\git_workspace\YD_PRJ_NEW_20130323_git_\IAR\twrk60n51 #
#                    2\Int Flash Debug\Obj\USB_Task.o"                        #
#                    "L:\git_workspace\YD_PRJ_NEW_20130323_git_\IAR\twrk60n51 #
#                    2\Int Flash Debug\Obj\mem_flash.o"                       #
#                    "L:\git_workspace\YD_PRJ_NEW_20130323_git_\IAR\twrk60n51 #
#                    2\Int Flash Debug\Obj\mem_ram.o"                         #
#                    "L:\git_workspace\YD_PRJ_NEW_20130323_git_\IAR\twrk60n51 #
#                    2\Int Flash Debug\Obj\pin2.o"                            #
#                    "L:\git_workspace\YD_PRJ_NEW_20130323_git_\IAR\twrk60n51 #
#                    2\Int Flash Debug\Obj\sh_cd.o"                           #
#                    "L:\git_workspace\YD_PRJ_NEW_20130323_git_\IAR\twrk60n51 #
#                    2\Int Flash Debug\Obj\sh_di.o"                           #
#                    "L:\git_workspace\YD_PRJ_NEW_20130323_git_\IAR\twrk60n51 #
#                    2\Int Flash Debug\Obj\tcpip_socket_task.o"               #
#                    "L:\git_workspace\YD_PRJ_NEW_20130323_git_\IAR\twrk60n51 #
#                    2\Int Flash Debug\Obj\usb_classes.o"                     #
#                    "L:\git_workspace\YD_PRJ_NEW_20130323_git_\IAR\twrk60n51 #
#                    2\Int Flash Debug\Obj\yada_prj.o"                        #
#                    L:\git_workspace\YD_PRJ_NEW_20130323_git_\lib\twrk60n512 #
#                    .iar\bsp\bsp_twrk60n512_130418_SPI_TX_56Data_Buf6175_RTC #
#                    .a L:\git_workspace\YD_PRJ_NEW_20130323_git_\lib\twrk60n #
#                    512.iar\mfs\mfs_twrk60n512_d.a                           #
#                    L:\git_workspace\YD_PRJ_NEW_20130323_git_\lib\twrk60n512 #
#                    .iar\psp\psp_twrk60n512_d.a                              #
#                    L:\git_workspace\YD_PRJ_NEW_20130323_git_\lib\twrk60n512 #
#                    .iar\rtcs\rtcs_twrk60n512_d_20130105.a                   #
#                    L:\git_workspace\YD_PRJ_NEW_20130323_git_\lib\twrk60n512 #
#                    .iar\shell\shell_twrk60n512_d_20130509.a                 #
#                    L:\git_workspace\YD_PRJ_NEW_20130323_git_\lib\twrk60n512 #
#                    .iar\usb\host\usb_hdk_twrk60n512_d.a --redirect          #
#                    _Printf=_PrintfFull --redirect _Scanf=_ScanfFull -o      #
#                    "L:\git_workspace\YD_PRJ_NEW_20130323_git_\IAR\twrk60n51 #
#                    2\Int Flash Debug\Exe\twrk60n512.out" --map              #
#                    "L:\git_workspace\YD_PRJ_NEW_20130323_git_\IAR\twrk60n51 #
#                    2\Int Flash Debug\List\twrk60n512.map" --config          #
#                    L:\git_workspace\YD_PRJ_NEW_20130323_git_\IAR\..\lib\twr #
#                    k60n512.iar\bsp\intflash.icf --redirect                  #
#                    __iar_dlmalloc=malloc --redirect __iar_dlcalloc=calloc   #
#                    --redirect __iar_dlfree=free --semihosting --entry       #
#                    __iar_program_start --vfe                                #
#                                                                             #
#                                                                             #
###############################################################################

*******************************************************************************
*** RUNTIME MODEL ATTRIBUTES
***

CppFlavor                   = *
__SystemLibrary             = DLib
__dlib_jmp_buf_num_elements = 8


*******************************************************************************
*** PLACEMENT SUMMARY
***

"A1":  place at 0x00000000 { ro section .intvec, block CFMPROTROM };
"P1":  place in [from 0x00000000 to 0x0007ffff] {
          first block TEXTSECTION, ro, last block FLASHX_POOL };
"P2":  place in [from 0x1fff0000 to 0x2000fff0] { rw, last block KERNEL_DATA };

  Section            Kind        Address     Size  Object
  -------            ----        -------     ----  ------
"A1":                                       0x414
  .intvec            const    0x00000000    0x400  vectors.o [3]
  CFMPROTROM                  0x00000400     0x14  <Block>
    .cfmconfig       const    0x00000400     0x10  vectors.o [3]
    .cfmconfig       const    0x00000410      0x0  vectors.o [3]
    CFMPROTROM       const    0x00000410      0x4  <Block tail>
                            - 0x00000414    0x414

"P1":                                     0x34be4
  TEXTSECTION                 0x00000420  0x2fa7c  <Block>
    .text            ro code  0x00000420     0x4c  cortex_boot.o [7]
    .text            ro code  0x0000046c      0xc  cstartup_M.o [8]
    .text            ro code  0x00000478     0x16  cmain.o [8]
    .text            ro code  0x0000048e      0xa  iar.o [3]
    .text            ro code  0x00000498     0x2c  data_init3.o [8]
    .text            ro code  0x000004c4     0x10  mqx_main.o [3]
    .text            ro code  0x000004d4      0x4  exit.o [4]
    .text            ro code  0x000004d8    0x190  init_hw.o [3]
    .text            ro code  0x00000668    0x1a8  mqx.o [7]
    .text            ro code  0x00000810      0xa  cexit.o [8]
    .text            ro code  0x0000081a     0x46  sotcp.o [9]
    .text            ro code  0x00000860    0x79c  bsp_cm.o [3]
    .text            ro code  0x00000ffc    0x54c  init_gpio.o [3]
    .text            ro code  0x00001548    0x134  mem_zero.o [7]
    .text            ro code  0x0000167c     0x76  ABImemcpy.o [8]
    .text            ro code  0x000016f2     0x56  macnet_rejoin.o [3]
    .text            ro code  0x00001748     0xd8  mqxiinit.o [7]
    .text            ro code  0x00001820     0x28  lwm_init.o [7]
    .text            ro code  0x00001848     0x18  lwm_gsys.o [7]
    .text            ro code  0x00001860     0x24  lwm_size.o [7]
    .text            ro code  0x00001884    0x1c4  ta_init.o [7]
    .text            ro code  0x00001a48     0xc0  sc_irdyq.o [7]
    .text            ro code  0x00001b08     0x74  lws_crea.o [7]
    .text            ro code  0x00001b7c    0x2dc  init_bsp.o [3]
    .text            ro code  0x00001e58     0x24  int_disa.o [7]
    .text            ro code  0x00001e7c     0x14  exit.o [10]
    .text            ro code  0x00001e90     0x14  cm.o [3]
    .text            ro code  0x00001ea4      0xc  qu_init.o [7]
    .text            ro code  0x00001eb0     0x64  lwm_crep.o [7]
    .text            ro code  0x00001f14    0x204  lwm_alli.o [7]
    .text            ro code  0x00002118     0x34  td_serr.o [7]
    .text            ro code  0x0000214c     0xd0  td_alloc.o [7]
    .text            ro code  0x0000221c     0x68  stack_bu.o [7]
    .text            ro code  0x00002284      0x8  lwm_xfri.o [7]
    .text            ro code  0x0000228c     0x18  lwm_allz.o [7]
    .text            ro code  0x000022a4     0x38  int_ena.o [7]
    .text            ro code  0x000022dc     0x3e  qu_enq.o [7]
    .text            ro code  0x0000231a     0x22  zero_init3.o [8]
    .text            ro code  0x0000233c      0xc  mqx_scpu.o [7]
    .text            ro code  0x00002348     0x30  lwm_allo.o [7]
    .text            ro code  0x00002378     0x14  psp_iinit.o [7]
    .text            ro code  0x0000238c     0x10  int_vtab.o [7]
    .text            ro code  0x0000239c     0x10  ti_setv.o [7]
    .text            ro code  0x000023ac     0xb0  int_iisr.o [7]
    .text            ro code  0x0000245c     0x10  ti_sett.o [7]
    .text            ro code  0x0000246c     0x10  ti_shwtt.o [7]
    .text            ro code  0x0000247c     0x14  ti_shwtf.o [7]
    .text            ro code  0x00002490     0x14  kinetis_mpu.o [7]
    .text            ro code  0x000024a4     0x18  io_init.o [7]
    .text            ro code  0x000024bc    0x2dc  krtc.o [3]
    .text            ro code  0x00002798    0x3b4  serl_pol_kuart.o [3]
    .text            ro code  0x00002b4c    0x1f0  serl_int_kuart.o [3]
    .text            ro code  0x00002d3c    0x86c  i2c_pol_ki2c.o [3]
    .text            ro code  0x000035a8    0x6aa  i2c_int_ki2c.o [3]
    .text            ro code  0x00003c54    0x9e8  spi_pol_dspi.o [3]
    .text            ro code  0x0000463c    0x7a0  spi_dma_dspi.o [3]
    .text            ro code  0x00004ddc    0x28c  io_gpio.o [3]
    .text            ro code  0x00005068    0x5ae  adc.o [3]
    .text            ro code  0x00005618    0xc76  esdhc.o [3]
    .text            ro code  0x00006290    0xd3c  flashx.o [3]
    .text            ro code  0x00006fcc     0x34  io_sinit.o [3]
    .text            ro code  0x00007000     0xe0  ti_krnl.o [7]
    .text            ro code  0x000070e0     0xfc  lwm_free.o [7]
    .text            ro code  0x000071dc     0x40  qu_insrt.o [7]
    .text            ro code  0x0000721c     0x78  int_init.o [7]
    .text            ro code  0x00007294     0x10  int_inst.o [7]
    .text            ro code  0x000072a4     0x1c  td_gerr.o [7]
    .text            ro code  0x000072c0     0xa0  cortex.o [7]
    .text            ro code  0x00007360    0x3a4  DisTime.o [1]
    .text            ro code  0x00007704     0x24  io_pntf.o [7]
    .text            ro code  0x00007728     0xe4  ti_to.o [7]
    .text            ro code  0x0000780c    0x1a0  ti_from.o [7]
    .text            ro code  0x000079ac     0x54  ti_kset.o [7]
    .text            ro code  0x00007a00     0x16  ti_get.o [7]
    .text            ro code  0x00007a18    0x53c  serl_pol.o [3]
    .text            ro code  0x00007f54     0x4c  serl_mk60.o [3]
    .text            ro code  0x00007fa0     0x18  lwm_zsys.o [7]
    .text            ro code  0x00007fb8    0x610  serl_int.o [3]
    .text            ro code  0x000085c8     0x60  int_gdat.o [7]
    .text            ro code  0x00008628      0x4  int_geh.o [7]
    .text            ro code  0x0000862c     0xf0  ev_open.o [7]
    .text            ro code  0x0000871c     0xe0  ev_set.o [7]
    .text            ro code  0x000087fc    0x170  i2c_pol.o [3]
    .text            ro code  0x0000896c     0x38  i2c_mk60.o [3]
    .text            ro code  0x000089a4    0x16c  i2c_int.o [3]
    .text            ro code  0x00008b10    0x196  spi_pol.o [3]
    .text            ro code  0x00008ca8     0x30  spi_mk60_dspi.o [3]
    .text            ro code  0x00008cd8    0x1a2  spi_int.o [3]
    .text            ro code  0x00008e7c    0x2c4  DSPSPI.o [1]
    .text            ro code  0x00009140    0x994  io_gpio_kgpio.o [3]
    .text            ro code  0x00009ad4     0x1a  io_inst.o [7]
    .text            ro code  0x00009aee     0x3e  io_ioctl.o [7]
    .text            ro code  0x00009b2c    0xac0  adc_kadc.o [3]
    .text            ro code  0x0000a5ec    0xaf8  adt_kpdb.o [3]
    .text            ro code  0x0000b0e4     0x42  strcmp.o [8]
    .text            ro code  0x0000b128     0x36  strlen.o [8]
    .text            ro code  0x0000b160     0x38  ti_delay.o [7]
    .text            ro code  0x0000b198    0x108  io_instx.o [7]
    .text            ro code  0x0000b2a0     0x14  esdhc_mk60.o [3]
    .text            ro code  0x0000b2b4      0xe  esdhc.o [3]
    .text            ro code  0x0000b2c4     0x78  lws_wait.o [7]
    .text            ro code  0x0000b33c    0x17c  mem_copy.o [7]
    .text            ro code  0x0000b4b8     0x7c  lws_post.o [7]
    .text            ro code  0x0000b534     0xa0  io_fopen.o [7]
    .text            ro code  0x0000b5d4     0x34  psp_tinm.o [7]
    .text            ro code  0x0000b608    0x384  LCDDriver.o [1]
    .text            ro code  0x0000b98c     0x48  io_ghand.o [7]
    .text            ro code  0x0000b9d4    0xbd4  io_dopr.o [7]
    .text            ro code  0x0000c5a8     0x42  ti_leap.o [7]
    .text            ro code  0x0000c5ea     0x26  psp_tiol.o [7]
    .text            ro code  0x0000c610     0x40  psp_tisu.o [7]
    .text            ro code  0x0000c650     0x4c  ti_gett.o [7]
    .text            ro code  0x0000c69c     0xbc  psp_tkti.o [7]
    .text            ro code  0x0000c758     0x84  tq_creat.o [7]
    .text            ro code  0x0000c7dc     0x80  tq_dest.o [7]
    .text            ro code  0x0000c85c     0xd8  tq_func.o [7]
    .text            ro code  0x0000c934     0x94  na_findi.o [7]
    .text            ro code  0x0000c9c8     0x34  io_fclos.o [7]
    .text            ro code  0x0000c9fc     0x14  ev_creat.o [7]
    .text            ro code  0x0000ca10     0x3a  ev_all.o [7]
    .text            ro code  0x0000ca4c     0x48  ev_clear.o [7]
    .text            ro code  0x0000ca94     0x2a  strncmp.o [4]
    .text            ro code  0x0000cac0      0x6  ABImemclr4.o [8]
    .text            ro code  0x0000cac8     0x14  adc_mk60.o [3]
    .text            ro code  0x0000cadc    0x132  I64DivMod.o [8]
    .text            ro code  0x0000cc10     0xd4  lwe_set.o [7]
    .text            ro code  0x0000cce4     0x84  psp_mstiq.o [7]
    .text            ro code  0x0000cd68     0x48  psp_tiad.o [7]
    .text            ro code  0x0000cdb0     0x88  ti_deli.o [7]
    .text            ro code  0x0000ce38     0x2e  qu_deq.o [7]
    .text            ro code  0x0000ce66     0x24  io_write.o [7]
    .text            ro code  0x0000ce8c     0x1c  psp_seti.o [7]
    .text            ro code  0x0000cea8     0x80  psp_msti.o [7]
    .text            ro code  0x0000cf28     0x2c  sc_ipq.o [7]
    .text            ro code  0x0000cf54     0x1c  strnlen.o [7]
    .text            ro code  0x0000cf70     0xc0  ev_creai.o [7]
    .text            ro code  0x0000d030    0x108  ev_waiti.o [7]
    .text            ro code  0x0000d138     0x32  ABImemset48.o [8]
    .text            ro code  0x0000d16c      0x2  I64DivZer.o [8]
    .text            ro code  0x0000d170     0xcc  ev_comp.o [7]
    .text            ro code  0x0000d23c     0x6c  strncpy.o [8]
    .text            ro code  0x0000d2a8    0x138  na_addi.o [7]
    .text            ro code  0x0000d3e0     0x34  ti_delun.o [7]
    .text            ro code  0x0000d414     0x38  ti_delfo.o [7]
    .text            ro code  0x0000d44c     0x7c  na_crth.o [7]
    .text            ro code  0x0000d4c8     0x5e  ABImemset.o [8]
    .text            ro code  0x0000d528    0x490  DataConvert.o [1]
    .text            ro code  0x0000d9b8     0xfc  FltDiv.o [5]
    .text            ro code  0x0000dab4     0xd8  FltMul.o [5]
    .text            ro code  0x0000db8c     0x24  FltToU32.o [5]
    .text            ro code  0x0000dbb0     0x32  I32ToFlt.o [5]
    .text            ro code  0x0000dbe2      0x8  abs.o [4]
    .text            ro code  0x0000dbec     0xe6  FltSub.o [5]
    .text            ro code  0x0000dcd4     0x44  FltToS32.o [5]
    .text            ro code  0x0000dd18     0x24  FltCmpLe.o [5]
    .text            ro code  0x0000dd3c     0x84  FltAdd.o [5]
    .text            ro code  0x0000ddc0     0xec  FTP_Task.o [1]
    .text            ro code  0x0000deac    0x26c  rtcscmd.o [9]
    .text            ro code  0x0000e118     0x24  enaddr.o [3]
    .text            ro code  0x0000e13c    0x104  eninit.o [3]
    .text            ro code  0x0000e240     0x5c  ifadd.o [9]
    .text            ro code  0x0000e29c    0x644  ftpd.o [9]
    .text            ro code  0x0000e8e0     0x88  ta_creat.o [7]
    .text            ro code  0x0000e968     0xe4  mqx_ioc.o [7]
    .text            ro code  0x0000ea4c    0x1b6  rtcspart.o [9]
    .text            ro code  0x0000ec04     0x2c  ms_id.o [7]
    .text            ro code  0x0000ec30     0x16  ms_pool.o [7]
    .text            ro code  0x0000ec48     0xa8  rtcstask.o [9]
    .text            ro code  0x0000ecf0     0x6c  ms_dpool.o [7]
    .text            ro code  0x0000ed5c     0xcc  ms_alloc.o [7]
    .text            ro code  0x0000ee28     0x58  td_get.o [7]
    .text            ro code  0x0000ee80      0xc  ms_sendb.o [7]
    .text            ro code  0x0000ee8c     0x48  ta_rdy.o [7]
    .text            ro code  0x0000eed4      0xc  ms_send.o [7]
    .text            ro code  0x0000eee0     0x10  td_gid.o [7]
    .text            ro code  0x0000eef0     0x24  td_util.o [7]
    .text            ro code  0x0000ef14     0x2c  init_enet.o [3]
    .text            ro code  0x0000ef40     0x58  enutil.o [3]
    .text            ro code  0x0000ef98     0x3c  ta_env.o [7]
    .text            ro code  0x0000efd4     0x22  ta_sexit.o [7]
    .text            ro code  0x0000eff8     0xb2  rtcs.o [9]
    .text            ro code  0x0000f0ac    0x3ea  io_util.o [7]
    .text            ro code  0x0000f498     0x44  strcpy.o [8]
    .text            ro code  0x0000f4dc     0x18  io_util.o [7]
    .text            ro code  0x0000f4f4      0x8  io_util.o [7]
    .text            ro code  0x0000f4fc     0x7c  ta_build.o [7]
    .text            ro code  0x0000f578     0x18  lwm_allp.o [7]
    .text            ro code  0x0000f590     0x18  lwm_alzp.o [7]
    .text            ro code  0x0000f5a8     0x18  lwm_gsyp.o [7]
    .text            ro code  0x0000f5c0     0x18  lwm_zsyf.o [7]
    .text            ro code  0x0000f5d8     0x84  pa_creat.o [7]
    .text            ro code  0x0000f65c     0x14  pa_sallo.o [7]
    .text            ro code  0x0000f670     0x74  pa_free.o [7]
    .text            ro code  0x0000f6e4     0x74  pa_dest.o [7]
    .text            ro code  0x0000f758    0x20c  ms_pooli.o [7]
    .text            ro code  0x0000f964     0x12  ta_util.o [7]
    .text            ro code  0x0000f978     0xa2  lws_dest.o [7]
    .text            ro code  0x0000fa1c    0x364  ms_sendi.o [7]
    .text            ro code  0x0000fd80    0x12a  sockutil.o [9]
    .text            ro code  0x0000feaa      0x8  io_util.o [7]
    .text            ro code  0x0000feb2     0x2a  io_util.o [7]
    .text            ro code  0x0000fedc     0x16  io_util.o [7]
    .text            ro code  0x0000fef4     0x7c  pa_creai.o [7]
    .text            ro code  0x0000ff70    0x118  pa_alloi.o [7]
    .text            ro code  0x00010088    0x130  ms_comp.o [7]
    .text            ro code  0x000101b8     0x60  ms_free.o [7]
    .text            ro code  0x00010218     0x10  io_util.o [7]
    .text            ro code  0x00010228      0x8  io_util.o [7]
    .text            ro code  0x00010230      0x8  io_util.o [7]
    .text            ro code  0x00010238     0x7c  pa_comp.o [7]
    .text            ro code  0x000102b4     0x5c  pa_extni.o [7]
    .text            ro code  0x00010310     0x22  io_util.o [7]
    .text            ro code  0x00010332     0x28  io_util.o [7]
    .text            ro code  0x0001035a     0x10  io_util.o [7]
    .text            ro code  0x0001036c    0xab0  LCDUart.o [1]
    .text            ro code  0x00010e1c     0x14  ev_creaa.o [7]
    .text            ro code  0x00010e30   0x3bf8  MenuView.o [1]
    .text            ro code  0x00014a28     0x52  System.o [1]
    .text            ro code  0x00014a7c     0x30  I32ToDbl.o [5]
    .text            ro code  0x00014aac    0x1a2  DblMul.o [5]
    .text            ro code  0x00014c50    0x246  DblDiv.o [5]
    .text            ro code  0x00014e98     0x90  DblToFlt.o [5]
    .text            ro code  0x00014f28     0x4e  FltToDbl.o [5]
    .text            ro code  0x00014f76      0x6  cos.o [5]
    .text            ro code  0x00014f7c     0xe8  DblAdd.o [5]
    .text            ro code  0x00015064     0x4c  DblToI32.o [5]
    .text            ro code  0x000150b0      0x6  sin.o [5]
    .text            ro code  0x000150b8    0x180  DblSub.o [5]
    .text            ro code  0x00015238     0x24  FltCmpGe.o [5]
    .text            ro code  0x0001525c    0x14c  sh_cd.o [1]
    .text            ro code  0x000153a8     0x90  sh_pwd.o [11]
    .text            ro code  0x00015438    0x220  sh_read_wk.o [11]
    .text            ro code  0x00015658    0x24c  sh_write_binary.o [11]
    .text            ro code  0x000158a4     0xc8  sh_update.o [11]
    .text            ro code  0x0001596c     0x26  io_spr.o [7]
    .text            ro code  0x00015994     0xfc  sh_df_driver.o [11]
    .text            ro code  0x00015a90    0x110  sh_mkdir.o [11]
    .text            ro code  0x00015ba0    0x39c  sh_search_file_1.o [11]
    .text            ro code  0x00015f3c    0x1f0  xsin.o [5]
    .text            ro code  0x0001612c    0x218  sh_util.o [11]
    .text            ro code  0x00016344    0x408  mfs_misc.o [6]
    .text            ro code  0x0001674c     0x90  io_fseek.o [7]
    .text            ro code  0x000167dc     0x16  io_feof.o [7]
    .text            ro code  0x000167f2     0x46  io_fgetc.o [7]
    .text            ro code  0x00016838    0x320  dir_read.o [6]
    .text            ro code  0x00016b58      0xc  errno.o [4]
    .text            ro code  0x00016b64    0x170  xquad.o [5]
    .text            ro code  0x00016cd4     0x2e  DblCmpGe.o [5]
    .text            ro code  0x00016d04     0x2e  DblCmpLe.o [5]
    .text            ro code  0x00016d32     0x10  sh_util.o [11]
    .text            ro code  0x00016d42    0x344  mfs_rw.o [6]
    .text            ro code  0x00017086     0x9e  mfs_data_sector.o [6]
    .text            ro code  0x00017124    0x382  mfs_fat.o [6]
    .text            ro code  0x000174a6      0x2  xtls.o [4]
    .text            ro code  0x000174a8     0x80  xdint.o [5]
    .text            ro code  0x00017528     0x20  DblCmpEq.o [5]
    .text            ro code  0x00017548    0x1a8  fmod.o [5]
    .text            ro code  0x000176f0     0x6a  io_read.o [7]
    .text            ro code  0x0001775c     0x62  memcmp.o [8]
    .text            ro code  0x000177c0    0x356  mfs_cluster.o [6]
    .text            ro code  0x00017b18      0xc  iarEdom.o [8]
    .text            ro code  0x00017b24     0x48  Shell_Task.o [1]
    .text            ro code  0x00017b6c    0x22c  shell.o [11]
    .text            ro code  0x00017d98     0x38  io_fflsh.o [7]
    .text            ro code  0x00017dd0     0x2e  io_fgets.o [7]
    .text            ro code  0x00017dfe     0x94  io_fgetl.o [7]
    .text            ro code  0x00017e92     0x2c  io_fung.o [7]
    .text            ro code  0x00017ec0    0x2d0  USB_File.o [1]
    .text            ro code  0x00018190    0x726  usbmfs.o [12]
    .text            ro code  0x000188b8    0x5a6  part_mgr.o [6]
    .text            ro code  0x00018e5e      0xe  io_ferr.o [7]
    .text            ro code  0x00018e6c   0x1222  mfs_init.o [6]
    .text            ro code  0x0001a090     0x7c  io_uinst.o [7]
    .text            ro code  0x0001a10c    0xb54  host_common.o [12]
    .text            ro code  0x0001ac60     0x90  usb_host_msd_ufi.o [12]
    .text            ro code  0x0001acf0     0x10  ti_getp.o [7]
    .text            ro code  0x0001ad00     0x98  lws_wati.o [7]
    .text            ro code  0x0001ad98     0x30  ti_delti.o [7]
    .text            ro code  0x0001adc8     0xa2  mfs_valdev.o [6]
    .text            ro code  0x0001ae6c    0x39c  mfs_open.o [6]
    .text            ro code  0x0001b208    0x4bc  mfs_create.o [6]
    .text            ro code  0x0001b6c4    0x2d0  mfs_read.o [6]
    .text            ro code  0x0001b994    0x430  mfs_write.o [6]
    .text            ro code  0x0001bdc4    0x7f8  mfs_directory.o [6]
    .text            ro code  0x0001c5bc     0xf4  mfs_attribute.o [6]
    .text            ro code  0x0001c6b0     0xe4  mfs_time.o [6]
    .text            ro code  0x0001c794    0x7ce  mfs_lfn.o [6]
    .text            ro code  0x0001cf62    0x102  mfs_delete.o [6]
    .text            ro code  0x0001d064    0x2c0  mfs_rename.o [6]
    .text            ro code  0x0001d324    0x89c  mfs_format.o [6]
    .text            ro code  0x0001dbc0     0x10  qu_util.o [7]
    .text            ro code  0x0001dbd0     0x68  usb_mqx.o [12]
    .text            ro code  0x0001dc38    0x3d2  host_dev_list.o [12]
    .text            ro code  0x0001e00c    0x564  host_main.o [12]
    .text            ro code  0x0001e570    0x660  host_ch9.o [12]
    .text            ro code  0x0001ebd0    0x670  usb_host_msd_bo.o [12]
    .text            ro code  0x0001f240     0x36  lws_wain.o [7]
    .text            ro code  0x0001f276    0x79a  mfs_search.o [6]
    .text            ro code  0x0001fa10     0xf6  mfs_handle.o [6]
    .text            ro code  0x0001fb08    0x7f6  mfs_dir_entry.o [6]
    .text            ro code  0x000202fe     0x20  qu_head.o [7]
    .text            ro code  0x0002031e     0x22  qu_next.o [7]
    .text            ro code  0x00020340    0x57c  mfs_parse.o [6]
    .text            ro code  0x000208bc     0x50  host_close.o [12]
    .text            ro code  0x0002090c     0x5a  usb_mk60.o [3]
    .text            ro code  0x00020966     0xa2  usb_host_msd_queue.o [12]
    .text            ro code  0x00020a08     0x58  host_snd.o [12]
    .text            ro code  0x00020a60     0x58  host_rcv.o [12]
    .text            ro code  0x00020ab8     0x30  pa_sallz.o [7]
    .text            ro code  0x00020ae8     0x1e  qu_unlnk.o [7]
    .text            ro code  0x00020b06     0x1e  strcat.o [4]
    .text            ro code  0x00020b24    0x220  USB_Task.o [1]
    .text            ro code  0x00020d44     0x86  lwe_crea.o [7]
    .text            ro code  0x00020dcc     0x20  int_iunx.o [7]
    .text            ro code  0x00020dec     0x34  lwe_clr.o [7]
    .text            ro code  0x00020e20     0x48  lwe_watt.o [7]
    .text            ro code  0x00020e68     0x10  int_idef.o [7]
    .text            ro code  0x00020e78     0xf0  lwe_waii.o [7]
    .text            ro code  0x00020f68    0x16c  mem_flash.o [1]
    .text            ro code  0x000210d4     0x94  pin2.o [1]
    .text            ro code  0x00021168     0xac  tq_tsusp.o [7]
    .text            ro code  0x00021214     0x98  ta_prio.o [7]
    .text            ro code  0x000212ac     0x68  sc_sprio.o [7]
    .text            ro code  0x00021314      0x4  ta_sync.o [7]
    .text            ro code  0x00021318    0x29c  tcpip_socket_task.o [1]
    .text            ro code  0x000215b4    0x1a0  soselset.o [9]
    .text            ro code  0x00021754     0xbc  sosel0.o [9]
    .text            ro code  0x00021810     0xd4  timer.o [9]
    .text            ro code  0x000218e4    0x3dc  yada_prj.o [1]
    .text            ro code  0x00021cc0    0x3ec  timer_lpt.o [3]
    .text            ro code  0x000220ac     0x7c  timer_lpt_kinetis.o [3]
    .text            ro code  0x00022128     0x22  I64Shl.o [8]
    .text            ro code  0x0002214c   0x12f0  ftpd_cmd.o [9]
    .text            ro code  0x0002343c     0x24  ftpd_cmd.o [9]
    .text            ro code  0x00023460      0x4  strpbrk.o [4]
    .text            ro code  0x00023464     0x18  rtcsmsec.o [9]
    .text            ro code  0x0002347c     0x20  io_ftell.o [7]
    .text            ro code  0x0002349c     0x22  strpbrk.o [4]
    .text            ro code  0x000234be     0x1a  ti_elaps.o [7]
    .text            ro code  0x000234d8     0x40  ti_elapt.o [7]
    .text            ro code  0x00023518    0x3be  ip-e.o [9]
    .text            ro code  0x000238d8    0x82c  arp.o [9]
    .text            ro code  0x00024104     0x94  enopen.o [3]
    .text            ro code  0x00024198     0x82  enclose.o [3]
    .text            ro code  0x0002421c     0xdc  rtcsrand.o [9]
    .text            ro code  0x000242f8    0x496  rtcspcb.o [9]
    .text            ro code  0x0002478e    0x162  ensend.o [3]
    .text            ro code  0x000248f0    0x24c  iputil.o [9]
    .text            ro code  0x00024b3c      0x4  proxyarp.o [9]
    .text            ro code  0x00024b40     0x3c  lws_poll.o [7]
    .text            ro code  0x00024b7c    0x24c  ipradix.o [9]
    .text            ro code  0x00024dc8     0x94  sh_cmdlist.o [11]
    .text            ro code  0x00024e5c    0x1f0  sh_copy.o [11]
    .text            ro code  0x0002504c    0x118  sh_create.o [11]
    .text            ro code  0x00025164    0x11c  sh_del.o [11]
    .text            ro code  0x00025280    0x108  sh_df.o [11]
    .text            ro code  0x00025388    0x154  sh_dir.o [11]
    .text            ro code  0x000254dc    0x1bc  sh_disect.o [11]
    .text            ro code  0x00025698     0x68  sh_exit.o [11]
    .text            ro code  0x00025700    0x17c  sh_format.o [11]
    .text            ro code  0x0002587c    0x108  sh_help.o [11]
    .text            ro code  0x00025984    0x22c  sh_read.o [11]
    .text            ro code  0x00025bb0     0x40  io_fputc.o [7]
    .text            ro code  0x00025bf0    0x188  sh_rename.o [11]
    .text            ro code  0x00025d78    0x12c  sh_rmdir.o [11]
    .text            ro code  0x00025ea4     0xd8  sh_sh.o [11]
    .text            ro code  0x00025f7c    0x130  sh_type.o [11]
    .text            ro code  0x000260ac    0x250  sh_write.o [11]
    .text            ro code  0x000262fc    0xa94  khci.o [12]
    .text            ro code  0x00026d90     0x92  lwmsgq.o [7]
    .text            ro code  0x00026e24    0x138  lwmsgq_recv.o [7]
    .text            ro code  0x00026f5c     0x70  ta_creab.o [7]
    .text            ro code  0x00026fcc    0x128  lwmsgq_send.o [7]
    .text            ro code  0x000270f4    0x560  usb_host_hub_sm.o [12]
    .text            ro code  0x00027654    0x3ae  usb_host_hub.o [12]
    .text            ro code  0x00027a04    0x59c  sstream.o [9]
    .text            ro code  0x00027fa0    0x9f6  ip.o [9]
    .text            ro code  0x00028998    0x76c  iproute.o [9]
    .text            ro code  0x00029104     0x86  checksum.o [9]
    .text            ro code  0x0002918a     0x44  ipsum.o [7]
    .text            ro code  0x000291d0    0x680  icmp.o [9]
    .text            ro code  0x00029850     0x22  route.o [9]
    .text            ro code  0x00029874    0x19e  iplocal.o [9]
    .text            ro code  0x00029a14    0x124  tcpip.o [9]
    .text            ro code  0x00029b38     0x16  ms_open.o [7]
    .text            ro code  0x00029b50     0x10  arpinit.o [9]
    .text            ro code  0x00029b60     0x18  bootinit.o [9]
    .text            ro code  0x00029b78     0x32  ms_recv.o [7]
    .text            ro code  0x00029bac    0x144  ms_openi.o [7]
    .text            ro code  0x00029cf0    0x320  ms_recvi.o [7]
    .text            ro code  0x0002a010     0xe8  int_unx.o [7]
    .text            ro code  0x0002a0f8    0x3c4  tcp_clos.o [9]
    .text            ro code  0x0002a4bc    0x792  tcp_rcv.o [9]
    .text            ro code  0x0002ac4e    0x3a2  ticker.o [9]
    .text            ro code  0x0002aff0   0x16e2  tcp.o [9]
    .text            ro code  0x0002c6d2    0x12c  sosel1.o [9]
    .text            ro code  0x0002c800    0xfa8  tcp_send.o [9]
    .text            ro code  0x0002d7a8    0x412  tcp_buf.o [9]
    .text            ro code  0x0002dbbc     0x18  ti_getr.o [7]
    .text            ro code  0x0002dbd4     0x34  int_isr.o [7]
    .text            ro code  0x0002dc08     0x10  td_serrt.o [7]
    .text            ro code  0x0002dc18    0x464  macnet_init.o [3]
    .text            ro code  0x0002e07c     0x1c  macnet_mk60.o [3]
    .text            ro code  0x0002e098    0x49e  macnet_receive.o [3]
    .text            ro code  0x0002e538    0x1d4  macnet_util.o [3]
    .text            ro code  0x0002e70c    0x11a  enrecv.o [3]
    .text            ro code  0x0002e828     0x64  int_gisr.o [7]
    .text            ro code  0x0002e88c    0x1e2  ta_dest.o [7]
    .text            ro code  0x0002ea70     0x6c  lwm_list.o [7]
    .text            ro code  0x0002eadc      0x2  stack_de.o [7]
    .text            ro code  0x0002eae0     0x40  idletask.o [7]
    .text            ro code  0x0002eb20     0x60  ev_tdel.o [7]
    .text            ro code  0x0002eb80     0x88  macnet_join.o [3]
    .text            ro code  0x0002ec08     0xe8  macnet_mii.o [3]
    .text            ro code  0x0002ecf0     0x4c  macnet_stop.o [3]
    .text            ro code  0x0002ed3c     0x24  ta_exit.o [7]
    .text            ro code  0x0002ed60    0x31c  udp.o [9]
    .text            ro code  0x0002f07c    0x4fc  flash_ftfl.o [3]
    .text            ro code  0x0002f578     0x24  flash_mk60.o [3]
    .text            ro code  0x0002f59c     0xd8  ms_tdel.o [7]
    .text            ro code  0x0002f674     0x98  pa_tdel.o [7]
    .text            ro code  0x0002f70c    0x104  soip.o [9]
    .text            ro code  0x0002f810    0x1ba  ipif_add.o [9]
    .text            ro code  0x0002f9ca    0x178  phy_ks8721bl.o [3]
    .text            ro code  0x0002fb42    0x2ba  macnet_send.o [3]
    .text            ro code  0x0002fdfc     0xa0  packbits_init3.o [8]
  KERNEL             ro code  0x0002fea0    0x218  dispatch.o [7]
  .iar.init_table    const    0x000300b8     0x48  - Linker created -
  .rodata            const    0x00030100      0x8  DSPSPI.o [1]
  .rodata            const    0x00030108     0x1c  DSPSPI.o [1]
  .rodata            const    0x00030124     0x24  DSPSPI.o [1]
  .rodata            const    0x00030148     0x24  DSPSPI.o [1]
  .rodata            const    0x0003016c     0x24  DSPSPI.o [1]
  .rodata            const    0x00030190     0x10  DSPSPI.o [1]
  .rodata            const    0x000301a0     0x1c  DSPSPI.o [1]
  .rodata            const    0x000301bc     0x18  DSPSPI.o [1]
  .rodata            const    0x000301d4     0x1c  DSPSPI.o [1]
  .rodata            const    0x000301f0     0x18  DSPSPI.o [1]
  .rodata            const    0x00030208     0x1c  DisTime.o [1]
  .rodata            const    0x00030224      0xc  DisTime.o [1]
  .rodata            const    0x00030230     0x10  DisTime.o [1]
  .rodata            const    0x00030240     0x34  DisTime.o [1]
  .rodata            const    0x00030274     0x38  DisTime.o [1]
  .rodata            const    0x000302ac      0x8  FTP_Task.o [1]
  .rodata            const    0x000302b4      0x8  FTP_Task.o [1]
  .rodata            const    0x000302bc      0x8  FTP_Task.o [1]
  .rodata            const    0x000302c4      0x4  FTP_Task.o [1]
  .rodata            const    0x000302c8      0x8  FTP_Task.o [1]
  .rodata            const    0x000302d0      0x8  FTP_Task.o [1]
  .rodata            const    0x000302d8      0x8  FTP_Task.o [1]
  .rodata            const    0x000302e0      0x8  FTP_Task.o [1]
  .rodata            const    0x000302e8      0x4  FTP_Task.o [1]
  .rodata            const    0x000302ec      0x8  FTP_Task.o [1]
  .rodata            const    0x000302f4      0x8  FTP_Task.o [1]
  .rodata            const    0x000302fc      0x8  FTP_Task.o [1]
  .rodata            const    0x00030304      0x8  FTP_Task.o [1]
  .rodata            const    0x0003030c      0x8  FTP_Task.o [1]
  .rodata            const    0x00030314      0x8  FTP_Task.o [1]
  .rodata            const    0x0003031c      0x4  FTP_Task.o [1]
  .rodata            const    0x00030320      0x8  FTP_Task.o [1]
  .rodata            const    0x00030328      0x8  FTP_Task.o [1]
  .rodata            const    0x00030330      0x8  FTP_Task.o [1]
  .rodata            const    0x00030338      0x8  FTP_Task.o [1]
  .rodata            const    0x00030340      0x8  FTP_Task.o [1]
  .rodata            const    0x00030348      0x4  FTP_Task.o [1]
  .rodata            const    0x0003034c      0x8  FTP_Task.o [1]
  .rodata            const    0x00030354      0x8  FTP_Task.o [1]
  .rodata            const    0x0003035c      0x8  FTP_Task.o [1]
  .rodata            const    0x00030364      0x8  FTP_Task.o [1]
  .rodata            const    0x0003036c      0x8  FTP_Task.o [1]
  .rodata            const    0x00030374      0x8  FTP_Task.o [1]
  .rodata            const    0x0003037c      0x8  FTP_Task.o [1]
  .rodata            const    0x00030384      0x8  FTP_Task.o [1]
  .rodata            const    0x0003038c      0x8  FTP_Task.o [1]
  .rodata            const    0x00030394     0x24  FTP_Task.o [1]
  .rodata            const    0x000303b8     0x24  FTP_Task.o [1]
  .rodata            const    0x000303dc     0x24  FTP_Task.o [1]
  .rodata            const    0x00030400     0x14  FTP_Task.o [1]
  .rodata            const    0x00030414      0xc  FTP_Task.o [1]
  .rodata            const    0x00030420    0x100  FTP_Task.o [1]
  .rodata            const    0x00030520      0x8  LCDDriver.o [1]
  .rodata            const    0x00030528      0x8  LCDUart.o [1]
  .rodata            const    0x00030530      0xc  LCDUart.o [1]
  .rodata            const    0x0003053c     0x28  LCDUart.o [1]
  .rodata            const    0x00030564     0x24  LCDUart.o [1]
  .rodata            const    0x00030588     0x24  LCDUart.o [1]
  .rodata            const    0x000305ac     0x1c  LCDUart.o [1]
  .rodata            const    0x000305c8     0x10  LCDUart.o [1]
  .rodata            const    0x000305d8     0x1c  LCDUart.o [1]
  .rodata            const    0x000305f4     0x18  LCDUart.o [1]
  .rodata            const    0x0003060c      0xc  MenuView.o [1]
  .rodata            const    0x00030618     0x10  MenuView.o [1]
  .rodata            const    0x00030628     0x10  MenuView.o [1]
  .rodata            const    0x00030638     0x14  MenuView.o [1]
  .rodata            const    0x0003064c     0x14  MenuView.o [1]
  .rodata            const    0x00030660     0x38  MenuView.o [1]
  .rodata            const    0x00030698     0x3c  MenuView.o [1]
  .rodata            const    0x000306d4      0x4  MenuView.o [1]
  .rodata            const    0x000306d8      0x8  MenuView.o [1]
  .rodata            const    0x000306e0     0x24  MenuView.o [1]
  .rodata            const    0x00030704     0x48  MenuView.o [1]
  .rodata            const    0x0003074c      0x8  MenuView.o [1]
  .rodata            const    0x00030754      0x8  MenuView.o [1]
  .rodata            const    0x0003075c      0xc  MenuView.o [1]
  .rodata            const    0x00030768      0x8  MenuView.o [1]
  .rodata            const    0x00030770     0x10  MenuView.o [1]
  .rodata            const    0x00030780      0x8  MenuView.o [1]
  .rodata            const    0x00030788      0x8  MenuView.o [1]
  .rodata            const    0x00030790     0x2c  MenuView.o [1]
  .rodata            const    0x000307bc     0x58  MenuView.o [1]
  .rodata            const    0x00030814     0x10  MenuView.o [1]
  .rodata            const    0x00030824     0x10  MenuView.o [1]
  .rodata            const    0x00030834      0xc  MenuView.o [1]
  .rodata            const    0x00030840      0xc  MenuView.o [1]
  .rodata            const    0x0003084c      0xc  MenuView.o [1]
  .rodata            const    0x00030858     0x14  MenuView.o [1]
  .rodata            const    0x0003086c     0x24  MenuView.o [1]
  .rodata            const    0x00030890     0x70  MenuView.o [1]
  .rodata            const    0x00030900     0x38  MenuView.o [1]
  .rodata            const    0x00030938      0xc  MenuView.o [1]
  .rodata            const    0x00030944      0x8  MenuView.o [1]
  .rodata            const    0x0003094c      0xc  MenuView.o [1]
  .rodata            const    0x00030958      0xc  MenuView.o [1]
  .rodata            const    0x00030964      0x8  MenuView.o [1]
  .rodata            const    0x0003096c     0x20  MenuView.o [1]
  .rodata            const    0x0003098c     0x20  MenuView.o [1]
  .rodata            const    0x000309ac     0x24  MenuView.o [1]
  .rodata            const    0x000309d0      0xc  MenuView.o [1]
  .rodata            const    0x000309dc     0x28  MenuView.o [1]
  .rodata            const    0x00030a04      0xc  MenuView.o [1]
  .rodata            const    0x00030a10      0x8  MenuView.o [1]
  .rodata            const    0x00030a18      0x8  MenuView.o [1]
  .rodata            const    0x00030a20      0x8  MenuView.o [1]
  .rodata            const    0x00030a28     0x10  MenuView.o [1]
  .rodata            const    0x00030a38      0xc  MenuView.o [1]
  .rodata            const    0x00030a44      0x8  MenuView.o [1]
  .rodata            const    0x00030a4c      0x8  MenuView.o [1]
  .rodata            const    0x00030a54      0x8  MenuView.o [1]
  .rodata            const    0x00030a5c      0x8  MenuView.o [1]
  .rodata            const    0x00030a64      0xc  MenuView.o [1]
  .rodata            const    0x00030a70      0x8  MenuView.o [1]
  .rodata            const    0x00030a78      0x4  Shell_Task.o [1]
  .rodata            const    0x00030a7c      0x8  Shell_Task.o [1]
  .rodata            const    0x00030a84      0x8  Shell_Task.o [1]
  .rodata            const    0x00030a8c      0x4  Shell_Task.o [1]
  .rodata            const    0x00030a90      0x8  Shell_Task.o [1]
  .rodata            const    0x00030a98      0x4  Shell_Task.o [1]
  .rodata            const    0x00030a9c      0x4  Shell_Task.o [1]
  .rodata            const    0x00030aa0      0x8  Shell_Task.o [1]
  .rodata            const    0x00030aa8      0x8  Shell_Task.o [1]
  .rodata            const    0x00030ab0      0x8  Shell_Task.o [1]
  .rodata            const    0x00030ab8      0x8  Shell_Task.o [1]
  .rodata            const    0x00030ac0      0x4  Shell_Task.o [1]
  .rodata            const    0x00030ac4      0x8  Shell_Task.o [1]
  .rodata            const    0x00030acc      0x4  Shell_Task.o [1]
  .rodata            const    0x00030ad0      0x8  Shell_Task.o [1]
  .rodata            const    0x00030ad8      0x4  Shell_Task.o [1]
  .rodata            const    0x00030adc      0x8  Shell_Task.o [1]
  .rodata            const    0x00030ae4      0x8  Shell_Task.o [1]
  .rodata            const    0x00030aec      0x8  Shell_Task.o [1]
  .rodata            const    0x00030af4      0x8  Shell_Task.o [1]
  .rodata            const    0x00030afc     0x28  Shell_Task.o [1]
  .rodata            const    0x00030b24     0x24  Shell_Task.o [1]
  .rodata            const    0x00030b48     0x24  Shell_Task.o [1]
  .rodata            const    0x00030b6c     0x20  Shell_Task.o [1]
  .rodata            const    0x00030b8c     0xb0  Shell_Task.o [1]
  .rodata            const    0x00030c3c     0x1c  USB_File.o [1]
  .rodata            const    0x00030c58     0x4c  USB_File.o [1]
  .rodata            const    0x00030ca4     0x34  USB_File.o [1]
  .rodata            const    0x00030cd8     0x24  USB_File.o [1]
  .rodata            const    0x00030cfc     0x20  USB_File.o [1]
  .rodata            const    0x00030d1c     0x20  USB_File.o [1]
  .rodata            const    0x00030d3c     0x24  USB_File.o [1]
  .rodata            const    0x00030d60     0x24  USB_File.o [1]
  .rodata            const    0x00030d84     0x2c  USB_File.o [1]
  .rodata            const    0x00030db0     0x24  USB_File.o [1]
  .rodata            const    0x00030dd4     0x20  USB_File.o [1]
  .rodata            const    0x00030df4     0x1c  USB_File.o [1]
  .rodata            const    0x00030e10     0x18  USB_File.o [1]
  .rodata            const    0x00030e28     0x2c  USB_File.o [1]
  .rodata            const    0x00030e54     0x14  USB_File.o [1]
  .rodata            const    0x00030e68     0x24  USB_File.o [1]
  .rodata            const    0x00030e8c     0x18  USB_File.o [1]
  .rodata            const    0x00030ea4     0x28  USB_File.o [1]
  .rodata            const    0x00030ecc     0x18  USB_File.o [1]
  .rodata            const    0x00030ee4     0x2c  USB_File.o [1]
  .rodata            const    0x00030f10     0x18  USB_File.o [1]
  .rodata            const    0x00030f28     0x30  USB_File.o [1]
  .rodata            const    0x00030f58     0x14  USB_File.o [1]
  .rodata            const    0x00030f6c     0x1c  USB_File.o [1]
  .rodata            const    0x00030f88     0x18  USB_File.o [1]
  .rodata            const    0x00030fa0     0x24  USB_Task.o [1]
  .rodata            const    0x00030fc4     0x24  USB_Task.o [1]
  .rodata            const    0x00030fe8     0x24  USB_Task.o [1]
  .rodata            const    0x0003100c      0x8  USB_Task.o [1]
  .rodata            const    0x00031014      0x8  USB_Task.o [1]
  .rodata            const    0x0003101c      0x8  USB_Task.o [1]
  .rodata            const    0x00031024      0x8  USB_Task.o [1]
  .rodata            const    0x0003102c     0x30  USB_Task.o [1]
  .rodata            const    0x0003105c      0x4  mem_flash.o [1]
  .rodata            const    0x00031060      0x8  mem_flash.o [1]
  .rodata            const    0x00031068     0x14  mem_flash.o [1]
  .rodata            const    0x0003107c      0x8  mem_flash.o [1]
  .rodata            const    0x00031084     0x18  mem_flash.o [1]
  .rodata            const    0x0003109c     0x18  mem_flash.o [1]
  .rodata            const    0x000310b4     0x28  mem_flash.o [1]
  .rodata            const    0x000310dc     0x28  mem_flash.o [1]
  .rodata            const    0x00031104     0x1c  mem_flash.o [1]
  .rodata            const    0x00031120     0x20  mem_flash.o [1]
  .rodata            const    0x00031140     0x30  mem_flash.o [1]
  .rodata            const    0x00031170     0x1c  mem_flash.o [1]
  .rodata            const    0x0003118c      0xc  pin2.o [1]
  .rodata            const    0x00031198      0xc  pin2.o [1]
  .rodata            const    0x000311a4      0x8  pin2.o [1]
  .rodata            const    0x000311ac     0x28  sh_cd.o [1]
  .rodata            const    0x000311d4     0x2c  sh_cd.o [1]
  .rodata            const    0x00031200     0x1c  sh_cd.o [1]
  .rodata            const    0x0003121c     0x20  sh_cd.o [1]
  .rodata            const    0x0003123c     0x14  sh_cd.o [1]
  .rodata            const    0x00031250     0x18  sh_cd.o [1]
  .rodata            const    0x00031268     0x34  sh_cd.o [1]
  .rodata            const    0x0003129c     0x28  tcpip_socket_task.o [1]
  .rodata            const    0x000312c4     0x2c  tcpip_socket_task.o [1]
  .rodata            const    0x000312f0     0x1c  tcpip_socket_task.o [1]
  .rodata            const    0x0003130c     0x28  tcpip_socket_task.o [1]
  .rodata            const    0x00031334     0x20  tcpip_socket_task.o [1]
  .rodata            const    0x00031354     0x14  tcpip_socket_task.o [1]
  .rodata            const    0x00031368      0x8  tcpip_socket_task.o [1]
  .rodata            const    0x00031370     0x24  tcpip_socket_task.o [1]
  .rodata            const    0x00031394     0x10  yada_prj.o [1]
  .rodata            const    0x000313a4      0xc  yada_prj.o [1]
  .rodata            const    0x000313b0      0xc  yada_prj.o [1]
  .rodata            const    0x000313bc     0x10  yada_prj.o [1]
  .rodata            const    0x000313cc      0xc  yada_prj.o [1]
  .rodata            const    0x000313d8      0xc  yada_prj.o [1]
  .rodata            const    0x000313e4     0x10  yada_prj.o [1]
  .rodata            const    0x000313f4      0xc  yada_prj.o [1]
  .rodata            const    0x00031400      0xc  yada_prj.o [1]
  .rodata            const    0x0003140c      0xc  yada_prj.o [1]
  .rodata            const    0x00031418     0x20  yada_prj.o [1]
  .rodata            const    0x00031438     0x24  yada_prj.o [1]
  .rodata            const    0x0003145c     0x24  yada_prj.o [1]
  .rodata            const    0x00031480     0x24  yada_prj.o [1]
  .rodata            const    0x000314a4      0x8  yada_prj.o [1]
  .rodata            const    0x000314ac      0x8  yada_prj.o [1]
  .rodata            const    0x000314b4      0xc  yada_prj.o [1]
  .rodata            const    0x000314c0    0x140  yada_prj.o [1]
  .rodata            const    0x00031600     0x18  krtc.o [3]
  .rodata            const    0x00031618     0x18  krtc.o [3]
  .rodata            const    0x00031630      0x4  ftpd_cmd.o [9]
  .rodata            const    0x00031634     0x10  ftpd_cmd.o [9]
  .rodata            const    0x00031644      0x8  ftpd_cmd.o [9]
  .rodata            const    0x0003164c      0xc  ftpd_cmd.o [9]
  .rodata            const    0x00031658     0x14  ftpd_cmd.o [9]
  .rodata            const    0x0003166c      0x8  ftpd_cmd.o [9]
  .rodata            const    0x00031674     0x20  ftpd_cmd.o [9]
  .rodata            const    0x00031694     0x24  ftpd_cmd.o [9]
  .rodata            const    0x000316b8     0x20  ftpd_cmd.o [9]
  .rodata            const    0x000316d8     0x30  ftpd_cmd.o [9]
  .rodata            const    0x00031708     0x28  ftpd_cmd.o [9]
  .rodata            const    0x00031730     0x24  ftpd_cmd.o [9]
  .rodata            const    0x00031754     0x1c  ftpd_cmd.o [9]
  .rodata            const    0x00031770      0x4  ftpd.o [9]
  .rodata            const    0x00031774      0x8  ftpd.o [9]
  .rodata            const    0x0003177c      0xc  ip-e.o [9]
  .rodata            const    0x00031788      0x4  ip-e.o [9]
  .rodata            const    0x0003178c      0x8  rtcscmd.o [9]
  .rodata            const    0x00031794     0x28  sh_df_driver.o [11]
  .rodata            const    0x000317bc     0x14  sh_df_driver.o [11]
  .rodata            const    0x000317d0     0x18  sh_df_driver.o [11]
  .rodata            const    0x000317e8     0x38  sh_df_driver.o [11]
  .rodata            const    0x00031820     0x20  sh_df_driver.o [11]
  .rodata            const    0x00031840     0x28  sh_mkdir.o [11]
  .rodata            const    0x00031868     0x2c  sh_mkdir.o [11]
  .rodata            const    0x00031894     0x20  sh_mkdir.o [11]
  .rodata            const    0x000318b4     0x20  sh_mkdir.o [11]
  .rodata            const    0x000318d4     0x14  sh_mkdir.o [11]
  .rodata            const    0x000318e8     0x18  sh_mkdir.o [11]
  .rodata            const    0x00031900     0x30  sh_mkdir.o [11]
  .rodata            const    0x00031930     0x28  sh_pwd.o [11]
  .rodata            const    0x00031958     0x20  sh_pwd.o [11]
  .rodata            const    0x00031978      0x8  sh_pwd.o [11]
  .rodata            const    0x00031980      0x8  sh_pwd.o [11]
  .rodata            const    0x00031988      0xc  sh_pwd.o [11]
  .rodata            const    0x00031994     0x28  sh_read_wk.o [11]
  .rodata            const    0x000319bc     0x18  sh_read_wk.o [11]
  .rodata            const    0x000319d4     0x20  sh_read_wk.o [11]
  .rodata            const    0x000319f4      0x8  sh_read_wk.o [11]
  .rodata            const    0x000319fc      0x8  sh_read_wk.o [11]
  .rodata            const    0x00031a04     0x1c  sh_read_wk.o [11]
  .rodata            const    0x00031a20     0x1c  sh_read_wk.o [11]
  .rodata            const    0x00031a3c     0x2c  sh_read_wk.o [11]
  .rodata            const    0x00031a68     0x14  sh_read_wk.o [11]
  .rodata            const    0x00031a7c      0x8  sh_read_wk.o [11]
  .rodata            const    0x00031a84     0x20  sh_read_wk.o [11]
  .rodata            const    0x00031aa4     0x20  sh_read_wk.o [11]
  .rodata            const    0x00031ac4     0x30  sh_read_wk.o [11]
  .rodata            const    0x00031af4     0x38  sh_read_wk.o [11]
  .rodata            const    0x00031b2c     0x28  sh_read_wk.o [11]
  .rodata            const    0x00031b54     0x2c  sh_read_wk.o [11]
  .rodata            const    0x00031b80     0x34  sh_read_wk.o [11]
  .rodata            const    0x00031bb4     0x20  sh_read_wk.o [11]
  .rodata            const    0x00031bd4     0x28  sh_search_file_1.o [11]
  .rodata            const    0x00031bfc     0x20  sh_search_file_1.o [11]
  .rodata            const    0x00031c1c     0x14  sh_search_file_1.o [11]
  .rodata            const    0x00031c30     0x14  sh_search_file_1.o [11]
  .rodata            const    0x00031c44     0x20  sh_search_file_1.o [11]
  .rodata            const    0x00031c64     0x24  sh_search_file_1.o [11]
  .rodata            const    0x00031c88     0x24  sh_search_file_1.o [11]
  .rodata            const    0x00031cac     0x14  sh_search_file_1.o [11]
  .rodata            const    0x00031cc0     0x24  sh_search_file_1.o [11]
  .rodata            const    0x00031ce4     0x30  sh_search_file_1.o [11]
  .rodata            const    0x00031d14      0x8  sh_search_file_1.o [11]
  .rodata            const    0x00031d1c      0x8  sh_update.o [11]
  .rodata            const    0x00031d24     0x24  sh_update.o [11]
  .rodata            const    0x00031d48     0x28  sh_update.o [11]
  .rodata            const    0x00031d70     0x28  sh_update.o [11]
  .rodata            const    0x00031d98     0x1c  sh_update.o [11]
  .rodata            const    0x00031db4     0x28  sh_write_binary.o [11]
  .rodata            const    0x00031ddc     0x20  sh_write_binary.o [11]
  .rodata            const    0x00031dfc      0x8  sh_write_binary.o [11]
  .rodata            const    0x00031e04      0x8  sh_write_binary.o [11]
  .rodata            const    0x00031e0c     0x1c  sh_write_binary.o [11]
  .rodata            const    0x00031e28     0x1c  sh_write_binary.o [11]
  .rodata            const    0x00031e44     0x2c  sh_write_binary.o [11]
  .rodata            const    0x00031e70     0x20  sh_write_binary.o [11]
  .rodata            const    0x00031e90     0x20  sh_write_binary.o [11]
  .rodata            const    0x00031eb0     0x38  sh_write_binary.o [11]
  .rodata            const    0x00031ee8     0x3c  sh_write_binary.o [11]
  .rodata            const    0x00031f24     0x28  sh_write_binary.o [11]
  .rodata            const    0x00031f4c     0x2c  sh_write_binary.o [11]
  .rodata            const    0x00031f78     0x34  sh_write_binary.o [11]
  .rodata            const    0x00031fac     0x20  sh_write_binary.o [11]
  .rodata            const    0x00031fcc     0x1c  sh_write_binary.o [11]
  .rodata            const    0x00031fe8     0x10  mfs_misc.o [6]
  .rodata            const    0x00031ff8     0x1c  mfs_misc.o [6]
  .rodata            const    0x00032014     0x14  mfs_misc.o [6]
  .rodata            const    0x00032028     0x14  mfs_misc.o [6]
  .rodata            const    0x0003203c     0x14  mfs_misc.o [6]
  .rodata            const    0x00032050     0x14  mfs_misc.o [6]
  .rodata            const    0x00032064     0x18  mfs_misc.o [6]
  .rodata            const    0x0003207c     0x24  mfs_misc.o [6]
  .rodata            const    0x000320a0     0x24  mfs_misc.o [6]
  .rodata            const    0x000320c4     0x1c  mfs_misc.o [6]
  .rodata            const    0x000320e0     0x14  mfs_misc.o [6]
  .rodata            const    0x000320f4     0x28  mfs_misc.o [6]
  .rodata            const    0x0003211c     0x14  mfs_misc.o [6]
  .rodata            const    0x00032130     0x18  mfs_misc.o [6]
  .rodata            const    0x00032148     0x10  mfs_misc.o [6]
  .rodata            const    0x00032158     0x10  mfs_misc.o [6]
  .rodata            const    0x00032168     0x18  mfs_misc.o [6]
  .rodata            const    0x00032180     0x10  mfs_misc.o [6]
  .rodata            const    0x00032190     0x18  mfs_misc.o [6]
  .rodata            const    0x000321a8     0x18  mfs_misc.o [6]
  .rodata            const    0x000321c0     0x10  mfs_misc.o [6]
  .rodata            const    0x000321d0     0x14  mfs_misc.o [6]
  .rodata            const    0x000321e4      0x8  mfs_misc.o [6]
  .rodata            const    0x000321ec     0x1c  mfs_misc.o [6]
  .rodata            const    0x00032208     0x14  mfs_misc.o [6]
  .rodata            const    0x0003221c     0x1c  mfs_misc.o [6]
  .rodata            const    0x00032238     0x1c  mfs_misc.o [6]
  .rodata            const    0x00032254     0x18  mfs_misc.o [6]
  .rodata            const    0x0003226c     0x20  mfs_misc.o [6]
  .rodata            const    0x0003228c     0x10  mfs_misc.o [6]
  .rodata            const    0x0003229c     0x14  mfs_misc.o [6]
  .rodata            const    0x000322b0     0x1c  mfs_misc.o [6]
  .rodata            const    0x000322cc     0x1c  mfs_misc.o [6]
  .rodata            const    0x000322e8     0x14  mfs_misc.o [6]
  .rodata            const    0x000322fc     0x18  mfs_misc.o [6]
  .rodata            const    0x00032314     0x14  mfs_misc.o [6]
  .rodata            const    0x00032328     0x14  mfs_misc.o [6]
  .rodata            const    0x0003233c     0x14  shell.o [11]
  .rodata            const    0x00032350      0xc  shell.o [11]
  .rodata            const    0x0003235c     0x30  shell.o [11]
  .rodata            const    0x0003238c      0xc  shell.o [11]
  .rodata            const    0x00032398      0x8  shell.o [11]
  .rodata            const    0x000323a0     0x38  shell.o [11]
  .rodata            const    0x000323d8     0x14  shell.o [11]
  .rodata            const    0x000323ec      0x8  sh_cmdlist.o [11]
  .rodata            const    0x000323f4      0xc  sh_cmdlist.o [11]
  .rodata            const    0x00032400     0x28  sh_copy.o [11]
  .rodata            const    0x00032428     0x20  sh_copy.o [11]
  .rodata            const    0x00032448     0x2c  sh_copy.o [11]
  .rodata            const    0x00032474     0x24  sh_copy.o [11]
  .rodata            const    0x00032498     0x2c  sh_copy.o [11]
  .rodata            const    0x000324c4     0x40  sh_copy.o [11]
  .rodata            const    0x00032504     0x18  sh_copy.o [11]
  .rodata            const    0x0003251c     0x1c  sh_copy.o [11]
  .rodata            const    0x00032538     0x24  sh_copy.o [11]
  .rodata            const    0x0003255c     0x20  sh_copy.o [11]
  .rodata            const    0x0003257c     0x28  sh_create.o [11]
  .rodata            const    0x000325a4     0x20  sh_create.o [11]
  .rodata            const    0x000325c4     0x2c  sh_create.o [11]
  .rodata            const    0x000325f0     0x20  sh_create.o [11]
  .rodata            const    0x00032610     0x1c  sh_create.o [11]
  .rodata            const    0x0003262c     0x20  sh_create.o [11]
  .rodata            const    0x0003264c     0x28  sh_create.o [11]
  .rodata            const    0x00032674     0x20  sh_create.o [11]
  .rodata            const    0x00032694     0x28  sh_del.o [11]
  .rodata            const    0x000326bc     0x20  sh_del.o [11]
  .rodata            const    0x000326dc     0x2c  sh_del.o [11]
  .rodata            const    0x00032708     0x18  sh_del.o [11]
  .rodata            const    0x00032720      0xc  sh_del.o [11]
  .rodata            const    0x0003272c     0x14  sh_del.o [11]
  .rodata            const    0x00032740     0x24  sh_del.o [11]
  .rodata            const    0x00032764     0x28  sh_df.o [11]
  .rodata            const    0x0003278c     0x14  sh_df.o [11]
  .rodata            const    0x000327a0     0x18  sh_df.o [11]
  .rodata            const    0x000327b8     0x38  sh_df.o [11]
  .rodata            const    0x000327f0     0x20  sh_df.o [11]
  .rodata            const    0x00032810     0x18  sh_df.o [11]
  .rodata            const    0x00032828     0x20  sh_df.o [11]
  .rodata            const    0x00032848      0x8  sh_df.o [11]
  .rodata            const    0x00032850     0x28  sh_dir.o [11]
  .rodata            const    0x00032878     0x20  sh_dir.o [11]
  .rodata            const    0x00032898     0x14  sh_dir.o [11]
  .rodata            const    0x000328ac     0x24  sh_dir.o [11]
  .rodata            const    0x000328d0     0x24  sh_dir.o [11]
  .rodata            const    0x000328f4     0x1c  sh_dir.o [11]
  .rodata            const    0x00032910     0x24  sh_dir.o [11]
  .rodata            const    0x00032934     0x24  sh_dir.o [11]
  .rodata            const    0x00032958     0x30  sh_dir.o [11]
  .rodata            const    0x00032988     0x28  sh_disect.o [11]
  .rodata            const    0x000329b0     0x18  sh_disect.o [11]
  .rodata            const    0x000329c8     0x20  sh_disect.o [11]
  .rodata            const    0x000329e8     0x28  sh_disect.o [11]
  .rodata            const    0x00032a10     0x24  sh_disect.o [11]
  .rodata            const    0x00032a34     0x10  sh_disect.o [11]
  .rodata            const    0x00032a44      0x8  sh_disect.o [11]
  .rodata            const    0x00032a4c     0x18  sh_disect.o [11]
  .rodata            const    0x00032a64     0x20  sh_disect.o [11]
  .rodata            const    0x00032a84     0x24  sh_disect.o [11]
  .rodata            const    0x00032aa8     0x24  sh_disect.o [11]
  .rodata            const    0x00032acc      0xc  sh_exit.o [11]
  .rodata            const    0x00032ad8      0x8  sh_format.o [11]
  .rodata            const    0x00032ae0      0x4  sh_format.o [11]
  .rodata            const    0x00032ae4      0x4  sh_format.o [11]
  .rodata            const    0x00032ae8      0x4  sh_format.o [11]
  .rodata            const    0x00032aec      0x4  sh_format.o [11]
  .rodata            const    0x00032af0     0x28  sh_format.o [11]
  .rodata            const    0x00032b18     0x24  sh_format.o [11]
  .rodata            const    0x00032b3c     0x10  sh_format.o [11]
  .rodata            const    0x00032b4c     0x20  sh_format.o [11]
  .rodata            const    0x00032b6c     0x2c  sh_format.o [11]
  .rodata            const    0x00032b98      0x8  sh_format.o [11]
  .rodata            const    0x00032ba0     0x20  sh_format.o [11]
  .rodata            const    0x00032bc0     0x28  sh_format.o [11]
  .rodata            const    0x00032be8     0x40  sh_format.o [11]
  .rodata            const    0x00032c28     0x34  sh_format.o [11]
  .rodata            const    0x00032c5c     0x14  sh_format.o [11]
  .rodata            const    0x00032c70      0x8  sh_help.o [11]
  .rodata            const    0x00032c78      0x8  sh_help.o [11]
  .rodata            const    0x00032c80     0x18  sh_help.o [11]
  .rodata            const    0x00032c98      0x8  sh_help.o [11]
  .rodata            const    0x00032ca0     0x28  sh_help.o [11]
  .rodata            const    0x00032cc8     0x10  sh_help.o [11]
  .rodata            const    0x00032cd8     0x18  sh_help.o [11]
  .rodata            const    0x00032cf0     0x28  sh_help.o [11]
  .rodata            const    0x00032d18     0x28  sh_read.o [11]
  .rodata            const    0x00032d40     0x18  sh_read.o [11]
  .rodata            const    0x00032d58     0x20  sh_read.o [11]
  .rodata            const    0x00032d78      0x8  sh_read.o [11]
  .rodata            const    0x00032d80      0x8  sh_read.o [11]
  .rodata            const    0x00032d88     0x1c  sh_read.o [11]
  .rodata            const    0x00032da4     0x1c  sh_read.o [11]
  .rodata            const    0x00032dc0     0x2c  sh_read.o [11]
  .rodata            const    0x00032dec     0x14  sh_read.o [11]
  .rodata            const    0x00032e00      0x8  sh_read.o [11]
  .rodata            const    0x00032e08     0x20  sh_read.o [11]
  .rodata            const    0x00032e28     0x20  sh_read.o [11]
  .rodata            const    0x00032e48     0x30  sh_read.o [11]
  .rodata            const    0x00032e78     0x38  sh_read.o [11]
  .rodata            const    0x00032eb0     0x28  sh_read.o [11]
  .rodata            const    0x00032ed8     0x2c  sh_read.o [11]
  .rodata            const    0x00032f04     0x34  sh_read.o [11]
  .rodata            const    0x00032f38     0x20  sh_read.o [11]
  .rodata            const    0x00032f58     0x28  sh_rename.o [11]
  .rodata            const    0x00032f80     0x2c  sh_rename.o [11]
  .rodata            const    0x00032fac     0x34  sh_rename.o [11]
  .rodata            const    0x00032fe0     0x20  sh_rename.o [11]
  .rodata            const    0x00033000     0x18  sh_rename.o [11]
  .rodata            const    0x00033018     0x1c  sh_rename.o [11]
  .rodata            const    0x00033034     0x20  sh_rename.o [11]
  .rodata            const    0x00033054     0x28  sh_rename.o [11]
  .rodata            const    0x0003307c     0x24  sh_rename.o [11]
  .rodata            const    0x000330a0     0x28  sh_rmdir.o [11]
  .rodata            const    0x000330c8     0x2c  sh_rmdir.o [11]
  .rodata            const    0x000330f4     0x20  sh_rmdir.o [11]
  .rodata            const    0x00033114     0x20  sh_rmdir.o [11]
  .rodata            const    0x00033134     0x14  sh_rmdir.o [11]
  .rodata            const    0x00033148     0x14  sh_rmdir.o [11]
  .rodata            const    0x0003315c     0x18  sh_rmdir.o [11]
  .rodata            const    0x00033174     0x30  sh_rmdir.o [11]
  .rodata            const    0x000331a4     0x28  sh_sh.o [11]
  .rodata            const    0x000331cc     0x20  sh_sh.o [11]
  .rodata            const    0x000331ec     0x10  sh_sh.o [11]
  .rodata            const    0x000331fc     0x18  sh_sh.o [11]
  .rodata            const    0x00033214     0x28  sh_sh.o [11]
  .rodata            const    0x0003323c     0x20  sh_type.o [11]
  .rodata            const    0x0003325c     0x2c  sh_type.o [11]
  .rodata            const    0x00033288     0x20  sh_type.o [11]
  .rodata            const    0x000332a8     0x38  sh_type.o [11]
  .rodata            const    0x000332e0     0x10  sh_type.o [11]
  .rodata            const    0x000332f0     0x18  sh_type.o [11]
  .rodata            const    0x00033308     0x28  sh_type.o [11]
  .rodata            const    0x00033330     0x28  sh_write.o [11]
  .rodata            const    0x00033358     0x20  sh_write.o [11]
  .rodata            const    0x00033378     0x18  sh_write.o [11]
  .rodata            const    0x00033390      0x8  sh_write.o [11]
  .rodata            const    0x00033398      0x8  sh_write.o [11]
  .rodata            const    0x000333a0     0x1c  sh_write.o [11]
  .rodata            const    0x000333bc     0x1c  sh_write.o [11]
  .rodata            const    0x000333d8     0x2c  sh_write.o [11]
  .rodata            const    0x00033404     0x20  sh_write.o [11]
  .rodata            const    0x00033424     0x20  sh_write.o [11]
  .rodata            const    0x00033444     0x30  sh_write.o [11]
  .rodata            const    0x00033474     0x38  sh_write.o [11]
  .rodata            const    0x000334ac     0x28  sh_write.o [11]
  .rodata            const    0x000334d4     0x2c  sh_write.o [11]
  .rodata            const    0x00033500     0x34  sh_write.o [11]
  .rodata            const    0x00033534     0x20  sh_write.o [11]
  .rodata            const    0x00033554     0x20  usbmfs.o [12]
  .rodata            const    0x00033574      0xc  khci.o [12]
  .rodata            const    0x00033580     0x38  khci.o [12]
  .rodata            const    0x000335b8     0x50  host_common.o [12]
  .rodata            const    0x00033608     0x50  usb_mqx.o [12]
  .rodata            const    0x00033658     0x50  host_main.o [12]
  .rodata            const    0x000336a8      0x8  sh_util.o [11]
  .rodata            const    0x000336b0      0x8  sh_util.o [11]
  .rodata            const    0x000336b8     0x3c  sstream.o [9]
  .rodata            const    0x000336f4     0x58  usb_host_hub.o [12]
  .rodata            const    0x0003374c     0x5c  usb_host_msd_bo.o [12]
  .rodata            const    0x000337a8     0x10  timer_lpt.o [3]
  .rodata            const    0x000337b8      0xc  timer_lpt.o [3]
  .rodata            const    0x000337c4     0x18  mqx.o [7]
  .rodata            const    0x000337dc      0xc  mqx.o [7]
  .rodata            const    0x000337e8      0x4  mqx.o [7]
  .rodata            const    0x000337ec      0x4  mqx.o [7]
  .rodata            const    0x000337f0     0x14  io_dopr.o [7]
  .rodata            const    0x00033804     0x14  io_dopr.o [7]
  .rodata            const    0x00033818     0x1c  ti_rom.o [7]
  .rodata            const    0x00033834     0x68  ti_rom.o [7]
  .rodata            const    0x0003389c    0x20c  ti_rom.o [7]
  .rodata            const    0x00033aa8      0x8  init_enet.o [3]
  .rodata            const    0x00033ab0     0x10  init_enet.o [3]
  .rodata            const    0x00033ac0     0x24  init_enet.o [3]
  .rodata            const    0x00033ae4      0x8  init_enet.o [3]
  .rodata            const    0x00033aec      0x8  sotcp.o [9]
  .rodata            const    0x00033af4      0x4  dir_read.o [6]
  .rodata            const    0x00033af8      0x4  dir_read.o [6]
  .rodata            const    0x00033afc      0x4  dir_read.o [6]
  .rodata            const    0x00033b00      0x4  dir_read.o [6]
  .rodata            const    0x00033b04      0x4  dir_read.o [6]
  .rodata            const    0x00033b08      0x4  dir_read.o [6]
  .rodata            const    0x00033b0c      0x4  dir_read.o [6]
  .rodata            const    0x00033b10      0x4  dir_read.o [6]
  .rodata            const    0x00033b14      0x4  dir_read.o [6]
  .rodata            const    0x00033b18      0x4  dir_read.o [6]
  .rodata            const    0x00033b1c      0x4  dir_read.o [6]
  .rodata            const    0x00033b20      0x4  dir_read.o [6]
  .rodata            const    0x00033b24     0x40  dir_read.o [6]
  .rodata            const    0x00033b64     0x14  dir_read.o [6]
  .rodata            const    0x00033b78     0x10  dir_read.o [6]
  .rodata            const    0x00033b88      0xc  dir_read.o [6]
  .rodata            const    0x00033b94      0xc  dir_read.o [6]
  .rodata            const    0x00033ba0      0x8  dir_read.o [6]
  .rodata            const    0x00033ba8      0x8  dir_read.o [6]
  .rodata            const    0x00033bb0     0x30  dir_read.o [6]
  .rodata            const    0x00033be0     0x18  ftpd_msg.o [9]
  .rodata            const    0x00033bf8     0x1c  ftpd_msg.o [9]
  .rodata            const    0x00033c14     0x34  ftpd_msg.o [9]
  .rodata            const    0x00033c48     0x30  ftpd_msg.o [9]
  .rodata            const    0x00033c78     0x10  ftpd_msg.o [9]
  .rodata            const    0x00033c88     0x14  ftpd_msg.o [9]
  .rodata            const    0x00033c9c     0x14  ftpd_msg.o [9]
  .rodata            const    0x00033cb0     0x18  ftpd_msg.o [9]
  .rodata            const    0x00033cc8     0x18  ftpd_msg.o [9]
  .rodata            const    0x00033ce0     0x20  ftpd_msg.o [9]
  .rodata            const    0x00033d00     0x18  ftpd_msg.o [9]
  .rodata            const    0x00033d18     0x10  ftpd_msg.o [9]
  .rodata            const    0x00033d28     0x3c  ftpd_msg.o [9]
  .rodata            const    0x00033d64     0x38  ftpd_msg.o [9]
  .rodata            const    0x00033d9c     0x30  ftpd_msg.o [9]
  .rodata            const    0x00033dcc     0x1c  ftpd_msg.o [9]
  .rodata            const    0x00033de8      0xc  ftpd_msg.o [9]
  .rodata            const    0x00033df4     0x30  ftpd_msg.o [9]
  .rodata            const    0x00033e24     0x30  ftpd_msg.o [9]
  .rodata            const    0x00033e54     0x20  ftpd_msg.o [9]
  .rodata            const    0x00033e74     0x20  ftpd_msg.o [9]
  .rodata            const    0x00033e94     0x1c  ftpd_msg.o [9]
  .rodata            const    0x00033eb0      0xc  ftpd_msg.o [9]
  .rodata            const    0x00033ebc     0x14  ftpd_msg.o [9]
  .rodata            const    0x00033ed0     0x14  ftpd_msg.o [9]
  .rodata            const    0x00033ee4     0x14  ftpd_msg.o [9]
  .rodata            const    0x00033ef8     0x34  ftpd_msg.o [9]
  .rodata            const    0x00033f2c     0x20  ftpd_msg.o [9]
  .rodata            const    0x00033f4c     0x1c  ftpd_msg.o [9]
  .rodata            const    0x00033f68     0x20  ftpd_msg.o [9]
  .rodata            const    0x00033f88     0x38  ftpd_msg.o [9]
  .rodata            const    0x00033fc0      0x8  soip.o [9]
  .rodata            const    0x00033fc8     0x14  mfs_create.o [6]
  .rodata            const    0x00033fdc     0x14  mfs_create.o [6]
  .rodata            const    0x00033ff0     0x14  mfs_format.o [6]
  .rodata            const    0x00034004     0x14  mfs_format.o [6]
  .rodata            const    0x00034018     0x14  mfs_format.o [6]
  .rodata            const    0x0003402c     0x30  mfs_format.o [6]
  .rodata            const    0x0003405c      0x8  mfs_lfn.o [6]
  .rodata            const    0x00034064      0xc  mfs_lfn.o [6]
  .rodata            const    0x00034070     0x54  host_dev_list.o [12]
  .rodata            const    0x000340c4     0x24  host_dev_list.o [12]
  .rodata            const    0x000340e8     0x20  int_unx.o [7]
  .rodata            const    0x00034108     0x30  int_unx.o [7]
  .rodata            const    0x00034138     0x3c  int_unx.o [7]
  .rodata            const    0x00034174     0x14  int_unx.o [7]
  .rodata            const    0x00034188     0x28  int_unx.o [7]
  .rodata            const    0x000341b0     0x50  host_ch9.o [12]
  .rodata            const    0x00034200      0x8  host_ch9.o [12]
  .rodata            const    0x00034208     0x50  host_rcv.o [12]
  .rodata            const    0x00034258     0x50  host_snd.o [12]
  .rodata            const    0x000342a8      0x4  timer_lpt_kinetis.o [3]
  .rodata            const    0x000342ac      0x4  timer_lpt_kinetis.o [3]
  .rodata            const    0x000342b0      0x4  timer_lpt_kinetis.o [3]
  .rodata            const    0x000342b4      0x8  init_bsp.o [3]
  .rodata            const    0x000342bc      0x8  init_bsp.o [3]
  .rodata            const    0x000342c4      0x8  init_bsp.o [3]
  .rodata            const    0x000342cc      0x8  init_bsp.o [3]
  .rodata            const    0x000342d4      0x8  init_bsp.o [3]
  .rodata            const    0x000342dc      0x8  init_bsp.o [3]
  .rodata            const    0x000342e4      0x8  init_bsp.o [3]
  .rodata            const    0x000342ec      0x8  init_bsp.o [3]
  .rodata            const    0x000342f4      0x8  init_bsp.o [3]
  .rodata            const    0x000342fc      0x8  init_bsp.o [3]
  .rodata            const    0x00034304      0x8  init_bsp.o [3]
  .rodata            const    0x0003430c      0x8  init_bsp.o [3]
  .rodata            const    0x00034314      0x8  init_bsp.o [3]
  .rodata            const    0x0003431c      0x8  init_bsp.o [3]
  .rodata            const    0x00034324      0x8  init_bsp.o [3]
  .rodata            const    0x0003432c      0x8  init_bsp.o [3]
  .rodata            const    0x00034334      0x8  init_bsp.o [3]
  .rodata            const    0x0003433c      0x8  init_bsp.o [3]
  .rodata            const    0x00034344      0x8  init_bsp.o [3]
  .rodata            const    0x0003434c      0x8  init_bsp.o [3]
  .rodata            const    0x00034354      0x8  init_bsp.o [3]
  .rodata            const    0x0003435c      0x8  init_bsp.o [3]
  .rodata            const    0x00034364      0x8  init_bsp.o [3]
  .rodata            const    0x0003436c      0x8  init_bsp.o [3]
  .rodata            const    0x00034374     0x10  mqxiinit.o [7]
  .rodata            const    0x00034384     0x20  macnet_init.o [3]
  .rodata            const    0x000343a4     0x14  phy_ks8721bl.o [3]
  .rodata            const    0x000343b8      0xc  iplocal.o [9]
  .rodata            const    0x000343c4      0x4  iplocal.o [9]
  .rodata            const    0x000343c8      0xc  rtcsinit.o [9]
  .rodata            const    0x000343d4     0x1c  init_gpio.o [3]
  .rodata            const    0x000343f0     0x1c  init_gpio.o [3]
  .rodata            const    0x0003440c      0x4  init_gpio.o [3]
  .rodata            const    0x00034410     0x50  host_close.o [12]
  .rodata            const    0x00034460     0x1c  bsp_cm.o [3]
  .rodata            const    0x0003447c     0x78  bsp_cm.o [3]
  .rodata            const    0x000344f4     0x10  init_adc.o [3]
  .rodata            const    0x00034504     0x18  init_adc.o [3]
  .rodata            const    0x0003451c     0x30  init_spi.o [3]
  .rodata            const    0x0003454c     0x30  init_spi.o [3]
  .rodata            const    0x0003457c     0x30  init_spi.o [3]
  .rodata            const    0x000345ac      0xc  init_esdhc.o [3]
  .rodata            const    0x000345b8      0x8  init_flashx.o [3]
  .rodata            const    0x000345c0      0x8  init_flashx.o [3]
  .rodata            const    0x000345c8     0x30  init_flashx.o [3]
  .rodata            const    0x000345f8     0x20  init_flashx.o [3]
  .rodata            const    0x00034618     0x14  init_i2c.o [3]
  .rodata            const    0x0003462c     0x20  init_sci.o [3]
  .rodata            const    0x0003464c     0x20  init_sci.o [3]
  .rodata            const    0x0003466c     0x20  init_sci.o [3]
  .rodata            const    0x0003468c     0x20  init_sci.o [3]
  .rodata            const    0x000346ac     0x20  init_sci.o [3]
  .rodata            const    0x000346cc     0x20  init_sci.o [3]
  .rodata            const    0x000346ec     0x1c  spi_dma_dspi.o [3]
  .rodata            const    0x00034708     0x40  spi_dma_dspi.o [3]
  .rodata            const    0x00034748     0x10  spi_pol_dspi.o [3]
  .rodata            const    0x00034758     0x40  spi_pol_dspi.o [3]
[...]
_usb_host_register_ch9_callback
                        0x0001e853    0x36  Code  Gb  host_ch9.o [12]
_usb_host_register_service
                        0x0001e2b7    0x76  Code  Gb  host_main.o [12]
_usb_host_send_call_interface
                        0x0001e02b    0x20  Code  Gb  host_main.o [12]
_usb_host_send_data     0x00020a09    0x52  Code  Gb  host_snd.o [12]
_usb_host_send_setup    0x0001e4fd    0x6a  Code  Gb  host_main.o [12]
_usb_host_send_setup_call_interface
                        0x0001e04b    0x20  Code  Gb  host_main.o [12]
_usb_host_set_up_TR     0x0001e4a1    0x5c  Code  Gb  host_main.o [12]
_usb_host_update_device_address_call_interface
                        0x0001e10d    0x20  Code  Gb  host_main.o [12]
_usb_host_update_max_packet_size_call_interface
                        0x0001e0ed    0x20  Code  Gb  host_main.o [12]
_usb_hostdev_cntrl_request
                        0x0001eb31    0x92  Code  Gb  host_ch9.o [12]
_usb_hostdev_free_buffer
                        0x0001a1f7    0x6c  Code  Gb  host_common.o [12]
_usb_hostdev_get_buffer
                        0x0001a17d     0xc  Code  Gb  host_common.o [12]
_usb_hostdev_get_buffer_aligned
                        0x0001a189    0x6e  Code  Gb  host_common.o [12]
_usb_hostdev_get_descriptor
                        0x0001a2cf   0x1ca  Code  Gb  host_common.o [12]
_usb_hostdev_select_interface
                        0x0001aa3f   0x1dc  Code  Gb  host_common.o [12]
_usb_khci_add_int_tr    0x00026369    0x6c  Code  Lc  khci.o [12]
_usb_khci_atom_tr       0x00026a4d   0x304  Code  Lc  khci.o [12]
_usb_khci_attach        0x000264d1    0x7c  Code  Lc  khci.o [12]
_usb_khci_bus_control   0x000269bd     0x4  Code  Lc  khci.o [12]
_usb_khci_cancel        0x0002699d    0x20  Code  Lc  khci.o [12]
_usb_khci_detach        0x00026591    0x2e  Code  Lc  khci.o [12]
_usb_khci_get_frame_number
                        0x000269c1    0x10  Code  Lc  khci.o [12]
_usb_khci_get_hot_int_tr
                        0x0002640b    0xc6  Code  Lc  khci.o [12]
_usb_khci_host_close_pipe
                        0x00026d6d    0x24  Code  Lc  khci.o [12]
_usb_khci_init          0x0002688d    0xa6  Code  Lc  khci.o [12]
_usb_khci_init_int_tr   0x00026353    0x16  Code  Lc  khci.o [12]
_usb_khci_isr           0x000262fd    0x56  Code  Lc  khci.o [12]
_usb_khci_process_tr_complete
                        0x000269d1    0x7c  Code  Lc  khci.o [12]
_usb_khci_recv          0x0002697b    0x22  Code  Lc  khci.o [12]
_usb_khci_reset         0x0002654d    0x44  Code  Lc  khci.o [12]
_usb_khci_rm_int_tr     0x000263d5    0x36  Code  Lc  khci.o [12]
_usb_khci_send          0x00026937    0x22  Code  Lc  khci.o [12]
_usb_khci_send_setup    0x00026959    0x22  Code  Lc  khci.o [12]
_usb_khci_shutdown      0x00026933     0x4  Code  Lc  khci.o [12]
_usb_khci_task          0x000265bf   0x272  Code  Lc  khci.o [12]
_usb_khci_task_create   0x00026831    0x5c  Code  Lc  khci.o [12]
abs                     0x0000dbe3     0x8  Code  Gb  abs.o [4]
adc_address             0x00034af0     0x8  Data  Lc  adc_mk60.o [3]
adc_bundle              0x1fff5f54     0x4  Data  Gb  adc_kadc.o [3]
adc_calibrate           0x0000a47b    0xaa  Code  Lc  adc_kadc.o [3]
adc_complete_isr        0x0000a45d    0x1e  Code  Lc  adc_kadc.o [3]
adc_get_calibration_data
                        0x0000a525    0x64  Code  Lc  adc_kadc.o [3]
adc_internal            0x1fff5f40    0x14  Data  Lc  adc_kadc.o [3]
adc_process_all_data    0x0000a409    0x32  Code  Gb  adc_kadc.o [3]
adc_process_data        0x0000a36b    0x9e  Code  Lc  adc_kadc.o [3]
adc_set_calibration_data
                        0x0000a589    0x64  Code  Lc  adc_kadc.o [3]
adt_idelay_isr          0x0000b07d    0x36  Code  Lc  adt_kpdb.o [3]
adt_period_prescaler    0x0000a8e9   0x1e0  Code  Lc  adt_kpdb.o [3]
alarm_time              0x1fff5e90     0x4  Data  Lc  krtc.o [3]
bdt                     0x1fff0200   0x200  Data  Lc  khci.o [12]
class_interface_map     0x1fff0108    0x24  Data  Gb  usb_classes.o [1]
cos                     0x00014f77     0x6  Code  Gb  cos.o [5]
count                   0x1fff5fb0     0x1  Data  Lc  DSPSPI.o [1]
delay_ms                0x00014a49    0x16  Code  Gb  System.o [1]
delay_us                0x00014a61    0x1a  Code  Gb  System.o [1]
device                  0x1fff5e70    0x20  Data  Gb  USB_Task.o [1]
dspi_address            0x00034a50     0xc  Data  Lc  spi_mk60_dspi.o [3]
dspi_vectors            0x00034a5c     0xc  Data  Lc  spi_mk60_dspi.o [3]
evntyear_old            0x1fff5fa8     0x2  Data  Gb  MenuView.o [1]
exit                    0x000004d5     0x4  Code  Gb  exit.o [4]
first_irq               0x1fff5f3c     0x4  Data  Gb  io_gpio.o [3]
flexnvm_flash_ioctl     0x0002f4df    0x96  Code  Gb  flash_ftfl.o [3]
flexnvm_prog_part       0x0002f477    0x40  Code  Gb  flash_ftfl.o [3]
flexnvm_read_resource   0x0002f433    0x44  Code  Gb  flash_ftfl.o [3]
flexnvm_set_flexram     0x0002f4b7    0x28  Code  Gb  flash_ftfl.o [3]
flg_int                 0x00014769   0x1e6  Code  Gb  MenuView.o [1]
fmod                    0x00017549          Code  Gb  fmod.o [5]
fmodl                   0x00017549          Code  Gb  fmod.o [5]
ftfl_flash_command_sequence
                        0x0002f07d   0x1c4  Code  Lc  flash_ftfl.o [3]
ftfl_flash_deinit       0x0002f275    0x22  Code  Gb  flash_ftfl.o [3]
ftfl_flash_erase_sector
                        0x0002f2bf    0xa2  Code  Gb  flash_ftfl.o [3]
ftfl_flash_init         0x0002f241    0x34  Code  Gb  flash_ftfl.o [3]
ftfl_flash_write_sector
                        0x0002f361    0xb8  Code  Gb  flash_ftfl.o [3]
ftfl_init_ram_function  0x0002f297    0x28  Code  Gb  flash_ftfl.o [3]
ftfl_ram_function       0x0002f419    0x18  Code  Lc  flash_ftfl.o [3]
ftfl_ram_function_end   0x0002f431     0x2  Code  Lc  flash_ftfl.o [3]
ftpmsg_bad_option       0x00033dcc    0x1c  Data  Gb  ftpd_msg.o [9]
ftpmsg_badcmd           0x00033cb0    0x18  Data  Gb  ftpd_msg.o [9]
ftpmsg_badport          0x00033cc8    0x18  Data  Gb  ftpd_msg.o [9]
ftpmsg_banner           0x00033bf8    0x1c  Data  Gb  ftpd_msg.o [9]
ftpmsg_cd_error         0x00033e54    0x20  Data  Gb  ftpd_msg.o [9]
ftpmsg_delete_error     0x00033e94    0x1c  Data  Gb  ftpd_msg.o [9]
ftpmsg_goodbye          0x00033d18    0x10  Data  Gb  ftpd_msg.o [9]
ftpmsg_help_end         0x00033e24    0x30  Data  Gb  ftpd_msg.o [9]
ftpmsg_help_start       0x00033df4    0x30  Data  Gb  ftpd_msg.o [9]
ftpmsg_logged           0x00033c78    0x10  Data  Gb  ftpd_msg.o [9]
ftpmsg_no_datacon       0x00033f68    0x20  Data  Gb  ftpd_msg.o [9]
ftpmsg_no_file          0x00033ef8    0x34  Data  Gb  ftpd_msg.o [9]
ftpmsg_no_fs            0x00033d28    0x3c  Data  Gb  ftpd_msg.o [9]
ftpmsg_no_memory        0x00033f88    0x38  Data  Gb  ftpd_msg.o [9]
ftpmsg_ok               0x00033eb0     0xc  Data  Gb  ftpd_msg.o [9]
ftpmsg_opening_datacon  0x00033f2c    0x20  Data  Gb  ftpd_msg.o [9]
ftpmsg_pasv_mode        0x00033d64    0x38  Data  Gb  ftpd_msg.o [9]
ftpmsg_portok           0x00033be0    0x18  Data  Gb  ftpd_msg.o [9]
ftpmsg_rmdir_error      0x00033e74    0x20  Data  Gb  ftpd_msg.o [9]
ftpmsg_rxok             0x00033c14    0x34  Data  Gb  ftpd_msg.o [9]
ftpmsg_site_info        0x00033d9c    0x30  Data  Gb  ftpd_msg.o [9]
ftpmsg_size             0x00033d00    0x18  Data  Gb  ftpd_msg.o [9]
ftpmsg_syst             0x00033de8     0xc  Data  Gb  ftpd_msg.o [9]
ftpmsg_tx_complete      0x00033f4c    0x1c  Data  Gb  ftpd_msg.o [9]
ftpmsg_txok             0x00033c48    0x30  Data  Gb  ftpd_msg.o [9]
ftpmsg_type_ascii       0x00033ebc    0x14  Data  Gb  ftpd_msg.o [9]
ftpmsg_type_image       0x00033ed0    0x14  Data  Gb  ftpd_msg.o [9]
ftpmsg_type_unknown     0x00033ee4    0x14  Data  Gb  ftpd_msg.o [9]
ftpmsg_unimp            0x00033ce0    0x20  Data  Gb  ftpd_msg.o [9]
ftpmsg_writeeof         0x00033c9c    0x14  Data  Gb  ftpd_msg.o [9]
ftpmsg_writefail        0x00033c88    0x14  Data  Gb  ftpd_msg.o [9]
get_irq_mask            0x00009141    0x2a  Code  Lc  io_gpio_kgpio.o [3]
gpio_cpu_configure      0x0000916b   0x160  Code  Gb  io_gpio_kgpio.o [3]
gpio_cpu_init           0x000092cb     0xa  Code  Gb  io_gpio_kgpio.o [3]
gpio_cpu_ioctl          0x000094c9   0x4f8  Code  Gb  io_gpio_kgpio.o [3]
gpio_cpu_open           0x00009389   0x140  Code  Gb  io_gpio_kgpio.o [3]
gpio_eport_irq          0x000099c1    0x9c  Code  Lc  io_gpio_kgpio.o [3]
gpio_global_irq_map     0x1fff5f90    0x14  Data  Gb  io_gpio_kgpio.o [3]
gpio_global_pin_map     0x1fff5f7c    0x14  Data  Gb  io_gpio_kgpio.o [3]
hub_anchor              0x1fff5f0c     0x4  Data  Lc  usb_host_hub.o [12]
init_hardware           0x000005fd    0x3c  Code  Gb  init_hw.o [3]
install_isr             0x000092d5    0xb4  Code  Lc  io_gpio_kgpio.o [3]
int_callback            0x000218e5    0x1e  Code  Gb  yada_prj.o [1]
isalpha                 0x00010229     0x8  Code  Gb  io_util.o [7]
isdigit                 0x00016d33    0x10  Code  Gb  sh_util.o [11]
isgraph                 0x0000f4dd    0x18  Code  Gb  io_util.o [7]
isprint                 0x0000feb3    0x2a  Code  Gb  io_util.o [7]
ispunct                 0x00010231     0x8  Code  Gb  io_util.o [7]
isupper                 0x0000feab     0x8  Code  Gb  io_util.o [7]
isxdigit                0x0002343d    0x24  Code  Gb  ftpd_cmd.o [9]
kinetis_flash_invalidate_cache
                        0x0002f57d    0x16  Code  Gb  flash_mk60.o [3]
linemark                0x000120dd   0x176  Code  Gb  MenuView.o [1]
lower_hex_string        0x00033804    0x14  Data  Lc  io_dopr.o [7]
lpt_address             0x000342a8     0x4  Data  Lc  timer_lpt_kinetis.o [3]
lpt_clock_source        0x000342b0     0x4  Data  Lc  timer_lpt_kinetis.o [3]
lpt_vectors             0x000342ac     0x4  Data  Lc  timer_lpt_kinetis.o [3]
main                    0x000004c5    0x10  Code  Gb  mqx_main.o [3]
mass_anchor             0x1fff5f10     0x4  Data  Lc  usb_host_msd_bo.o [12]
mem_flash_app           0x00020f69   0x16c  Code  Gb  mem_flash.o [1]
memcmp                  0x0001775d          Code  Gb  memcmp.o [8]
memcpy                  0x0000b2b5     0xe  Code  Gb  esdhc.o [3]
months                  0x00033bb0    0x30  Data  Lc  dir_read.o [6]
pctl_ptr_arr            0x00034acc    0x14  Data  Lc  io_gpio_kgpio.o [3]
pdb_external            0x1fff0178     0x4  Data  Lc  adt_kpdb.o [3]
pdb_internal            0x1fff5f58    0x24  Data  Lc  adt_kpdb.o [3]
phy_ksz8041_IF          0x000343a4    0x14  Data  Gb  phy_ks8721bl.o [3]
phy_ksz8041_discover_addr
                        0x0002f9cb    0x46  Code  Lc  phy_ks8721bl.o [3]
phy_ksz8041_get_link_status
                        0x0002fafd    0x46  Code  Lc  phy_ks8721bl.o [3]
phy_ksz8041_get_speed   0x0002fab7    0x46  Code  Lc  phy_ks8721bl.o [3]
phy_ksz8041_init        0x0002fa11    0xa6  Code  Lc  phy_ks8721bl.o [3]
pipe_init_params_prototype
                        0x000340c4    0x24  Data  Lc  host_dev_list.o [12]
print_current_time      0x00007691    0x1e  Code  Lc  DisTime.o [1]
print_mqx_time          0x00007669    0x28  Code  Lc  DisTime.o [1]
print_rtc_time          0x000076af    0x28  Code  Lc  DisTime.o [1]
read_buffer             0x1fff012c     0x8  Data  Gb  yada_prj.o [1]
req_prototype           0x00034200     0x8  Data  Lc  host_ch9.o [12]
reseed                  0x1fff5f24     0x4  Data  Lc  rtcsrand.o [9]
rtcs_enet               0x0003177c     0xc  Data  Lc  ip-e.o [9]
rtcs_local              0x000343b8     0xc  Data  Lc  iplocal.o [9]
seed                    0x1fff5f20     0x4  Data  Lc  rtcsrand.o [9]
send_U16str             0x0000b6d1    0x2e  Code  Gb  LCDDriver.o [1]
send_U8str              0x0000b6a3    0x2e  Code  Gb  LCDDriver.o [1]
send_area               0x0000b67b    0x28  Code  Gb  LCDDriver.o [1]
send_byte               0x0000b62b    0x12  Code  Gb  LCDDriver.o [1]
send_end                0x0000b6ff    0x14  Code  Gb  LCDDriver.o [1]
send_word               0x0000b63d    0x2a  Code  Gb  LCDDriver.o [1]
send_xy                 0x0000b667    0x14  Code  Gb  LCDDriver.o [1]
sin                     0x000150b1     0x6  Code  Gb  sin.o [5]
spi2_dma_int            0x00008e7d    0x74  Code  Gb  DSPSPI.o [1]
spifd_2                 0x1fff3e10     0x4  Data  Gb  DSPSPI.o [1]
state                   0x1fff0174     0x4  Data  Lc  rtcsrand.o [9]
strcat                  0x00020b07    0x1e  Code  Gb  strcat.o [4]
strcmp                  0x0000b0e5          Code  Gb  strcmp.o [8]
strcpy                  0x0000f499          Code  Gb  strcpy.o [8]
strlen                  0x0000b129          Code  Gb  strlen.o [8]
strncmp                 0x0000ca95    0x2a  Code  Gb  strncmp.o [4]
strncpy                 0x0000d23d          Code  Gb  strncpy.o [8]
strpbrk                 0x00023461     0x4  Code  Gb  strpbrk.o [4]
sw_time                 0x1fff5e94     0x4  Data  Lc  krtc.o [3]
systick_config          0x00001b7d     0xc  Code  Gb  init_bsp.o [3]
systick_init            0x00001b89    0x34  Code  Lc  init_bsp.o [3]
tcp_socket_task         0x00021319   0x29c  Code  Gb  tcpip_socket_task.o [1]
time                    0x1fff400c     0x8  Data  Gb  MenuView.o [1]
timer_isr               0x00021903    0x2a  Code  Lc  yada_prj.o [1]
tolower                 0x0000f4f5     0x8  Code  Gb  io_util.o [7]
tr_index                0x1fff5ed4     0x4  Data  Lc  host_common.o [12]
uart_isr                0x00002cb1    0x76  Code  Gb  serl_int_kuart.o [3]
uart_lcd                0x1fff3e14     0x4  Data  Gb  LCDDriver.o [1]
upper_hex_string        0x000337f0    0x14  Data  Lc  io_dopr.o [7]
usb_class_hub_clear_feature
                        0x0002788d    0x1e  Code  Gb  usb_host_hub.o [12]
usb_class_hub_clear_port_feature
                        0x000278ab    0x24  Code  Gb  usb_host_hub.o [12]
usb_class_hub_cntrl_callback
                        0x00027711    0x1a  Code  Gb  usb_host_hub.o [12]
usb_class_hub_cntrl_common
                        0x0002772b    0xfe  Code  Gb  usb_host_hub.o [12]
usb_class_hub_get_app   0x000276b1    0x60  Code  Gb  usb_host_hub.o [12]
usb_class_hub_get_descriptor
                        0x00027829    0x40  Code  Gb  usb_host_hub.o [12]
usb_class_hub_get_port_status
                        0x000278ef    0x22  Code  Gb  usb_host_hub.o [12]
usb_class_hub_get_status
                        0x000278cf    0x20  Code  Gb  usb_host_hub.o [12]
usb_class_hub_init      0x00027655    0x5c  Code  Gb  usb_host_hub.o [12]
usb_class_hub_int_callback
                        0x000279e9    0x1a  Code  Gb  usb_host_hub.o [12]
usb_class_hub_set_port_feature
                        0x00027869    0x24  Code  Gb  usb_host_hub.o [12]
usb_class_hub_wait_for_interrupt
                        0x00027911    0xcc  Code  Gb  usb_host_hub.o [12]
usb_class_mass_call_back_cbw
                        0x0001ecdd    0xa2  Code  Lc  usb_host_msd_bo.o [12]
usb_class_mass_call_back_csw
                        0x0001ee55   0x12e  Code  Lc  usb_host_msd_bo.o [12]
usb_class_mass_call_back_dphase
                        0x0001ed7f    0xd6  Code  Lc  usb_host_msd_bo.o [12]
usb_class_mass_clear_bulk_pipe_on_usb
                        0x0001f06d    0x7c  Code  Lc  usb_host_msd_bo.o [12]
usb_class_mass_deleteq  0x000209af    0x34  Code  Gb  usb_host_msd_queue.o [12]
usb_class_mass_get_pending_request
                        0x000209e3    0x26  Code  Gb  usb_host_msd_queue.o [12]
usb_class_mass_init     0x0001ebd1    0x88  Code  Gb  usb_host_msd_bo.o [12]
usb_class_mass_pass_on_usb
                        0x0001ef83    0xea  Code  Lc  usb_host_msd_bo.o [12]
usb_class_mass_q_init   0x00020967     0xc  Code  Gb  usb_host_msd_queue.o [12]
usb_class_mass_q_insert
                        0x00020973    0x3c  Code  Gb  usb_host_msd_queue.o [12]
usb_class_mass_reset_callback
                        0x0001f151    0xd0  Code  Lc  usb_host_msd_bo.o [12]
usb_class_mass_reset_recovery_on_usb
                        0x0001f0e9    0x68  Code  Gb  usb_host_msd_bo.o [12]
usb_class_mass_storage_device_command
                        0x0001ec59    0x84  Code  Gb  usb_host_msd_bo.o [12]
usb_dev_list_attach_device
                        0x0001ddef   0x120  Code  Gb  host_dev_list.o [12]
usb_dev_list_close_pipe
                        0x0001df19    0x46  Code  Lc  host_dev_list.o [12]
usb_dev_list_close_pipe_bundle
                        0x0001df5f    0x2a  Code  Gb  host_dev_list.o [12]
usb_dev_list_detach_device
                        0x0001df89    0x82  Code  Gb  host_dev_list.o [12]
usb_dev_list_free_mem   0x0001dc8f    0x76  Code  Gb  host_dev_list.o [12]
usb_dev_list_free_memlist
                        0x0001dc39    0x56  Code  Gb  host_dev_list.o [12]
usb_dev_list_get_mem    0x0001dd05    0xea  Code  Gb  host_dev_list.o [12]
usb_filesystem_install  0x00017ec1   0x18c  Code  Gb  USB_File.o [1]
usb_filesystem_uninstall
                        0x0001804d    0xde  Code  Gb  USB_File.o [1]
usb_host_ch9_dev_req    0x0001e889    0x8e  Code  Lc  host_ch9.o [12]
usb_host_class_intf_init
                        0x0001a517    0xf8  Code  Gb  host_common.o [12]
usb_host_class_intf_validate
                        0x0001a60f    0x22  Code  Gb  host_common.o [12]
usb_host_cntrl_transaction_done
                        0x0001e571   0x2e2  Code  Lc  host_ch9.o [12]
usb_host_driver_info_match
                        0x0001a631    0xec  Code  Lc  host_common.o [12]
usb_host_driver_info_nonzero
                        0x0001a787    0x4a  Code  Lc  host_common.o [12]
usb_host_driver_info_scan
                        0x0001a71d    0x6a  Code  Lc  host_common.o [12]
usb_host_hub_device_event
                        0x000270f5    0x9e  Code  Gb  usb_host_hub_sm.o [12]
usb_host_hub_device_sm  0x00027195   0x45c  Code  Lc  usb_host_hub_sm.o [12]
usb_host_hub_int_callback
                        0x000275f1    0x60  Code  Lc  usb_host_hub_sm.o [12]
usb_host_map_class_intf
                        0x0001a7d1    0x3a  Code  Lc  host_common.o [12]
usb_host_mass_device_event
                        0x00020b25    0x6e  Code  Gb  USB_Task.o [1]
usb_host_state_struct_ptr
                        0x1fff5ed8     0x4  Data  Gb  host_main.o [12]
usb_hostdev_attach_detach
                        0x0001a10d    0x48  Code  Gb  host_common.o [12]
usb_hostdev_delete_interface
                        0x0001a83b    0xce  Code  Gb  host_common.o [12]
usb_hostdev_get_class   0x0001a263    0x6c  Code  Lc  host_common.o [12]
usb_hostdev_get_pipe_handle
                        0x0001a499    0x7e  Code  Gb  host_common.o [12]
usb_hostdev_mask_class_etc
                        0x0001a909    0x2a  Code  Lc  host_common.o [12]
usb_hostdev_open_pipe   0x0001a933   0x10c  Code  Lc  host_common.o [12]
usb_hostdev_tr_init     0x0001ac1b    0x36  Code  Gb  host_common.o [12]
usb_hostdev_validate    0x0001a155    0x28  Code  Gb  host_common.o [12]
usb_mass_ufi_cancel     0x0001ace5     0xc  Code  Gb  usb_host_msd_ufi.o [12]
usb_mass_ufi_generic    0x0001ac61    0x84  Code  Gb  usb_host_msd_ufi.o [12]
user_enables            0x1fff5e98     0x4  Data  Lc  krtc.o [3]
user_requests           0x1fff5e9c     0x4  Data  Lc  krtc.o [3]


[1] = L:\git_workspace\YD_PRJ_NEW_20130323_git_\IAR\twrk60n512\Int Flash Debug\Obj
[2] = command line
[3] = bsp_twrk60n512_130418_SPI_TX_56Data_Buf6175_RTC.a
[4] = dl7M_tln.a
[5] = m7M_tl.a
[6] = mfs_twrk60n512_d.a
[7] = psp_twrk60n512_d.a
[8] = rt7M_tl.a
[9] = rtcs_twrk60n512_d_20130105.a
[10] = shb_l.a
[11] = shell_twrk60n512_d_20130509.a
[12] = usb_hdk_twrk60n512_d.a

  195 736 bytes of readonly  code memory
   20 306 bytes of readonly  data memory
   25 583 bytes of readwrite data memory

Errors: none
Warnings: none
