###############################################################################
#                                                                             #
# IAR ELF Linker V6.30.1.53127/W32 for ARM              13/Apr/2013  20:25:06 #
# Copyright 2007-2011 IAR Systems AB.                                         #
#                                                                             #
#    Output file  =  L:\git_workspace\YD_PRJ_NEW_20130323_git_\IAR\twrk60n512 #
#                    \Int Flash Debug\Exe\twrk60n512.out                      #
#    Map file     =  L:\git_workspace\YD_PRJ_NEW_20130323_git_\IAR\twrk60n512 #
#                    \Int Flash Debug\List\twrk60n512.map                     #
#    Command line =  "L:\git_workspace\YD_PRJ_NEW_20130323_git_\IAR\twrk60n51 #
#                    2\Int Flash Debug\Obj\DSPSPI.o"                          #
#                    "L:\git_workspace\YD_PRJ_NEW_20130323_git_\IAR\twrk60n51 #
#                    2\Int Flash Debug\Obj\DataConvert.o"                     #
#                    "L:\git_workspace\YD_PRJ_NEW_20130323_git_\IAR\twrk60n51 #
#                    2\Int Flash Debug\Obj\FTP_Task.o"                        #
#                    "L:\git_workspace\YD_PRJ_NEW_20130323_git_\IAR\twrk60n51 #
#                    2\Int Flash Debug\Obj\LCDDriver.o"                       #
#                    "L:\git_workspace\YD_PRJ_NEW_20130323_git_\IAR\twrk60n51 #
#                    2\Int Flash Debug\Obj\LCDUart.o"                         #
#                    "L:\git_workspace\YD_PRJ_NEW_20130323_git_\IAR\twrk60n51 #
#                    2\Int Flash Debug\Obj\MenuView.o"                        #
#                    "L:\git_workspace\YD_PRJ_NEW_20130323_git_\IAR\twrk60n51 #
#                    2\Int Flash Debug\Obj\SD_task.o"                         #
#                    "L:\git_workspace\YD_PRJ_NEW_20130323_git_\IAR\twrk60n51 #
#                    2\Int Flash Debug\Obj\Shell_Task.o"                      #
#                    "L:\git_workspace\YD_PRJ_NEW_20130323_git_\IAR\twrk60n51 #
#                    2\Int Flash Debug\Obj\System.o"                          #
#                    "L:\git_workspace\YD_PRJ_NEW_20130323_git_\IAR\twrk60n51 #
#                    2\Int Flash Debug\Obj\USB_File.o"                        #
#                    "L:\git_workspace\YD_PRJ_NEW_20130323_git_\IAR\twrk60n51 #
#                    2\Int Flash Debug\Obj\USB_Task.o"                        #
#                    "L:\git_workspace\YD_PRJ_NEW_20130323_git_\IAR\twrk60n51 #
#                    2\Int Flash Debug\Obj\mem_flash.o"                       #
#                    "L:\git_workspace\YD_PRJ_NEW_20130323_git_\IAR\twrk60n51 #
#                    2\Int Flash Debug\Obj\mem_ram.o"                         #
#                    "L:\git_workspace\YD_PRJ_NEW_20130323_git_\IAR\twrk60n51 #
#                    2\Int Flash Debug\Obj\pin2.o"                            #
#                    "L:\git_workspace\YD_PRJ_NEW_20130323_git_\IAR\twrk60n51 #
#                    2\Int Flash Debug\Obj\sh_cd.o"                           #
#                    "L:\git_workspace\YD_PRJ_NEW_20130323_git_\IAR\twrk60n51 #
#                    2\Int Flash Debug\Obj\sh_di.o"                           #
#                    "L:\git_workspace\YD_PRJ_NEW_20130323_git_\IAR\twrk60n51 #
#                    2\Int Flash Debug\Obj\tcpip_socket_task.o"               #
#                    "L:\git_workspace\YD_PRJ_NEW_20130323_git_\IAR\twrk60n51 #
#                    2\Int Flash Debug\Obj\usb_classes.o"                     #
#                    "L:\git_workspace\YD_PRJ_NEW_20130323_git_\IAR\twrk60n51 #
#                    2\Int Flash Debug\Obj\yada_prj.o"                        #
#                    L:\git_workspace\YD_PRJ_NEW_20130323_git_\lib\twrk60n512 #
#                    .iar\bsp\bsp_twrk60n512_130410_SPI_TX.a                  #
#                    L:\git_workspace\YD_PRJ_NEW_20130323_git_\lib\twrk60n512 #
#                    .iar\mfs\mfs_twrk60n512_d.a                              #
#                    L:\git_workspace\YD_PRJ_NEW_20130323_git_\lib\twrk60n512 #
#                    .iar\psp\psp_twrk60n512_d.a                              #
#                    L:\git_workspace\YD_PRJ_NEW_20130323_git_\lib\twrk60n512 #
#                    .iar\rtcs\rtcs_twrk60n512_d_20130105.a                   #
#                    L:\git_workspace\YD_PRJ_NEW_20130323_git_\lib\twrk60n512 #
#                    .iar\shell\shell_twrk60n512_d_20130412.a                 #
#                    L:\git_workspace\YD_PRJ_NEW_20130323_git_\lib\twrk60n512 #
#                    .iar\usb\host\usb_hdk_twrk60n512_d.a --redirect          #
#                    _Printf=_PrintfFull --redirect _Scanf=_ScanfFull -o      #
#                    "L:\git_workspace\YD_PRJ_NEW_20130323_git_\IAR\twrk60n51 #
#                    2\Int Flash Debug\Exe\twrk60n512.out" --map              #
#                    "L:\git_workspace\YD_PRJ_NEW_20130323_git_\IAR\twrk60n51 #
#                    2\Int Flash Debug\List\twrk60n512.map" --config          #
#                    L:\git_workspace\YD_PRJ_NEW_20130323_git_\IAR\..\lib\twr #
#                    k60n512.iar\bsp\intflash.icf --redirect                  #
#                    __iar_dlmalloc=malloc --redirect __iar_dlcalloc=calloc   #
#                    --redirect __iar_dlfree=free --semihosting --entry       #
#                    __iar_program_start --vfe                                #
#                                                                             #
#                                                                             #
###############################################################################

*******************************************************************************
*** RUNTIME MODEL ATTRIBUTES
***

CppFlavor                   = *
__SystemLibrary             = DLib
__dlib_jmp_buf_num_elements = 8


*******************************************************************************
*** PLACEMENT SUMMARY
***

"A1":  place at 0x00000000 { ro section .intvec, block CFMPROTROM };
"P1":  place in [from 0x00000000 to 0x0007ffff] {
          first block TEXTSECTION, ro, last block FLASHX_POOL };
"P2":  place in [from 0x1fff0000 to 0x2000fff0] { rw, last block KERNEL_DATA };

  Section            Kind        Address     Size  Object
  -------            ----        -------     ----  ------
"A1":                                       0x414
  .intvec            const    0x00000000    0x400  vectors.o [3]
  CFMPROTROM                  0x00000400     0x14  <Block>
    .cfmconfig       const    0x00000400     0x10  vectors.o [3]
    .cfmconfig       const    0x00000410      0x0  vectors.o [3]
    CFMPROTROM       const    0x00000410      0x4  <Block tail>
                            - 0x00000414    0x414

"P1":                                     0x32be4
  TEXTSECTION                 0x00000420  0x2df5c  <Block>
    .text            ro code  0x00000420     0x4c  cortex_boot.o [7]
    .text            ro code  0x0000046c      0xc  cstartup_M.o [8]
    .text            ro code  0x00000478     0x16  cmain.o [8]
    .text            ro code  0x0000048e      0xa  iar.o [3]
    .text            ro code  0x00000498     0x2c  data_init3.o [8]
    .text            ro code  0x000004c4     0x10  mqx_main.o [3]
    .text            ro code  0x000004d4      0x4  exit.o [4]
    .text            ro code  0x000004d8    0x190  init_hw.o [3]
    .text            ro code  0x00000668    0x1a8  mqx.o [7]
    .text            ro code  0x00000810      0xa  cexit.o [8]
    .text            ro code  0x0000081a     0x46  sotcp.o [9]
    .text            ro code  0x00000860    0x79c  bsp_cm.o [3]
    .text            ro code  0x00000ffc    0x538  init_gpio.o [3]
    .text            ro code  0x00001534    0x134  mem_zero.o [7]
    .text            ro code  0x00001668     0x76  ABImemcpy.o [8]
    .text            ro code  0x000016de     0x56  macnet_rejoin.o [3]
    .text            ro code  0x00001734     0xd8  mqxiinit.o [7]
    .text            ro code  0x0000180c     0x28  lwm_init.o [7]
    .text            ro code  0x00001834     0x18  lwm_gsys.o [7]
    .text            ro code  0x0000184c     0x24  lwm_size.o [7]
    .text            ro code  0x00001870    0x1c4  ta_init.o [7]
    .text            ro code  0x00001a34     0xc0  sc_irdyq.o [7]
    .text            ro code  0x00001af4     0x74  lws_crea.o [7]
    .text            ro code  0x00001b68    0x2c8  init_bsp.o [3]
    .text            ro code  0x00001e30     0x24  int_disa.o [7]
    .text            ro code  0x00001e54     0x14  exit.o [10]
    .text            ro code  0x00001e68     0x14  cm.o [3]
    .text            ro code  0x00001e7c      0xc  qu_init.o [7]
    .text            ro code  0x00001e88     0x64  lwm_crep.o [7]
    .text            ro code  0x00001eec    0x204  lwm_alli.o [7]
    .text            ro code  0x000020f0     0x34  td_serr.o [7]
    .text            ro code  0x00002124     0xd0  td_alloc.o [7]
    .text            ro code  0x000021f4     0x68  stack_bu.o [7]
    .text            ro code  0x0000225c      0x8  lwm_xfri.o [7]
    .text            ro code  0x00002264     0x18  lwm_allz.o [7]
    .text            ro code  0x0000227c     0x38  int_ena.o [7]
    .text            ro code  0x000022b4     0x3e  qu_enq.o [7]
    .text            ro code  0x000022f2     0x22  zero_init3.o [8]
    .text            ro code  0x00002314      0xc  mqx_scpu.o [7]
    .text            ro code  0x00002320     0x30  lwm_allo.o [7]
    .text            ro code  0x00002350     0x14  psp_iinit.o [7]
    .text            ro code  0x00002364     0x10  int_vtab.o [7]
    .text            ro code  0x00002374     0x10  ti_setv.o [7]
    .text            ro code  0x00002384     0xb0  int_iisr.o [7]
    .text            ro code  0x00002434     0x10  ti_sett.o [7]
    .text            ro code  0x00002444     0x10  ti_shwtt.o [7]
    .text            ro code  0x00002454     0x14  ti_shwtf.o [7]
    .text            ro code  0x00002468     0x14  kinetis_mpu.o [7]
    .text            ro code  0x0000247c     0x18  io_init.o [7]
    .text            ro code  0x00002494    0x3b4  serl_pol_kuart.o [3]
    .text            ro code  0x00002848    0x1f0  serl_int_kuart.o [3]
    .text            ro code  0x00002a38    0x86c  i2c_pol_ki2c.o [3]
    .text            ro code  0x000032a4    0x6aa  i2c_int_ki2c.o [3]
    .text            ro code  0x0000394e     0x2e  copy_init3.o [8]
    .text            ro code  0x0000397c    0x9e8  spi_pol_dspi.o [3]
    .text            ro code  0x00004364    0x7b0  spi_dma_dspi.o [3]
    .text            ro code  0x00004b14    0x28c  io_gpio.o [3]
    .text            ro code  0x00004da0    0x5ae  adc.o [3]
    .text            ro code  0x00005350    0xc76  esdhc.o [3]
    .text            ro code  0x00005fc8    0xd3c  flashx.o [3]
    .text            ro code  0x00006d04     0x34  io_sinit.o [3]
    .text            ro code  0x00006d38     0xe0  ti_krnl.o [7]
    .text            ro code  0x00006e18     0xfc  lwm_free.o [7]
    .text            ro code  0x00006f14     0x40  qu_insrt.o [7]
    .text            ro code  0x00006f54     0x78  int_init.o [7]
    .text            ro code  0x00006fcc     0x10  int_inst.o [7]
    .text            ro code  0x00006fdc    0x53c  serl_pol.o [3]
    .text            ro code  0x00007518     0x4c  serl_mk60.o [3]
    .text            ro code  0x00007564     0x18  lwm_zsys.o [7]
    .text            ro code  0x0000757c    0x610  serl_int.o [3]
    .text            ro code  0x00007b8c     0x60  int_gdat.o [7]
    .text            ro code  0x00007bec      0x4  int_geh.o [7]
    .text            ro code  0x00007bf0     0xa0  cortex.o [7]
    .text            ro code  0x00007c90     0xf0  ev_open.o [7]
    .text            ro code  0x00007d80     0xe0  ev_set.o [7]
    .text            ro code  0x00007e60    0x170  i2c_pol.o [3]
    .text            ro code  0x00007fd0     0x38  i2c_mk60.o [3]
    .text            ro code  0x00008008    0x16c  i2c_int.o [3]
    .text            ro code  0x00008174    0x196  spi_pol.o [3]
    .text            ro code  0x0000830c     0x30  spi_mk60_dspi.o [3]
    .text            ro code  0x0000833c    0x1a2  spi_int.o [3]
    .text            ro code  0x000084e0     0x24  io_pntf.o [7]
    .text            ro code  0x00008504    0x278  DSPSPI.o [1]
    .text            ro code  0x0000877c    0x994  io_gpio_kgpio.o [3]
    .text            ro code  0x00009110     0x1a  io_inst.o [7]
    .text            ro code  0x0000912a     0x3e  io_ioctl.o [7]
    .text            ro code  0x00009168    0xac0  adc_kadc.o [3]
    .text            ro code  0x00009c28    0xaf8  adt_kpdb.o [3]
    .text            ro code  0x0000a720     0x42  strcmp.o [8]
    .text            ro code  0x0000a764     0x36  strlen.o [8]
    .text            ro code  0x0000a79c     0x38  ti_delay.o [7]
    .text            ro code  0x0000a7d4    0x108  io_instx.o [7]
    .text            ro code  0x0000a8dc     0x14  esdhc_mk60.o [3]
    .text            ro code  0x0000a8f0      0xe  esdhc.o [3]
    .text            ro code  0x0000a900     0x78  lws_wait.o [7]
    .text            ro code  0x0000a978    0x17c  mem_copy.o [7]
    .text            ro code  0x0000aaf4     0x7c  lws_post.o [7]
    .text            ro code  0x0000ab70     0xa0  io_fopen.o [7]
    .text            ro code  0x0000ac10     0x34  psp_tinm.o [7]
    .text            ro code  0x0000ac44     0x84  tq_creat.o [7]
    .text            ro code  0x0000acc8     0x80  tq_dest.o [7]
    .text            ro code  0x0000ad48     0xd8  tq_func.o [7]
    .text            ro code  0x0000ae20     0x94  na_findi.o [7]
    .text            ro code  0x0000aeb4     0x48  io_ghand.o [7]
    .text            ro code  0x0000aefc    0xbd4  io_dopr.o [7]
    .text            ro code  0x0000bad0     0x34  io_fclos.o [7]
    .text            ro code  0x0000bb04     0x14  ev_creat.o [7]
    .text            ro code  0x0000bb18     0x3a  ev_all.o [7]
    .text            ro code  0x0000bb54     0x48  ev_clear.o [7]
    .text            ro code  0x0000bb9c     0x2a  strncmp.o [4]
    .text            ro code  0x0000bbc8      0x6  ABImemclr4.o [8]
    .text            ro code  0x0000bbd0     0x14  adc_mk60.o [3]
    .text            ro code  0x0000bbe4    0x132  I64DivMod.o [8]
    .text            ro code  0x0000bd18     0xd4  lwe_set.o [7]
    .text            ro code  0x0000bdec     0x84  psp_mstiq.o [7]
    .text            ro code  0x0000be70     0x48  psp_tiad.o [7]
    .text            ro code  0x0000beb8     0x88  ti_deli.o [7]
    .text            ro code  0x0000bf40     0x2e  qu_deq.o [7]
    .text            ro code  0x0000bf6e     0x2c  sc_ipq.o [7]
    .text            ro code  0x0000bf9a     0x1c  strnlen.o [7]
    .text            ro code  0x0000bfb8     0xc0  ev_creai.o [7]
    .text            ro code  0x0000c078    0x108  ev_waiti.o [7]
    .text            ro code  0x0000c180     0x32  ABImemset48.o [8]
    .text            ro code  0x0000c1b4      0x2  I64DivZer.o [8]
    .text            ro code  0x0000c1b8     0xcc  ev_comp.o [7]
    .text            ro code  0x0000c284     0x6c  strncpy.o [8]
    .text            ro code  0x0000c2f0    0x138  na_addi.o [7]
    .text            ro code  0x0000c428     0x34  ti_delun.o [7]
    .text            ro code  0x0000c45c     0x38  ti_delfo.o [7]
    .text            ro code  0x0000c494     0x7c  na_crth.o [7]
    .text            ro code  0x0000c510     0x5e  ABImemset.o [8]
    .text            ro code  0x0000c570    0x3e8  DataConvert.o [1]
    .text            ro code  0x0000c958     0xfc  FltDiv.o [5]
    .text            ro code  0x0000ca54     0xd8  FltMul.o [5]
    .text            ro code  0x0000cb2c     0x24  FltToU32.o [5]
    .text            ro code  0x0000cb50     0x32  I32ToFlt.o [5]
    .text            ro code  0x0000cb82      0x8  abs.o [4]
    .text            ro code  0x0000cb8c     0xe6  FltSub.o [5]
    .text            ro code  0x0000cc74     0x44  FltToS32.o [5]
    .text            ro code  0x0000ccb8     0x24  FltCmpLe.o [5]
    .text            ro code  0x0000ccdc     0x84  FltAdd.o [5]
    .text            ro code  0x0000cd60    0x320  LCDDriver.o [1]
    .text            ro code  0x0000d080     0x24  io_write.o [7]
    .text            ro code  0x0000d0a4     0xec  FTP_Task.o [1]
    .text            ro code  0x0000d190    0x26c  rtcscmd.o [9]
    .text            ro code  0x0000d3fc     0x24  enaddr.o [3]
    .text            ro code  0x0000d420    0x104  eninit.o [3]
    .text            ro code  0x0000d524     0x5c  ifadd.o [9]
    .text            ro code  0x0000d580    0x644  ftpd.o [9]
    .text            ro code  0x0000dbc4     0x88  ta_creat.o [7]
    .text            ro code  0x0000dc4c     0xe4  mqx_ioc.o [7]
    .text            ro code  0x0000dd30    0x1b6  rtcspart.o [9]
    .text            ro code  0x0000dee8     0x2c  ms_id.o [7]
    .text            ro code  0x0000df14     0x16  ms_pool.o [7]
    .text            ro code  0x0000df2c     0xa8  rtcstask.o [9]
    .text            ro code  0x0000dfd4     0x6c  ms_dpool.o [7]
    .text            ro code  0x0000e040     0xcc  ms_alloc.o [7]
    .text            ro code  0x0000e10c     0x58  td_get.o [7]
    .text            ro code  0x0000e164      0xc  ms_sendb.o [7]
    .text            ro code  0x0000e170     0x48  ta_rdy.o [7]
    .text            ro code  0x0000e1b8      0xc  ms_send.o [7]
    .text            ro code  0x0000e1c4     0x10  td_gid.o [7]
    .text            ro code  0x0000e1d4     0x1c  td_gerr.o [7]
    .text            ro code  0x0000e1f0     0x24  td_util.o [7]
    .text            ro code  0x0000e214     0x2c  init_enet.o [3]
    .text            ro code  0x0000e240     0x58  enutil.o [3]
    .text            ro code  0x0000e298     0x3c  ta_env.o [7]
    .text            ro code  0x0000e2d4     0x22  ta_sexit.o [7]
    .text            ro code  0x0000e2f8     0xb2  rtcs.o [9]
    .text            ro code  0x0000e3ac    0x3ea  io_util.o [7]
    .text            ro code  0x0000e798     0x44  strcpy.o [8]
    .text            ro code  0x0000e7dc     0x18  io_util.o [7]
    .text            ro code  0x0000e7f4      0x8  io_util.o [7]
    .text            ro code  0x0000e7fc     0x7c  ta_build.o [7]
    .text            ro code  0x0000e878     0x18  lwm_allp.o [7]
    .text            ro code  0x0000e890     0x18  lwm_alzp.o [7]
    .text            ro code  0x0000e8a8     0x18  lwm_gsyp.o [7]
    .text            ro code  0x0000e8c0     0x18  lwm_zsyf.o [7]
    .text            ro code  0x0000e8d8     0x84  pa_creat.o [7]
    .text            ro code  0x0000e95c     0x14  pa_sallo.o [7]
    .text            ro code  0x0000e970     0x74  pa_free.o [7]
    .text            ro code  0x0000e9e4     0x74  pa_dest.o [7]
    .text            ro code  0x0000ea58    0x20c  ms_pooli.o [7]
    .text            ro code  0x0000ec64     0x12  ta_util.o [7]
    .text            ro code  0x0000ec78     0xa2  lws_dest.o [7]
    .text            ro code  0x0000ed1c    0x364  ms_sendi.o [7]
    .text            ro code  0x0000f080    0x12a  sockutil.o [9]
    .text            ro code  0x0000f1aa      0x8  io_util.o [7]
    .text            ro code  0x0000f1b2     0x2a  io_util.o [7]
    .text            ro code  0x0000f1dc     0x16  io_util.o [7]
    .text            ro code  0x0000f1f4     0x7c  pa_creai.o [7]
    .text            ro code  0x0000f270    0x118  pa_alloi.o [7]
    .text            ro code  0x0000f388    0x130  ms_comp.o [7]
    .text            ro code  0x0000f4b8     0x60  ms_free.o [7]
    .text            ro code  0x0000f518     0x10  io_util.o [7]
    .text            ro code  0x0000f528      0x8  io_util.o [7]
    .text            ro code  0x0000f530      0x8  io_util.o [7]
    .text            ro code  0x0000f538     0x7c  pa_comp.o [7]
    .text            ro code  0x0000f5b4     0x5c  pa_extni.o [7]
    .text            ro code  0x0000f610     0x22  io_util.o [7]
    .text            ro code  0x0000f632     0x28  io_util.o [7]
    .text            ro code  0x0000f65a     0x10  io_util.o [7]
    .text            ro code  0x0000f66c    0xa60  LCDUart.o [1]
    .text            ro code  0x000100cc     0x14  ev_creaa.o [7]
    .text            ro code  0x000100e0   0x2e24  MenuView.o [1]
    .text            ro code  0x00012f04     0x52  System.o [1]
    .text            ro code  0x00012f58     0x30  I32ToDbl.o [5]
    .text            ro code  0x00012f88    0x1a2  DblMul.o [5]
    .text            ro code  0x0001312c    0x246  DblDiv.o [5]
    .text            ro code  0x00013372      0x6  cos.o [5]
    .text            ro code  0x00013378     0xe8  DblAdd.o [5]
    .text            ro code  0x00013460     0x4c  DblToI32.o [5]
    .text            ro code  0x000134ac      0x6  sin.o [5]
    .text            ro code  0x000134b4    0x180  DblSub.o [5]
    .text            ro code  0x00013634     0x24  FltCmpGe.o [5]
    .text            ro code  0x00013658     0x4e  FltToDbl.o [5]
    .text            ro code  0x000136a8    0x14c  sh_cd.o [1]
    .text            ro code  0x000137f4     0x90  sh_pwd.o [11]
    .text            ro code  0x00013884    0x220  sh_read_wk.o [11]
    .text            ro code  0x00013aa4    0x24c  sh_write_binary.o [11]
    .text            ro code  0x00013cf0     0xc8  sh_update.o [11]
    .text            ro code  0x00013db8     0x16  ti_get.o [7]
    .text            ro code  0x00013dd0     0xe4  ti_to.o [7]
    .text            ro code  0x00013eb4     0x26  io_spr.o [7]
    .text            ro code  0x00013edc    0x110  sh_mkdir.o [11]
    .text            ro code  0x00013fec    0x39c  sh_search_file_1.o [11]
    .text            ro code  0x00014388    0x1f0  xsin.o [5]
    .text            ro code  0x00014578    0x218  sh_util.o [11]
    .text            ro code  0x00014790    0x408  mfs_misc.o [6]
    .text            ro code  0x00014b98     0x90  io_fseek.o [7]
    .text            ro code  0x00014c28     0x16  io_feof.o [7]
    .text            ro code  0x00014c3e     0x46  io_fgetc.o [7]
    .text            ro code  0x00014c84     0x4c  ti_gett.o [7]
    .text            ro code  0x00014cd0     0xbc  psp_tkti.o [7]
    .text            ro code  0x00014d8c     0x42  ti_leap.o [7]
    .text            ro code  0x00014dd0    0x320  dir_read.o [6]
    .text            ro code  0x000150f0      0xc  errno.o [4]
    .text            ro code  0x000150fc    0x170  xquad.o [5]
    .text            ro code  0x0001526c     0x2e  DblCmpGe.o [5]
    .text            ro code  0x0001529c     0x2e  DblCmpLe.o [5]
    .text            ro code  0x000152ca     0x10  sh_util.o [11]
    .text            ro code  0x000152da    0x344  mfs_rw.o [6]
    .text            ro code  0x0001561e     0x9e  mfs_data_sector.o [6]
    .text            ro code  0x000156bc    0x382  mfs_fat.o [6]
    .text            ro code  0x00015a3e      0x2  xtls.o [4]
    .text            ro code  0x00015a40     0x80  xdint.o [5]
    .text            ro code  0x00015ac0     0x20  DblCmpEq.o [5]
    .text            ro code  0x00015ae0    0x1a8  fmod.o [5]
    .text            ro code  0x00015c88     0x6a  io_read.o [7]
    .text            ro code  0x00015cf4     0x62  memcmp.o [8]
    .text            ro code  0x00015d58    0x356  mfs_cluster.o [6]
    .text            ro code  0x000160b0      0xc  iarEdom.o [8]
    .text            ro code  0x000160bc     0x48  Shell_Task.o [1]
    .text            ro code  0x00016104    0x22c  shell.o [11]
    .text            ro code  0x00016330     0x38  io_fflsh.o [7]
    .text            ro code  0x00016368     0x2e  io_fgets.o [7]
    .text            ro code  0x00016396     0x94  io_fgetl.o [7]
    .text            ro code  0x0001642a     0x2c  io_fung.o [7]
    .text            ro code  0x00016458    0x2d0  USB_File.o [1]
    .text            ro code  0x00016728    0x726  usbmfs.o [12]
    .text            ro code  0x00016e50    0x5a6  part_mgr.o [6]
    .text            ro code  0x000173f6      0xe  io_ferr.o [7]
    .text            ro code  0x00017404   0x1222  mfs_init.o [6]
    .text            ro code  0x00018628     0x7c  io_uinst.o [7]
    .text            ro code  0x000186a4    0xb54  host_common.o [12]
    .text            ro code  0x000191f8     0x90  usb_host_msd_ufi.o [12]
    .text            ro code  0x00019288     0x10  ti_getp.o [7]
    .text            ro code  0x00019298     0x98  lws_wati.o [7]
    .text            ro code  0x00019330     0x30  ti_delti.o [7]
    .text            ro code  0x00019360     0xa2  mfs_valdev.o [6]
    .text            ro code  0x00019404    0x39c  mfs_open.o [6]
    .text            ro code  0x000197a0    0x4bc  mfs_create.o [6]
    .text            ro code  0x00019c5c    0x2d0  mfs_read.o [6]
    .text            ro code  0x00019f2c    0x430  mfs_write.o [6]
    .text            ro code  0x0001a35c    0x7f8  mfs_directory.o [6]
    .text            ro code  0x0001ab54     0xf4  mfs_attribute.o [6]
    .text            ro code  0x0001ac48     0xe4  mfs_time.o [6]
    .text            ro code  0x0001ad2c    0x7ce  mfs_lfn.o [6]
    .text            ro code  0x0001b4fa    0x102  mfs_delete.o [6]
    .text            ro code  0x0001b5fc    0x2c0  mfs_rename.o [6]
    .text            ro code  0x0001b8bc    0x89c  mfs_format.o [6]
    .text            ro code  0x0001c158     0x10  qu_util.o [7]
    .text            ro code  0x0001c168     0x68  usb_mqx.o [12]
    .text            ro code  0x0001c1d0    0x3d2  host_dev_list.o [12]
    .text            ro code  0x0001c5a4    0x564  host_main.o [12]
    .text            ro code  0x0001cb08    0x660  host_ch9.o [12]
    .text            ro code  0x0001d168    0x670  usb_host_msd_bo.o [12]
    .text            ro code  0x0001d7d8     0x36  lws_wain.o [7]
    .text            ro code  0x0001d80e    0x79a  mfs_search.o [6]
    .text            ro code  0x0001dfa8     0xf6  mfs_handle.o [6]
    .text            ro code  0x0001e0a0    0x7f6  mfs_dir_entry.o [6]
    .text            ro code  0x0001e896     0x20  qu_head.o [7]
    .text            ro code  0x0001e8b6     0x22  qu_next.o [7]
    .text            ro code  0x0001e8d8    0x57c  mfs_parse.o [6]
    .text            ro code  0x0001ee54     0x50  host_close.o [12]
    .text            ro code  0x0001eea4     0x5a  usb_mk60.o [3]
    .text            ro code  0x0001eefe     0xa2  usb_host_msd_queue.o [12]
    .text            ro code  0x0001efa0     0x58  host_snd.o [12]
    .text            ro code  0x0001eff8     0x58  host_rcv.o [12]
    .text            ro code  0x0001f050     0x30  pa_sallz.o [7]
    .text            ro code  0x0001f080     0x1e  qu_unlnk.o [7]
    .text            ro code  0x0001f09e     0x1e  strcat.o [4]
    .text            ro code  0x0001f0bc    0x220  USB_Task.o [1]
    .text            ro code  0x0001f2dc     0x86  lwe_crea.o [7]
    .text            ro code  0x0001f364     0x20  int_iunx.o [7]
    .text            ro code  0x0001f384     0x34  lwe_clr.o [7]
    .text            ro code  0x0001f3b8     0x48  lwe_watt.o [7]
    .text            ro code  0x0001f400     0x10  int_idef.o [7]
    .text            ro code  0x0001f410     0xf0  lwe_waii.o [7]
    .text            ro code  0x0001f500    0x16c  mem_flash.o [1]
    .text            ro code  0x0001f66c     0x94  pin2.o [1]
    .text            ro code  0x0001f700     0xac  tq_tsusp.o [7]
    .text            ro code  0x0001f7ac     0x98  ta_prio.o [7]
    .text            ro code  0x0001f844     0x68  sc_sprio.o [7]
    .text            ro code  0x0001f8ac      0x4  ta_sync.o [7]
    .text            ro code  0x0001f8b0    0x29c  tcpip_socket_task.o [1]
    .text            ro code  0x0001fb4c    0x1a0  soselset.o [9]
    .text            ro code  0x0001fcec     0xbc  sosel0.o [9]
    .text            ro code  0x0001fda8     0xd4  timer.o [9]
    .text            ro code  0x0001fe7c    0x3c4  yada_prj.o [1]
    .text            ro code  0x00020240    0x3ec  timer_lpt.o [3]
    .text            ro code  0x0002062c     0x7c  timer_lpt_kinetis.o [3]
    .text            ro code  0x000206a8     0x22  I64Shl.o [8]
    .text            ro code  0x000206cc   0x12f0  ftpd_cmd.o [9]
    .text            ro code  0x000219bc     0x24  ftpd_cmd.o [9]
    .text            ro code  0x000219e0      0x4  strpbrk.o [4]
    .text            ro code  0x000219e4     0x18  rtcsmsec.o [9]
    .text            ro code  0x000219fc     0x20  io_ftell.o [7]
    .text            ro code  0x00021a1c     0x22  strpbrk.o [4]
    .text            ro code  0x00021a3e     0x1a  ti_elaps.o [7]
    .text            ro code  0x00021a58     0x40  ti_elapt.o [7]
    .text            ro code  0x00021a98    0x3be  ip-e.o [9]
    .text            ro code  0x00021e58    0x82c  arp.o [9]
    .text            ro code  0x00022684     0x94  enopen.o [3]
    .text            ro code  0x00022718     0x82  enclose.o [3]
    .text            ro code  0x0002279c     0xdc  rtcsrand.o [9]
    .text            ro code  0x00022878    0x496  rtcspcb.o [9]
    .text            ro code  0x00022d0e    0x162  ensend.o [3]
    .text            ro code  0x00022e70    0x24c  iputil.o [9]
    .text            ro code  0x000230bc      0x4  proxyarp.o [9]
    .text            ro code  0x000230c0     0x3c  lws_poll.o [7]
    .text            ro code  0x000230fc    0x24c  ipradix.o [9]
    .text            ro code  0x00023348     0x94  sh_cmdlist.o [11]
    .text            ro code  0x000233dc    0x1f0  sh_copy.o [11]
    .text            ro code  0x000235cc    0x118  sh_create.o [11]
    .text            ro code  0x000236e4    0x11c  sh_del.o [11]
    .text            ro code  0x00023800    0x108  sh_df.o [11]
    .text            ro code  0x00023908    0x154  sh_dir.o [11]
    .text            ro code  0x00023a5c    0x1bc  sh_disect.o [11]
    .text            ro code  0x00023c18     0x68  sh_exit.o [11]
    .text            ro code  0x00023c80    0x17c  sh_format.o [11]
    .text            ro code  0x00023dfc    0x108  sh_help.o [11]
    .text            ro code  0x00023f04    0x22c  sh_read.o [11]
    .text            ro code  0x00024130     0x40  io_fputc.o [7]
    .text            ro code  0x00024170    0x188  sh_rename.o [11]
    .text            ro code  0x000242f8    0x12c  sh_rmdir.o [11]
    .text            ro code  0x00024424     0xd8  sh_sh.o [11]
    .text            ro code  0x000244fc    0x130  sh_type.o [11]
    .text            ro code  0x0002462c    0x250  sh_write.o [11]
    .text            ro code  0x0002487c    0xa94  khci.o [12]
    .text            ro code  0x00025310     0x92  lwmsgq.o [7]
    .text            ro code  0x000253a4    0x138  lwmsgq_recv.o [7]
    .text            ro code  0x000254dc     0x70  ta_creab.o [7]
    .text            ro code  0x0002554c    0x128  lwmsgq_send.o [7]
    .text            ro code  0x00025674    0x560  usb_host_hub_sm.o [12]
    .text            ro code  0x00025bd4    0x3ae  usb_host_hub.o [12]
    .text            ro code  0x00025f84    0x59c  sstream.o [9]
    .text            ro code  0x00026520    0x9f6  ip.o [9]
    .text            ro code  0x00026f18    0x76c  iproute.o [9]
    .text            ro code  0x00027684     0x86  checksum.o [9]
    .text            ro code  0x0002770a     0x44  ipsum.o [7]
    .text            ro code  0x00027750    0x680  icmp.o [9]
    .text            ro code  0x00027dd0     0x22  route.o [9]
    .text            ro code  0x00027df4    0x19e  iplocal.o [9]
    .text            ro code  0x00027f94    0x124  tcpip.o [9]
    .text            ro code  0x000280b8     0x16  ms_open.o [7]
    .text            ro code  0x000280d0     0x10  arpinit.o [9]
    .text            ro code  0x000280e0     0x18  bootinit.o [9]
    .text            ro code  0x000280f8     0x32  ms_recv.o [7]
    .text            ro code  0x0002812c    0x144  ms_openi.o [7]
    .text            ro code  0x00028270    0x320  ms_recvi.o [7]
    .text            ro code  0x00028590     0xe8  int_unx.o [7]
    .text            ro code  0x00028678    0x3c4  tcp_clos.o [9]
    .text            ro code  0x00028a3c    0x792  tcp_rcv.o [9]
    .text            ro code  0x000291ce    0x3a2  ticker.o [9]
    .text            ro code  0x00029570   0x16e2  tcp.o [9]
    .text            ro code  0x0002ac52    0x12c  sosel1.o [9]
    .text            ro code  0x0002ad80    0xfa8  tcp_send.o [9]
    .text            ro code  0x0002bd28    0x412  tcp_buf.o [9]
    .text            ro code  0x0002c13c     0x18  ti_getr.o [7]
    .text            ro code  0x0002c154    0x464  macnet_init.o [3]
    .text            ro code  0x0002c5b8     0x1c  macnet_mk60.o [3]
    .text            ro code  0x0002c5d4    0x49e  macnet_receive.o [3]
    .text            ro code  0x0002ca74    0x1d4  macnet_util.o [3]
    .text            ro code  0x0002cc48    0x11a  enrecv.o [3]
    .text            ro code  0x0002cd64     0x64  int_gisr.o [7]
    .text            ro code  0x0002cdc8    0x1e2  ta_dest.o [7]
    .text            ro code  0x0002cfac     0x6c  lwm_list.o [7]
    .text            ro code  0x0002d018      0x2  stack_de.o [7]
    .text            ro code  0x0002d01c     0x34  int_isr.o [7]
    .text            ro code  0x0002d050     0x10  td_serrt.o [7]
    .text            ro code  0x0002d060     0x40  idletask.o [7]
    .text            ro code  0x0002d0a0     0x60  ev_tdel.o [7]
    .text            ro code  0x0002d100     0x88  macnet_join.o [3]
    .text            ro code  0x0002d188     0xe8  macnet_mii.o [3]
    .text            ro code  0x0002d270     0x4c  macnet_stop.o [3]
    .text            ro code  0x0002d2bc     0x24  ta_exit.o [7]
    .text            ro code  0x0002d2e0    0x31c  udp.o [9]
    .text            ro code  0x0002d5fc    0x4fc  flash_ftfl.o [3]
    .text            ro code  0x0002daf8     0x24  flash_mk60.o [3]
    .text            ro code  0x0002db1c     0xd8  ms_tdel.o [7]
    .text            ro code  0x0002dbf4     0x98  pa_tdel.o [7]
    .text            ro code  0x0002dc8c    0x104  soip.o [9]
    .text            ro code  0x0002dd90    0x1ba  ipif_add.o [9]
    .text            ro code  0x0002df4a    0x178  phy_ks8721bl.o [3]
    .text            ro code  0x0002e0c2    0x2ba  macnet_send.o [3]
  KERNEL             ro code  0x0002e380    0x218  dispatch.o [7]
  .iar.init_table    const    0x0002e598     0x38  - Linker created -
  .rodata            const    0x0002e5d0      0x8  DSPSPI.o [1]
  .rodata            const    0x0002e5d8     0x1c  DSPSPI.o [1]
  .rodata            const    0x0002e5f4      0x8  DSPSPI.o [1]
  .rodata            const    0x0002e5fc     0x24  DSPSPI.o [1]
  .rodata            const    0x0002e620     0x24  DSPSPI.o [1]
  .rodata            const    0x0002e644     0x24  DSPSPI.o [1]
  .rodata            const    0x0002e668     0x10  DSPSPI.o [1]
  .rodata            const    0x0002e678     0x1c  DSPSPI.o [1]
  .rodata            const    0x0002e694     0x18  DSPSPI.o [1]
  .rodata            const    0x0002e6ac     0x1c  DSPSPI.o [1]
  .rodata            const    0x0002e6c8     0x18  DSPSPI.o [1]
  .rodata            const    0x0002e6e0      0x8  FTP_Task.o [1]
  .rodata            const    0x0002e6e8      0x8  FTP_Task.o [1]
  .rodata            const    0x0002e6f0      0x8  FTP_Task.o [1]
  .rodata            const    0x0002e6f8      0x4  FTP_Task.o [1]
  .rodata            const    0x0002e6fc      0x8  FTP_Task.o [1]
  .rodata            const    0x0002e704      0x8  FTP_Task.o [1]
  .rodata            const    0x0002e70c      0x8  FTP_Task.o [1]
  .rodata            const    0x0002e714      0x8  FTP_Task.o [1]
  .rodata            const    0x0002e71c      0x4  FTP_Task.o [1]
  .rodata            const    0x0002e720      0x8  FTP_Task.o [1]
  .rodata            const    0x0002e728      0x8  FTP_Task.o [1]
  .rodata            const    0x0002e730      0x8  FTP_Task.o [1]
  .rodata            const    0x0002e738      0x8  FTP_Task.o [1]
  .rodata            const    0x0002e740      0x8  FTP_Task.o [1]
  .rodata            const    0x0002e748      0x8  FTP_Task.o [1]
  .rodata            const    0x0002e750      0x4  FTP_Task.o [1]
  .rodata            const    0x0002e754      0x8  FTP_Task.o [1]
  .rodata            const    0x0002e75c      0x8  FTP_Task.o [1]
  .rodata            const    0x0002e764      0x8  FTP_Task.o [1]
  .rodata            const    0x0002e76c      0x8  FTP_Task.o [1]
  .rodata            const    0x0002e774      0x8  FTP_Task.o [1]
  .rodata            const    0x0002e77c      0x4  FTP_Task.o [1]
  .rodata            const    0x0002e780      0x8  FTP_Task.o [1]
  .rodata            const    0x0002e788      0x8  FTP_Task.o [1]
  .rodata            const    0x0002e790      0x8  FTP_Task.o [1]
  .rodata            const    0x0002e798      0x8  FTP_Task.o [1]
  .rodata            const    0x0002e7a0      0x8  FTP_Task.o [1]
  .rodata            const    0x0002e7a8      0x8  FTP_Task.o [1]
  .rodata            const    0x0002e7b0      0x8  FTP_Task.o [1]
  .rodata            const    0x0002e7b8      0x8  FTP_Task.o [1]
  .rodata            const    0x0002e7c0      0x8  FTP_Task.o [1]
  .rodata            const    0x0002e7c8     0x24  FTP_Task.o [1]
  .rodata            const    0x0002e7ec     0x24  FTP_Task.o [1]
  .rodata            const    0x0002e810     0x24  FTP_Task.o [1]
  .rodata            const    0x0002e834     0x14  FTP_Task.o [1]
  .rodata            const    0x0002e848      0xc  FTP_Task.o [1]
  .rodata            const    0x0002e854    0x100  FTP_Task.o [1]
  .rodata            const    0x0002e954      0x8  LCDDriver.o [1]
  .rodata            const    0x0002e95c      0x8  LCDUart.o [1]
  .rodata            const    0x0002e964      0xc  LCDUart.o [1]
  .rodata            const    0x0002e970     0x28  LCDUart.o [1]
  .rodata            const    0x0002e998     0x24  LCDUart.o [1]
  .rodata            const    0x0002e9bc     0x24  LCDUart.o [1]
  .rodata            const    0x0002e9e0     0x1c  LCDUart.o [1]
  .rodata            const    0x0002e9fc     0x10  LCDUart.o [1]
  .rodata            const    0x0002ea0c     0x1c  LCDUart.o [1]
  .rodata            const    0x0002ea28     0x18  LCDUart.o [1]
  .rodata            const    0x0002ea40      0xc  MenuView.o [1]
  .rodata            const    0x0002ea4c     0x10  MenuView.o [1]
  .rodata            const    0x0002ea5c     0x10  MenuView.o [1]
  .rodata            const    0x0002ea6c     0x14  MenuView.o [1]
  .rodata            const    0x0002ea80     0x14  MenuView.o [1]
  .rodata            const    0x0002ea94     0x38  MenuView.o [1]
  .rodata            const    0x0002eacc     0x3c  MenuView.o [1]
  .rodata            const    0x0002eb08      0x4  MenuView.o [1]
  .rodata            const    0x0002eb0c      0x8  MenuView.o [1]
  .rodata            const    0x0002eb14     0x24  MenuView.o [1]
  .rodata            const    0x0002eb38     0x48  MenuView.o [1]
  .rodata            const    0x0002eb80      0x8  MenuView.o [1]
  .rodata            const    0x0002eb88      0x8  MenuView.o [1]
  .rodata            const    0x0002eb90      0xc  MenuView.o [1]
  .rodata            const    0x0002eb9c      0x8  MenuView.o [1]
  .rodata            const    0x0002eba4     0x10  MenuView.o [1]
  .rodata            const    0x0002ebb4      0x8  MenuView.o [1]
  .rodata            const    0x0002ebbc      0x8  MenuView.o [1]
  .rodata            const    0x0002ebc4     0x2c  MenuView.o [1]
  .rodata            const    0x0002ebf0     0x58  MenuView.o [1]
  .rodata            const    0x0002ec48     0x10  MenuView.o [1]
  .rodata            const    0x0002ec58     0x10  MenuView.o [1]
  .rodata            const    0x0002ec68      0xc  MenuView.o [1]
  .rodata            const    0x0002ec74      0xc  MenuView.o [1]
  .rodata            const    0x0002ec80     0x24  MenuView.o [1]
  .rodata            const    0x0002eca4      0xc  MenuView.o [1]
  .rodata            const    0x0002ecb0      0x8  MenuView.o [1]
  .rodata            const    0x0002ecb8     0x20  MenuView.o [1]
  .rodata            const    0x0002ecd8     0x24  MenuView.o [1]
  .rodata            const    0x0002ecfc      0x8  MenuView.o [1]
  .rodata            const    0x0002ed04      0x8  MenuView.o [1]
  .rodata            const    0x0002ed0c      0x8  MenuView.o [1]
  .rodata            const    0x0002ed14      0xc  MenuView.o [1]
  .rodata            const    0x0002ed20      0x8  MenuView.o [1]
  .rodata            const    0x0002ed28      0x8  MenuView.o [1]
  .rodata            const    0x0002ed30      0x4  Shell_Task.o [1]
  .rodata            const    0x0002ed34      0x8  Shell_Task.o [1]
  .rodata            const    0x0002ed3c      0x8  Shell_Task.o [1]
  .rodata            const    0x0002ed44      0x4  Shell_Task.o [1]
  .rodata            const    0x0002ed48      0x8  Shell_Task.o [1]
  .rodata            const    0x0002ed50      0x4  Shell_Task.o [1]
  .rodata            const    0x0002ed54      0x4  Shell_Task.o [1]
  .rodata            const    0x0002ed58      0x8  Shell_Task.o [1]
  .rodata            const    0x0002ed60      0x8  Shell_Task.o [1]
  .rodata            const    0x0002ed68      0x8  Shell_Task.o [1]
  .rodata            const    0x0002ed70      0x8  Shell_Task.o [1]
  .rodata            const    0x0002ed78      0x4  Shell_Task.o [1]
  .rodata            const    0x0002ed7c      0x8  Shell_Task.o [1]
  .rodata            const    0x0002ed84      0x4  Shell_Task.o [1]
  .rodata            const    0x0002ed88      0x8  Shell_Task.o [1]
  .rodata            const    0x0002ed90      0x4  Shell_Task.o [1]
  .rodata            const    0x0002ed94      0x8  Shell_Task.o [1]
  .rodata            const    0x0002ed9c      0x8  Shell_Task.o [1]
  .rodata            const    0x0002eda4      0x8  Shell_Task.o [1]
  .rodata            const    0x0002edac      0x8  Shell_Task.o [1]
  .rodata            const    0x0002edb4     0x28  Shell_Task.o [1]
  .rodata            const    0x0002eddc     0x24  Shell_Task.o [1]
  .rodata            const    0x0002ee00     0x24  Shell_Task.o [1]
  .rodata            const    0x0002ee24     0x20  Shell_Task.o [1]
  .rodata            const    0x0002ee44     0xb0  Shell_Task.o [1]
  .rodata            const    0x0002eef4     0x1c  USB_File.o [1]
  .rodata            const    0x0002ef10     0x4c  USB_File.o [1]
  .rodata            const    0x0002ef5c     0x34  USB_File.o [1]
  .rodata            const    0x0002ef90     0x24  USB_File.o [1]
  .rodata            const    0x0002efb4     0x20  USB_File.o [1]
  .rodata            const    0x0002efd4     0x20  USB_File.o [1]
  .rodata            const    0x0002eff4     0x24  USB_File.o [1]
  .rodata            const    0x0002f018     0x24  USB_File.o [1]
  .rodata            const    0x0002f03c     0x2c  USB_File.o [1]
  .rodata            const    0x0002f068     0x24  USB_File.o [1]
  .rodata            const    0x0002f08c     0x20  USB_File.o [1]
  .rodata            const    0x0002f0ac     0x1c  USB_File.o [1]
  .rodata            const    0x0002f0c8     0x18  USB_File.o [1]
  .rodata            const    0x0002f0e0     0x2c  USB_File.o [1]
  .rodata            const    0x0002f10c     0x14  USB_File.o [1]
  .rodata            const    0x0002f120     0x24  USB_File.o [1]
  .rodata            const    0x0002f144     0x18  USB_File.o [1]
  .rodata            const    0x0002f15c     0x28  USB_File.o [1]
  .rodata            const    0x0002f184     0x18  USB_File.o [1]
  .rodata            const    0x0002f19c     0x2c  USB_File.o [1]
  .rodata            const    0x0002f1c8     0x18  USB_File.o [1]
  .rodata            const    0x0002f1e0     0x30  USB_File.o [1]
  .rodata            const    0x0002f210     0x14  USB_File.o [1]
  .rodata            const    0x0002f224     0x1c  USB_File.o [1]
  .rodata            const    0x0002f240     0x18  USB_File.o [1]
  .rodata            const    0x0002f258     0x24  USB_Task.o [1]
  .rodata            const    0x0002f27c     0x24  USB_Task.o [1]
  .rodata            const    0x0002f2a0     0x24  USB_Task.o [1]
  .rodata            const    0x0002f2c4      0x8  USB_Task.o [1]
  .rodata            const    0x0002f2cc      0x8  USB_Task.o [1]
  .rodata            const    0x0002f2d4      0x8  USB_Task.o [1]
  .rodata            const    0x0002f2dc      0x8  USB_Task.o [1]
  .rodata            const    0x0002f2e4     0x30  USB_Task.o [1]
  .rodata            const    0x0002f314      0x4  mem_flash.o [1]
  .rodata            const    0x0002f318      0x8  mem_flash.o [1]
  .rodata            const    0x0002f320     0x14  mem_flash.o [1]
  .rodata            const    0x0002f334      0x8  mem_flash.o [1]
  .rodata            const    0x0002f33c     0x18  mem_flash.o [1]
  .rodata            const    0x0002f354     0x18  mem_flash.o [1]
  .rodata            const    0x0002f36c     0x28  mem_flash.o [1]
  .rodata            const    0x0002f394     0x28  mem_flash.o [1]
  .rodata            const    0x0002f3bc     0x1c  mem_flash.o [1]
  .rodata            const    0x0002f3d8     0x20  mem_flash.o [1]
  .rodata            const    0x0002f3f8     0x30  mem_flash.o [1]
  .rodata            const    0x0002f428     0x1c  mem_flash.o [1]
  .rodata            const    0x0002f444      0xc  pin2.o [1]
  .rodata            const    0x0002f450      0xc  pin2.o [1]
  .rodata            const    0x0002f45c      0x8  pin2.o [1]
  .rodata            const    0x0002f464     0x28  sh_cd.o [1]
  .rodata            const    0x0002f48c     0x2c  sh_cd.o [1]
  .rodata            const    0x0002f4b8     0x1c  sh_cd.o [1]
  .rodata            const    0x0002f4d4     0x20  sh_cd.o [1]
  .rodata            const    0x0002f4f4     0x14  sh_cd.o [1]
  .rodata            const    0x0002f508     0x18  sh_cd.o [1]
  .rodata            const    0x0002f520     0x34  sh_cd.o [1]
  .rodata            const    0x0002f554     0x28  tcpip_socket_task.o [1]
  .rodata            const    0x0002f57c     0x2c  tcpip_socket_task.o [1]
  .rodata            const    0x0002f5a8     0x1c  tcpip_socket_task.o [1]
  .rodata            const    0x0002f5c4     0x28  tcpip_socket_task.o [1]
  .rodata            const    0x0002f5ec     0x20  tcpip_socket_task.o [1]
  .rodata            const    0x0002f60c     0x14  tcpip_socket_task.o [1]
  .rodata            const    0x0002f620      0x8  tcpip_socket_task.o [1]
  .rodata            const    0x0002f628     0x24  tcpip_socket_task.o [1]
  .rodata            const    0x0002f64c     0x10  yada_prj.o [1]
  .rodata            const    0x0002f65c      0xc  yada_prj.o [1]
  .rodata            const    0x0002f668      0xc  yada_prj.o [1]
  .rodata            const    0x0002f674     0x10  yada_prj.o [1]
  .rodata            const    0x0002f684      0xc  yada_prj.o [1]
  .rodata            const    0x0002f690      0xc  yada_prj.o [1]
  .rodata            const    0x0002f69c     0x10  yada_prj.o [1]
  .rodata            const    0x0002f6ac      0xc  yada_prj.o [1]
  .rodata            const    0x0002f6b8      0xc  yada_prj.o [1]
  .rodata            const    0x0002f6c4      0xc  yada_prj.o [1]
  .rodata            const    0x0002f6d0     0x20  yada_prj.o [1]
  .rodata            const    0x0002f6f0     0x24  yada_prj.o [1]
  .rodata            const    0x0002f714     0x24  yada_prj.o [1]
  .rodata            const    0x0002f738     0x24  yada_prj.o [1]
  .rodata            const    0x0002f75c      0x8  yada_prj.o [1]
  .rodata            const    0x0002f764      0x8  yada_prj.o [1]
  .rodata            const    0x0002f76c      0xc  yada_prj.o [1]
  .rodata            const    0x0002f778    0x140  yada_prj.o [1]
  .rodata            const    0x0002f8b8      0x4  ftpd_cmd.o [9]
  .rodata            const    0x0002f8bc     0x10  ftpd_cmd.o [9]
  .rodata            const    0x0002f8cc      0x8  ftpd_cmd.o [9]
  .rodata            const    0x0002f8d4      0xc  ftpd_cmd.o [9]
  .rodata            const    0x0002f8e0     0x14  ftpd_cmd.o [9]
  .rodata            const    0x0002f8f4      0x8  ftpd_cmd.o [9]
  .rodata            const    0x0002f8fc     0x20  ftpd_cmd.o [9]
  .rodata            const    0x0002f91c     0x24  ftpd_cmd.o [9]
  .rodata            const    0x0002f940     0x20  ftpd_cmd.o [9]
  .rodata            const    0x0002f960     0x30  ftpd_cmd.o [9]
  .rodata            const    0x0002f990     0x28  ftpd_cmd.o [9]
  .rodata            const    0x0002f9b8     0x24  ftpd_cmd.o [9]
  .rodata            const    0x0002f9dc     0x1c  ftpd_cmd.o [9]
  .rodata            const    0x0002f9f8      0x4  ftpd.o [9]
  .rodata            const    0x0002f9fc      0x8  ftpd.o [9]
  .rodata            const    0x0002fa04      0xc  ip-e.o [9]
  .rodata            const    0x0002fa10      0x4  ip-e.o [9]
  .rodata            const    0x0002fa14      0x8  rtcscmd.o [9]
  .rodata            const    0x0002fa1c     0x28  sh_mkdir.o [11]
  .rodata            const    0x0002fa44     0x2c  sh_mkdir.o [11]
  .rodata            const    0x0002fa70     0x20  sh_mkdir.o [11]
  .rodata            const    0x0002fa90     0x20  sh_mkdir.o [11]
  .rodata            const    0x0002fab0     0x14  sh_mkdir.o [11]
  .rodata            const    0x0002fac4     0x18  sh_mkdir.o [11]
  .rodata            const    0x0002fadc     0x30  sh_mkdir.o [11]
  .rodata            const    0x0002fb0c     0x28  sh_pwd.o [11]
  .rodata            const    0x0002fb34     0x20  sh_pwd.o [11]
  .rodata            const    0x0002fb54      0x8  sh_pwd.o [11]
  .rodata            const    0x0002fb5c      0x8  sh_pwd.o [11]
  .rodata            const    0x0002fb64      0xc  sh_pwd.o [11]
  .rodata            const    0x0002fb70     0x28  sh_read_wk.o [11]
  .rodata            const    0x0002fb98     0x18  sh_read_wk.o [11]
  .rodata            const    0x0002fbb0     0x20  sh_read_wk.o [11]
  .rodata            const    0x0002fbd0      0x8  sh_read_wk.o [11]
  .rodata            const    0x0002fbd8      0x8  sh_read_wk.o [11]
  .rodata            const    0x0002fbe0     0x1c  sh_read_wk.o [11]
  .rodata            const    0x0002fbfc     0x1c  sh_read_wk.o [11]
  .rodata            const    0x0002fc18     0x2c  sh_read_wk.o [11]
  .rodata            const    0x0002fc44     0x14  sh_read_wk.o [11]
  .rodata            const    0x0002fc58      0x8  sh_read_wk.o [11]
  .rodata            const    0x0002fc60     0x20  sh_read_wk.o [11]
  .rodata            const    0x0002fc80     0x20  sh_read_wk.o [11]
  .rodata            const    0x0002fca0     0x30  sh_read_wk.o [11]
  .rodata            const    0x0002fcd0     0x38  sh_read_wk.o [11]
  .rodata            const    0x0002fd08     0x28  sh_read_wk.o [11]
  .rodata            const    0x0002fd30     0x2c  sh_read_wk.o [11]
  .rodata            const    0x0002fd5c     0x34  sh_read_wk.o [11]
  .rodata            const    0x0002fd90     0x20  sh_read_wk.o [11]
  .rodata            const    0x0002fdb0     0x28  sh_search_file_1.o [11]
  .rodata            const    0x0002fdd8     0x20  sh_search_file_1.o [11]
  .rodata            const    0x0002fdf8     0x14  sh_search_file_1.o [11]
  .rodata            const    0x0002fe0c     0x14  sh_search_file_1.o [11]
  .rodata            const    0x0002fe20     0x20  sh_search_file_1.o [11]
  .rodata            const    0x0002fe40     0x24  sh_search_file_1.o [11]
  .rodata            const    0x0002fe64     0x24  sh_search_file_1.o [11]
  .rodata            const    0x0002fe88     0x14  sh_search_file_1.o [11]
  .rodata            const    0x0002fe9c     0x24  sh_search_file_1.o [11]
  .rodata            const    0x0002fec0     0x30  sh_search_file_1.o [11]
  .rodata            const    0x0002fef0      0x8  sh_search_file_1.o [11]
  .rodata            const    0x0002fef8      0x8  sh_update.o [11]
  .rodata            const    0x0002ff00     0x24  sh_update.o [11]
  .rodata            const    0x0002ff24     0x28  sh_update.o [11]
  .rodata            const    0x0002ff4c     0x28  sh_update.o [11]
  .rodata            const    0x0002ff74     0x1c  sh_update.o [11]
  .rodata            const    0x0002ff90     0x28  sh_write_binary.o [11]
  .rodata            const    0x0002ffb8     0x20  sh_write_binary.o [11]
  .rodata            const    0x0002ffd8      0x8  sh_write_binary.o [11]
  .rodata            const    0x0002ffe0      0x8  sh_write_binary.o [11]
  .rodata            const    0x0002ffe8     0x1c  sh_write_binary.o [11]
  .rodata            const    0x00030004     0x1c  sh_write_binary.o [11]
  .rodata            const    0x00030020     0x2c  sh_write_binary.o [11]
  .rodata            const    0x0003004c     0x20  sh_write_binary.o [11]
  .rodata            const    0x0003006c     0x20  sh_write_binary.o [11]
  .rodata            const    0x0003008c     0x38  sh_write_binary.o [11]
  .rodata            const    0x000300c4     0x3c  sh_write_binary.o [11]
  .rodata            const    0x00030100     0x28  sh_write_binary.o [11]
  .rodata            const    0x00030128     0x2c  sh_write_binary.o [11]
  .rodata            const    0x00030154     0x34  sh_write_binary.o [11]
  .rodata            const    0x00030188     0x20  sh_write_binary.o [11]
  .rodata            const    0x000301a8     0x1c  sh_write_binary.o [11]
  .rodata            const    0x000301c4     0x10  mfs_misc.o [6]
  .rodata            const    0x000301d4     0x1c  mfs_misc.o [6]
  .rodata            const    0x000301f0     0x14  mfs_misc.o [6]
  .rodata            const    0x00030204     0x14  mfs_misc.o [6]
  .rodata            const    0x00030218     0x14  mfs_misc.o [6]
  .rodata            const    0x0003022c     0x14  mfs_misc.o [6]
  .rodata            const    0x00030240     0x18  mfs_misc.o [6]
  .rodata            const    0x00030258     0x24  mfs_misc.o [6]
  .rodata            const    0x0003027c     0x24  mfs_misc.o [6]
  .rodata            const    0x000302a0     0x1c  mfs_misc.o [6]
  .rodata            const    0x000302bc     0x14  mfs_misc.o [6]
  .rodata            const    0x000302d0     0x28  mfs_misc.o [6]
  .rodata            const    0x000302f8     0x14  mfs_misc.o [6]
  .rodata            const    0x0003030c     0x18  mfs_misc.o [6]
  .rodata            const    0x00030324     0x10  mfs_misc.o [6]
  .rodata            const    0x00030334     0x10  mfs_misc.o [6]
  .rodata            const    0x00030344     0x18  mfs_misc.o [6]
  .rodata            const    0x0003035c     0x10  mfs_misc.o [6]
  .rodata            const    0x0003036c     0x18  mfs_misc.o [6]
  .rodata            const    0x00030384     0x18  mfs_misc.o [6]
  .rodata            const    0x0003039c     0x10  mfs_misc.o [6]
  .rodata            const    0x000303ac     0x14  mfs_misc.o [6]
  .rodata            const    0x000303c0      0x8  mfs_misc.o [6]
  .rodata            const    0x000303c8     0x1c  mfs_misc.o [6]
  .rodata            const    0x000303e4     0x14  mfs_misc.o [6]
  .rodata            const    0x000303f8     0x1c  mfs_misc.o [6]
  .rodata            const    0x00030414     0x1c  mfs_misc.o [6]
  .rodata            const    0x00030430     0x18  mfs_misc.o [6]
  .rodata            const    0x00030448     0x20  mfs_misc.o [6]
  .rodata            const    0x00030468     0x10  mfs_misc.o [6]
  .rodata            const    0x00030478     0x14  mfs_misc.o [6]
  .rodata            const    0x0003048c     0x1c  mfs_misc.o [6]
  .rodata            const    0x000304a8     0x1c  mfs_misc.o [6]
  .rodata            const    0x000304c4     0x14  mfs_misc.o [6]
  .rodata            const    0x000304d8     0x18  mfs_misc.o [6]
  .rodata            const    0x000304f0     0x14  mfs_misc.o [6]
  .rodata            const    0x00030504     0x14  mfs_misc.o [6]
  .rodata            const    0x00030518     0x14  shell.o [11]
  .rodata            const    0x0003052c      0xc  shell.o [11]
  .rodata            const    0x00030538     0x30  shell.o [11]
  .rodata            const    0x00030568      0xc  shell.o [11]
  .rodata            const    0x00030574      0x8  shell.o [11]
  .rodata            const    0x0003057c     0x38  shell.o [11]
  .rodata            const    0x000305b4     0x14  shell.o [11]
  .rodata            const    0x000305c8      0x8  sh_cmdlist.o [11]
  .rodata            const    0x000305d0      0xc  sh_cmdlist.o [11]
  .rodata            const    0x000305dc     0x28  sh_copy.o [11]
  .rodata            const    0x00030604     0x20  sh_copy.o [11]
  .rodata            const    0x00030624     0x2c  sh_copy.o [11]
  .rodata            const    0x00030650     0x24  sh_copy.o [11]
  .rodata            const    0x00030674     0x2c  sh_copy.o [11]
  .rodata            const    0x000306a0     0x40  sh_copy.o [11]
  .rodata            const    0x000306e0     0x18  sh_copy.o [11]
  .rodata            const    0x000306f8     0x1c  sh_copy.o [11]
  .rodata            const    0x00030714     0x24  sh_copy.o [11]
  .rodata            const    0x00030738     0x20  sh_copy.o [11]
  .rodata            const    0x00030758     0x28  sh_create.o [11]
  .rodata            const    0x00030780     0x20  sh_create.o [11]
  .rodata            const    0x000307a0     0x2c  sh_create.o [11]
  .rodata            const    0x000307cc     0x20  sh_create.o [11]
  .rodata            const    0x000307ec     0x1c  sh_create.o [11]
  .rodata            const    0x00030808     0x20  sh_create.o [11]
  .rodata            const    0x00030828     0x28  sh_create.o [11]
  .rodata            const    0x00030850     0x20  sh_create.o [11]
  .rodata            const    0x00030870     0x28  sh_del.o [11]
  .rodata            const    0x00030898     0x20  sh_del.o [11]
  .rodata            const    0x000308b8     0x2c  sh_del.o [11]
  .rodata            const    0x000308e4     0x18  sh_del.o [11]
  .rodata            const    0x000308fc      0xc  sh_del.o [11]
  .rodata            const    0x00030908     0x14  sh_del.o [11]
  .rodata            const    0x0003091c     0x24  sh_del.o [11]
  .rodata            const    0x00030940     0x28  sh_df.o [11]
  .rodata            const    0x00030968     0x14  sh_df.o [11]
  .rodata            const    0x0003097c     0x18  sh_df.o [11]
  .rodata            const    0x00030994     0x38  sh_df.o [11]
  .rodata            const    0x000309cc     0x20  sh_df.o [11]
  .rodata            const    0x000309ec     0x18  sh_df.o [11]
  .rodata            const    0x00030a04     0x20  sh_df.o [11]
  .rodata            const    0x00030a24      0x8  sh_df.o [11]
  .rodata            const    0x00030a2c     0x28  sh_dir.o [11]
  .rodata            const    0x00030a54     0x20  sh_dir.o [11]
  .rodata            const    0x00030a74     0x14  sh_dir.o [11]
  .rodata            const    0x00030a88     0x24  sh_dir.o [11]
  .rodata            const    0x00030aac     0x24  sh_dir.o [11]
  .rodata            const    0x00030ad0     0x1c  sh_dir.o [11]
  .rodata            const    0x00030aec     0x24  sh_dir.o [11]
  .rodata            const    0x00030b10     0x24  sh_dir.o [11]
  .rodata            const    0x00030b34     0x30  sh_dir.o [11]
  .rodata            const    0x00030b64     0x28  sh_disect.o [11]
  .rodata            const    0x00030b8c     0x18  sh_disect.o [11]
  .rodata            const    0x00030ba4     0x20  sh_disect.o [11]
  .rodata            const    0x00030bc4     0x28  sh_disect.o [11]
  .rodata            const    0x00030bec     0x24  sh_disect.o [11]
  .rodata            const    0x00030c10     0x10  sh_disect.o [11]
  .rodata            const    0x00030c20      0x8  sh_disect.o [11]
  .rodata            const    0x00030c28     0x18  sh_disect.o [11]
  .rodata            const    0x00030c40     0x20  sh_disect.o [11]
  .rodata            const    0x00030c60     0x24  sh_disect.o [11]
  .rodata            const    0x00030c84     0x24  sh_disect.o [11]
  .rodata            const    0x00030ca8      0xc  sh_exit.o [11]
  .rodata            const    0x00030cb4      0x8  sh_format.o [11]
  .rodata            const    0x00030cbc      0x4  sh_format.o [11]
  .rodata            const    0x00030cc0      0x4  sh_format.o [11]
  .rodata            const    0x00030cc4      0x4  sh_format.o [11]
  .rodata            const    0x00030cc8      0x4  sh_format.o [11]
  .rodata            const    0x00030ccc     0x28  sh_format.o [11]
  .rodata            const    0x00030cf4     0x24  sh_format.o [11]
  .rodata            const    0x00030d18     0x10  sh_format.o [11]
  .rodata            const    0x00030d28     0x20  sh_format.o [11]
  .rodata            const    0x00030d48     0x2c  sh_format.o [11]
  .rodata            const    0x00030d74      0x8  sh_format.o [11]
  .rodata            const    0x00030d7c     0x20  sh_format.o [11]
  .rodata            const    0x00030d9c     0x28  sh_format.o [11]
  .rodata            const    0x00030dc4     0x40  sh_format.o [11]
  .rodata            const    0x00030e04     0x34  sh_format.o [11]
  .rodata            const    0x00030e38     0x14  sh_format.o [11]
  .rodata            const    0x00030e4c      0x8  sh_help.o [11]
  .rodata            const    0x00030e54      0x8  sh_help.o [11]
  .rodata            const    0x00030e5c     0x18  sh_help.o [11]
  .rodata            const    0x00030e74      0x8  sh_help.o [11]
  .rodata            const    0x00030e7c     0x28  sh_help.o [11]
  .rodata            const    0x00030ea4     0x10  sh_help.o [11]
  .rodata            const    0x00030eb4     0x18  sh_help.o [11]
  .rodata            const    0x00030ecc     0x28  sh_help.o [11]
  .rodata            const    0x00030ef4     0x28  sh_read.o [11]
  .rodata            const    0x00030f1c     0x18  sh_read.o [11]
  .rodata            const    0x00030f34     0x20  sh_read.o [11]
  .rodata            const    0x00030f54      0x8  sh_read.o [11]
  .rodata            const    0x00030f5c      0x8  sh_read.o [11]
  .rodata            const    0x00030f64     0x1c  sh_read.o [11]
  .rodata            const    0x00030f80     0x1c  sh_read.o [11]
  .rodata            const    0x00030f9c     0x2c  sh_read.o [11]
  .rodata            const    0x00030fc8     0x14  sh_read.o [11]
  .rodata            const    0x00030fdc      0x8  sh_read.o [11]
  .rodata            const    0x00030fe4     0x20  sh_read.o [11]
  .rodata            const    0x00031004     0x20  sh_read.o [11]
  .rodata            const    0x00031024     0x30  sh_read.o [11]
  .rodata            const    0x00031054     0x38  sh_read.o [11]
  .rodata            const    0x0003108c     0x28  sh_read.o [11]
  .rodata            const    0x000310b4     0x2c  sh_read.o [11]
  .rodata            const    0x000310e0     0x34  sh_read.o [11]
  .rodata            const    0x00031114     0x20  sh_read.o [11]
  .rodata            const    0x00031134     0x28  sh_rename.o [11]
  .rodata            const    0x0003115c     0x2c  sh_rename.o [11]
  .rodata            const    0x00031188     0x34  sh_rename.o [11]
  .rodata            const    0x000311bc     0x20  sh_rename.o [11]
  .rodata            const    0x000311dc     0x18  sh_rename.o [11]
  .rodata            const    0x000311f4     0x1c  sh_rename.o [11]
  .rodata            const    0x00031210     0x20  sh_rename.o [11]
  .rodata            const    0x00031230     0x28  sh_rename.o [11]
  .rodata            const    0x00031258     0x24  sh_rename.o [11]
  .rodata            const    0x0003127c     0x28  sh_rmdir.o [11]
  .rodata            const    0x000312a4     0x2c  sh_rmdir.o [11]
  .rodata            const    0x000312d0     0x20  sh_rmdir.o [11]
  .rodata            const    0x000312f0     0x20  sh_rmdir.o [11]
  .rodata            const    0x00031310     0x14  sh_rmdir.o [11]
  .rodata            const    0x00031324     0x14  sh_rmdir.o [11]
  .rodata            const    0x00031338     0x18  sh_rmdir.o [11]
  .rodata            const    0x00031350     0x30  sh_rmdir.o [11]
  .rodata            const    0x00031380     0x28  sh_sh.o [11]
  .rodata            const    0x000313a8     0x20  sh_sh.o [11]
  .rodata            const    0x000313c8     0x10  sh_sh.o [11]
  .rodata            const    0x000313d8     0x18  sh_sh.o [11]
  .rodata            const    0x000313f0     0x28  sh_sh.o [11]
  .rodata            const    0x00031418     0x20  sh_type.o [11]
  .rodata            const    0x00031438     0x2c  sh_type.o [11]
  .rodata            const    0x00031464     0x20  sh_type.o [11]
  .rodata            const    0x00031484     0x38  sh_type.o [11]
  .rodata            const    0x000314bc     0x10  sh_type.o [11]
  .rodata            const    0x000314cc     0x18  sh_type.o [11]
  .rodata            const    0x000314e4     0x28  sh_type.o [11]
  .rodata            const    0x0003150c     0x28  sh_write.o [11]
  .rodata            const    0x00031534     0x20  sh_write.o [11]
  .rodata            const    0x00031554     0x18  sh_write.o [11]
  .rodata            const    0x0003156c      0x8  sh_write.o [11]
  .rodata            const    0x00031574      0x8  sh_write.o [11]
  .rodata            const    0x0003157c     0x1c  sh_write.o [11]
  .rodata            const    0x00031598     0x1c  sh_write.o [11]
  .rodata            const    0x000315b4     0x2c  sh_write.o [11]
  .rodata            const    0x000315e0     0x20  sh_write.o [11]
  .rodata            const    0x00031600     0x20  sh_write.o [11]
  .rodata            const    0x00031620     0x30  sh_write.o [11]
  .rodata            const    0x00031650     0x38  sh_write.o [11]
  .rodata            const    0x00031688     0x28  sh_write.o [11]
  .rodata            const    0x000316b0     0x2c  sh_write.o [11]
  .rodata            const    0x000316dc     0x34  sh_write.o [11]
  .rodata            const    0x00031710     0x20  sh_write.o [11]
  .rodata            const    0x00031730     0x20  usbmfs.o [12]
  .rodata            const    0x00031750      0xc  khci.o [12]
  .rodata            const    0x0003175c     0x38  khci.o [12]
  .rodata            const    0x00031794     0x50  host_common.o [12]
  .rodata            const    0x000317e4     0x50  usb_mqx.o [12]
  .rodata            const    0x00031834     0x50  host_main.o [12]
  .rodata            const    0x00031884      0x8  sh_util.o [11]
  .rodata            const    0x0003188c      0x8  sh_util.o [11]
  .rodata            const    0x00031894     0x3c  sstream.o [9]
  .rodata            const    0x000318d0     0x58  usb_host_hub.o [12]
  .rodata            const    0x00031928     0x5c  usb_host_msd_bo.o [12]
  .rodata            const    0x00031984     0x10  timer_lpt.o [3]
  .rodata            const    0x00031994      0xc  timer_lpt.o [3]
  .rodata            const    0x000319a0     0x18  mqx.o [7]
  .rodata            const    0x000319b8      0xc  mqx.o [7]
  .rodata            const    0x000319c4      0x4  mqx.o [7]
  .rodata            const    0x000319c8      0x4  mqx.o [7]
  .rodata            const    0x000319cc     0x14  io_dopr.o [7]
  .rodata            const    0x000319e0     0x14  io_dopr.o [7]
  .rodata            const    0x000319f4      0x8  init_enet.o [3]
  .rodata            const    0x000319fc     0x10  init_enet.o [3]
  .rodata            const    0x00031a0c     0x24  init_enet.o [3]
  .rodata            const    0x00031a30      0x8  init_enet.o [3]
  .rodata            const    0x00031a38      0x8  sotcp.o [9]
  .rodata            const    0x00031a40      0x4  dir_read.o [6]
  .rodata            const    0x00031a44      0x4  dir_read.o [6]
  .rodata            const    0x00031a48      0x4  dir_read.o [6]
  .rodata            const    0x00031a4c      0x4  dir_read.o [6]
  .rodata            const    0x00031a50      0x4  dir_read.o [6]
  .rodata            const    0x00031a54      0x4  dir_read.o [6]
  .rodata            const    0x00031a58      0x4  dir_read.o [6]
  .rodata            const    0x00031a5c      0x4  dir_read.o [6]
  .rodata            const    0x00031a60      0x4  dir_read.o [6]
  .rodata            const    0x00031a64      0x4  dir_read.o [6]
  .rodata            const    0x00031a68      0x4  dir_read.o [6]
  .rodata            const    0x00031a6c      0x4  dir_read.o [6]
  .rodata            const    0x00031a70     0x40  dir_read.o [6]
  .rodata            const    0x00031ab0     0x14  dir_read.o [6]
  .rodata            const    0x00031ac4     0x10  dir_read.o [6]
  .rodata            const    0x00031ad4      0xc  dir_read.o [6]
  .rodata            const    0x00031ae0      0xc  dir_read.o [6]
  .rodata            const    0x00031aec      0x8  dir_read.o [6]
  .rodata            const    0x00031af4      0x8  dir_read.o [6]
  .rodata            const    0x00031afc     0x30  dir_read.o [6]
  .rodata            const    0x00031b2c     0x18  ftpd_msg.o [9]
  .rodata            const    0x00031b44     0x1c  ftpd_msg.o [9]
  .rodata            const    0x00031b60     0x34  ftpd_msg.o [9]
  .rodata            const    0x00031b94     0x30  ftpd_msg.o [9]
  .rodata            const    0x00031bc4     0x10  ftpd_msg.o [9]
  .rodata            const    0x00031bd4     0x14  ftpd_msg.o [9]
  .rodata            const    0x00031be8     0x14  ftpd_msg.o [9]
  .rodata            const    0x00031bfc     0x18  ftpd_msg.o [9]
  .rodata            const    0x00031c14     0x18  ftpd_msg.o [9]
  .rodata            const    0x00031c2c     0x20  ftpd_msg.o [9]
  .rodata            const    0x00031c4c     0x18  ftpd_msg.o [9]
  .rodata            const    0x00031c64     0x10  ftpd_msg.o [9]
  .rodata            const    0x00031c74     0x3c  ftpd_msg.o [9]
  .rodata            const    0x00031cb0     0x38  ftpd_msg.o [9]
  .rodata            const    0x00031ce8     0x30  ftpd_msg.o [9]
  .rodata            const    0x00031d18     0x1c  ftpd_msg.o [9]
  .rodata            const    0x00031d34      0xc  ftpd_msg.o [9]
  .rodata            const    0x00031d40     0x30  ftpd_msg.o [9]
  .rodata            const    0x00031d70     0x30  ftpd_msg.o [9]
  .rodata            const    0x00031da0     0x20  ftpd_msg.o [9]
  .rodata            const    0x00031dc0     0x20  ftpd_msg.o [9]
  .rodata            const    0x00031de0     0x1c  ftpd_msg.o [9]
  .rodata            const    0x00031dfc      0xc  ftpd_msg.o [9]
  .rodata            const    0x00031e08     0x14  ftpd_msg.o [9]
  .rodata            const    0x00031e1c     0x14  ftpd_msg.o [9]
  .rodata            const    0x00031e30     0x14  ftpd_msg.o [9]
  .rodata            const    0x00031e44     0x34  ftpd_msg.o [9]
  .rodata            const    0x00031e78     0x20  ftpd_msg.o [9]
  .rodata            const    0x00031e98     0x1c  ftpd_msg.o [9]
  .rodata            const    0x00031eb4     0x20  ftpd_msg.o [9]
  .rodata            const    0x00031ed4     0x38  ftpd_msg.o [9]
  .rodata            const    0x00031f0c      0x8  soip.o [9]
  .rodata            const    0x00031f14     0x68  ti_rom.o [7]
  .rodata            const    0x00031f7c    0x20c  ti_rom.o [7]
  .rodata            const    0x00032188     0x14  mfs_create.o [6]
  .rodata            const    0x0003219c     0x14  mfs_create.o [6]
  .rodata            const    0x000321b0     0x14  mfs_format.o [6]
  .rodata            const    0x000321c4     0x14  mfs_format.o [6]
  .rodata            const    0x000321d8     0x14  mfs_format.o [6]
  .rodata            const    0x000321ec     0x30  mfs_format.o [6]
  .rodata            const    0x0003221c      0x8  mfs_lfn.o [6]
  .rodata            const    0x00032224      0xc  mfs_lfn.o [6]
  .rodata            const    0x00032230     0x54  host_dev_list.o [12]
  .rodata            const    0x00032284     0x24  host_dev_list.o [12]
  .rodata            const    0x000322a8     0x20  int_unx.o [7]
  .rodata            const    0x000322c8     0x30  int_unx.o [7]
  .rodata            const    0x000322f8     0x3c  int_unx.o [7]
  .rodata            const    0x00032334     0x14  int_unx.o [7]
  .rodata            const    0x00032348     0x28  int_unx.o [7]
  .rodata            const    0x00032370     0x50  host_ch9.o [12]
  .rodata            const    0x000323c0      0x8  host_ch9.o [12]
  .rodata            const    0x000323c8     0x50  host_rcv.o [12]
  .rodata            const    0x00032418     0x50  host_snd.o [12]
  .rodata            const    0x00032468      0x4  timer_lpt_kinetis.o [3]
  .rodata            const    0x0003246c      0x4  timer_lpt_kinetis.o [3]
  .rodata            const    0x00032470      0x4  timer_lpt_kinetis.o [3]
  .rodata            const    0x00032474      0x8  init_bsp.o [3]
  .rodata            const    0x0003247c      0x8  init_bsp.o [3]
  .rodata            const    0x00032484      0x8  init_bsp.o [3]
  .rodata            const    0x0003248c      0x8  init_bsp.o [3]
  .rodata            const    0x00032494      0x8  init_bsp.o [3]
  .rodata            const    0x0003249c      0x8  init_bsp.o [3]
  .rodata            const    0x000324a4      0x8  init_bsp.o [3]
  .rodata            const    0x000324ac      0x8  init_bsp.o [3]
  .rodata            const    0x000324b4      0x8  init_bsp.o [3]
  .rodata            const    0x000324bc      0x8  init_bsp.o [3]
  .rodata            const    0x000324c4      0x8  init_bsp.o [3]
  .rodata            const    0x000324cc      0x8  init_bsp.o [3]
  .rodata            const    0x000324d4      0x8  init_bsp.o [3]
  .rodata            const    0x000324dc      0x8  init_bsp.o [3]
  .rodata            const    0x000324e4      0x8  init_bsp.o [3]
  .rodata            const    0x000324ec      0x8  init_bsp.o [3]
  .rodata            const    0x000324f4      0x8  init_bsp.o [3]
  .rodata            const    0x000324fc      0x8  init_bsp.o [3]
  .rodata            const    0x00032504      0x8  init_bsp.o [3]
  .rodata            const    0x0003250c      0x8  init_bsp.o [3]
  .rodata            const    0x00032514      0x8  init_bsp.o [3]
  .rodata            const    0x0003251c      0x8  init_bsp.o [3]
  .rodata            const    0x00032524      0x8  init_bsp.o [3]
  .rodata            const    0x0003252c      0x8  init_bsp.o [3]
  .rodata            const    0x00032534     0x10  mqxiinit.o [7]
  .rodata            const    0x00032544     0x20  macnet_init.o [3]
  .rodata            const    0x00032564     0x14  phy_ks8721bl.o [3]
  .rodata            const    0x00032578      0xc  iplocal.o [9]
  .rodata            const    0x00032584      0x4  iplocal.o [9]
  .rodata            const    0x00032588      0xc  rtcsinit.o [9]
  .rodata            const    0x00032594     0x1c  init_gpio.o [3]
  .rodata            const    0x000325b0     0x1c  init_gpio.o [3]
  .rodata            const    0x000325cc      0x4  init_gpio.o [3]
  .rodata            const    0x000325d0     0x50  host_close.o [12]
  .rodata            const    0x00032620     0x1c  bsp_cm.o [3]
  .rodata            const    0x0003263c     0x78  bsp_cm.o [3]
  .rodata            const    0x000326b4     0x10  init_adc.o [3]
  .rodata            const    0x000326c4     0x18  init_adc.o [3]
  .rodata            const    0x000326dc     0x30  init_spi.o [3]
  .rodata            const    0x0003270c     0x30  init_spi.o [3]
  .rodata            const    0x0003273c     0x30  init_spi.o [3]
  .rodata            const    0x0003276c      0xc  init_esdhc.o [3]
  .rodata            const    0x00032778      0x8  init_flashx.o [3]
  .rodata            const    0x00032780      0x8  init_flashx.o [3]
  .rodata            const    0x00032788     0x30  init_flashx.o [3]
  .rodata            const    0x000327b8     0x20  init_flashx.o [3]
  .rodata            const    0x000327d8     0x14  init_i2c.o [3]
  .rodata            const    0x000327ec     0x20  init_sci.o [3]
  .rodata            const    0x0003280c     0x20  init_sci.o [3]
  .rodata            const    0x0003282c     0x20  init_sci.o [3]
  .rodata            const    0x0003284c     0x20  init_sci.o [3]
  .rodata            const    0x0003286c     0x20  init_sci.o [3]
  .rodata            const    0x0003288c     0x20  init_sci.o [3]
  .rodata            const    0x000328ac     0x1c  spi_dma_dspi.o [3]
  .rodata            const    0x000328c8     0x40  spi_dma_dspi.o [3]
  .rodata            const    0x00032908     0x10  spi_pol_dspi.o [3]
  .rodata            const    0x00032918     0x40  spi_pol_dspi.o [3]
  .rodata            const    0x00032958     0x10  spi_pol_dspi.o [3]
  .rodata            const    0x00032968    0x100  esdhc.o [3]
  .rodata            const    0x00032a68      0xc  i2c_pol_ki2c.o [3]
  .rodata            const    0x00032a74    0x100  i2c_pol_ki2c.o [3]
  .rodata            const    0x00032b74      0xc  serl_int_kuart.o [3]
  .rodata            const    0x00032b80     0x40  macnet_mk60.o [3]
  .rodata            const    0x00032bc0     0x30  flash_ftfl.o [3]
  .rodata            const    0x00032bf0     0x20  flash_ftfl.o [3]
  .rodata            const    0x00032c10      0xc  spi_mk60_dspi.o [3]
  .rodata            const    0x00032c1c      0xc  spi_mk60_dspi.o [3]
  .rodata            const    0x00032c28     0x20  adc_kadc.o [3]
  .rodata            const    0x00032c48      0xc  io_gpio_kgpio.o [3]
  .rodata            const    0x00032c54      0xc  io_gpio_kgpio.o [3]
  .rodata            const    0x00032c60      0xc  io_gpio_kgpio.o [3]
  .rodata            const    0x00032c6c      0xc  io_gpio_kgpio.o [3]
  .rodata            const    0x00032c78     0x14  io_gpio_kgpio.o [3]
  .rodata            const    0x00032c8c     0x14  io_gpio_kgpio.o [3]
  .rodata            const    0x00032ca0      0x8  io_gpio_kgpio.o [3]
  .rodata            const    0x00032ca8      0x8  io_gpio_kgpio.o [3]
  .rodata            const    0x00032cb0      0x8  adc_mk60.o [3]
  .rodata            const    0x00032cb8      0x8  mqx_init.o [3]
  .rodata            const    0x00032cc0     0x30  mqx_init.o [3]
  Initializer bytes  ro data  0x00032cf0     0xd0  <for P2 mid-1>
  .rodata            const    0x00032dc0      0x2  Shell_Task.o [1]
  Initializer bytes  ro data  0x00032dc4      0x4  <for KERNEL_DATA-1>
  .rodata            const    0x00032dc8      0x1  init_flashx.o [3]
  .rodata            const    0x00032dc9      0x0  bwt_init3c.o [8]
  FLASHX_POOL                 0x00033000      0x1  <Block>
    .flashx          const    0x00033000      0x1  vectors.o [3]
    .flashx          const    0x00033001      0x0  vectors.o [3]
                            - 0x00033001  0x32be1

"P2":                                      0x2544
  P2 mid-1                    0x1fff0000     0xd0  <Init block>
    .data            inited   0x1fff0000      0x2  DSPSPI.o [1]
    .data            inited   0x1fff0004      0x4  FTP_Task.o [1]
    .data            inited   0x1fff0008     0x28  MenuView.o [1]
    .data            inited   0x1fff0030      0xc  MenuView.o [1]
    .data            inited   0x1fff003c      0x8  MenuView.o [1]
    .data            inited   0x1fff0044      0x4  MenuView.o [1]
    .data            inited   0x1fff0048      0xc  MenuView.o [1]
[...]
                        0x0001c9cb   0x6e  Code  Gb  host_main.o [12]
_usb_host_init          0x0001c6c5  0x18a  Code  Gb  host_main.o [12]
_usb_host_init_call_interface
                        0x0001c5a5   0x1e  Code  Gb  host_main.o [12]
_usb_host_new_tr_element
                        0x0001c985   0x46  Code  Lc  host_main.o [12]
_usb_host_open_pipe     0x0001c8ef   0x96  Code  Gb  host_main.o [12]
_usb_host_open_pipe_call_interface
                        0x0001c665   0x20  Code  Gb  host_main.o [12]
_usb_host_open_pipe_cleanup
                        0x0001c8c5   0x2a  Code  Gb  host_main.o [12]
_usb_host_recv_data     0x0001eff9   0x58  Code  Gb  host_rcv.o [12]
_usb_host_recv_data_call_interface
                        0x0001c603   0x20  Code  Gb  host_main.o [12]
_usb_host_register_ch9_callback
                        0x0001cdeb   0x36  Code  Gb  host_ch9.o [12]
_usb_host_register_service
                        0x0001c84f   0x76  Code  Gb  host_main.o [12]
_usb_host_send_call_interface
                        0x0001c5c3   0x20  Code  Gb  host_main.o [12]
_usb_host_send_data     0x0001efa1   0x52  Code  Gb  host_snd.o [12]
_usb_host_send_setup    0x0001ca95   0x6a  Code  Gb  host_main.o [12]
_usb_host_send_setup_call_interface
                        0x0001c5e3   0x20  Code  Gb  host_main.o [12]
_usb_host_set_up_TR     0x0001ca39   0x5c  Code  Gb  host_main.o [12]
_usb_host_update_device_address_call_interface
                        0x0001c6a5   0x20  Code  Gb  host_main.o [12]
_usb_host_update_max_packet_size_call_interface
                        0x0001c685   0x20  Code  Gb  host_main.o [12]
_usb_hostdev_cntrl_request
                        0x0001d0c9   0x92  Code  Gb  host_ch9.o [12]
_usb_hostdev_free_buffer
                        0x0001878f   0x6c  Code  Gb  host_common.o [12]
_usb_hostdev_get_buffer
                        0x00018715    0xc  Code  Gb  host_common.o [12]
_usb_hostdev_get_buffer_aligned
                        0x00018721   0x6e  Code  Gb  host_common.o [12]
_usb_hostdev_get_descriptor
                        0x00018867  0x1ca  Code  Gb  host_common.o [12]
_usb_hostdev_select_interface
                        0x00018fd7  0x1dc  Code  Gb  host_common.o [12]
_usb_khci_add_int_tr    0x000248e9   0x6c  Code  Lc  khci.o [12]
_usb_khci_atom_tr       0x00024fcd  0x304  Code  Lc  khci.o [12]
_usb_khci_attach        0x00024a51   0x7c  Code  Lc  khci.o [12]
_usb_khci_bus_control   0x00024f3d    0x4  Code  Lc  khci.o [12]
_usb_khci_cancel        0x00024f1d   0x20  Code  Lc  khci.o [12]
_usb_khci_detach        0x00024b11   0x2e  Code  Lc  khci.o [12]
_usb_khci_get_frame_number
                        0x00024f41   0x10  Code  Lc  khci.o [12]
_usb_khci_get_hot_int_tr
                        0x0002498b   0xc6  Code  Lc  khci.o [12]
_usb_khci_host_close_pipe
                        0x000252ed   0x24  Code  Lc  khci.o [12]
_usb_khci_init          0x00024e0d   0xa6  Code  Lc  khci.o [12]
_usb_khci_init_int_tr   0x000248d3   0x16  Code  Lc  khci.o [12]
_usb_khci_isr           0x0002487d   0x56  Code  Lc  khci.o [12]
_usb_khci_process_tr_complete
                        0x00024f51   0x7c  Code  Lc  khci.o [12]
_usb_khci_recv          0x00024efb   0x22  Code  Lc  khci.o [12]
_usb_khci_reset         0x00024acd   0x44  Code  Lc  khci.o [12]
_usb_khci_rm_int_tr     0x00024955   0x36  Code  Lc  khci.o [12]
_usb_khci_send          0x00024eb7   0x22  Code  Lc  khci.o [12]
_usb_khci_send_setup    0x00024ed9   0x22  Code  Lc  khci.o [12]
_usb_khci_shutdown      0x00024eb3    0x4  Code  Lc  khci.o [12]
_usb_khci_task          0x00024b3f  0x272  Code  Lc  khci.o [12]
_usb_khci_task_create   0x00024db1   0x5c  Code  Lc  khci.o [12]
abs                     0x0000cb83    0x8  Code  Gb  abs.o [4]
adc_address             0x00032cb0    0x8  Data  Lc  adc_mk60.o [3]
adc_bundle              0x1fff24b4    0x4  Data  Gb  adc_kadc.o [3]
adc_calibrate           0x00009ab7   0xaa  Code  Lc  adc_kadc.o [3]
adc_complete_isr        0x00009a99   0x1e  Code  Lc  adc_kadc.o [3]
adc_get_calibration_data
                        0x00009b61   0x64  Code  Lc  adc_kadc.o [3]
adc_internal            0x1fff24a0   0x14  Data  Lc  adc_kadc.o [3]
adc_process_all_data    0x00009a45   0x32  Code  Gb  adc_kadc.o [3]
adc_process_data        0x000099a7   0x9e  Code  Lc  adc_kadc.o [3]
adc_set_calibration_data
                        0x00009bc5   0x64  Code  Lc  adc_kadc.o [3]
adt_idelay_isr          0x0000a6b9   0x36  Code  Lc  adt_kpdb.o [3]
adt_period_prescaler    0x00009f25  0x1e0  Code  Lc  adt_kpdb.o [3]
bdt                     0x1fff0200  0x200  Data  Lc  khci.o [12]
class_interface_map     0x1fff005c   0x24  Data  Gb  usb_classes.o [1]
cos                     0x00013373    0x6  Code  Gb  cos.o [5]
count                   0x1fff2510    0x1  Data  Lc  DSPSPI.o [1]
delay_ms                0x00012f25   0x16  Code  Gb  System.o [1]
delay_us                0x00012f3d   0x1a  Code  Gb  System.o [1]
device                  0x1fff23e0   0x20  Data  Gb  USB_Task.o [1]
dspi_address            0x00032c10    0xc  Data  Lc  spi_mk60_dspi.o [3]
dspi_vectors            0x00032c1c    0xc  Data  Lc  spi_mk60_dspi.o [3]
evntyear_old            0x1fff2508    0x2  Data  Gb  MenuView.o [1]
exit                    0x000004d5    0x4  Code  Gb  exit.o [4]
first_irq               0x1fff249c    0x4  Data  Gb  io_gpio.o [3]
flexnvm_flash_ioctl     0x0002da5f   0x96  Code  Gb  flash_ftfl.o [3]
flexnvm_prog_part       0x0002d9f7   0x40  Code  Gb  flash_ftfl.o [3]
flexnvm_read_resource   0x0002d9b3   0x44  Code  Gb  flash_ftfl.o [3]
flexnvm_set_flexram     0x0002da37   0x28  Code  Gb  flash_ftfl.o [3]
flg_int                 0x0002013d   0x74  Code  Gb  yada_prj.o [1]
fmod                    0x00015ae1         Code  Gb  fmod.o [5]
fmodl                   0x00015ae1         Code  Gb  fmod.o [5]
ftfl_flash_command_sequence
                        0x0002d5fd  0x1c4  Code  Lc  flash_ftfl.o [3]
ftfl_flash_deinit       0x0002d7f5   0x22  Code  Gb  flash_ftfl.o [3]
ftfl_flash_erase_sector
                        0x0002d83f   0xa2  Code  Gb  flash_ftfl.o [3]
ftfl_flash_init         0x0002d7c1   0x34  Code  Gb  flash_ftfl.o [3]
ftfl_flash_write_sector
                        0x0002d8e1   0xb8  Code  Gb  flash_ftfl.o [3]
ftfl_init_ram_function  0x0002d817   0x28  Code  Gb  flash_ftfl.o [3]
ftfl_ram_function       0x0002d999   0x18  Code  Lc  flash_ftfl.o [3]
ftfl_ram_function_end   0x0002d9b1    0x2  Code  Lc  flash_ftfl.o [3]
ftpmsg_bad_option       0x00031d18   0x1c  Data  Gb  ftpd_msg.o [9]
ftpmsg_badcmd           0x00031bfc   0x18  Data  Gb  ftpd_msg.o [9]
ftpmsg_badport          0x00031c14   0x18  Data  Gb  ftpd_msg.o [9]
ftpmsg_banner           0x00031b44   0x1c  Data  Gb  ftpd_msg.o [9]
ftpmsg_cd_error         0x00031da0   0x20  Data  Gb  ftpd_msg.o [9]
ftpmsg_delete_error     0x00031de0   0x1c  Data  Gb  ftpd_msg.o [9]
ftpmsg_goodbye          0x00031c64   0x10  Data  Gb  ftpd_msg.o [9]
ftpmsg_help_end         0x00031d70   0x30  Data  Gb  ftpd_msg.o [9]
ftpmsg_help_start       0x00031d40   0x30  Data  Gb  ftpd_msg.o [9]
ftpmsg_logged           0x00031bc4   0x10  Data  Gb  ftpd_msg.o [9]
ftpmsg_no_datacon       0x00031eb4   0x20  Data  Gb  ftpd_msg.o [9]
ftpmsg_no_file          0x00031e44   0x34  Data  Gb  ftpd_msg.o [9]
ftpmsg_no_fs            0x00031c74   0x3c  Data  Gb  ftpd_msg.o [9]
ftpmsg_no_memory        0x00031ed4   0x38  Data  Gb  ftpd_msg.o [9]
ftpmsg_ok               0x00031dfc    0xc  Data  Gb  ftpd_msg.o [9]
ftpmsg_opening_datacon  0x00031e78   0x20  Data  Gb  ftpd_msg.o [9]
ftpmsg_pasv_mode        0x00031cb0   0x38  Data  Gb  ftpd_msg.o [9]
ftpmsg_portok           0x00031b2c   0x18  Data  Gb  ftpd_msg.o [9]
ftpmsg_rmdir_error      0x00031dc0   0x20  Data  Gb  ftpd_msg.o [9]
ftpmsg_rxok             0x00031b60   0x34  Data  Gb  ftpd_msg.o [9]
ftpmsg_site_info        0x00031ce8   0x30  Data  Gb  ftpd_msg.o [9]
ftpmsg_size             0x00031c4c   0x18  Data  Gb  ftpd_msg.o [9]
ftpmsg_syst             0x00031d34    0xc  Data  Gb  ftpd_msg.o [9]
ftpmsg_tx_complete      0x00031e98   0x1c  Data  Gb  ftpd_msg.o [9]
ftpmsg_txok             0x00031b94   0x30  Data  Gb  ftpd_msg.o [9]
ftpmsg_type_ascii       0x00031e08   0x14  Data  Gb  ftpd_msg.o [9]
ftpmsg_type_image       0x00031e1c   0x14  Data  Gb  ftpd_msg.o [9]
ftpmsg_type_unknown     0x00031e30   0x14  Data  Gb  ftpd_msg.o [9]
ftpmsg_unimp            0x00031c2c   0x20  Data  Gb  ftpd_msg.o [9]
ftpmsg_writeeof         0x00031be8   0x14  Data  Gb  ftpd_msg.o [9]
ftpmsg_writefail        0x00031bd4   0x14  Data  Gb  ftpd_msg.o [9]
get_irq_mask            0x0000877d   0x2a  Code  Lc  io_gpio_kgpio.o [3]
gpio_cpu_configure      0x000087a7  0x160  Code  Gb  io_gpio_kgpio.o [3]
gpio_cpu_init           0x00008907    0xa  Code  Gb  io_gpio_kgpio.o [3]
gpio_cpu_ioctl          0x00008b05  0x4f8  Code  Gb  io_gpio_kgpio.o [3]
gpio_cpu_open           0x000089c5  0x140  Code  Gb  io_gpio_kgpio.o [3]
gpio_eport_irq          0x00008ffd   0x9c  Code  Lc  io_gpio_kgpio.o [3]
gpio_global_irq_map     0x1fff24f0   0x14  Data  Gb  io_gpio_kgpio.o [3]
gpio_global_pin_map     0x1fff24dc   0x14  Data  Gb  io_gpio_kgpio.o [3]
hub_anchor              0x1fff246c    0x4  Data  Lc  usb_host_hub.o [12]
init_hardware           0x000005fd   0x3c  Code  Gb  init_hw.o [3]
install_isr             0x00008911   0xb4  Code  Lc  io_gpio_kgpio.o [3]
int_callback            0x0001fe7d   0x1e  Code  Gb  yada_prj.o [1]
isalpha                 0x0000f529    0x8  Code  Gb  io_util.o [7]
isdigit                 0x000152cb   0x10  Code  Gb  sh_util.o [11]
isgraph                 0x0000e7dd   0x18  Code  Gb  io_util.o [7]
isprint                 0x0000f1b3   0x2a  Code  Gb  io_util.o [7]
ispunct                 0x0000f531    0x8  Code  Gb  io_util.o [7]
isupper                 0x0000f1ab    0x8  Code  Gb  io_util.o [7]
isxdigit                0x000219bd   0x24  Code  Gb  ftpd_cmd.o [9]
kinetis_flash_invalidate_cache
                        0x0002dafd   0x16  Code  Gb  flash_mk60.o [3]
linemark                0x00011425  0x176  Code  Gb  MenuView.o [1]
lower_hex_string        0x000319e0   0x14  Data  Lc  io_dopr.o [7]
lpt_address             0x00032468    0x4  Data  Lc  timer_lpt_kinetis.o [3]
lpt_clock_source        0x00032470    0x4  Data  Lc  timer_lpt_kinetis.o [3]
lpt_vectors             0x0003246c    0x4  Data  Lc  timer_lpt_kinetis.o [3]
main                    0x000004c5   0x10  Code  Gb  mqx_main.o [3]
mass_anchor             0x1fff2470    0x4  Data  Lc  usb_host_msd_bo.o [12]
mem_flash_app           0x0001f501  0x16c  Code  Gb  mem_flash.o [1]
memcmp                  0x00015cf5         Code  Gb  memcmp.o [8]
memcpy                  0x0000a8f1    0xe  Code  Gb  esdhc.o [3]
months                  0x00031afc   0x30  Data  Lc  dir_read.o [6]
pctl_ptr_arr            0x00032c8c   0x14  Data  Lc  io_gpio_kgpio.o [3]
pdb_external            0x1fff00cc    0x4  Data  Lc  adt_kpdb.o [3]
pdb_internal            0x1fff24b8   0x24  Data  Lc  adt_kpdb.o [3]
phy_ksz8041_IF          0x00032564   0x14  Data  Gb  phy_ks8721bl.o [3]
phy_ksz8041_discover_addr
                        0x0002df4b   0x46  Code  Lc  phy_ks8721bl.o [3]
phy_ksz8041_get_link_status
                        0x0002e07d   0x46  Code  Lc  phy_ks8721bl.o [3]
phy_ksz8041_get_speed   0x0002e037   0x46  Code  Lc  phy_ks8721bl.o [3]
phy_ksz8041_init        0x0002df91   0xa6  Code  Lc  phy_ks8721bl.o [3]
pipe_init_params_prototype
                        0x00032284   0x24  Data  Lc  host_dev_list.o [12]
read_buffer             0x1fff0080    0x8  Data  Gb  yada_prj.o [1]
req_prototype           0x000323c0    0x8  Data  Lc  host_ch9.o [12]
reseed                  0x1fff2484    0x4  Data  Lc  rtcsrand.o [9]
rtcs_enet               0x0002fa04    0xc  Data  Lc  ip-e.o [9]
rtcs_local              0x00032578    0xc  Data  Lc  iplocal.o [9]
seed                    0x1fff2480    0x4  Data  Lc  rtcsrand.o [9]
send_U16str             0x0000ce29   0x2e  Code  Gb  LCDDriver.o [1]
send_U8str              0x0000cdfb   0x2e  Code  Gb  LCDDriver.o [1]
send_area               0x0000cdd3   0x28  Code  Gb  LCDDriver.o [1]
send_byte               0x0000cd83   0x12  Code  Gb  LCDDriver.o [1]
send_end                0x0000ce57   0x14  Code  Gb  LCDDriver.o [1]
send_word               0x0000cd95   0x2a  Code  Gb  LCDDriver.o [1]
send_xy                 0x0000cdbf   0x14  Code  Gb  LCDDriver.o [1]
sin                     0x000134ad    0x6  Code  Gb  sin.o [5]
spi2_dma_int            0x00008505   0x74  Code  Gb  DSPSPI.o [1]
spifd_2                 0x1fff2110    0x4  Data  Gb  DSPSPI.o [1]
state                   0x1fff00c8    0x4  Data  Lc  rtcsrand.o [9]
strcat                  0x0001f09f   0x1e  Code  Gb  strcat.o [4]
strcmp                  0x0000a721         Code  Gb  strcmp.o [8]
strcpy                  0x0000e799         Code  Gb  strcpy.o [8]
strlen                  0x0000a765         Code  Gb  strlen.o [8]
strncmp                 0x0000bb9d   0x2a  Code  Gb  strncmp.o [4]
strncpy                 0x0000c285         Code  Gb  strncpy.o [8]
strpbrk                 0x000219e1    0x4  Code  Gb  strpbrk.o [4]
systick_config          0x00001b69    0xc  Code  Gb  init_bsp.o [3]
systick_init            0x00001b75   0x34  Code  Lc  init_bsp.o [3]
tcp_socket_task         0x0001f8b1  0x29c  Code  Gb  tcpip_socket_task.o [1]
timer_isr               0x0001fe9b   0x2a  Code  Lc  yada_prj.o [1]
tolower                 0x0000e7f5    0x8  Code  Gb  io_util.o [7]
tr_index                0x1fff2434    0x4  Data  Lc  host_common.o [12]
uart_isr                0x000029ad   0x76  Code  Gb  serl_int_kuart.o [3]
uart_lcd                0x1fff211c    0x4  Data  Gb  LCDDriver.o [1]
upper_hex_string        0x000319cc   0x14  Data  Lc  io_dopr.o [7]
usb_class_hub_clear_feature
                        0x00025e0d   0x1e  Code  Gb  usb_host_hub.o [12]
usb_class_hub_clear_port_feature
                        0x00025e2b   0x24  Code  Gb  usb_host_hub.o [12]
usb_class_hub_cntrl_callback
                        0x00025c91   0x1a  Code  Gb  usb_host_hub.o [12]
usb_class_hub_cntrl_common
                        0x00025cab   0xfe  Code  Gb  usb_host_hub.o [12]
usb_class_hub_get_app   0x00025c31   0x60  Code  Gb  usb_host_hub.o [12]
usb_class_hub_get_descriptor
                        0x00025da9   0x40  Code  Gb  usb_host_hub.o [12]
usb_class_hub_get_port_status
                        0x00025e6f   0x22  Code  Gb  usb_host_hub.o [12]
usb_class_hub_get_status
                        0x00025e4f   0x20  Code  Gb  usb_host_hub.o [12]
usb_class_hub_init      0x00025bd5   0x5c  Code  Gb  usb_host_hub.o [12]
usb_class_hub_int_callback
                        0x00025f69   0x1a  Code  Gb  usb_host_hub.o [12]
usb_class_hub_set_port_feature
                        0x00025de9   0x24  Code  Gb  usb_host_hub.o [12]
usb_class_hub_wait_for_interrupt
                        0x00025e91   0xcc  Code  Gb  usb_host_hub.o [12]
usb_class_mass_call_back_cbw
                        0x0001d275   0xa2  Code  Lc  usb_host_msd_bo.o [12]
usb_class_mass_call_back_csw
                        0x0001d3ed  0x12e  Code  Lc  usb_host_msd_bo.o [12]
usb_class_mass_call_back_dphase
                        0x0001d317   0xd6  Code  Lc  usb_host_msd_bo.o [12]
usb_class_mass_clear_bulk_pipe_on_usb
                        0x0001d605   0x7c  Code  Lc  usb_host_msd_bo.o [12]
usb_class_mass_deleteq  0x0001ef47   0x34  Code  Gb  usb_host_msd_queue.o [12]
usb_class_mass_get_pending_request
                        0x0001ef7b   0x26  Code  Gb  usb_host_msd_queue.o [12]
usb_class_mass_init     0x0001d169   0x88  Code  Gb  usb_host_msd_bo.o [12]
usb_class_mass_pass_on_usb
                        0x0001d51b   0xea  Code  Lc  usb_host_msd_bo.o [12]
usb_class_mass_q_init   0x0001eeff    0xc  Code  Gb  usb_host_msd_queue.o [12]
usb_class_mass_q_insert
                        0x0001ef0b   0x3c  Code  Gb  usb_host_msd_queue.o [12]
usb_class_mass_reset_callback
                        0x0001d6e9   0xd0  Code  Lc  usb_host_msd_bo.o [12]
usb_class_mass_reset_recovery_on_usb
                        0x0001d681   0x68  Code  Gb  usb_host_msd_bo.o [12]
usb_class_mass_storage_device_command
                        0x0001d1f1   0x84  Code  Gb  usb_host_msd_bo.o [12]
usb_dev_list_attach_device
                        0x0001c387  0x120  Code  Gb  host_dev_list.o [12]
usb_dev_list_close_pipe
                        0x0001c4b1   0x46  Code  Lc  host_dev_list.o [12]
usb_dev_list_close_pipe_bundle
                        0x0001c4f7   0x2a  Code  Gb  host_dev_list.o [12]
usb_dev_list_detach_device
                        0x0001c521   0x82  Code  Gb  host_dev_list.o [12]
usb_dev_list_free_mem   0x0001c227   0x76  Code  Gb  host_dev_list.o [12]
usb_dev_list_free_memlist
                        0x0001c1d1   0x56  Code  Gb  host_dev_list.o [12]
usb_dev_list_get_mem    0x0001c29d   0xea  Code  Gb  host_dev_list.o [12]
usb_filesystem_install  0x00016459  0x18c  Code  Gb  USB_File.o [1]
usb_filesystem_uninstall
                        0x000165e5   0xde  Code  Gb  USB_File.o [1]
usb_host_ch9_dev_req    0x0001ce21   0x8e  Code  Lc  host_ch9.o [12]
usb_host_class_intf_init
                        0x00018aaf   0xf8  Code  Gb  host_common.o [12]
usb_host_class_intf_validate
                        0x00018ba7   0x22  Code  Gb  host_common.o [12]
usb_host_cntrl_transaction_done
                        0x0001cb09  0x2e2  Code  Lc  host_ch9.o [12]
usb_host_driver_info_match
                        0x00018bc9   0xec  Code  Lc  host_common.o [12]
usb_host_driver_info_nonzero
                        0x00018d1f   0x4a  Code  Lc  host_common.o [12]
usb_host_driver_info_scan
                        0x00018cb5   0x6a  Code  Lc  host_common.o [12]
usb_host_hub_device_event
                        0x00025675   0x9e  Code  Gb  usb_host_hub_sm.o [12]
usb_host_hub_device_sm  0x00025715  0x45c  Code  Lc  usb_host_hub_sm.o [12]
usb_host_hub_int_callback
                        0x00025b71   0x60  Code  Lc  usb_host_hub_sm.o [12]
usb_host_map_class_intf
                        0x00018d69   0x3a  Code  Lc  host_common.o [12]
usb_host_mass_device_event
                        0x0001f0bd   0x6e  Code  Gb  USB_Task.o [1]
usb_host_state_struct_ptr
                        0x1fff2438    0x4  Data  Gb  host_main.o [12]
usb_hostdev_attach_detach
                        0x000186a5   0x48  Code  Gb  host_common.o [12]
usb_hostdev_delete_interface
                        0x00018dd3   0xce  Code  Gb  host_common.o [12]
usb_hostdev_get_class   0x000187fb   0x6c  Code  Lc  host_common.o [12]
usb_hostdev_get_pipe_handle
                        0x00018a31   0x7e  Code  Gb  host_common.o [12]
usb_hostdev_mask_class_etc
                        0x00018ea1   0x2a  Code  Lc  host_common.o [12]
usb_hostdev_open_pipe   0x00018ecb  0x10c  Code  Lc  host_common.o [12]
usb_hostdev_tr_init     0x000191b3   0x36  Code  Gb  host_common.o [12]
usb_hostdev_validate    0x000186ed   0x28  Code  Gb  host_common.o [12]
usb_mass_ufi_cancel     0x0001927d    0xc  Code  Gb  usb_host_msd_ufi.o [12]
usb_mass_ufi_generic    0x000191f9   0x84  Code  Gb  usb_host_msd_ufi.o [12]


[1] = L:\git_workspace\YD_PRJ_NEW_20130323_git_\IAR\twrk60n512\Int Flash Debug\Obj
[2] = command line
[3] = bsp_twrk60n512_130410_SPI_TX.a
[4] = dl7M_tln.a
[5] = m7M_tl.a
[6] = mfs_twrk60n512_d.a
[7] = psp_twrk60n512_d.a
[8] = rt7M_tl.a
[9] = rtcs_twrk60n512_d_20130105.a
[10] = shb_l.a
[11] = shell_twrk60n512_d_20130412.a
[12] = usb_hdk_twrk60n512_d.a

  188 792 bytes of readonly  code memory
   19 526 bytes of readonly  data memory
   10 107 bytes of readwrite data memory

Errors: none
Warnings: none
