###############################################################################
#                                                                             #
# IAR ELF Linker V6.30.1.53127/W32 for ARM              10/Apr/2013  18:31:04 #
# Copyright 2007-2011 IAR Systems AB.                                         #
#                                                                             #
#    Output file  =  L:\git_workspace\YD_PRJ_NEW_20130323_git_\IAR\twrk60n512 #
#                    \Int Flash Debug\Exe\twrk60n512.out                      #
#    Map file     =  L:\git_workspace\YD_PRJ_NEW_20130323_git_\IAR\twrk60n512 #
#                    \Int Flash Debug\List\twrk60n512.map                     #
#    Command line =  "L:\git_workspace\YD_PRJ_NEW_20130323_git_\IAR\twrk60n51 #
#                    2\Int Flash Debug\Obj\DSPSPI.o"                          #
#                    "L:\git_workspace\YD_PRJ_NEW_20130323_git_\IAR\twrk60n51 #
#                    2\Int Flash Debug\Obj\DataConvert.o"                     #
#                    "L:\git_workspace\YD_PRJ_NEW_20130323_git_\IAR\twrk60n51 #
#                    2\Int Flash Debug\Obj\FTP_Task.o"                        #
#                    "L:\git_workspace\YD_PRJ_NEW_20130323_git_\IAR\twrk60n51 #
#                    2\Int Flash Debug\Obj\LCDDriver.o"                       #
#                    "L:\git_workspace\YD_PRJ_NEW_20130323_git_\IAR\twrk60n51 #
#                    2\Int Flash Debug\Obj\LCDUart.o"                         #
#                    "L:\git_workspace\YD_PRJ_NEW_20130323_git_\IAR\twrk60n51 #
#                    2\Int Flash Debug\Obj\MenuView.o"                        #
#                    "L:\git_workspace\YD_PRJ_NEW_20130323_git_\IAR\twrk60n51 #
#                    2\Int Flash Debug\Obj\SD_task.o"                         #
#                    "L:\git_workspace\YD_PRJ_NEW_20130323_git_\IAR\twrk60n51 #
#                    2\Int Flash Debug\Obj\Shell_Task.o"                      #
#                    "L:\git_workspace\YD_PRJ_NEW_20130323_git_\IAR\twrk60n51 #
#                    2\Int Flash Debug\Obj\System.o"                          #
#                    "L:\git_workspace\YD_PRJ_NEW_20130323_git_\IAR\twrk60n51 #
#                    2\Int Flash Debug\Obj\USB_File.o"                        #
#                    "L:\git_workspace\YD_PRJ_NEW_20130323_git_\IAR\twrk60n51 #
#                    2\Int Flash Debug\Obj\USB_Task.o"                        #
#                    "L:\git_workspace\YD_PRJ_NEW_20130323_git_\IAR\twrk60n51 #
#                    2\Int Flash Debug\Obj\mem_flash.o"                       #
#                    "L:\git_workspace\YD_PRJ_NEW_20130323_git_\IAR\twrk60n51 #
#                    2\Int Flash Debug\Obj\mem_ram.o"                         #
#                    "L:\git_workspace\YD_PRJ_NEW_20130323_git_\IAR\twrk60n51 #
#                    2\Int Flash Debug\Obj\pin2.o"                            #
#                    "L:\git_workspace\YD_PRJ_NEW_20130323_git_\IAR\twrk60n51 #
#                    2\Int Flash Debug\Obj\sh_cd.o"                           #
#                    "L:\git_workspace\YD_PRJ_NEW_20130323_git_\IAR\twrk60n51 #
#                    2\Int Flash Debug\Obj\sh_di.o"                           #
#                    "L:\git_workspace\YD_PRJ_NEW_20130323_git_\IAR\twrk60n51 #
#                    2\Int Flash Debug\Obj\tcpip_socket_task.o"               #
#                    "L:\git_workspace\YD_PRJ_NEW_20130323_git_\IAR\twrk60n51 #
#                    2\Int Flash Debug\Obj\usb_classes.o"                     #
#                    "L:\git_workspace\YD_PRJ_NEW_20130323_git_\IAR\twrk60n51 #
#                    2\Int Flash Debug\Obj\yada_prj.o"                        #
#                    L:\git_workspace\YD_PRJ_NEW_20130323_git_\lib\twrk60n512 #
#                    .iar\bsp\bsp_twrk60n512_130410_SPI_TX.a                  #
#                    L:\git_workspace\YD_PRJ_NEW_20130323_git_\lib\twrk60n512 #
#                    .iar\mfs\mfs_twrk60n512_d.a                              #
#                    L:\git_workspace\YD_PRJ_NEW_20130323_git_\lib\twrk60n512 #
#                    .iar\psp\psp_twrk60n512_d.a                              #
#                    L:\git_workspace\YD_PRJ_NEW_20130323_git_\lib\twrk60n512 #
#                    .iar\rtcs\rtcs_twrk60n512_d_20130105.a                   #
#                    L:\git_workspace\YD_PRJ_NEW_20130323_git_\lib\twrk60n512 #
#                    .iar\shell\shell_twrk60n512_d_20130406_wr_s.a            #
#                    L:\git_workspace\YD_PRJ_NEW_20130323_git_\lib\twrk60n512 #
#                    .iar\usb\host\usb_hdk_twrk60n512_d.a --redirect          #
#                    _Printf=_PrintfFull --redirect _Scanf=_ScanfFull -o      #
#                    "L:\git_workspace\YD_PRJ_NEW_20130323_git_\IAR\twrk60n51 #
#                    2\Int Flash Debug\Exe\twrk60n512.out" --map              #
#                    "L:\git_workspace\YD_PRJ_NEW_20130323_git_\IAR\twrk60n51 #
#                    2\Int Flash Debug\List\twrk60n512.map" --config          #
#                    L:\git_workspace\YD_PRJ_NEW_20130323_git_\IAR\..\lib\twr #
#                    k60n512.iar\bsp\intflash.icf --redirect                  #
#                    __iar_dlmalloc=malloc --redirect __iar_dlcalloc=calloc   #
#                    --redirect __iar_dlfree=free --semihosting --entry       #
#                    __iar_program_start --vfe                                #
#                                                                             #
#                                                                             #
###############################################################################

*******************************************************************************
*** RUNTIME MODEL ATTRIBUTES
***

CppFlavor                   = *
__SystemLibrary             = DLib
__dlib_jmp_buf_num_elements = 8


*******************************************************************************
*** PLACEMENT SUMMARY
***

"A1":  place at 0x00000000 { ro section .intvec, block CFMPROTROM };
"P1":  place in [from 0x00000000 to 0x0007ffff] {
          first block TEXTSECTION, ro, last block FLASHX_POOL };
"P2":  place in [from 0x1fff0000 to 0x2000fff0] { rw, last block KERNEL_DATA };

  Section            Kind        Address     Size  Object
  -------            ----        -------     ----  ------
"A1":                                       0x414
  .intvec            const    0x00000000    0x400  vectors.o [3]
  CFMPROTROM                  0x00000400     0x14  <Block>
    .cfmconfig       const    0x00000400     0x10  vectors.o [3]
    .cfmconfig       const    0x00000410      0x0  vectors.o [3]
    CFMPROTROM       const    0x00000410      0x4  <Block tail>
                            - 0x00000414    0x414

"P1":                                     0x33be4
  TEXTSECTION                 0x00000420  0x2ec94  <Block>
    .text            ro code  0x00000420     0x4c  cortex_boot.o [7]
    .text            ro code  0x0000046c      0xc  cstartup_M.o [8]
    .text            ro code  0x00000478     0x16  cmain.o [8]
    .text            ro code  0x0000048e      0xa  iar.o [3]
    .text            ro code  0x00000498     0x2c  data_init3.o [8]
    .text            ro code  0x000004c4     0x10  mqx_main.o [3]
    .text            ro code  0x000004d4      0x4  exit.o [4]
    .text            ro code  0x000004d8    0x190  init_hw.o [3]
    .text            ro code  0x00000668    0x1a8  mqx.o [7]
    .text            ro code  0x00000810      0xa  cexit.o [8]
    .text            ro code  0x0000081a     0x46  sotcp.o [9]
    .text            ro code  0x00000860    0x79c  bsp_cm.o [3]
    .text            ro code  0x00000ffc    0x538  init_gpio.o [3]
    .text            ro code  0x00001534    0x134  mem_zero.o [7]
    .text            ro code  0x00001668     0x76  ABImemcpy.o [8]
    .text            ro code  0x000016de     0x56  macnet_rejoin.o [3]
    .text            ro code  0x00001734     0xd8  mqxiinit.o [7]
    .text            ro code  0x0000180c     0x28  lwm_init.o [7]
    .text            ro code  0x00001834     0x18  lwm_gsys.o [7]
    .text            ro code  0x0000184c     0x24  lwm_size.o [7]
    .text            ro code  0x00001870    0x1c4  ta_init.o [7]
    .text            ro code  0x00001a34     0xc0  sc_irdyq.o [7]
    .text            ro code  0x00001af4     0x74  lws_crea.o [7]
    .text            ro code  0x00001b68    0x2c8  init_bsp.o [3]
    .text            ro code  0x00001e30     0x24  int_disa.o [7]
    .text            ro code  0x00001e54     0x14  exit.o [10]
    .text            ro code  0x00001e68     0x14  cm.o [3]
    .text            ro code  0x00001e7c      0xc  qu_init.o [7]
    .text            ro code  0x00001e88     0x64  lwm_crep.o [7]
    .text            ro code  0x00001eec    0x204  lwm_alli.o [7]
    .text            ro code  0x000020f0     0x34  td_serr.o [7]
    .text            ro code  0x00002124     0xd0  td_alloc.o [7]
    .text            ro code  0x000021f4     0x68  stack_bu.o [7]
    .text            ro code  0x0000225c      0x8  lwm_xfri.o [7]
    .text            ro code  0x00002264     0x18  lwm_allz.o [7]
    .text            ro code  0x0000227c     0x38  int_ena.o [7]
    .text            ro code  0x000022b4     0x3e  qu_enq.o [7]
    .text            ro code  0x000022f2     0x22  zero_init3.o [8]
    .text            ro code  0x00002314      0xc  mqx_scpu.o [7]
    .text            ro code  0x00002320     0x30  lwm_allo.o [7]
    .text            ro code  0x00002350     0x14  psp_iinit.o [7]
    .text            ro code  0x00002364     0x10  int_vtab.o [7]
    .text            ro code  0x00002374     0x10  ti_setv.o [7]
    .text            ro code  0x00002384     0xb0  int_iisr.o [7]
    .text            ro code  0x00002434     0x10  ti_sett.o [7]
    .text            ro code  0x00002444     0x10  ti_shwtt.o [7]
    .text            ro code  0x00002454     0x14  ti_shwtf.o [7]
    .text            ro code  0x00002468     0x14  kinetis_mpu.o [7]
    .text            ro code  0x0000247c     0x18  io_init.o [7]
    .text            ro code  0x00002494    0x3b4  serl_pol_kuart.o [3]
    .text            ro code  0x00002848    0x1f0  serl_int_kuart.o [3]
    .text            ro code  0x00002a38    0x86c  i2c_pol_ki2c.o [3]
    .text            ro code  0x000032a4    0x6aa  i2c_int_ki2c.o [3]
    .text            ro code  0x0000394e     0x2e  copy_init3.o [8]
    .text            ro code  0x0000397c    0x9e8  spi_pol_dspi.o [3]
    .text            ro code  0x00004364    0x7b0  spi_dma_dspi.o [3]
    .text            ro code  0x00004b14    0x28c  io_gpio.o [3]
    .text            ro code  0x00004da0    0x5ae  adc.o [3]
    .text            ro code  0x00005350    0xc76  esdhc.o [3]
    .text            ro code  0x00005fc8    0xd3c  flashx.o [3]
    .text            ro code  0x00006d04     0x34  io_sinit.o [3]
    .text            ro code  0x00006d38     0xe0  ti_krnl.o [7]
    .text            ro code  0x00006e18     0xfc  lwm_free.o [7]
    .text            ro code  0x00006f14     0x40  qu_insrt.o [7]
    .text            ro code  0x00006f54     0x78  int_init.o [7]
    .text            ro code  0x00006fcc     0x10  int_inst.o [7]
    .text            ro code  0x00006fdc    0x53c  serl_pol.o [3]
    .text            ro code  0x00007518     0x4c  serl_mk60.o [3]
    .text            ro code  0x00007564     0x18  lwm_zsys.o [7]
    .text            ro code  0x0000757c    0x610  serl_int.o [3]
    .text            ro code  0x00007b8c     0x60  int_gdat.o [7]
    .text            ro code  0x00007bec      0x4  int_geh.o [7]
    .text            ro code  0x00007bf0     0xa0  cortex.o [7]
    .text            ro code  0x00007c90     0xf0  ev_open.o [7]
    .text            ro code  0x00007d80     0xe0  ev_set.o [7]
    .text            ro code  0x00007e60    0x170  i2c_pol.o [3]
    .text            ro code  0x00007fd0     0x38  i2c_mk60.o [3]
    .text            ro code  0x00008008    0x16c  i2c_int.o [3]
    .text            ro code  0x00008174    0x196  spi_pol.o [3]
    .text            ro code  0x0000830c     0x30  spi_mk60_dspi.o [3]
    .text            ro code  0x0000833c    0x1a2  spi_int.o [3]
    .text            ro code  0x000084e0     0x24  io_pntf.o [7]
    .text            ro code  0x00008504    0x278  DSPSPI.o [1]
    .text            ro code  0x0000877c    0x994  io_gpio_kgpio.o [3]
    .text            ro code  0x00009110     0x1a  io_inst.o [7]
    .text            ro code  0x0000912a     0x3e  io_ioctl.o [7]
    .text            ro code  0x00009168    0xac0  adc_kadc.o [3]
    .text            ro code  0x00009c28    0xaf8  adt_kpdb.o [3]
    .text            ro code  0x0000a720     0x42  strcmp.o [8]
    .text            ro code  0x0000a764     0x36  strlen.o [8]
    .text            ro code  0x0000a79c     0x38  ti_delay.o [7]
    .text            ro code  0x0000a7d4    0x108  io_instx.o [7]
    .text            ro code  0x0000a8dc     0x14  esdhc_mk60.o [3]
    .text            ro code  0x0000a8f0      0xe  esdhc.o [3]
    .text            ro code  0x0000a900     0x78  lws_wait.o [7]
    .text            ro code  0x0000a978    0x17c  mem_copy.o [7]
    .text            ro code  0x0000aaf4     0x7c  lws_post.o [7]
    .text            ro code  0x0000ab70     0xa0  io_fopen.o [7]
    .text            ro code  0x0000ac10     0x34  psp_tinm.o [7]
    .text            ro code  0x0000ac44     0x84  tq_creat.o [7]
    .text            ro code  0x0000acc8     0x80  tq_dest.o [7]
    .text            ro code  0x0000ad48     0xd8  tq_func.o [7]
    .text            ro code  0x0000ae20     0x94  na_findi.o [7]
    .text            ro code  0x0000aeb4     0x48  io_ghand.o [7]
    .text            ro code  0x0000aefc    0xbd4  io_dopr.o [7]
    .text            ro code  0x0000bad0     0x34  io_fclos.o [7]
    .text            ro code  0x0000bb04     0x14  ev_creat.o [7]
    .text            ro code  0x0000bb18     0x3a  ev_all.o [7]
    .text            ro code  0x0000bb54     0x48  ev_clear.o [7]
    .text            ro code  0x0000bb9c     0x2a  strncmp.o [4]
    .text            ro code  0x0000bbc8      0x6  ABImemclr4.o [8]
    .text            ro code  0x0000bbd0     0x14  adc_mk60.o [3]
    .text            ro code  0x0000bbe4    0x132  I64DivMod.o [8]
    .text            ro code  0x0000bd18     0xd4  lwe_set.o [7]
    .text            ro code  0x0000bdec     0x84  psp_mstiq.o [7]
    .text            ro code  0x0000be70     0x48  psp_tiad.o [7]
    .text            ro code  0x0000beb8     0x88  ti_deli.o [7]
    .text            ro code  0x0000bf40     0x2e  qu_deq.o [7]
    .text            ro code  0x0000bf6e     0x2c  sc_ipq.o [7]
    .text            ro code  0x0000bf9a     0x1c  strnlen.o [7]
    .text            ro code  0x0000bfb8     0xc0  ev_creai.o [7]
    .text            ro code  0x0000c078    0x108  ev_waiti.o [7]
    .text            ro code  0x0000c180     0x32  ABImemset48.o [8]
    .text            ro code  0x0000c1b4      0x2  I64DivZer.o [8]
    .text            ro code  0x0000c1b8     0xcc  ev_comp.o [7]
    .text            ro code  0x0000c284     0x6c  strncpy.o [8]
    .text            ro code  0x0000c2f0    0x138  na_addi.o [7]
    .text            ro code  0x0000c428     0x34  ti_delun.o [7]
    .text            ro code  0x0000c45c     0x38  ti_delfo.o [7]
    .text            ro code  0x0000c494     0x7c  na_crth.o [7]
    .text            ro code  0x0000c510     0x5e  ABImemset.o [8]
    .text            ro code  0x0000c570    0x860  pow.o [5]
    .text            ro code  0x0000cdd0     0x44  xdnorm.o [5]
    .text            ro code  0x0000ce14     0x80  xdint.o [5]
    .text            ro code  0x0000ce94     0x20  DblCmpEq.o [5]
    .text            ro code  0x0000ceb4      0xc  errno.o [4]
    .text            ro code  0x0000cec0     0x2e  DblCmpGe.o [5]
    .text            ro code  0x0000cef0     0x2e  DblCmpLe.o [5]
    .text            ro code  0x0000cf20    0x1a2  DblMul.o [5]
    .text            ro code  0x0000d0c4     0xe8  DblAdd.o [5]
    .text            ro code  0x0000d1ac     0x58  DblToI32.o [5]
    .text            ro code  0x0000d204     0x30  I32ToDbl.o [5]
    .text            ro code  0x0000d234    0x180  DblSub.o [5]
    .text            ro code  0x0000d3b4    0x246  DblDiv.o [5]
    .text            ro code  0x0000d5fc     0xa8  xlog.o [5]
    .text            ro code  0x0000d6a4    0x2f4  xexp.o [5]
    .text            ro code  0x0000d998      0x2  xtls.o [4]
    .text            ro code  0x0000d99c    0x11a  xdscale.o [5]
    .text            ro code  0x0000dab8    0x48c  DataConvert.o [1]
    .text            ro code  0x0000df44     0xfc  FltDiv.o [5]
    .text            ro code  0x0000e040     0xd8  FltMul.o [5]
    .text            ro code  0x0000e118     0x24  FltToU32.o [5]
    .text            ro code  0x0000e13c     0x32  I32ToFlt.o [5]
    .text            ro code  0x0000e16e      0x8  abs.o [4]
    .text            ro code  0x0000e178     0xe6  FltSub.o [5]
    .text            ro code  0x0000e260     0x44  FltToS32.o [5]
    .text            ro code  0x0000e2a4     0x24  FltCmpLe.o [5]
    .text            ro code  0x0000e2c8     0x84  FltAdd.o [5]
    .text            ro code  0x0000e34c    0x320  LCDDriver.o [1]
    .text            ro code  0x0000e66c     0x24  io_write.o [7]
    .text            ro code  0x0000e690     0xec  FTP_Task.o [1]
    .text            ro code  0x0000e77c    0x26c  rtcscmd.o [9]
    .text            ro code  0x0000e9e8     0x24  enaddr.o [3]
    .text            ro code  0x0000ea0c    0x104  eninit.o [3]
    .text            ro code  0x0000eb10     0x5c  ifadd.o [9]
    .text            ro code  0x0000eb6c    0x644  ftpd.o [9]
    .text            ro code  0x0000f1b0     0x88  ta_creat.o [7]
    .text            ro code  0x0000f238     0xe4  mqx_ioc.o [7]
    .text            ro code  0x0000f31c    0x1b6  rtcspart.o [9]
    .text            ro code  0x0000f4d4     0x2c  ms_id.o [7]
    .text            ro code  0x0000f500     0x16  ms_pool.o [7]
    .text            ro code  0x0000f518     0xa8  rtcstask.o [9]
    .text            ro code  0x0000f5c0     0x6c  ms_dpool.o [7]
    .text            ro code  0x0000f62c     0xcc  ms_alloc.o [7]
    .text            ro code  0x0000f6f8     0x58  td_get.o [7]
    .text            ro code  0x0000f750      0xc  ms_sendb.o [7]
    .text            ro code  0x0000f75c     0x48  ta_rdy.o [7]
    .text            ro code  0x0000f7a4      0xc  ms_send.o [7]
    .text            ro code  0x0000f7b0     0x10  td_gid.o [7]
    .text            ro code  0x0000f7c0     0x1c  td_gerr.o [7]
    .text            ro code  0x0000f7dc     0x24  td_util.o [7]
    .text            ro code  0x0000f800     0x2c  init_enet.o [3]
    .text            ro code  0x0000f82c     0x58  enutil.o [3]
    .text            ro code  0x0000f884     0x3c  ta_env.o [7]
    .text            ro code  0x0000f8c0     0x22  ta_sexit.o [7]
    .text            ro code  0x0000f8e4     0xb2  rtcs.o [9]
    .text            ro code  0x0000f998    0x3ea  io_util.o [7]
    .text            ro code  0x0000fd84     0x44  strcpy.o [8]
    .text            ro code  0x0000fdc8     0x18  io_util.o [7]
    .text            ro code  0x0000fde0      0x8  io_util.o [7]
    .text            ro code  0x0000fde8     0x7c  ta_build.o [7]
    .text            ro code  0x0000fe64     0x18  lwm_allp.o [7]
    .text            ro code  0x0000fe7c     0x18  lwm_alzp.o [7]
    .text            ro code  0x0000fe94     0x18  lwm_gsyp.o [7]
    .text            ro code  0x0000feac     0x18  lwm_zsyf.o [7]
    .text            ro code  0x0000fec4     0x84  pa_creat.o [7]
    .text            ro code  0x0000ff48     0x14  pa_sallo.o [7]
    .text            ro code  0x0000ff5c     0x74  pa_free.o [7]
    .text            ro code  0x0000ffd0     0x74  pa_dest.o [7]
    .text            ro code  0x00010044    0x20c  ms_pooli.o [7]
    .text            ro code  0x00010250     0x12  ta_util.o [7]
    .text            ro code  0x00010264     0xa2  lws_dest.o [7]
    .text            ro code  0x00010308    0x364  ms_sendi.o [7]
    .text            ro code  0x0001066c    0x12a  sockutil.o [9]
    .text            ro code  0x00010796      0x8  io_util.o [7]
    .text            ro code  0x0001079e     0x2a  io_util.o [7]
    .text            ro code  0x000107c8     0x16  io_util.o [7]
    .text            ro code  0x000107e0     0x7c  pa_creai.o [7]
    .text            ro code  0x0001085c    0x118  pa_alloi.o [7]
    .text            ro code  0x00010974    0x130  ms_comp.o [7]
    .text            ro code  0x00010aa4     0x60  ms_free.o [7]
    .text            ro code  0x00010b04     0x10  io_util.o [7]
    .text            ro code  0x00010b14      0x8  io_util.o [7]
    .text            ro code  0x00010b1c      0x8  io_util.o [7]
    .text            ro code  0x00010b24     0x7c  pa_comp.o [7]
    .text            ro code  0x00010ba0     0x5c  pa_extni.o [7]
    .text            ro code  0x00010bfc     0x22  io_util.o [7]
    .text            ro code  0x00010c1e     0x28  io_util.o [7]
    .text            ro code  0x00010c46     0x10  io_util.o [7]
    .text            ro code  0x00010c58    0xa60  LCDUart.o [1]
    .text            ro code  0x000116b8     0x14  ev_creaa.o [7]
    .text            ro code  0x000116cc   0x2d9c  MenuView.o [1]
    .text            ro code  0x00014468     0x52  System.o [1]
    .text            ro code  0x000144ba      0x6  cos.o [5]
    .text            ro code  0x000144c0      0x6  sin.o [5]
    .text            ro code  0x000144c8     0x24  FltCmpGe.o [5]
    .text            ro code  0x000144ec     0x4e  FltToDbl.o [5]
    .text            ro code  0x0001453c    0x14c  sh_cd.o [1]
    .text            ro code  0x00014688     0x90  sh_pwd.o [11]
    .text            ro code  0x00014718    0x220  sh_read_wk.o [11]
    .text            ro code  0x00014938    0x1f8  sh_write_binary.o [11]
    .text            ro code  0x00014b30     0xc8  sh_update.o [11]
    .text            ro code  0x00014bf8     0x16  ti_get.o [7]
    .text            ro code  0x00014c10     0xe4  ti_to.o [7]
    .text            ro code  0x00014cf4    0x110  sh_mkdir.o [11]
    .text            ro code  0x00014e04    0x39c  sh_search_file_1.o [11]
    .text            ro code  0x000151a0    0x1f0  xsin.o [5]
    .text            ro code  0x00015390    0x218  sh_util.o [11]
    .text            ro code  0x000155a8    0x408  mfs_misc.o [6]
    .text            ro code  0x000159b0     0x90  io_fseek.o [7]
    .text            ro code  0x00015a40     0x16  io_feof.o [7]
    .text            ro code  0x00015a56     0x46  io_fgetc.o [7]
    .text            ro code  0x00015a9c     0x4c  ti_gett.o [7]
    .text            ro code  0x00015ae8     0xbc  psp_tkti.o [7]
    .text            ro code  0x00015ba4     0x42  ti_leap.o [7]
    .text            ro code  0x00015be8    0x320  dir_read.o [6]
    .text            ro code  0x00015f08     0x26  io_spr.o [7]
    .text            ro code  0x00015f30    0x170  xquad.o [5]
    .text            ro code  0x000160a0     0x10  sh_util.o [11]
    .text            ro code  0x000160b0    0x344  mfs_rw.o [6]
    .text            ro code  0x000163f4     0x9e  mfs_data_sector.o [6]
    .text            ro code  0x00016494    0x382  mfs_fat.o [6]
    .text            ro code  0x00016818    0x1a8  fmod.o [5]
    .text            ro code  0x000169c0     0x6a  io_read.o [7]
    .text            ro code  0x00016a2c     0x62  memcmp.o [8]
    .text            ro code  0x00016a90    0x356  mfs_cluster.o [6]
    .text            ro code  0x00016de8      0xc  iarEdom.o [8]
    .text            ro code  0x00016df4     0x48  Shell_Task.o [1]
    .text            ro code  0x00016e3c    0x22c  shell.o [11]
    .text            ro code  0x00017068     0x38  io_fflsh.o [7]
    .text            ro code  0x000170a0     0x2e  io_fgets.o [7]
    .text            ro code  0x000170ce     0x94  io_fgetl.o [7]
    .text            ro code  0x00017162     0x2c  io_fung.o [7]
    .text            ro code  0x00017190    0x2d0  USB_File.o [1]
    .text            ro code  0x00017460    0x726  usbmfs.o [12]
    .text            ro code  0x00017b88    0x5a6  part_mgr.o [6]
    .text            ro code  0x0001812e      0xe  io_ferr.o [7]
    .text            ro code  0x0001813c   0x1222  mfs_init.o [6]
    .text            ro code  0x00019360     0x7c  io_uinst.o [7]
    .text            ro code  0x000193dc    0xb54  host_common.o [12]
    .text            ro code  0x00019f30     0x90  usb_host_msd_ufi.o [12]
    .text            ro code  0x00019fc0     0x10  ti_getp.o [7]
    .text            ro code  0x00019fd0     0x98  lws_wati.o [7]
    .text            ro code  0x0001a068     0x30  ti_delti.o [7]
    .text            ro code  0x0001a098     0xa2  mfs_valdev.o [6]
    .text            ro code  0x0001a13c    0x39c  mfs_open.o [6]
    .text            ro code  0x0001a4d8    0x4bc  mfs_create.o [6]
    .text            ro code  0x0001a994    0x2d0  mfs_read.o [6]
    .text            ro code  0x0001ac64    0x430  mfs_write.o [6]
    .text            ro code  0x0001b094    0x7f8  mfs_directory.o [6]
    .text            ro code  0x0001b88c     0xf4  mfs_attribute.o [6]
    .text            ro code  0x0001b980     0xe4  mfs_time.o [6]
    .text            ro code  0x0001ba64    0x7ce  mfs_lfn.o [6]
    .text            ro code  0x0001c232    0x102  mfs_delete.o [6]
    .text            ro code  0x0001c334    0x2c0  mfs_rename.o [6]
    .text            ro code  0x0001c5f4    0x89c  mfs_format.o [6]
    .text            ro code  0x0001ce90     0x10  qu_util.o [7]
    .text            ro code  0x0001cea0     0x68  usb_mqx.o [12]
    .text            ro code  0x0001cf08    0x3d2  host_dev_list.o [12]
    .text            ro code  0x0001d2dc    0x564  host_main.o [12]
    .text            ro code  0x0001d840    0x660  host_ch9.o [12]
    .text            ro code  0x0001dea0    0x670  usb_host_msd_bo.o [12]
    .text            ro code  0x0001e510     0x36  lws_wain.o [7]
    .text            ro code  0x0001e546    0x79a  mfs_search.o [6]
    .text            ro code  0x0001ece0     0xf6  mfs_handle.o [6]
    .text            ro code  0x0001edd8    0x7f6  mfs_dir_entry.o [6]
    .text            ro code  0x0001f5ce     0x20  qu_head.o [7]
    .text            ro code  0x0001f5ee     0x22  qu_next.o [7]
    .text            ro code  0x0001f610    0x57c  mfs_parse.o [6]
    .text            ro code  0x0001fb8c     0x50  host_close.o [12]
    .text            ro code  0x0001fbdc     0x5a  usb_mk60.o [3]
    .text            ro code  0x0001fc36     0xa2  usb_host_msd_queue.o [12]
    .text            ro code  0x0001fcd8     0x58  host_snd.o [12]
    .text            ro code  0x0001fd30     0x58  host_rcv.o [12]
    .text            ro code  0x0001fd88     0x30  pa_sallz.o [7]
    .text            ro code  0x0001fdb8     0x1e  qu_unlnk.o [7]
    .text            ro code  0x0001fdd6     0x1e  strcat.o [4]
    .text            ro code  0x0001fdf4    0x220  USB_Task.o [1]
    .text            ro code  0x00020014     0x86  lwe_crea.o [7]
    .text            ro code  0x0002009c     0x20  int_iunx.o [7]
    .text            ro code  0x000200bc     0x34  lwe_clr.o [7]
    .text            ro code  0x000200f0     0x48  lwe_watt.o [7]
    .text            ro code  0x00020138     0x10  int_idef.o [7]
    .text            ro code  0x00020148     0xf0  lwe_waii.o [7]
    .text            ro code  0x00020238    0x16c  mem_flash.o [1]
    .text            ro code  0x000203a4     0x94  pin2.o [1]
    .text            ro code  0x00020438     0xac  tq_tsusp.o [7]
    .text            ro code  0x000204e4     0x98  ta_prio.o [7]
    .text            ro code  0x0002057c     0x68  sc_sprio.o [7]
    .text            ro code  0x000205e4      0x4  ta_sync.o [7]
    .text            ro code  0x000205e8    0x29c  tcpip_socket_task.o [1]
    .text            ro code  0x00020884    0x1a0  soselset.o [9]
    .text            ro code  0x00020a24     0xbc  sosel0.o [9]
    .text            ro code  0x00020ae0     0xd4  timer.o [9]
    .text            ro code  0x00020bb4    0x3c4  yada_prj.o [1]
    .text            ro code  0x00020f78    0x3ec  timer_lpt.o [3]
    .text            ro code  0x00021364     0x7c  timer_lpt_kinetis.o [3]
    .text            ro code  0x000213e0     0x22  I64Shl.o [8]
    .text            ro code  0x00021404   0x12f0  ftpd_cmd.o [9]
    .text            ro code  0x000226f4     0x24  ftpd_cmd.o [9]
    .text            ro code  0x00022718      0x4  strpbrk.o [4]
    .text            ro code  0x0002271c     0x18  rtcsmsec.o [9]
    .text            ro code  0x00022734     0x20  io_ftell.o [7]
    .text            ro code  0x00022754     0x22  strpbrk.o [4]
    .text            ro code  0x00022776     0x1a  ti_elaps.o [7]
    .text            ro code  0x00022790     0x40  ti_elapt.o [7]
    .text            ro code  0x000227d0    0x3be  ip-e.o [9]
    .text            ro code  0x00022b90    0x82c  arp.o [9]
    .text            ro code  0x000233bc     0x94  enopen.o [3]
    .text            ro code  0x00023450     0x82  enclose.o [3]
    .text            ro code  0x000234d4     0xdc  rtcsrand.o [9]
    .text            ro code  0x000235b0    0x496  rtcspcb.o [9]
    .text            ro code  0x00023a46    0x162  ensend.o [3]
    .text            ro code  0x00023ba8    0x24c  iputil.o [9]
    .text            ro code  0x00023df4      0x4  proxyarp.o [9]
    .text            ro code  0x00023df8     0x3c  lws_poll.o [7]
    .text            ro code  0x00023e34    0x24c  ipradix.o [9]
    .text            ro code  0x00024080     0x94  sh_cmdlist.o [11]
    .text            ro code  0x00024114    0x1f0  sh_copy.o [11]
    .text            ro code  0x00024304    0x118  sh_create.o [11]
    .text            ro code  0x0002441c    0x11c  sh_del.o [11]
    .text            ro code  0x00024538    0x108  sh_df.o [11]
    .text            ro code  0x00024640    0x154  sh_dir.o [11]
    .text            ro code  0x00024794    0x1bc  sh_disect.o [11]
    .text            ro code  0x00024950     0x68  sh_exit.o [11]
    .text            ro code  0x000249b8    0x17c  sh_format.o [11]
    .text            ro code  0x00024b34    0x108  sh_help.o [11]
    .text            ro code  0x00024c3c    0x22c  sh_read.o [11]
    .text            ro code  0x00024e68     0x40  io_fputc.o [7]
    .text            ro code  0x00024ea8    0x188  sh_rename.o [11]
    .text            ro code  0x00025030    0x12c  sh_rmdir.o [11]
    .text            ro code  0x0002515c     0xd8  sh_sh.o [11]
    .text            ro code  0x00025234    0x130  sh_type.o [11]
    .text            ro code  0x00025364    0x250  sh_write.o [11]
    .text            ro code  0x000255b4    0xa94  khci.o [12]
    .text            ro code  0x00026048     0x92  lwmsgq.o [7]
    .text            ro code  0x000260dc    0x138  lwmsgq_recv.o [7]
    .text            ro code  0x00026214     0x70  ta_creab.o [7]
    .text            ro code  0x00026284    0x128  lwmsgq_send.o [7]
    .text            ro code  0x000263ac    0x560  usb_host_hub_sm.o [12]
    .text            ro code  0x0002690c    0x3ae  usb_host_hub.o [12]
    .text            ro code  0x00026cbc    0x59c  sstream.o [9]
    .text            ro code  0x00027258    0x9f6  ip.o [9]
    .text            ro code  0x00027c50    0x76c  iproute.o [9]
    .text            ro code  0x000283bc     0x86  checksum.o [9]
    .text            ro code  0x00028442     0x44  ipsum.o [7]
    .text            ro code  0x00028488    0x680  icmp.o [9]
    .text            ro code  0x00028b08     0x22  route.o [9]
    .text            ro code  0x00028b2c    0x19e  iplocal.o [9]
    .text            ro code  0x00028ccc    0x124  tcpip.o [9]
    .text            ro code  0x00028df0     0x16  ms_open.o [7]
    .text            ro code  0x00028e08     0x10  arpinit.o [9]
    .text            ro code  0x00028e18     0x18  bootinit.o [9]
    .text            ro code  0x00028e30     0x32  ms_recv.o [7]
    .text            ro code  0x00028e64    0x144  ms_openi.o [7]
    .text            ro code  0x00028fa8    0x320  ms_recvi.o [7]
    .text            ro code  0x000292c8     0xe8  int_unx.o [7]
    .text            ro code  0x000293b0    0x3c4  tcp_clos.o [9]
    .text            ro code  0x00029774    0x792  tcp_rcv.o [9]
    .text            ro code  0x00029f06    0x3a2  ticker.o [9]
    .text            ro code  0x0002a2a8   0x16e2  tcp.o [9]
    .text            ro code  0x0002b98a    0x12c  sosel1.o [9]
    .text            ro code  0x0002bab8    0xfa8  tcp_send.o [9]
    .text            ro code  0x0002ca60    0x412  tcp_buf.o [9]
    .text            ro code  0x0002ce74     0x18  ti_getr.o [7]
    .text            ro code  0x0002ce8c    0x464  macnet_init.o [3]
    .text            ro code  0x0002d2f0     0x1c  macnet_mk60.o [3]
    .text            ro code  0x0002d30c    0x49e  macnet_receive.o [3]
    .text            ro code  0x0002d7ac    0x1d4  macnet_util.o [3]
    .text            ro code  0x0002d980    0x11a  enrecv.o [3]
    .text            ro code  0x0002da9c     0x64  int_gisr.o [7]
    .text            ro code  0x0002db00    0x1e2  ta_dest.o [7]
    .text            ro code  0x0002dce4     0x6c  lwm_list.o [7]
    .text            ro code  0x0002dd50      0x2  stack_de.o [7]
    .text            ro code  0x0002dd54     0x34  int_isr.o [7]
    .text            ro code  0x0002dd88     0x10  td_serrt.o [7]
    .text            ro code  0x0002dd98     0x40  idletask.o [7]
    .text            ro code  0x0002ddd8     0x60  ev_tdel.o [7]
    .text            ro code  0x0002de38     0x88  macnet_join.o [3]
    .text            ro code  0x0002dec0     0xe8  macnet_mii.o [3]
    .text            ro code  0x0002dfa8     0x4c  macnet_stop.o [3]
    .text            ro code  0x0002dff4     0x24  ta_exit.o [7]
    .text            ro code  0x0002e018    0x31c  udp.o [9]
    .text            ro code  0x0002e334    0x4fc  flash_ftfl.o [3]
    .text            ro code  0x0002e830     0x24  flash_mk60.o [3]
    .text            ro code  0x0002e854     0xd8  ms_tdel.o [7]
    .text            ro code  0x0002e92c     0x98  pa_tdel.o [7]
    .text            ro code  0x0002e9c4    0x104  soip.o [9]
    .text            ro code  0x0002eac8    0x1ba  ipif_add.o [9]
    .text            ro code  0x0002ec82    0x178  phy_ks8721bl.o [3]
    .text            ro code  0x0002edfa    0x2ba  macnet_send.o [3]
  KERNEL             ro code  0x0002f0c0    0x218  dispatch.o [7]
  .iar.init_table    const    0x0002f2d8     0x38  - Linker created -
  .rodata            const    0x0002f310      0x8  DSPSPI.o [1]
  .rodata            const    0x0002f318     0x1c  DSPSPI.o [1]
  .rodata            const    0x0002f334      0x8  DSPSPI.o [1]
  .rodata            const    0x0002f33c     0x24  DSPSPI.o [1]
  .rodata            const    0x0002f360     0x24  DSPSPI.o [1]
  .rodata            const    0x0002f384     0x24  DSPSPI.o [1]
  .rodata            const    0x0002f3a8     0x10  DSPSPI.o [1]
  .rodata            const    0x0002f3b8     0x1c  DSPSPI.o [1]
  .rodata            const    0x0002f3d4     0x18  DSPSPI.o [1]
  .rodata            const    0x0002f3ec     0x1c  DSPSPI.o [1]
  .rodata            const    0x0002f408     0x18  DSPSPI.o [1]
  .rodata            const    0x0002f420      0x8  FTP_Task.o [1]
  .rodata            const    0x0002f428      0x8  FTP_Task.o [1]
  .rodata            const    0x0002f430      0x8  FTP_Task.o [1]
  .rodata            const    0x0002f438      0x4  FTP_Task.o [1]
  .rodata            const    0x0002f43c      0x8  FTP_Task.o [1]
  .rodata            const    0x0002f444      0x8  FTP_Task.o [1]
  .rodata            const    0x0002f44c      0x8  FTP_Task.o [1]
  .rodata            const    0x0002f454      0x8  FTP_Task.o [1]
  .rodata            const    0x0002f45c      0x4  FTP_Task.o [1]
  .rodata            const    0x0002f460      0x8  FTP_Task.o [1]
  .rodata            const    0x0002f468      0x8  FTP_Task.o [1]
  .rodata            const    0x0002f470      0x8  FTP_Task.o [1]
  .rodata            const    0x0002f478      0x8  FTP_Task.o [1]
  .rodata            const    0x0002f480      0x8  FTP_Task.o [1]
  .rodata            const    0x0002f488      0x8  FTP_Task.o [1]
  .rodata            const    0x0002f490      0x4  FTP_Task.o [1]
  .rodata            const    0x0002f494      0x8  FTP_Task.o [1]
  .rodata            const    0x0002f49c      0x8  FTP_Task.o [1]
  .rodata            const    0x0002f4a4      0x8  FTP_Task.o [1]
  .rodata            const    0x0002f4ac      0x8  FTP_Task.o [1]
  .rodata            const    0x0002f4b4      0x8  FTP_Task.o [1]
  .rodata            const    0x0002f4bc      0x4  FTP_Task.o [1]
  .rodata            const    0x0002f4c0      0x8  FTP_Task.o [1]
  .rodata            const    0x0002f4c8      0x8  FTP_Task.o [1]
  .rodata            const    0x0002f4d0      0x8  FTP_Task.o [1]
  .rodata            const    0x0002f4d8      0x8  FTP_Task.o [1]
  .rodata            const    0x0002f4e0      0x8  FTP_Task.o [1]
  .rodata            const    0x0002f4e8      0x8  FTP_Task.o [1]
  .rodata            const    0x0002f4f0      0x8  FTP_Task.o [1]
  .rodata            const    0x0002f4f8      0x8  FTP_Task.o [1]
  .rodata            const    0x0002f500      0x8  FTP_Task.o [1]
  .rodata            const    0x0002f508     0x24  FTP_Task.o [1]
  .rodata            const    0x0002f52c     0x24  FTP_Task.o [1]
  .rodata            const    0x0002f550     0x24  FTP_Task.o [1]
  .rodata            const    0x0002f574     0x14  FTP_Task.o [1]
  .rodata            const    0x0002f588      0xc  FTP_Task.o [1]
  .rodata            const    0x0002f594    0x100  FTP_Task.o [1]
  .rodata            const    0x0002f694      0x8  LCDDriver.o [1]
  .rodata            const    0x0002f69c      0x8  LCDUart.o [1]
  .rodata            const    0x0002f6a4      0xc  LCDUart.o [1]
  .rodata            const    0x0002f6b0     0x28  LCDUart.o [1]
  .rodata            const    0x0002f6d8     0x24  LCDUart.o [1]
  .rodata            const    0x0002f6fc     0x24  LCDUart.o [1]
  .rodata            const    0x0002f720     0x1c  LCDUart.o [1]
  .rodata            const    0x0002f73c     0x10  LCDUart.o [1]
  .rodata            const    0x0002f74c     0x1c  LCDUart.o [1]
  .rodata            const    0x0002f768     0x18  LCDUart.o [1]
  .rodata            const    0x0002f780      0xc  MenuView.o [1]
  .rodata            const    0x0002f78c     0x10  MenuView.o [1]
  .rodata            const    0x0002f79c     0x10  MenuView.o [1]
  .rodata            const    0x0002f7ac     0x14  MenuView.o [1]
  .rodata            const    0x0002f7c0     0x14  MenuView.o [1]
  .rodata            const    0x0002f7d4     0x38  MenuView.o [1]
  .rodata            const    0x0002f80c     0x3c  MenuView.o [1]
  .rodata            const    0x0002f848      0x4  MenuView.o [1]
  .rodata            const    0x0002f84c      0x8  MenuView.o [1]
  .rodata            const    0x0002f854     0x24  MenuView.o [1]
  .rodata            const    0x0002f878     0x48  MenuView.o [1]
  .rodata            const    0x0002f8c0      0x8  MenuView.o [1]
  .rodata            const    0x0002f8c8      0x8  MenuView.o [1]
  .rodata            const    0x0002f8d0      0xc  MenuView.o [1]
  .rodata            const    0x0002f8dc      0x8  MenuView.o [1]
  .rodata            const    0x0002f8e4     0x10  MenuView.o [1]
  .rodata            const    0x0002f8f4      0x8  MenuView.o [1]
  .rodata            const    0x0002f8fc      0x8  MenuView.o [1]
  .rodata            const    0x0002f904     0x2c  MenuView.o [1]
  .rodata            const    0x0002f930     0x58  MenuView.o [1]
  .rodata            const    0x0002f988     0x10  MenuView.o [1]
  .rodata            const    0x0002f998     0x10  MenuView.o [1]
  .rodata            const    0x0002f9a8     0x24  MenuView.o [1]
  .rodata            const    0x0002f9cc      0xc  MenuView.o [1]
  .rodata            const    0x0002f9d8      0x8  MenuView.o [1]
  .rodata            const    0x0002f9e0     0x10  MenuView.o [1]
  .rodata            const    0x0002f9f0      0x8  MenuView.o [1]
  .rodata            const    0x0002f9f8      0x8  MenuView.o [1]
  .rodata            const    0x0002fa00      0x8  MenuView.o [1]
  .rodata            const    0x0002fa08      0xc  MenuView.o [1]
  .rodata            const    0x0002fa14     0x1c  MenuView.o [1]
  .rodata            const    0x0002fa30      0xc  MenuView.o [1]
  .rodata            const    0x0002fa3c      0xc  MenuView.o [1]
  .rodata            const    0x0002fa48     0x64  MenuView.o [1]
  .rodata            const    0x0002faac      0x8  MenuView.o [1]
  .rodata            const    0x0002fab4     0x20  MenuView.o [1]
  .rodata            const    0x0002fad4     0x24  MenuView.o [1]
  .rodata            const    0x0002faf8      0x8  MenuView.o [1]
  .rodata            const    0x0002fb00      0x4  Shell_Task.o [1]
  .rodata            const    0x0002fb04      0x8  Shell_Task.o [1]
  .rodata            const    0x0002fb0c      0x8  Shell_Task.o [1]
  .rodata            const    0x0002fb14      0x4  Shell_Task.o [1]
  .rodata            const    0x0002fb18      0x8  Shell_Task.o [1]
  .rodata            const    0x0002fb20      0x4  Shell_Task.o [1]
  .rodata            const    0x0002fb24      0x4  Shell_Task.o [1]
  .rodata            const    0x0002fb28      0x8  Shell_Task.o [1]
  .rodata            const    0x0002fb30      0x8  Shell_Task.o [1]
  .rodata            const    0x0002fb38      0x8  Shell_Task.o [1]
  .rodata            const    0x0002fb40      0x8  Shell_Task.o [1]
  .rodata            const    0x0002fb48      0x4  Shell_Task.o [1]
  .rodata            const    0x0002fb4c      0x8  Shell_Task.o [1]
  .rodata            const    0x0002fb54      0x4  Shell_Task.o [1]
  .rodata            const    0x0002fb58      0x8  Shell_Task.o [1]
  .rodata            const    0x0002fb60      0x4  Shell_Task.o [1]
  .rodata            const    0x0002fb64      0x8  Shell_Task.o [1]
  .rodata            const    0x0002fb6c      0x8  Shell_Task.o [1]
  .rodata            const    0x0002fb74      0x8  Shell_Task.o [1]
  .rodata            const    0x0002fb7c      0x8  Shell_Task.o [1]
  .rodata            const    0x0002fb84     0x28  Shell_Task.o [1]
  .rodata            const    0x0002fbac     0x24  Shell_Task.o [1]
  .rodata            const    0x0002fbd0     0x24  Shell_Task.o [1]
  .rodata            const    0x0002fbf4     0x20  Shell_Task.o [1]
  .rodata            const    0x0002fc14     0xb0  Shell_Task.o [1]
  .rodata            const    0x0002fcc4     0x1c  USB_File.o [1]
  .rodata            const    0x0002fce0     0x4c  USB_File.o [1]
  .rodata            const    0x0002fd2c     0x34  USB_File.o [1]
  .rodata            const    0x0002fd60     0x24  USB_File.o [1]
  .rodata            const    0x0002fd84     0x20  USB_File.o [1]
  .rodata            const    0x0002fda4     0x20  USB_File.o [1]
  .rodata            const    0x0002fdc4     0x24  USB_File.o [1]
  .rodata            const    0x0002fde8     0x24  USB_File.o [1]
  .rodata            const    0x0002fe0c     0x2c  USB_File.o [1]
  .rodata            const    0x0002fe38     0x24  USB_File.o [1]
  .rodata            const    0x0002fe5c     0x20  USB_File.o [1]
  .rodata            const    0x0002fe7c     0x1c  USB_File.o [1]
  .rodata            const    0x0002fe98     0x18  USB_File.o [1]
  .rodata            const    0x0002feb0     0x2c  USB_File.o [1]
  .rodata            const    0x0002fedc     0x14  USB_File.o [1]
  .rodata            const    0x0002fef0     0x24  USB_File.o [1]
  .rodata            const    0x0002ff14     0x18  USB_File.o [1]
  .rodata            const    0x0002ff2c     0x28  USB_File.o [1]
  .rodata            const    0x0002ff54     0x18  USB_File.o [1]
  .rodata            const    0x0002ff6c     0x2c  USB_File.o [1]
  .rodata            const    0x0002ff98     0x18  USB_File.o [1]
  .rodata            const    0x0002ffb0     0x30  USB_File.o [1]
  .rodata            const    0x0002ffe0     0x14  USB_File.o [1]
  .rodata            const    0x0002fff4     0x1c  USB_File.o [1]
  .rodata            const    0x00030010     0x18  USB_File.o [1]
  .rodata            const    0x00030028     0x24  USB_Task.o [1]
  .rodata            const    0x0003004c     0x24  USB_Task.o [1]
  .rodata            const    0x00030070     0x24  USB_Task.o [1]
  .rodata            const    0x00030094      0x8  USB_Task.o [1]
  .rodata            const    0x0003009c      0x8  USB_Task.o [1]
  .rodata            const    0x000300a4      0x8  USB_Task.o [1]
  .rodata            const    0x000300ac      0x8  USB_Task.o [1]
  .rodata            const    0x000300b4     0x30  USB_Task.o [1]
  .rodata            const    0x000300e4      0x4  mem_flash.o [1]
  .rodata            const    0x000300e8      0x8  mem_flash.o [1]
  .rodata            const    0x000300f0     0x14  mem_flash.o [1]
  .rodata            const    0x00030104      0x8  mem_flash.o [1]
  .rodata            const    0x0003010c     0x18  mem_flash.o [1]
  .rodata            const    0x00030124     0x18  mem_flash.o [1]
  .rodata            const    0x0003013c     0x28  mem_flash.o [1]
  .rodata            const    0x00030164     0x28  mem_flash.o [1]
  .rodata            const    0x0003018c     0x1c  mem_flash.o [1]
  .rodata            const    0x000301a8     0x20  mem_flash.o [1]
  .rodata            const    0x000301c8     0x30  mem_flash.o [1]
  .rodata            const    0x000301f8     0x1c  mem_flash.o [1]
  .rodata            const    0x00030214      0xc  pin2.o [1]
  .rodata            const    0x00030220      0xc  pin2.o [1]
  .rodata            const    0x0003022c      0x8  pin2.o [1]
  .rodata            const    0x00030234     0x28  sh_cd.o [1]
  .rodata            const    0x0003025c     0x2c  sh_cd.o [1]
  .rodata            const    0x00030288     0x1c  sh_cd.o [1]
  .rodata            const    0x000302a4     0x20  sh_cd.o [1]
  .rodata            const    0x000302c4     0x14  sh_cd.o [1]
  .rodata            const    0x000302d8     0x18  sh_cd.o [1]
  .rodata            const    0x000302f0     0x34  sh_cd.o [1]
  .rodata            const    0x00030324     0x28  tcpip_socket_task.o [1]
  .rodata            const    0x0003034c     0x2c  tcpip_socket_task.o [1]
  .rodata            const    0x00030378     0x1c  tcpip_socket_task.o [1]
  .rodata            const    0x00030394     0x28  tcpip_socket_task.o [1]
  .rodata            const    0x000303bc     0x20  tcpip_socket_task.o [1]
  .rodata            const    0x000303dc     0x14  tcpip_socket_task.o [1]
  .rodata            const    0x000303f0      0x8  tcpip_socket_task.o [1]
  .rodata            const    0x000303f8     0x24  tcpip_socket_task.o [1]
  .rodata            const    0x0003041c     0x10  yada_prj.o [1]
  .rodata            const    0x0003042c      0xc  yada_prj.o [1]
  .rodata            const    0x00030438      0xc  yada_prj.o [1]
  .rodata            const    0x00030444     0x10  yada_prj.o [1]
  .rodata            const    0x00030454      0xc  yada_prj.o [1]
  .rodata            const    0x00030460      0xc  yada_prj.o [1]
  .rodata            const    0x0003046c     0x10  yada_prj.o [1]
  .rodata            const    0x0003047c      0xc  yada_prj.o [1]
  .rodata            const    0x00030488      0xc  yada_prj.o [1]
  .rodata            const    0x00030494      0xc  yada_prj.o [1]
  .rodata            const    0x000304a0     0x20  yada_prj.o [1]
  .rodata            const    0x000304c0     0x24  yada_prj.o [1]
  .rodata            const    0x000304e4     0x24  yada_prj.o [1]
  .rodata            const    0x00030508     0x24  yada_prj.o [1]
  .rodata            const    0x0003052c      0x8  yada_prj.o [1]
  .rodata            const    0x00030534      0x8  yada_prj.o [1]
  .rodata            const    0x0003053c      0xc  yada_prj.o [1]
  .rodata            const    0x00030548    0x140  yada_prj.o [1]
  .rodata            const    0x00030688      0x4  ftpd_cmd.o [9]
  .rodata            const    0x0003068c     0x10  ftpd_cmd.o [9]
  .rodata            const    0x0003069c      0x8  ftpd_cmd.o [9]
  .rodata            const    0x000306a4      0xc  ftpd_cmd.o [9]
  .rodata            const    0x000306b0     0x14  ftpd_cmd.o [9]
  .rodata            const    0x000306c4      0x8  ftpd_cmd.o [9]
  .rodata            const    0x000306cc     0x20  ftpd_cmd.o [9]
  .rodata            const    0x000306ec     0x24  ftpd_cmd.o [9]
  .rodata            const    0x00030710     0x20  ftpd_cmd.o [9]
  .rodata            const    0x00030730     0x30  ftpd_cmd.o [9]
  .rodata            const    0x00030760     0x28  ftpd_cmd.o [9]
  .rodata            const    0x00030788     0x24  ftpd_cmd.o [9]
  .rodata            const    0x000307ac     0x1c  ftpd_cmd.o [9]
  .rodata            const    0x000307c8      0x4  ftpd.o [9]
  .rodata            const    0x000307cc      0x8  ftpd.o [9]
  .rodata            const    0x000307d4      0xc  ip-e.o [9]
  .rodata            const    0x000307e0      0x4  ip-e.o [9]
  .rodata            const    0x000307e4      0x8  rtcscmd.o [9]
  .rodata            const    0x000307ec     0x28  sh_mkdir.o [11]
  .rodata            const    0x00030814     0x2c  sh_mkdir.o [11]
  .rodata            const    0x00030840     0x20  sh_mkdir.o [11]
  .rodata            const    0x00030860     0x20  sh_mkdir.o [11]
  .rodata            const    0x00030880     0x14  sh_mkdir.o [11]
  .rodata            const    0x00030894     0x18  sh_mkdir.o [11]
  .rodata            const    0x000308ac     0x30  sh_mkdir.o [11]
  .rodata            const    0x000308dc     0x28  sh_pwd.o [11]
  .rodata            const    0x00030904     0x20  sh_pwd.o [11]
  .rodata            const    0x00030924      0x8  sh_pwd.o [11]
  .rodata            const    0x0003092c      0x8  sh_pwd.o [11]
  .rodata            const    0x00030934      0xc  sh_pwd.o [11]
  .rodata            const    0x00030940     0x28  sh_read_wk.o [11]
  .rodata            const    0x00030968     0x18  sh_read_wk.o [11]
  .rodata            const    0x00030980     0x20  sh_read_wk.o [11]
  .rodata            const    0x000309a0      0x8  sh_read_wk.o [11]
  .rodata            const    0x000309a8      0x8  sh_read_wk.o [11]
  .rodata            const    0x000309b0     0x1c  sh_read_wk.o [11]
  .rodata            const    0x000309cc     0x1c  sh_read_wk.o [11]
  .rodata            const    0x000309e8     0x2c  sh_read_wk.o [11]
  .rodata            const    0x00030a14     0x14  sh_read_wk.o [11]
  .rodata            const    0x00030a28      0x8  sh_read_wk.o [11]
  .rodata            const    0x00030a30     0x20  sh_read_wk.o [11]
  .rodata            const    0x00030a50     0x20  sh_read_wk.o [11]
  .rodata            const    0x00030a70     0x30  sh_read_wk.o [11]
  .rodata            const    0x00030aa0     0x38  sh_read_wk.o [11]
  .rodata            const    0x00030ad8     0x28  sh_read_wk.o [11]
  .rodata            const    0x00030b00     0x2c  sh_read_wk.o [11]
  .rodata            const    0x00030b2c     0x34  sh_read_wk.o [11]
  .rodata            const    0x00030b60     0x20  sh_read_wk.o [11]
  .rodata            const    0x00030b80     0x28  sh_search_file_1.o [11]
  .rodata            const    0x00030ba8     0x20  sh_search_file_1.o [11]
  .rodata            const    0x00030bc8     0x14  sh_search_file_1.o [11]
  .rodata            const    0x00030bdc     0x14  sh_search_file_1.o [11]
  .rodata            const    0x00030bf0     0x20  sh_search_file_1.o [11]
  .rodata            const    0x00030c10     0x24  sh_search_file_1.o [11]
  .rodata            const    0x00030c34     0x24  sh_search_file_1.o [11]
  .rodata            const    0x00030c58     0x14  sh_search_file_1.o [11]
  .rodata            const    0x00030c6c     0x24  sh_search_file_1.o [11]
  .rodata            const    0x00030c90     0x30  sh_search_file_1.o [11]
  .rodata            const    0x00030cc0      0x8  sh_search_file_1.o [11]
  .rodata            const    0x00030cc8      0x8  sh_update.o [11]
  .rodata            const    0x00030cd0     0x24  sh_update.o [11]
  .rodata            const    0x00030cf4     0x28  sh_update.o [11]
  .rodata            const    0x00030d1c     0x28  sh_update.o [11]
  .rodata            const    0x00030d44     0x1c  sh_update.o [11]
  .rodata            const    0x00030d60     0x28  sh_write_binary.o [11]
  .rodata            const    0x00030d88     0x20  sh_write_binary.o [11]
  .rodata            const    0x00030da8      0x8  sh_write_binary.o [11]
  .rodata            const    0x00030db0      0x8  sh_write_binary.o [11]
  .rodata            const    0x00030db8     0x1c  sh_write_binary.o [11]
  .rodata            const    0x00030dd4     0x1c  sh_write_binary.o [11]
  .rodata            const    0x00030df0     0x2c  sh_write_binary.o [11]
  .rodata            const    0x00030e1c     0x20  sh_write_binary.o [11]
  .rodata            const    0x00030e3c     0x20  sh_write_binary.o [11]
  .rodata            const    0x00030e5c     0x38  sh_write_binary.o [11]
  .rodata            const    0x00030e94     0x3c  sh_write_binary.o [11]
  .rodata            const    0x00030ed0     0x28  sh_write_binary.o [11]
  .rodata            const    0x00030ef8     0x2c  sh_write_binary.o [11]
  .rodata            const    0x00030f24     0x34  sh_write_binary.o [11]
  .rodata            const    0x00030f58     0x20  sh_write_binary.o [11]
  .rodata            const    0x00030f78     0x1c  sh_write_binary.o [11]
  .rodata            const    0x00030f94     0x10  mfs_misc.o [6]
  .rodata            const    0x00030fa4     0x1c  mfs_misc.o [6]
  .rodata            const    0x00030fc0     0x14  mfs_misc.o [6]
  .rodata            const    0x00030fd4     0x14  mfs_misc.o [6]
  .rodata            const    0x00030fe8     0x14  mfs_misc.o [6]
  .rodata            const    0x00030ffc     0x14  mfs_misc.o [6]
  .rodata            const    0x00031010     0x18  mfs_misc.o [6]
  .rodata            const    0x00031028     0x24  mfs_misc.o [6]
  .rodata            const    0x0003104c     0x24  mfs_misc.o [6]
  .rodata            const    0x00031070     0x1c  mfs_misc.o [6]
  .rodata            const    0x0003108c     0x14  mfs_misc.o [6]
  .rodata            const    0x000310a0     0x28  mfs_misc.o [6]
  .rodata            const    0x000310c8     0x14  mfs_misc.o [6]
  .rodata            const    0x000310dc     0x18  mfs_misc.o [6]
  .rodata            const    0x000310f4     0x10  mfs_misc.o [6]
  .rodata            const    0x00031104     0x10  mfs_misc.o [6]
  .rodata            const    0x00031114     0x18  mfs_misc.o [6]
  .rodata            const    0x0003112c     0x10  mfs_misc.o [6]
  .rodata            const    0x0003113c     0x18  mfs_misc.o [6]
  .rodata            const    0x00031154     0x18  mfs_misc.o [6]
  .rodata            const    0x0003116c     0x10  mfs_misc.o [6]
  .rodata            const    0x0003117c     0x14  mfs_misc.o [6]
  .rodata            const    0x00031190      0x8  mfs_misc.o [6]
  .rodata            const    0x00031198     0x1c  mfs_misc.o [6]
  .rodata            const    0x000311b4     0x14  mfs_misc.o [6]
  .rodata            const    0x000311c8     0x1c  mfs_misc.o [6]
  .rodata            const    0x000311e4     0x1c  mfs_misc.o [6]
  .rodata            const    0x00031200     0x18  mfs_misc.o [6]
  .rodata            const    0x00031218     0x20  mfs_misc.o [6]
  .rodata            const    0x00031238     0x10  mfs_misc.o [6]
  .rodata            const    0x00031248     0x14  mfs_misc.o [6]
  .rodata            const    0x0003125c     0x1c  mfs_misc.o [6]
  .rodata            const    0x00031278     0x1c  mfs_misc.o [6]
  .rodata            const    0x00031294     0x14  mfs_misc.o [6]
  .rodata            const    0x000312a8     0x18  mfs_misc.o [6]
  .rodata            const    0x000312c0     0x14  mfs_misc.o [6]
  .rodata            const    0x000312d4     0x14  mfs_misc.o [6]
  .rodata            const    0x000312e8     0x14  shell.o [11]
  .rodata            const    0x000312fc      0xc  shell.o [11]
  .rodata            const    0x00031308     0x30  shell.o [11]
  .rodata            const    0x00031338      0xc  shell.o [11]
  .rodata            const    0x00031344      0x8  shell.o [11]
  .rodata            const    0x0003134c     0x38  shell.o [11]
  .rodata            const    0x00031384     0x14  shell.o [11]
  .rodata            const    0x00031398      0x8  sh_cmdlist.o [11]
  .rodata            const    0x000313a0      0xc  sh_cmdlist.o [11]
  .rodata            const    0x000313ac     0x28  sh_copy.o [11]
  .rodata            const    0x000313d4     0x20  sh_copy.o [11]
  .rodata            const    0x000313f4     0x2c  sh_copy.o [11]
  .rodata            const    0x00031420     0x24  sh_copy.o [11]
  .rodata            const    0x00031444     0x2c  sh_copy.o [11]
  .rodata            const    0x00031470     0x40  sh_copy.o [11]
  .rodata            const    0x000314b0     0x18  sh_copy.o [11]
  .rodata            const    0x000314c8     0x1c  sh_copy.o [11]
  .rodata            const    0x000314e4     0x24  sh_copy.o [11]
  .rodata            const    0x00031508     0x20  sh_copy.o [11]
  .rodata            const    0x00031528     0x28  sh_create.o [11]
  .rodata            const    0x00031550     0x20  sh_create.o [11]
  .rodata            const    0x00031570     0x2c  sh_create.o [11]
  .rodata            const    0x0003159c     0x20  sh_create.o [11]
  .rodata            const    0x000315bc     0x1c  sh_create.o [11]
  .rodata            const    0x000315d8     0x20  sh_create.o [11]
  .rodata            const    0x000315f8     0x28  sh_create.o [11]
  .rodata            const    0x00031620     0x20  sh_create.o [11]
  .rodata            const    0x00031640     0x28  sh_del.o [11]
  .rodata            const    0x00031668     0x20  sh_del.o [11]
  .rodata            const    0x00031688     0x2c  sh_del.o [11]
  .rodata            const    0x000316b4     0x18  sh_del.o [11]
  .rodata            const    0x000316cc      0xc  sh_del.o [11]
  .rodata            const    0x000316d8     0x14  sh_del.o [11]
  .rodata            const    0x000316ec     0x24  sh_del.o [11]
  .rodata            const    0x00031710     0x28  sh_df.o [11]
  .rodata            const    0x00031738     0x14  sh_df.o [11]
  .rodata            const    0x0003174c     0x18  sh_df.o [11]
  .rodata            const    0x00031764     0x38  sh_df.o [11]
  .rodata            const    0x0003179c     0x20  sh_df.o [11]
  .rodata            const    0x000317bc     0x18  sh_df.o [11]
  .rodata            const    0x000317d4     0x20  sh_df.o [11]
  .rodata            const    0x000317f4      0x8  sh_df.o [11]
  .rodata            const    0x000317fc     0x28  sh_dir.o [11]
  .rodata            const    0x00031824     0x20  sh_dir.o [11]
  .rodata            const    0x00031844     0x14  sh_dir.o [11]
  .rodata            const    0x00031858     0x24  sh_dir.o [11]
  .rodata            const    0x0003187c     0x24  sh_dir.o [11]
  .rodata            const    0x000318a0     0x1c  sh_dir.o [11]
  .rodata            const    0x000318bc     0x24  sh_dir.o [11]
  .rodata            const    0x000318e0     0x24  sh_dir.o [11]
  .rodata            const    0x00031904     0x30  sh_dir.o [11]
  .rodata            const    0x00031934     0x28  sh_disect.o [11]
  .rodata            const    0x0003195c     0x18  sh_disect.o [11]
  .rodata            const    0x00031974     0x20  sh_disect.o [11]
  .rodata            const    0x00031994     0x28  sh_disect.o [11]
  .rodata            const    0x000319bc     0x24  sh_disect.o [11]
  .rodata            const    0x000319e0     0x10  sh_disect.o [11]
  .rodata            const    0x000319f0      0x8  sh_disect.o [11]
  .rodata            const    0x000319f8     0x18  sh_disect.o [11]
  .rodata            const    0x00031a10     0x20  sh_disect.o [11]
  .rodata            const    0x00031a30     0x24  sh_disect.o [11]
  .rodata            const    0x00031a54     0x24  sh_disect.o [11]
  .rodata            const    0x00031a78      0xc  sh_exit.o [11]
  .rodata            const    0x00031a84      0x8  sh_format.o [11]
  .rodata            const    0x00031a8c      0x4  sh_format.o [11]
  .rodata            const    0x00031a90      0x4  sh_format.o [11]
  .rodata            const    0x00031a94      0x4  sh_format.o [11]
  .rodata            const    0x00031a98      0x4  sh_format.o [11]
  .rodata            const    0x00031a9c     0x28  sh_format.o [11]
  .rodata            const    0x00031ac4     0x24  sh_format.o [11]
  .rodata            const    0x00031ae8     0x10  sh_format.o [11]
  .rodata            const    0x00031af8     0x20  sh_format.o [11]
  .rodata            const    0x00031b18     0x2c  sh_format.o [11]
  .rodata            const    0x00031b44      0x8  sh_format.o [11]
  .rodata            const    0x00031b4c     0x20  sh_format.o [11]
  .rodata            const    0x00031b6c     0x28  sh_format.o [11]
  .rodata            const    0x00031b94     0x40  sh_format.o [11]
  .rodata            const    0x00031bd4     0x34  sh_format.o [11]
  .rodata            const    0x00031c08     0x14  sh_format.o [11]
  .rodata            const    0x00031c1c      0x8  sh_help.o [11]
  .rodata            const    0x00031c24      0x8  sh_help.o [11]
  .rodata            const    0x00031c2c     0x18  sh_help.o [11]
  .rodata            const    0x00031c44      0x8  sh_help.o [11]
  .rodata            const    0x00031c4c     0x28  sh_help.o [11]
  .rodata            const    0x00031c74     0x10  sh_help.o [11]
  .rodata            const    0x00031c84     0x18  sh_help.o [11]
  .rodata            const    0x00031c9c     0x28  sh_help.o [11]
  .rodata            const    0x00031cc4     0x28  sh_read.o [11]
  .rodata            const    0x00031cec     0x18  sh_read.o [11]
  .rodata            const    0x00031d04     0x20  sh_read.o [11]
  .rodata            const    0x00031d24      0x8  sh_read.o [11]
  .rodata            const    0x00031d2c      0x8  sh_read.o [11]
  .rodata            const    0x00031d34     0x1c  sh_read.o [11]
  .rodata            const    0x00031d50     0x1c  sh_read.o [11]
  .rodata            const    0x00031d6c     0x2c  sh_read.o [11]
  .rodata            const    0x00031d98     0x14  sh_read.o [11]
  .rodata            const    0x00031dac      0x8  sh_read.o [11]
  .rodata            const    0x00031db4     0x20  sh_read.o [11]
  .rodata            const    0x00031dd4     0x20  sh_read.o [11]
  .rodata            const    0x00031df4     0x30  sh_read.o [11]
  .rodata            const    0x00031e24     0x38  sh_read.o [11]
  .rodata            const    0x00031e5c     0x28  sh_read.o [11]
  .rodata            const    0x00031e84     0x2c  sh_read.o [11]
  .rodata            const    0x00031eb0     0x34  sh_read.o [11]
  .rodata            const    0x00031ee4     0x20  sh_read.o [11]
  .rodata            const    0x00031f04     0x28  sh_rename.o [11]
  .rodata            const    0x00031f2c     0x2c  sh_rename.o [11]
  .rodata            const    0x00031f58     0x34  sh_rename.o [11]
  .rodata            const    0x00031f8c     0x20  sh_rename.o [11]
  .rodata            const    0x00031fac     0x18  sh_rename.o [11]
  .rodata            const    0x00031fc4     0x1c  sh_rename.o [11]
  .rodata            const    0x00031fe0     0x20  sh_rename.o [11]
  .rodata            const    0x00032000     0x28  sh_rename.o [11]
  .rodata            const    0x00032028     0x24  sh_rename.o [11]
  .rodata            const    0x0003204c     0x28  sh_rmdir.o [11]
  .rodata            const    0x00032074     0x2c  sh_rmdir.o [11]
  .rodata            const    0x000320a0     0x20  sh_rmdir.o [11]
  .rodata            const    0x000320c0     0x20  sh_rmdir.o [11]
  .rodata            const    0x000320e0     0x14  sh_rmdir.o [11]
  .rodata            const    0x000320f4     0x14  sh_rmdir.o [11]
  .rodata            const    0x00032108     0x18  sh_rmdir.o [11]
  .rodata            const    0x00032120     0x30  sh_rmdir.o [11]
  .rodata            const    0x00032150     0x28  sh_sh.o [11]
  .rodata            const    0x00032178     0x20  sh_sh.o [11]
  .rodata            const    0x00032198     0x10  sh_sh.o [11]
  .rodata            const    0x000321a8     0x18  sh_sh.o [11]
  .rodata            const    0x000321c0     0x28  sh_sh.o [11]
  .rodata            const    0x000321e8     0x20  sh_type.o [11]
  .rodata            const    0x00032208     0x2c  sh_type.o [11]
  .rodata            const    0x00032234     0x20  sh_type.o [11]
  .rodata            const    0x00032254     0x38  sh_type.o [11]
  .rodata            const    0x0003228c     0x10  sh_type.o [11]
  .rodata            const    0x0003229c     0x18  sh_type.o [11]
  .rodata            const    0x000322b4     0x28  sh_type.o [11]
  .rodata            const    0x000322dc     0x28  sh_write.o [11]
  .rodata            const    0x00032304     0x20  sh_write.o [11]
  .rodata            const    0x00032324     0x18  sh_write.o [11]
  .rodata            const    0x0003233c      0x8  sh_write.o [11]
  .rodata            const    0x00032344      0x8  sh_write.o [11]
  .rodata            const    0x0003234c     0x1c  sh_write.o [11]
  .rodata            const    0x00032368     0x1c  sh_write.o [11]
  .rodata            const    0x00032384     0x2c  sh_write.o [11]
  .rodata            const    0x000323b0     0x20  sh_write.o [11]
  .rodata            const    0x000323d0     0x20  sh_write.o [11]
  .rodata            const    0x000323f0     0x30  sh_write.o [11]
  .rodata            const    0x00032420     0x38  sh_write.o [11]
  .rodata            const    0x00032458     0x28  sh_write.o [11]
  .rodata            const    0x00032480     0x2c  sh_write.o [11]
  .rodata            const    0x000324ac     0x34  sh_write.o [11]
  .rodata            const    0x000324e0     0x20  sh_write.o [11]
  .rodata            const    0x00032500     0x20  usbmfs.o [12]
  .rodata            const    0x00032520      0xc  khci.o [12]
  .rodata            const    0x0003252c     0x38  khci.o [12]
  .rodata            const    0x00032564     0x50  host_common.o [12]
  .rodata            const    0x000325b4     0x50  usb_mqx.o [12]
  .rodata            const    0x00032604     0x50  host_main.o [12]
  .rodata            const    0x00032654      0x8  sh_util.o [11]
  .rodata            const    0x0003265c      0x8  sh_util.o [11]
  .rodata            const    0x00032664     0x3c  sstream.o [9]
  .rodata            const    0x000326a0     0x58  usb_host_hub.o [12]
  .rodata            const    0x000326f8     0x5c  usb_host_msd_bo.o [12]
  .rodata            const    0x00032754     0x10  timer_lpt.o [3]
  .rodata            const    0x00032764      0xc  timer_lpt.o [3]
  .rodata            const    0x00032770     0x18  mqx.o [7]
  .rodata            const    0x00032788      0xc  mqx.o [7]
  .rodata            const    0x00032794      0x4  mqx.o [7]
  .rodata            const    0x00032798      0x4  mqx.o [7]
  .rodata            const    0x0003279c     0x14  io_dopr.o [7]
  .rodata            const    0x000327b0     0x14  io_dopr.o [7]
  .rodata            const    0x000327c4      0x8  init_enet.o [3]
  .rodata            const    0x000327cc     0x10  init_enet.o [3]
  .rodata            const    0x000327dc     0x24  init_enet.o [3]
  .rodata            const    0x00032800      0x8  init_enet.o [3]
  .rodata            const    0x00032808      0x8  sotcp.o [9]
  .rodata            const    0x00032810      0x4  dir_read.o [6]
  .rodata            const    0x00032814      0x4  dir_read.o [6]
  .rodata            const    0x00032818      0x4  dir_read.o [6]
  .rodata            const    0x0003281c      0x4  dir_read.o [6]
  .rodata            const    0x00032820      0x4  dir_read.o [6]
  .rodata            const    0x00032824      0x4  dir_read.o [6]
  .rodata            const    0x00032828      0x4  dir_read.o [6]
  .rodata            const    0x0003282c      0x4  dir_read.o [6]
  .rodata            const    0x00032830      0x4  dir_read.o [6]
  .rodata            const    0x00032834      0x4  dir_read.o [6]
  .rodata            const    0x00032838      0x4  dir_read.o [6]
  .rodata            const    0x0003283c      0x4  dir_read.o [6]
  .rodata            const    0x00032840     0x40  dir_read.o [6]
  .rodata            const    0x00032880     0x14  dir_read.o [6]
  .rodata            const    0x00032894     0x10  dir_read.o [6]
  .rodata            const    0x000328a4      0xc  dir_read.o [6]
  .rodata            const    0x000328b0      0xc  dir_read.o [6]
  .rodata            const    0x000328bc      0x8  dir_read.o [6]
  .rodata            const    0x000328c4      0x8  dir_read.o [6]
  .rodata            const    0x000328cc     0x30  dir_read.o [6]
  .rodata            const    0x000328fc     0x18  ftpd_msg.o [9]
  .rodata            const    0x00032914     0x1c  ftpd_msg.o [9]
  .rodata            const    0x00032930     0x34  ftpd_msg.o [9]
  .rodata            const    0x00032964     0x30  ftpd_msg.o [9]
  .rodata            const    0x00032994     0x10  ftpd_msg.o [9]
  .rodata            const    0x000329a4     0x14  ftpd_msg.o [9]
  .rodata            const    0x000329b8     0x14  ftpd_msg.o [9]
  .rodata            const    0x000329cc     0x18  ftpd_msg.o [9]
  .rodata            const    0x000329e4     0x18  ftpd_msg.o [9]
  .rodata            const    0x000329fc     0x20  ftpd_msg.o [9]
  .rodata            const    0x00032a1c     0x18  ftpd_msg.o [9]
  .rodata            const    0x00032a34     0x10  ftpd_msg.o [9]
  .rodata            const    0x00032a44     0x3c  ftpd_msg.o [9]
  .rodata            const    0x00032a80     0x38  ftpd_msg.o [9]
  .rodata            const    0x00032ab8     0x30  ftpd_msg.o [9]
  .rodata            const    0x00032ae8     0x1c  ftpd_msg.o [9]
  .rodata            const    0x00032b04      0xc  ftpd_msg.o [9]
  .rodata            const    0x00032b10     0x30  ftpd_msg.o [9]
  .rodata            const    0x00032b40     0x30  ftpd_msg.o [9]
  .rodata            const    0x00032b70     0x20  ftpd_msg.o [9]
  .rodata            const    0x00032b90     0x20  ftpd_msg.o [9]
  .rodata            const    0x00032bb0     0x1c  ftpd_msg.o [9]
  .rodata            const    0x00032bcc      0xc  ftpd_msg.o [9]
  .rodata            const    0x00032bd8     0x14  ftpd_msg.o [9]
  .rodata            const    0x00032bec     0x14  ftpd_msg.o [9]
  .rodata            const    0x00032c00     0x14  ftpd_msg.o [9]
  .rodata            const    0x00032c14     0x34  ftpd_msg.o [9]
  .rodata            const    0x00032c48     0x20  ftpd_msg.o [9]
  .rodata            const    0x00032c68     0x1c  ftpd_msg.o [9]
  .rodata            const    0x00032c84     0x20  ftpd_msg.o [9]
  .rodata            const    0x00032ca4     0x38  ftpd_msg.o [9]
  .rodata            const    0x00032cdc      0x8  soip.o [9]
  .rodata            const    0x00032ce4     0x68  ti_rom.o [7]
  .rodata            const    0x00032d4c    0x20c  ti_rom.o [7]
  .rodata            const    0x00032f58     0x14  mfs_create.o [6]
  .rodata            const    0x00032f6c     0x14  mfs_create.o [6]
  .rodata            const    0x00032f80     0x14  mfs_format.o [6]
  .rodata            const    0x00032f94     0x14  mfs_format.o [6]
  .rodata            const    0x00032fa8     0x14  mfs_format.o [6]
  .rodata            const    0x00032fbc     0x30  mfs_format.o [6]
  .rodata            const    0x00032fec      0x8  mfs_lfn.o [6]
  .rodata            const    0x00032ff4      0xc  mfs_lfn.o [6]
  .rodata            const    0x00033000     0x54  host_dev_list.o [12]
  .rodata            const    0x00033054     0x24  host_dev_list.o [12]
  .rodata            const    0x00033078     0x20  int_unx.o [7]
  .rodata            const    0x00033098     0x30  int_unx.o [7]
  .rodata            const    0x000330c8     0x3c  int_unx.o [7]
  .rodata            const    0x00033104     0x14  int_unx.o [7]
  .rodata            const    0x00033118     0x28  int_unx.o [7]
  .rodata            const    0x00033140     0x50  host_ch9.o [12]
  .rodata            const    0x00033190      0x8  host_ch9.o [12]
  .rodata            const    0x00033198     0x50  host_rcv.o [12]
  .rodata            const    0x000331e8     0x50  host_snd.o [12]
  .rodata            const    0x00033238      0x4  timer_lpt_kinetis.o [3]
  .rodata            const    0x0003323c      0x4  timer_lpt_kinetis.o [3]
  .rodata            const    0x00033240      0x4  timer_lpt_kinetis.o [3]
  .rodata            const    0x00033244      0x8  init_bsp.o [3]
  .rodata            const    0x0003324c      0x8  init_bsp.o [3]
  .rodata            const    0x00033254      0x8  init_bsp.o [3]
  .rodata            const    0x0003325c      0x8  init_bsp.o [3]
  .rodata            const    0x00033264      0x8  init_bsp.o [3]
  .rodata            const    0x0003326c      0x8  init_bsp.o [3]
  .rodata            const    0x00033274      0x8  init_bsp.o [3]
  .rodata            const    0x0003327c      0x8  init_bsp.o [3]
  .rodata            const    0x00033284      0x8  init_bsp.o [3]
  .rodata            const    0x0003328c      0x8  init_bsp.o [3]
  .rodata            const    0x00033294      0x8  init_bsp.o [3]
  .rodata            const    0x0003329c      0x8  init_bsp.o [3]
  .rodata            const    0x000332a4      0x8  init_bsp.o [3]
  .rodata            const    0x000332ac      0x8  init_bsp.o [3]
  .rodata            const    0x000332b4      0x8  init_bsp.o [3]
  .rodata            const    0x000332bc      0x8  init_bsp.o [3]
  .rodata            const    0x000332c4      0x8  init_bsp.o [3]
  .rodata            const    0x000332cc      0x8  init_bsp.o [3]
  .rodata            const    0x000332d4      0x8  init_bsp.o [3]
  .rodata            const    0x000332dc      0x8  init_bsp.o [3]
  .rodata            const    0x000332e4      0x8  init_bsp.o [3]
  .rodata            const    0x000332ec      0x8  init_bsp.o [3]
  .rodata            const    0x000332f4      0x8  init_bsp.o [3]
  .rodata            const    0x000332fc      0x8  init_bsp.o [3]
  .rodata            const    0x00033304     0x10  mqxiinit.o [7]
  .rodata            const    0x00033314     0x20  macnet_init.o [3]
  .rodata            const    0x00033334     0x14  phy_ks8721bl.o [3]
  .rodata            const    0x00033348      0xc  iplocal.o [9]
  .rodata            const    0x00033354      0x4  iplocal.o [9]
  .rodata            const    0x00033358      0xc  rtcsinit.o [9]
  .rodata            const    0x00033364     0x1c  init_gpio.o [3]
  .rodata            const    0x00033380     0x1c  init_gpio.o [3]
  .rodata            const    0x0003339c      0x4  init_gpio.o [3]
  .rodata            const    0x000333a0     0x50  host_close.o [12]
  .rodata            const    0x000333f0     0x1c  bsp_cm.o [3]
  .rodata            const    0x0003340c     0x78  bsp_cm.o [3]
  .rodata            const    0x00033484     0x10  init_adc.o [3]
  .rodata            const    0x00033494     0x18  init_adc.o [3]
  .rodata            const    0x000334ac     0x30  init_spi.o [3]
  .rodata            const    0x000334dc     0x30  init_spi.o [3]
  .rodata            const    0x0003350c     0x30  init_spi.o [3]
  .rodata            const    0x0003353c      0xc  init_esdhc.o [3]
  .rodata            const    0x00033548      0x8  init_flashx.o [3]
  .rodata            const    0x00033550      0x8  init_flashx.o [3]
  .rodata            const    0x00033558     0x30  init_flashx.o [3]
  .rodata            const    0x00033588     0x20  init_flashx.o [3]
  .rodata            const    0x000335a8     0x14  init_i2c.o [3]
  .rodata            const    0x000335bc     0x20  init_sci.o [3]
  .rodata            const    0x000335dc     0x20  init_sci.o [3]
  .rodata            const    0x000335fc     0x20  init_sci.o [3]
  .rodata            const    0x0003361c     0x20  init_sci.o [3]
  .rodata            const    0x0003363c     0x20  init_sci.o [3]
  .rodata            const    0x0003365c     0x20  init_sci.o [3]
  .rodata            const    0x0003367c     0x1c  spi_dma_dspi.o [3]
  .rodata            const    0x00033698     0x40  spi_dma_dspi.o [3]
  .rodata            const    0x000336d8     0x10  spi_pol_dspi.o [3]
  .rodata            const    0x000336e8     0x40  spi_pol_dspi.o [3]
  .rodata            const    0x00033728     0x10  spi_pol_dspi.o [3]
  .rodata            const    0x00033738    0x100  esdhc.o [3]
  .rodata            const    0x00033838      0xc  i2c_pol_ki2c.o [3]
  .rodata            const    0x00033844    0x100  i2c_pol_ki2c.o [3]
  .rodata            const    0x00033944      0xc  serl_int_kuart.o [3]
  .rodata            const    0x00033950     0x40  macnet_mk60.o [3]
  .rodata            const    0x00033990     0x30  flash_ftfl.o [3]
  .rodata            const    0x000339c0     0x20  flash_ftfl.o [3]
  .rodata            const    0x000339e0      0xc  spi_mk60_dspi.o [3]
  .rodata            const    0x000339ec      0xc  spi_mk60_dspi.o [3]
  .rodata            const    0x000339f8     0x20  adc_kadc.o [3]
  .rodata            const    0x00033a18      0xc  io_gpio_kgpio.o [3]
  .rodata            const    0x00033a24      0xc  io_gpio_kgpio.o [3]
  .rodata            const    0x00033a30      0xc  io_gpio_kgpio.o [3]
  .rodata            const    0x00033a3c      0xc  io_gpio_kgpio.o [3]
  .rodata            const    0x00033a48     0x14  io_gpio_kgpio.o [3]
  .rodata            const    0x00033a5c     0x14  io_gpio_kgpio.o [3]
  .rodata            const    0x00033a70      0x8  io_gpio_kgpio.o [3]
  .rodata            const    0x00033a78      0x8  io_gpio_kgpio.o [3]
  .rodata            const    0x00033a80      0x8  adc_mk60.o [3]
  .rodata            const    0x00033a88      0x8  mqx_init.o [3]
  .rodata            const    0x00033a90     0x30  mqx_init.o [3]
  Initializer bytes  ro data  0x00033ac0     0xb0  <for P2 mid-1>
  .rodata            const    0x00033b70      0x2  Shell_Task.o [1]
  Initializer bytes  ro data  0x00033b74      0x4  <for KERNEL_DATA-1>
  .rodata            const    0x00033b78      0x1  init_flashx.o [3]
  .rodata            const    0x00033b79      0x0  bwt_init3c.o [8]
  FLASHX_POOL                 0x00034000      0x1  <Block>
    .flashx          const    0x00034000      0x1  vectors.o [3]
    .flashx          const    0x00034001      0x0  vectors.o [3]
                            - 0x00034001  0x33be1

"P2":                                      0x1c44
[...]
_usb_host_new_tr_element
                        0x0001d6bd   0x46  Code  Lc  host_main.o [12]
_usb_host_open_pipe     0x0001d627   0x96  Code  Gb  host_main.o [12]
_usb_host_open_pipe_call_interface
                        0x0001d39d   0x20  Code  Gb  host_main.o [12]
_usb_host_open_pipe_cleanup
                        0x0001d5fd   0x2a  Code  Gb  host_main.o [12]
_usb_host_recv_data     0x0001fd31   0x58  Code  Gb  host_rcv.o [12]
_usb_host_recv_data_call_interface
                        0x0001d33b   0x20  Code  Gb  host_main.o [12]
_usb_host_register_ch9_callback
                        0x0001db23   0x36  Code  Gb  host_ch9.o [12]
_usb_host_register_service
                        0x0001d587   0x76  Code  Gb  host_main.o [12]
_usb_host_send_call_interface
                        0x0001d2fb   0x20  Code  Gb  host_main.o [12]
_usb_host_send_data     0x0001fcd9   0x52  Code  Gb  host_snd.o [12]
_usb_host_send_setup    0x0001d7cd   0x6a  Code  Gb  host_main.o [12]
_usb_host_send_setup_call_interface
                        0x0001d31b   0x20  Code  Gb  host_main.o [12]
_usb_host_set_up_TR     0x0001d771   0x5c  Code  Gb  host_main.o [12]
_usb_host_update_device_address_call_interface
                        0x0001d3dd   0x20  Code  Gb  host_main.o [12]
_usb_host_update_max_packet_size_call_interface
                        0x0001d3bd   0x20  Code  Gb  host_main.o [12]
_usb_hostdev_cntrl_request
                        0x0001de01   0x92  Code  Gb  host_ch9.o [12]
_usb_hostdev_free_buffer
                        0x000194c7   0x6c  Code  Gb  host_common.o [12]
_usb_hostdev_get_buffer
                        0x0001944d    0xc  Code  Gb  host_common.o [12]
_usb_hostdev_get_buffer_aligned
                        0x00019459   0x6e  Code  Gb  host_common.o [12]
_usb_hostdev_get_descriptor
                        0x0001959f  0x1ca  Code  Gb  host_common.o [12]
_usb_hostdev_select_interface
                        0x00019d0f  0x1dc  Code  Gb  host_common.o [12]
_usb_khci_add_int_tr    0x00025621   0x6c  Code  Lc  khci.o [12]
_usb_khci_atom_tr       0x00025d05  0x304  Code  Lc  khci.o [12]
_usb_khci_attach        0x00025789   0x7c  Code  Lc  khci.o [12]
_usb_khci_bus_control   0x00025c75    0x4  Code  Lc  khci.o [12]
_usb_khci_cancel        0x00025c55   0x20  Code  Lc  khci.o [12]
_usb_khci_detach        0x00025849   0x2e  Code  Lc  khci.o [12]
_usb_khci_get_frame_number
                        0x00025c79   0x10  Code  Lc  khci.o [12]
_usb_khci_get_hot_int_tr
                        0x000256c3   0xc6  Code  Lc  khci.o [12]
_usb_khci_host_close_pipe
                        0x00026025   0x24  Code  Lc  khci.o [12]
_usb_khci_init          0x00025b45   0xa6  Code  Lc  khci.o [12]
_usb_khci_init_int_tr   0x0002560b   0x16  Code  Lc  khci.o [12]
_usb_khci_isr           0x000255b5   0x56  Code  Lc  khci.o [12]
_usb_khci_process_tr_complete
                        0x00025c89   0x7c  Code  Lc  khci.o [12]
_usb_khci_recv          0x00025c33   0x22  Code  Lc  khci.o [12]
_usb_khci_reset         0x00025805   0x44  Code  Lc  khci.o [12]
_usb_khci_rm_int_tr     0x0002568d   0x36  Code  Lc  khci.o [12]
_usb_khci_send          0x00025bef   0x22  Code  Lc  khci.o [12]
_usb_khci_send_setup    0x00025c11   0x22  Code  Lc  khci.o [12]
_usb_khci_shutdown      0x00025beb    0x4  Code  Lc  khci.o [12]
_usb_khci_task          0x00025877  0x272  Code  Lc  khci.o [12]
_usb_khci_task_create   0x00025ae9   0x5c  Code  Lc  khci.o [12]
abs                     0x0000e16f    0x8  Code  Gb  abs.o [4]
adc_address             0x00033a80    0x8  Data  Lc  adc_mk60.o [3]
adc_bundle              0x1fff1bbc    0x4  Data  Gb  adc_kadc.o [3]
adc_calibrate           0x00009ab7   0xaa  Code  Lc  adc_kadc.o [3]
adc_complete_isr        0x00009a99   0x1e  Code  Lc  adc_kadc.o [3]
adc_get_calibration_data
                        0x00009b61   0x64  Code  Lc  adc_kadc.o [3]
adc_internal            0x1fff1ba8   0x14  Data  Lc  adc_kadc.o [3]
adc_process_all_data    0x00009a45   0x32  Code  Gb  adc_kadc.o [3]
adc_process_data        0x000099a7   0x9e  Code  Lc  adc_kadc.o [3]
adc_set_calibration_data
                        0x00009bc5   0x64  Code  Lc  adc_kadc.o [3]
adt_idelay_isr          0x0000a6b9   0x36  Code  Lc  adt_kpdb.o [3]
adt_period_prescaler    0x00009f25  0x1e0  Code  Lc  adt_kpdb.o [3]
bdt                     0x1fff0200  0x200  Data  Lc  khci.o [12]
class_interface_map     0x1fff003c   0x24  Data  Gb  usb_classes.o [1]
cos                     0x000144bb    0x6  Code  Gb  cos.o [5]
count                   0x1fff1c18    0x1  Data  Lc  DSPSPI.o [1]
delay_ms                0x00014489   0x16  Code  Gb  System.o [1]
delay_us                0x000144a1   0x1a  Code  Gb  System.o [1]
device                  0x1fff1ae8   0x20  Data  Gb  USB_Task.o [1]
dspi_address            0x000339e0    0xc  Data  Lc  spi_mk60_dspi.o [3]
dspi_vectors            0x000339ec    0xc  Data  Lc  spi_mk60_dspi.o [3]
exit                    0x000004d5    0x4  Code  Gb  exit.o [4]
first_irq               0x1fff1ba4    0x4  Data  Gb  io_gpio.o [3]
flexnvm_flash_ioctl     0x0002e797   0x96  Code  Gb  flash_ftfl.o [3]
flexnvm_prog_part       0x0002e72f   0x40  Code  Gb  flash_ftfl.o [3]
flexnvm_read_resource   0x0002e6eb   0x44  Code  Gb  flash_ftfl.o [3]
flexnvm_set_flexram     0x0002e76f   0x28  Code  Gb  flash_ftfl.o [3]
flg_int                 0x00020e75   0x74  Code  Gb  yada_prj.o [1]
fmod                    0x00016819         Code  Gb  fmod.o [5]
fmodl                   0x00016819         Code  Gb  fmod.o [5]
ftfl_flash_command_sequence
                        0x0002e335  0x1c4  Code  Lc  flash_ftfl.o [3]
ftfl_flash_deinit       0x0002e52d   0x22  Code  Gb  flash_ftfl.o [3]
ftfl_flash_erase_sector
                        0x0002e577   0xa2  Code  Gb  flash_ftfl.o [3]
ftfl_flash_init         0x0002e4f9   0x34  Code  Gb  flash_ftfl.o [3]
ftfl_flash_write_sector
                        0x0002e619   0xb8  Code  Gb  flash_ftfl.o [3]
ftfl_init_ram_function  0x0002e54f   0x28  Code  Gb  flash_ftfl.o [3]
ftfl_ram_function       0x0002e6d1   0x18  Code  Lc  flash_ftfl.o [3]
ftfl_ram_function_end   0x0002e6e9    0x2  Code  Lc  flash_ftfl.o [3]
ftpmsg_bad_option       0x00032ae8   0x1c  Data  Gb  ftpd_msg.o [9]
ftpmsg_badcmd           0x000329cc   0x18  Data  Gb  ftpd_msg.o [9]
ftpmsg_badport          0x000329e4   0x18  Data  Gb  ftpd_msg.o [9]
ftpmsg_banner           0x00032914   0x1c  Data  Gb  ftpd_msg.o [9]
ftpmsg_cd_error         0x00032b70   0x20  Data  Gb  ftpd_msg.o [9]
ftpmsg_delete_error     0x00032bb0   0x1c  Data  Gb  ftpd_msg.o [9]
ftpmsg_goodbye          0x00032a34   0x10  Data  Gb  ftpd_msg.o [9]
ftpmsg_help_end         0x00032b40   0x30  Data  Gb  ftpd_msg.o [9]
ftpmsg_help_start       0x00032b10   0x30  Data  Gb  ftpd_msg.o [9]
ftpmsg_logged           0x00032994   0x10  Data  Gb  ftpd_msg.o [9]
ftpmsg_no_datacon       0x00032c84   0x20  Data  Gb  ftpd_msg.o [9]
ftpmsg_no_file          0x00032c14   0x34  Data  Gb  ftpd_msg.o [9]
ftpmsg_no_fs            0x00032a44   0x3c  Data  Gb  ftpd_msg.o [9]
ftpmsg_no_memory        0x00032ca4   0x38  Data  Gb  ftpd_msg.o [9]
ftpmsg_ok               0x00032bcc    0xc  Data  Gb  ftpd_msg.o [9]
ftpmsg_opening_datacon  0x00032c48   0x20  Data  Gb  ftpd_msg.o [9]
ftpmsg_pasv_mode        0x00032a80   0x38  Data  Gb  ftpd_msg.o [9]
ftpmsg_portok           0x000328fc   0x18  Data  Gb  ftpd_msg.o [9]
ftpmsg_rmdir_error      0x00032b90   0x20  Data  Gb  ftpd_msg.o [9]
ftpmsg_rxok             0x00032930   0x34  Data  Gb  ftpd_msg.o [9]
ftpmsg_site_info        0x00032ab8   0x30  Data  Gb  ftpd_msg.o [9]
ftpmsg_size             0x00032a1c   0x18  Data  Gb  ftpd_msg.o [9]
ftpmsg_syst             0x00032b04    0xc  Data  Gb  ftpd_msg.o [9]
ftpmsg_tx_complete      0x00032c68   0x1c  Data  Gb  ftpd_msg.o [9]
ftpmsg_txok             0x00032964   0x30  Data  Gb  ftpd_msg.o [9]
ftpmsg_type_ascii       0x00032bd8   0x14  Data  Gb  ftpd_msg.o [9]
ftpmsg_type_image       0x00032bec   0x14  Data  Gb  ftpd_msg.o [9]
ftpmsg_type_unknown     0x00032c00   0x14  Data  Gb  ftpd_msg.o [9]
ftpmsg_unimp            0x000329fc   0x20  Data  Gb  ftpd_msg.o [9]
ftpmsg_writeeof         0x000329b8   0x14  Data  Gb  ftpd_msg.o [9]
ftpmsg_writefail        0x000329a4   0x14  Data  Gb  ftpd_msg.o [9]
get_irq_mask            0x0000877d   0x2a  Code  Lc  io_gpio_kgpio.o [3]
gpio_cpu_configure      0x000087a7  0x160  Code  Gb  io_gpio_kgpio.o [3]
gpio_cpu_init           0x00008907    0xa  Code  Gb  io_gpio_kgpio.o [3]
gpio_cpu_ioctl          0x00008b05  0x4f8  Code  Gb  io_gpio_kgpio.o [3]
gpio_cpu_open           0x000089c5  0x140  Code  Gb  io_gpio_kgpio.o [3]
gpio_eport_irq          0x00008ffd   0x9c  Code  Lc  io_gpio_kgpio.o [3]
gpio_global_irq_map     0x1fff1bf8   0x14  Data  Gb  io_gpio_kgpio.o [3]
gpio_global_pin_map     0x1fff1be4   0x14  Data  Gb  io_gpio_kgpio.o [3]
hub_anchor              0x1fff1b74    0x4  Data  Lc  usb_host_hub.o [12]
init_hardware           0x000005fd   0x3c  Code  Gb  init_hw.o [3]
install_isr             0x00008911   0xb4  Code  Lc  io_gpio_kgpio.o [3]
int_callback            0x00020bb5   0x1e  Code  Gb  yada_prj.o [1]
internal_Pow            0x0000c571  0x3fc  Code  Lc  pow.o [5]
isalpha                 0x00010b15    0x8  Code  Gb  io_util.o [7]
isdigit                 0x000160a1   0x10  Code  Gb  sh_util.o [11]
isgraph                 0x0000fdc9   0x18  Code  Gb  io_util.o [7]
isprint                 0x0001079f   0x2a  Code  Gb  io_util.o [7]
ispunct                 0x00010b1d    0x8  Code  Gb  io_util.o [7]
isupper                 0x00010797    0x8  Code  Gb  io_util.o [7]
isxdigit                0x000226f5   0x24  Code  Gb  ftpd_cmd.o [9]
kinetis_flash_invalidate_cache
                        0x0002e835   0x16  Code  Gb  flash_mk60.o [3]
linemark                0x00012a11  0x176  Code  Gb  MenuView.o [1]
lnbias                  0x0000c9b0  0x420  Data  Lc  pow.o [5]
lower_hex_string        0x000327b0   0x14  Data  Lc  io_dopr.o [7]
lpt_address             0x00033238    0x4  Data  Lc  timer_lpt_kinetis.o [3]
lpt_clock_source        0x00033240    0x4  Data  Lc  timer_lpt_kinetis.o [3]
lpt_vectors             0x0003323c    0x4  Data  Lc  timer_lpt_kinetis.o [3]
main                    0x000004c5   0x10  Code  Gb  mqx_main.o [3]
mass_anchor             0x1fff1b78    0x4  Data  Lc  usb_host_msd_bo.o [12]
mem_flash_app           0x00020239  0x16c  Code  Gb  mem_flash.o [1]
memcmp                  0x00016a2d         Code  Gb  memcmp.o [8]
memcpy                  0x0000a8f1    0xe  Code  Gb  esdhc.o [3]
months                  0x000328cc   0x30  Data  Lc  dir_read.o [6]
num2string              0x0000de95   0xa0  Code  Gb  DataConvert.o [1]
pctl_ptr_arr            0x00033a5c   0x14  Data  Lc  io_gpio_kgpio.o [3]
pdb_external            0x1fff00ac    0x4  Data  Lc  adt_kpdb.o [3]
pdb_internal            0x1fff1bc0   0x24  Data  Lc  adt_kpdb.o [3]
phy_ksz8041_IF          0x00033334   0x14  Data  Gb  phy_ks8721bl.o [3]
phy_ksz8041_discover_addr
                        0x0002ec83   0x46  Code  Lc  phy_ks8721bl.o [3]
phy_ksz8041_get_link_status
                        0x0002edb5   0x46  Code  Lc  phy_ks8721bl.o [3]
phy_ksz8041_get_speed   0x0002ed6f   0x46  Code  Lc  phy_ks8721bl.o [3]
phy_ksz8041_init        0x0002ecc9   0xa6  Code  Lc  phy_ks8721bl.o [3]
pipe_init_params_prototype
                        0x00033054   0x24  Data  Lc  host_dev_list.o [12]
pow                     0x0000c9a1    0xe  Code  Gb  pow.o [5]
read_buffer             0x1fff0060    0x8  Data  Gb  yada_prj.o [1]
req_prototype           0x00033190    0x8  Data  Lc  host_ch9.o [12]
reseed                  0x1fff1b8c    0x4  Data  Lc  rtcsrand.o [9]
rtcs_enet               0x000307d4    0xc  Data  Lc  ip-e.o [9]
rtcs_local              0x00033348    0xc  Data  Lc  iplocal.o [9]
seed                    0x1fff1b88    0x4  Data  Lc  rtcsrand.o [9]
send_U16str             0x0000e415   0x2e  Code  Gb  LCDDriver.o [1]
send_U8str              0x0000e3e7   0x2e  Code  Gb  LCDDriver.o [1]
send_area               0x0000e3bf   0x28  Code  Gb  LCDDriver.o [1]
send_byte               0x0000e36f   0x12  Code  Gb  LCDDriver.o [1]
send_end                0x0000e443   0x14  Code  Gb  LCDDriver.o [1]
send_word               0x0000e381   0x2a  Code  Gb  LCDDriver.o [1]
send_xy                 0x0000e3ab   0x14  Code  Gb  LCDDriver.o [1]
sin                     0x000144c1    0x6  Code  Gb  sin.o [5]
spi2_dma_int            0x00008505   0x74  Code  Gb  DSPSPI.o [1]
spifd_2                 0x1fff19bc    0x4  Data  Gb  DSPSPI.o [1]
state                   0x1fff00a8    0x4  Data  Lc  rtcsrand.o [9]
strcat                  0x0001fdd7   0x1e  Code  Gb  strcat.o [4]
strcmp                  0x0000a721         Code  Gb  strcmp.o [8]
strcpy                  0x0000fd85         Code  Gb  strcpy.o [8]
strlen                  0x0000a765         Code  Gb  strlen.o [8]
strncmp                 0x0000bb9d   0x2a  Code  Gb  strncmp.o [4]
strncpy                 0x0000c285         Code  Gb  strncpy.o [8]
strpbrk                 0x00022719    0x4  Code  Gb  strpbrk.o [4]
systick_config          0x00001b69    0xc  Code  Gb  init_bsp.o [3]
systick_init            0x00001b75   0x34  Code  Lc  init_bsp.o [3]
tcp_socket_task         0x000205e9  0x29c  Code  Gb  tcpip_socket_task.o [1]
timer_isr               0x00020bd3   0x2a  Code  Lc  yada_prj.o [1]
tolower                 0x0000fde1    0x8  Code  Gb  io_util.o [7]
tr_index                0x1fff1b3c    0x4  Data  Lc  host_common.o [12]
uart_isr                0x000029ad   0x76  Code  Gb  serl_int_kuart.o [3]
uart_lcd                0x1fff19c4    0x4  Data  Gb  LCDDriver.o [1]
upper_hex_string        0x0003279c   0x14  Data  Lc  io_dopr.o [7]
usb_class_hub_clear_feature
                        0x00026b45   0x1e  Code  Gb  usb_host_hub.o [12]
usb_class_hub_clear_port_feature
                        0x00026b63   0x24  Code  Gb  usb_host_hub.o [12]
usb_class_hub_cntrl_callback
                        0x000269c9   0x1a  Code  Gb  usb_host_hub.o [12]
usb_class_hub_cntrl_common
                        0x000269e3   0xfe  Code  Gb  usb_host_hub.o [12]
usb_class_hub_get_app   0x00026969   0x60  Code  Gb  usb_host_hub.o [12]
usb_class_hub_get_descriptor
                        0x00026ae1   0x40  Code  Gb  usb_host_hub.o [12]
usb_class_hub_get_port_status
                        0x00026ba7   0x22  Code  Gb  usb_host_hub.o [12]
usb_class_hub_get_status
                        0x00026b87   0x20  Code  Gb  usb_host_hub.o [12]
usb_class_hub_init      0x0002690d   0x5c  Code  Gb  usb_host_hub.o [12]
usb_class_hub_int_callback
                        0x00026ca1   0x1a  Code  Gb  usb_host_hub.o [12]
usb_class_hub_set_port_feature
                        0x00026b21   0x24  Code  Gb  usb_host_hub.o [12]
usb_class_hub_wait_for_interrupt
                        0x00026bc9   0xcc  Code  Gb  usb_host_hub.o [12]
usb_class_mass_call_back_cbw
                        0x0001dfad   0xa2  Code  Lc  usb_host_msd_bo.o [12]
usb_class_mass_call_back_csw
                        0x0001e125  0x12e  Code  Lc  usb_host_msd_bo.o [12]
usb_class_mass_call_back_dphase
                        0x0001e04f   0xd6  Code  Lc  usb_host_msd_bo.o [12]
usb_class_mass_clear_bulk_pipe_on_usb
                        0x0001e33d   0x7c  Code  Lc  usb_host_msd_bo.o [12]
usb_class_mass_deleteq  0x0001fc7f   0x34  Code  Gb  usb_host_msd_queue.o [12]
usb_class_mass_get_pending_request
                        0x0001fcb3   0x26  Code  Gb  usb_host_msd_queue.o [12]
usb_class_mass_init     0x0001dea1   0x88  Code  Gb  usb_host_msd_bo.o [12]
usb_class_mass_pass_on_usb
                        0x0001e253   0xea  Code  Lc  usb_host_msd_bo.o [12]
usb_class_mass_q_init   0x0001fc37    0xc  Code  Gb  usb_host_msd_queue.o [12]
usb_class_mass_q_insert
                        0x0001fc43   0x3c  Code  Gb  usb_host_msd_queue.o [12]
usb_class_mass_reset_callback
                        0x0001e421   0xd0  Code  Lc  usb_host_msd_bo.o [12]
usb_class_mass_reset_recovery_on_usb
                        0x0001e3b9   0x68  Code  Gb  usb_host_msd_bo.o [12]
usb_class_mass_storage_device_command
                        0x0001df29   0x84  Code  Gb  usb_host_msd_bo.o [12]
usb_dev_list_attach_device
                        0x0001d0bf  0x120  Code  Gb  host_dev_list.o [12]
usb_dev_list_close_pipe
                        0x0001d1e9   0x46  Code  Lc  host_dev_list.o [12]
usb_dev_list_close_pipe_bundle
                        0x0001d22f   0x2a  Code  Gb  host_dev_list.o [12]
usb_dev_list_detach_device
                        0x0001d259   0x82  Code  Gb  host_dev_list.o [12]
usb_dev_list_free_mem   0x0001cf5f   0x76  Code  Gb  host_dev_list.o [12]
usb_dev_list_free_memlist
                        0x0001cf09   0x56  Code  Gb  host_dev_list.o [12]
usb_dev_list_get_mem    0x0001cfd5   0xea  Code  Gb  host_dev_list.o [12]
usb_filesystem_install  0x00017191  0x18c  Code  Gb  USB_File.o [1]
usb_filesystem_uninstall
                        0x0001731d   0xde  Code  Gb  USB_File.o [1]
usb_host_ch9_dev_req    0x0001db59   0x8e  Code  Lc  host_ch9.o [12]
usb_host_class_intf_init
                        0x000197e7   0xf8  Code  Gb  host_common.o [12]
usb_host_class_intf_validate
                        0x000198df   0x22  Code  Gb  host_common.o [12]
usb_host_cntrl_transaction_done
                        0x0001d841  0x2e2  Code  Lc  host_ch9.o [12]
usb_host_driver_info_match
                        0x00019901   0xec  Code  Lc  host_common.o [12]
usb_host_driver_info_nonzero
                        0x00019a57   0x4a  Code  Lc  host_common.o [12]
usb_host_driver_info_scan
                        0x000199ed   0x6a  Code  Lc  host_common.o [12]
usb_host_hub_device_event
                        0x000263ad   0x9e  Code  Gb  usb_host_hub_sm.o [12]
usb_host_hub_device_sm  0x0002644d  0x45c  Code  Lc  usb_host_hub_sm.o [12]
usb_host_hub_int_callback
                        0x000268a9   0x60  Code  Lc  usb_host_hub_sm.o [12]
usb_host_map_class_intf
                        0x00019aa1   0x3a  Code  Lc  host_common.o [12]
usb_host_mass_device_event
                        0x0001fdf5   0x6e  Code  Gb  USB_Task.o [1]
usb_host_state_struct_ptr
                        0x1fff1b40    0x4  Data  Gb  host_main.o [12]
usb_hostdev_attach_detach
                        0x000193dd   0x48  Code  Gb  host_common.o [12]
usb_hostdev_delete_interface
                        0x00019b0b   0xce  Code  Gb  host_common.o [12]
usb_hostdev_get_class   0x00019533   0x6c  Code  Lc  host_common.o [12]
usb_hostdev_get_pipe_handle
                        0x00019769   0x7e  Code  Gb  host_common.o [12]
usb_hostdev_mask_class_etc
                        0x00019bd9   0x2a  Code  Lc  host_common.o [12]
usb_hostdev_open_pipe   0x00019c03  0x10c  Code  Lc  host_common.o [12]
usb_hostdev_tr_init     0x00019eeb   0x36  Code  Gb  host_common.o [12]
usb_hostdev_validate    0x00019425   0x28  Code  Gb  host_common.o [12]
usb_mass_ufi_cancel     0x00019fb5    0xc  Code  Gb  usb_host_msd_ufi.o [12]
usb_mass_ufi_generic    0x00019f31   0x84  Code  Gb  usb_host_msd_ufi.o [12]


[1] = L:\git_workspace\YD_PRJ_NEW_20130323_git_\IAR\twrk60n512\Int Flash Debug\Obj
[2] = command line
[3] = bsp_twrk60n512_130410_SPI_TX.a
[4] = dl7M_tln.a
[5] = m7M_tl.a
[6] = mfs_twrk60n512_d.a
[7] = psp_twrk60n512_d.a
[8] = rt7M_tl.a
[9] = rtcs_twrk60n512_d_20130105.a
[10] = shb_l.a
[11] = shell_twrk60n512_d_20130406_wr_s.a
[12] = usb_hdk_twrk60n512_d.a

  192 184 bytes of readonly  code memory
   19 638 bytes of readonly  data memory
    8 395 bytes of readwrite data memory

Errors: none
Warnings: none
