###############################################################################
#                                                                             #
# IAR ELF Linker V6.30.1.53127/W32 for ARM              09/May/2013  16:46:08 #
# Copyright 2007-2011 IAR Systems AB.                                         #
#                                                                             #
#    Output file  =  E:\Freescale\mqx_test\YD_PRJ_NEW_20130323_git_\IAR\twrk6 #
#                    0n512\Int Flash Debug\Exe\twrk60n512.out                 #
#    Map file     =  E:\Freescale\mqx_test\YD_PRJ_NEW_20130323_git_\IAR\twrk6 #
#                    0n512\Int Flash Debug\List\twrk60n512.map                #
#    Command line =  "E:\Freescale\mqx_test\YD_PRJ_NEW_20130323_git_\IAR\twrk #
#                    60n512\Int Flash Debug\Obj\DSPSPI.o"                     #
#                    "E:\Freescale\mqx_test\YD_PRJ_NEW_20130323_git_\IAR\twrk #
#                    60n512\Int Flash Debug\Obj\DataConvert.o"                #
#                    "E:\Freescale\mqx_test\YD_PRJ_NEW_20130323_git_\IAR\twrk #
#                    60n512\Int Flash Debug\Obj\FTP_Task.o"                   #
#                    "E:\Freescale\mqx_test\YD_PRJ_NEW_20130323_git_\IAR\twrk #
#                    60n512\Int Flash Debug\Obj\LCDDriver.o"                  #
#                    "E:\Freescale\mqx_test\YD_PRJ_NEW_20130323_git_\IAR\twrk #
#                    60n512\Int Flash Debug\Obj\LCDUart.o"                    #
#                    "E:\Freescale\mqx_test\YD_PRJ_NEW_20130323_git_\IAR\twrk #
#                    60n512\Int Flash Debug\Obj\MenuView.o"                   #
#                    "E:\Freescale\mqx_test\YD_PRJ_NEW_20130323_git_\IAR\twrk #
#                    60n512\Int Flash Debug\Obj\SD_task.o"                    #
#                    "E:\Freescale\mqx_test\YD_PRJ_NEW_20130323_git_\IAR\twrk #
#                    60n512\Int Flash Debug\Obj\Shell_Task.o"                 #
#                    "E:\Freescale\mqx_test\YD_PRJ_NEW_20130323_git_\IAR\twrk #
#                    60n512\Int Flash Debug\Obj\System.o"                     #
#                    "E:\Freescale\mqx_test\YD_PRJ_NEW_20130323_git_\IAR\twrk #
#                    60n512\Int Flash Debug\Obj\USB_File.o"                   #
#                    "E:\Freescale\mqx_test\YD_PRJ_NEW_20130323_git_\IAR\twrk #
#                    60n512\Int Flash Debug\Obj\USB_Task.o"                   #
#                    "E:\Freescale\mqx_test\YD_PRJ_NEW_20130323_git_\IAR\twrk #
#                    60n512\Int Flash Debug\Obj\mem_flash.o"                  #
#                    "E:\Freescale\mqx_test\YD_PRJ_NEW_20130323_git_\IAR\twrk #
#                    60n512\Int Flash Debug\Obj\mem_ram.o"                    #
#                    "E:\Freescale\mqx_test\YD_PRJ_NEW_20130323_git_\IAR\twrk #
#                    60n512\Int Flash Debug\Obj\pin2.o"                       #
#                    "E:\Freescale\mqx_test\YD_PRJ_NEW_20130323_git_\IAR\twrk #
#                    60n512\Int Flash Debug\Obj\sh_cd.o"                      #
#                    "E:\Freescale\mqx_test\YD_PRJ_NEW_20130323_git_\IAR\twrk #
#                    60n512\Int Flash Debug\Obj\sh_di.o"                      #
#                    "E:\Freescale\mqx_test\YD_PRJ_NEW_20130323_git_\IAR\twrk #
#                    60n512\Int Flash Debug\Obj\tcpip_socket_task.o"          #
#                    "E:\Freescale\mqx_test\YD_PRJ_NEW_20130323_git_\IAR\twrk #
#                    60n512\Int Flash Debug\Obj\usb_classes.o"                #
#                    "E:\Freescale\mqx_test\YD_PRJ_NEW_20130323_git_\IAR\twrk #
#                    60n512\Int Flash Debug\Obj\yada_prj.o"                   #
#                    E:\Freescale\mqx_test\YD_PRJ_NEW_20130323_git_\lib\twrk6 #
#                    0n512.iar\bsp\bsp_twrk60n512_130418_SPI_TX_56Data_Buf617 #
#                    5.a E:\Freescale\mqx_test\YD_PRJ_NEW_20130323_git_\lib\t #
#                    wrk60n512.iar\mfs\mfs_twrk60n512_d.a                     #
#                    E:\Freescale\mqx_test\YD_PRJ_NEW_20130323_git_\lib\twrk6 #
#                    0n512.iar\psp\psp_twrk60n512_d.a                         #
#                    E:\Freescale\mqx_test\YD_PRJ_NEW_20130323_git_\lib\twrk6 #
#                    0n512.iar\rtcs\rtcs_twrk60n512_d_20130105.a              #
#                    E:\Freescale\mqx_test\YD_PRJ_NEW_20130323_git_\lib\twrk6 #
#                    0n512.iar\shell\shell_twrk60n512_d_20130412.a            #
#                    E:\Freescale\mqx_test\YD_PRJ_NEW_20130323_git_\lib\twrk6 #
#                    0n512.iar\usb\host\usb_hdk_twrk60n512_d.a --redirect     #
#                    _Printf=_PrintfFull --redirect _Scanf=_ScanfFull -o      #
#                    "E:\Freescale\mqx_test\YD_PRJ_NEW_20130323_git_\IAR\twrk #
#                    60n512\Int Flash Debug\Exe\twrk60n512.out" --map         #
#                    "E:\Freescale\mqx_test\YD_PRJ_NEW_20130323_git_\IAR\twrk #
#                    60n512\Int Flash Debug\List\twrk60n512.map" --config     #
#                    E:\Freescale\mqx_test\YD_PRJ_NEW_20130323_git_\IAR\..\li #
#                    b\twrk60n512.iar\bsp\intflash.icf --redirect             #
#                    __iar_dlmalloc=malloc --redirect __iar_dlcalloc=calloc   #
#                    --redirect __iar_dlfree=free --semihosting --entry       #
#                    __iar_program_start --vfe                                #
#                                                                             #
#                                                                             #
###############################################################################

*******************************************************************************
*** RUNTIME MODEL ATTRIBUTES
***

CppFlavor                   = *
__SystemLibrary             = DLib
__dlib_jmp_buf_num_elements = 8


*******************************************************************************
*** PLACEMENT SUMMARY
***

"A1":  place at 0x00000000 { ro section .intvec, block CFMPROTROM };
"P1":  place in [from 0x00000000 to 0x0007ffff] {
          first block TEXTSECTION, ro, last block FLASHX_POOL };
"P2":  place in [from 0x1fff0000 to 0x2000fff0] { rw, last block KERNEL_DATA };

  Section            Kind        Address     Size  Object
  -------            ----        -------     ----  ------
"A1":                                       0x414
  .intvec            const    0x00000000    0x400  vectors.o [3]
  CFMPROTROM                  0x00000400     0x14  <Block>
    .cfmconfig       const    0x00000400     0x10  vectors.o [3]
    .cfmconfig       const    0x00000410      0x0  vectors.o [3]
    CFMPROTROM       const    0x00000410      0x4  <Block tail>
                            - 0x00000414    0x414

"P1":                                     0x33be4
  TEXTSECTION                 0x00000420  0x2ebd8  <Block>
    .text            ro code  0x00000420     0x4c  cortex_boot.o [7]
    .text            ro code  0x0000046c      0xc  cstartup_M.o [8]
    .text            ro code  0x00000478     0x16  cmain.o [8]
    .text            ro code  0x0000048e      0xa  iar.o [3]
    .text            ro code  0x00000498     0x2c  data_init3.o [8]
    .text            ro code  0x000004c4     0x10  mqx_main.o [3]
    .text            ro code  0x000004d4      0x4  exit.o [4]
    .text            ro code  0x000004d8    0x190  init_hw.o [3]
    .text            ro code  0x00000668    0x1a8  mqx.o [7]
    .text            ro code  0x00000810      0xa  cexit.o [8]
    .text            ro code  0x0000081a     0x46  sotcp.o [9]
    .text            ro code  0x00000860    0x79c  bsp_cm.o [3]
    .text            ro code  0x00000ffc    0x538  init_gpio.o [3]
    .text            ro code  0x00001534    0x134  mem_zero.o [7]
    .text            ro code  0x00001668     0x76  ABImemcpy.o [8]
    .text            ro code  0x000016de     0x56  macnet_rejoin.o [3]
    .text            ro code  0x00001734     0xd8  mqxiinit.o [7]
    .text            ro code  0x0000180c     0x28  lwm_init.o [7]
    .text            ro code  0x00001834     0x18  lwm_gsys.o [7]
    .text            ro code  0x0000184c     0x24  lwm_size.o [7]
    .text            ro code  0x00001870    0x1c4  ta_init.o [7]
    .text            ro code  0x00001a34     0xc0  sc_irdyq.o [7]
    .text            ro code  0x00001af4     0x74  lws_crea.o [7]
    .text            ro code  0x00001b68    0x2c8  init_bsp.o [3]
    .text            ro code  0x00001e30     0x24  int_disa.o [7]
    .text            ro code  0x00001e54     0x14  exit.o [10]
    .text            ro code  0x00001e68     0x14  cm.o [3]
    .text            ro code  0x00001e7c      0xc  qu_init.o [7]
    .text            ro code  0x00001e88     0x64  lwm_crep.o [7]
    .text            ro code  0x00001eec    0x204  lwm_alli.o [7]
    .text            ro code  0x000020f0     0x34  td_serr.o [7]
    .text            ro code  0x00002124     0xd0  td_alloc.o [7]
    .text            ro code  0x000021f4     0x68  stack_bu.o [7]
    .text            ro code  0x0000225c      0x8  lwm_xfri.o [7]
    .text            ro code  0x00002264     0x18  lwm_allz.o [7]
    .text            ro code  0x0000227c     0x38  int_ena.o [7]
    .text            ro code  0x000022b4     0x3e  qu_enq.o [7]
    .text            ro code  0x000022f2     0x22  zero_init3.o [8]
    .text            ro code  0x00002314      0xc  mqx_scpu.o [7]
    .text            ro code  0x00002320     0x30  lwm_allo.o [7]
    .text            ro code  0x00002350     0x14  psp_iinit.o [7]
    .text            ro code  0x00002364     0x10  int_vtab.o [7]
    .text            ro code  0x00002374     0x10  ti_setv.o [7]
    .text            ro code  0x00002384     0xb0  int_iisr.o [7]
    .text            ro code  0x00002434     0x10  ti_sett.o [7]
    .text            ro code  0x00002444     0x10  ti_shwtt.o [7]
    .text            ro code  0x00002454     0x14  ti_shwtf.o [7]
    .text            ro code  0x00002468     0x14  kinetis_mpu.o [7]
    .text            ro code  0x0000247c     0x18  io_init.o [7]
    .text            ro code  0x00002494    0x3b4  serl_pol_kuart.o [3]
    .text            ro code  0x00002848    0x1f0  serl_int_kuart.o [3]
    .text            ro code  0x00002a38    0x86c  i2c_pol_ki2c.o [3]
    .text            ro code  0x000032a4    0x6aa  i2c_int_ki2c.o [3]
    .text            ro code  0x00003950    0x9e8  spi_pol_dspi.o [3]
    .text            ro code  0x00004338    0x7a0  spi_dma_dspi.o [3]
    .text            ro code  0x00004ad8    0x28c  io_gpio.o [3]
    .text            ro code  0x00004d64    0x5ae  adc.o [3]
    .text            ro code  0x00005314    0xc76  esdhc.o [3]
    .text            ro code  0x00005f8c    0xd3c  flashx.o [3]
    .text            ro code  0x00006cc8     0x34  io_sinit.o [3]
    .text            ro code  0x00006cfc     0xe0  ti_krnl.o [7]
    .text            ro code  0x00006ddc     0xfc  lwm_free.o [7]
    .text            ro code  0x00006ed8     0x40  qu_insrt.o [7]
    .text            ro code  0x00006f18     0x78  int_init.o [7]
    .text            ro code  0x00006f90     0x10  int_inst.o [7]
    .text            ro code  0x00006fa0    0x53c  serl_pol.o [3]
    .text            ro code  0x000074dc     0x4c  serl_mk60.o [3]
    .text            ro code  0x00007528     0x18  lwm_zsys.o [7]
    .text            ro code  0x00007540    0x610  serl_int.o [3]
    .text            ro code  0x00007b50     0x60  int_gdat.o [7]
    .text            ro code  0x00007bb0      0x4  int_geh.o [7]
    .text            ro code  0x00007bb4     0xa0  cortex.o [7]
    .text            ro code  0x00007c54     0xf0  ev_open.o [7]
    .text            ro code  0x00007d44     0xe0  ev_set.o [7]
    .text            ro code  0x00007e24    0x170  i2c_pol.o [3]
    .text            ro code  0x00007f94     0x38  i2c_mk60.o [3]
    .text            ro code  0x00007fcc    0x16c  i2c_int.o [3]
    .text            ro code  0x00008138    0x196  spi_pol.o [3]
    .text            ro code  0x000082d0     0x30  spi_mk60_dspi.o [3]
    .text            ro code  0x00008300    0x1a2  spi_int.o [3]
    .text            ro code  0x000084a4     0x24  io_pntf.o [7]
    .text            ro code  0x000084c8    0x2c4  DSPSPI.o [1]
    .text            ro code  0x0000878c    0x994  io_gpio_kgpio.o [3]
    .text            ro code  0x00009120     0x1a  io_inst.o [7]
    .text            ro code  0x0000913a     0x3e  io_ioctl.o [7]
    .text            ro code  0x00009178    0xac0  adc_kadc.o [3]
    .text            ro code  0x00009c38    0xaf8  adt_kpdb.o [3]
    .text            ro code  0x0000a730     0x42  strcmp.o [8]
    .text            ro code  0x0000a774     0x36  strlen.o [8]
    .text            ro code  0x0000a7ac     0x38  ti_delay.o [7]
    .text            ro code  0x0000a7e4    0x108  io_instx.o [7]
    .text            ro code  0x0000a8ec     0x14  esdhc_mk60.o [3]
    .text            ro code  0x0000a900      0xe  esdhc.o [3]
    .text            ro code  0x0000a910     0x78  lws_wait.o [7]
    .text            ro code  0x0000a988    0x17c  mem_copy.o [7]
    .text            ro code  0x0000ab04     0x7c  lws_post.o [7]
    .text            ro code  0x0000ab80     0xa0  io_fopen.o [7]
    .text            ro code  0x0000ac20     0x34  psp_tinm.o [7]
    .text            ro code  0x0000ac54     0x84  tq_creat.o [7]
    .text            ro code  0x0000acd8     0x80  tq_dest.o [7]
    .text            ro code  0x0000ad58     0xd8  tq_func.o [7]
    .text            ro code  0x0000ae30     0x94  na_findi.o [7]
    .text            ro code  0x0000aec4     0x48  io_ghand.o [7]
    .text            ro code  0x0000af0c    0xbd4  io_dopr.o [7]
    .text            ro code  0x0000bae0     0x34  io_fclos.o [7]
    .text            ro code  0x0000bb14     0x14  ev_creat.o [7]
    .text            ro code  0x0000bb28     0x3a  ev_all.o [7]
    .text            ro code  0x0000bb64     0x48  ev_clear.o [7]
    .text            ro code  0x0000bbac     0x2a  strncmp.o [4]
    .text            ro code  0x0000bbd8      0x6  ABImemclr4.o [8]
    .text            ro code  0x0000bbe0     0x14  adc_mk60.o [3]
    .text            ro code  0x0000bbf4    0x132  I64DivMod.o [8]
    .text            ro code  0x0000bd28     0xd4  lwe_set.o [7]
    .text            ro code  0x0000bdfc     0x84  psp_mstiq.o [7]
    .text            ro code  0x0000be80     0x48  psp_tiad.o [7]
    .text            ro code  0x0000bec8     0x88  ti_deli.o [7]
    .text            ro code  0x0000bf50     0x2e  qu_deq.o [7]
    .text            ro code  0x0000bf7e     0x2c  sc_ipq.o [7]
    .text            ro code  0x0000bfaa     0x1c  strnlen.o [7]
    .text            ro code  0x0000bfc8     0xc0  ev_creai.o [7]
    .text            ro code  0x0000c088    0x108  ev_waiti.o [7]
    .text            ro code  0x0000c190     0x32  ABImemset48.o [8]
    .text            ro code  0x0000c1c4      0x2  I64DivZer.o [8]
    .text            ro code  0x0000c1c8     0xcc  ev_comp.o [7]
    .text            ro code  0x0000c294     0x6c  strncpy.o [8]
    .text            ro code  0x0000c300    0x138  na_addi.o [7]
    .text            ro code  0x0000c438     0x34  ti_delun.o [7]
    .text            ro code  0x0000c46c     0x38  ti_delfo.o [7]
    .text            ro code  0x0000c4a4     0x7c  na_crth.o [7]
    .text            ro code  0x0000c520     0x5e  ABImemset.o [8]
    .text            ro code  0x0000c580    0x490  DataConvert.o [1]
    .text            ro code  0x0000ca10     0xfc  FltDiv.o [5]
    .text            ro code  0x0000cb0c     0xd8  FltMul.o [5]
    .text            ro code  0x0000cbe4     0x24  FltToU32.o [5]
    .text            ro code  0x0000cc08     0x32  I32ToFlt.o [5]
    .text            ro code  0x0000cc3a      0x8  abs.o [4]
    .text            ro code  0x0000cc44     0xe6  FltSub.o [5]
    .text            ro code  0x0000cd2c     0x44  FltToS32.o [5]
    .text            ro code  0x0000cd70     0x24  FltCmpLe.o [5]
    .text            ro code  0x0000cd94     0x84  FltAdd.o [5]
    .text            ro code  0x0000ce18    0x384  LCDDriver.o [1]
    .text            ro code  0x0000d19c     0x24  io_write.o [7]
    .text            ro code  0x0000d1c0     0xec  FTP_Task.o [1]
    .text            ro code  0x0000d2ac    0x26c  rtcscmd.o [9]
    .text            ro code  0x0000d518     0x24  enaddr.o [3]
    .text            ro code  0x0000d53c    0x104  eninit.o [3]
    .text            ro code  0x0000d640     0x5c  ifadd.o [9]
    .text            ro code  0x0000d69c    0x644  ftpd.o [9]
    .text            ro code  0x0000dce0     0x88  ta_creat.o [7]
    .text            ro code  0x0000dd68     0xe4  mqx_ioc.o [7]
    .text            ro code  0x0000de4c    0x1b6  rtcspart.o [9]
    .text            ro code  0x0000e004     0x2c  ms_id.o [7]
    .text            ro code  0x0000e030     0x16  ms_pool.o [7]
    .text            ro code  0x0000e048     0xa8  rtcstask.o [9]
    .text            ro code  0x0000e0f0     0x6c  ms_dpool.o [7]
    .text            ro code  0x0000e15c     0xcc  ms_alloc.o [7]
    .text            ro code  0x0000e228     0x58  td_get.o [7]
    .text            ro code  0x0000e280      0xc  ms_sendb.o [7]
    .text            ro code  0x0000e28c     0x48  ta_rdy.o [7]
    .text            ro code  0x0000e2d4      0xc  ms_send.o [7]
    .text            ro code  0x0000e2e0     0x10  td_gid.o [7]
    .text            ro code  0x0000e2f0     0x1c  td_gerr.o [7]
    .text            ro code  0x0000e30c     0x24  td_util.o [7]
    .text            ro code  0x0000e330     0x2c  init_enet.o [3]
    .text            ro code  0x0000e35c     0x58  enutil.o [3]
    .text            ro code  0x0000e3b4     0x3c  ta_env.o [7]
    .text            ro code  0x0000e3f0     0x22  ta_sexit.o [7]
    .text            ro code  0x0000e414     0xb2  rtcs.o [9]
    .text            ro code  0x0000e4c8    0x3ea  io_util.o [7]
    .text            ro code  0x0000e8b4     0x44  strcpy.o [8]
    .text            ro code  0x0000e8f8     0x18  io_util.o [7]
    .text            ro code  0x0000e910      0x8  io_util.o [7]
    .text            ro code  0x0000e918     0x7c  ta_build.o [7]
    .text            ro code  0x0000e994     0x18  lwm_allp.o [7]
    .text            ro code  0x0000e9ac     0x18  lwm_alzp.o [7]
    .text            ro code  0x0000e9c4     0x18  lwm_gsyp.o [7]
    .text            ro code  0x0000e9dc     0x18  lwm_zsyf.o [7]
    .text            ro code  0x0000e9f4     0x84  pa_creat.o [7]
    .text            ro code  0x0000ea78     0x14  pa_sallo.o [7]
    .text            ro code  0x0000ea8c     0x74  pa_free.o [7]
    .text            ro code  0x0000eb00     0x74  pa_dest.o [7]
    .text            ro code  0x0000eb74    0x20c  ms_pooli.o [7]
    .text            ro code  0x0000ed80     0x12  ta_util.o [7]
    .text            ro code  0x0000ed94     0xa2  lws_dest.o [7]
    .text            ro code  0x0000ee38    0x364  ms_sendi.o [7]
    .text            ro code  0x0000f19c    0x12a  sockutil.o [9]
    .text            ro code  0x0000f2c6      0x8  io_util.o [7]
    .text            ro code  0x0000f2ce     0x2a  io_util.o [7]
    .text            ro code  0x0000f2f8     0x16  io_util.o [7]
    .text            ro code  0x0000f310     0x7c  pa_creai.o [7]
    .text            ro code  0x0000f38c    0x118  pa_alloi.o [7]
    .text            ro code  0x0000f4a4    0x130  ms_comp.o [7]
    .text            ro code  0x0000f5d4     0x60  ms_free.o [7]
    .text            ro code  0x0000f634     0x10  io_util.o [7]
    .text            ro code  0x0000f644      0x8  io_util.o [7]
    .text            ro code  0x0000f64c      0x8  io_util.o [7]
    .text            ro code  0x0000f654     0x7c  pa_comp.o [7]
    .text            ro code  0x0000f6d0     0x5c  pa_extni.o [7]
    .text            ro code  0x0000f72c     0x22  io_util.o [7]
    .text            ro code  0x0000f74e     0x28  io_util.o [7]
    .text            ro code  0x0000f776     0x10  io_util.o [7]
    .text            ro code  0x0000f788    0xab0  LCDUart.o [1]
    .text            ro code  0x00010238     0x14  ev_creaa.o [7]
    .text            ro code  0x0001024c   0x3724  MenuView.o [1]
    .text            ro code  0x00013970     0x52  System.o [1]
    .text            ro code  0x000139c4     0x30  I32ToDbl.o [5]
    .text            ro code  0x000139f4    0x1a2  DblMul.o [5]
    .text            ro code  0x00013b98    0x246  DblDiv.o [5]
    .text            ro code  0x00013de0     0x90  DblToFlt.o [5]
    .text            ro code  0x00013e70     0x4e  FltToDbl.o [5]
    .text            ro code  0x00013ebe      0x6  cos.o [5]
    .text            ro code  0x00013ec4     0xe8  DblAdd.o [5]
    .text            ro code  0x00013fac     0x4c  DblToI32.o [5]
    .text            ro code  0x00013ff8      0x6  sin.o [5]
    .text            ro code  0x00014000    0x180  DblSub.o [5]
    .text            ro code  0x00014180     0x24  FltCmpGe.o [5]
    .text            ro code  0x000141a4    0x14c  sh_cd.o [1]
    .text            ro code  0x000142f0     0x90  sh_pwd.o [11]
    .text            ro code  0x00014380    0x220  sh_read_wk.o [11]
    .text            ro code  0x000145a0    0x24c  sh_write_binary.o [11]
    .text            ro code  0x000147ec     0xc8  sh_update.o [11]
    .text            ro code  0x000148b4     0x26  io_spr.o [7]
    .text            ro code  0x000148da     0x16  ti_get.o [7]
    .text            ro code  0x000148f0     0xe4  ti_to.o [7]
    .text            ro code  0x000149d4    0x110  sh_mkdir.o [11]
    .text            ro code  0x00014ae4    0x39c  sh_search_file_1.o [11]
    .text            ro code  0x00014e80    0x1f0  xsin.o [5]
    .text            ro code  0x00015070    0x218  sh_util.o [11]
    .text            ro code  0x00015288    0x408  mfs_misc.o [6]
    .text            ro code  0x00015690     0x90  io_fseek.o [7]
    .text            ro code  0x00015720     0x16  io_feof.o [7]
    .text            ro code  0x00015736     0x46  io_fgetc.o [7]
    .text            ro code  0x0001577c     0x4c  ti_gett.o [7]
    .text            ro code  0x000157c8     0xbc  psp_tkti.o [7]
    .text            ro code  0x00015884     0x42  ti_leap.o [7]
    .text            ro code  0x000158c8    0x320  dir_read.o [6]
    .text            ro code  0x00015be8      0xc  errno.o [4]
    .text            ro code  0x00015bf4    0x170  xquad.o [5]
    .text            ro code  0x00015d64     0x2e  DblCmpGe.o [5]
    .text            ro code  0x00015d94     0x2e  DblCmpLe.o [5]
    .text            ro code  0x00015dc2     0x10  sh_util.o [11]
    .text            ro code  0x00015dd2    0x344  mfs_rw.o [6]
    .text            ro code  0x00016116     0x9e  mfs_data_sector.o [6]
    .text            ro code  0x000161b4    0x382  mfs_fat.o [6]
    .text            ro code  0x00016536      0x2  xtls.o [4]
    .text            ro code  0x00016538     0x80  xdint.o [5]
    .text            ro code  0x000165b8     0x20  DblCmpEq.o [5]
    .text            ro code  0x000165d8    0x1a8  fmod.o [5]
    .text            ro code  0x00016780     0x6a  io_read.o [7]
    .text            ro code  0x000167ec     0x62  memcmp.o [8]
    .text            ro code  0x00016850    0x356  mfs_cluster.o [6]
    .text            ro code  0x00016ba8      0xc  iarEdom.o [8]
    .text            ro code  0x00016bb4     0x48  Shell_Task.o [1]
    .text            ro code  0x00016bfc    0x22c  shell.o [11]
    .text            ro code  0x00016e28     0x38  io_fflsh.o [7]
    .text            ro code  0x00016e60     0x2e  io_fgets.o [7]
    .text            ro code  0x00016e8e     0x94  io_fgetl.o [7]
    .text            ro code  0x00016f22     0x2c  io_fung.o [7]
    .text            ro code  0x00016f50    0x2d0  USB_File.o [1]
    .text            ro code  0x00017220    0x726  usbmfs.o [12]
    .text            ro code  0x00017948    0x5a6  part_mgr.o [6]
    .text            ro code  0x00017eee      0xe  io_ferr.o [7]
    .text            ro code  0x00017efc   0x1222  mfs_init.o [6]
    .text            ro code  0x00019120     0x7c  io_uinst.o [7]
    .text            ro code  0x0001919c    0xb54  host_common.o [12]
    .text            ro code  0x00019cf0     0x90  usb_host_msd_ufi.o [12]
    .text            ro code  0x00019d80     0x10  ti_getp.o [7]
    .text            ro code  0x00019d90     0x98  lws_wati.o [7]
    .text            ro code  0x00019e28     0x30  ti_delti.o [7]
    .text            ro code  0x00019e58     0xa2  mfs_valdev.o [6]
    .text            ro code  0x00019efc    0x39c  mfs_open.o [6]
    .text            ro code  0x0001a298    0x4bc  mfs_create.o [6]
    .text            ro code  0x0001a754    0x2d0  mfs_read.o [6]
    .text            ro code  0x0001aa24    0x430  mfs_write.o [6]
    .text            ro code  0x0001ae54    0x7f8  mfs_directory.o [6]
    .text            ro code  0x0001b64c     0xf4  mfs_attribute.o [6]
    .text            ro code  0x0001b740     0xe4  mfs_time.o [6]
    .text            ro code  0x0001b824    0x7ce  mfs_lfn.o [6]
    .text            ro code  0x0001bff2    0x102  mfs_delete.o [6]
    .text            ro code  0x0001c0f4    0x2c0  mfs_rename.o [6]
    .text            ro code  0x0001c3b4    0x89c  mfs_format.o [6]
    .text            ro code  0x0001cc50     0x10  qu_util.o [7]
    .text            ro code  0x0001cc60     0x68  usb_mqx.o [12]
    .text            ro code  0x0001ccc8    0x3d2  host_dev_list.o [12]
    .text            ro code  0x0001d09c    0x564  host_main.o [12]
    .text            ro code  0x0001d600    0x660  host_ch9.o [12]
    .text            ro code  0x0001dc60    0x670  usb_host_msd_bo.o [12]
    .text            ro code  0x0001e2d0     0x36  lws_wain.o [7]
    .text            ro code  0x0001e306    0x79a  mfs_search.o [6]
    .text            ro code  0x0001eaa0     0xf6  mfs_handle.o [6]
    .text            ro code  0x0001eb98    0x7f6  mfs_dir_entry.o [6]
    .text            ro code  0x0001f38e     0x20  qu_head.o [7]
    .text            ro code  0x0001f3ae     0x22  qu_next.o [7]
    .text            ro code  0x0001f3d0    0x57c  mfs_parse.o [6]
    .text            ro code  0x0001f94c     0x50  host_close.o [12]
    .text            ro code  0x0001f99c     0x5a  usb_mk60.o [3]
    .text            ro code  0x0001f9f6     0xa2  usb_host_msd_queue.o [12]
    .text            ro code  0x0001fa98     0x58  host_snd.o [12]
    .text            ro code  0x0001faf0     0x58  host_rcv.o [12]
    .text            ro code  0x0001fb48     0x30  pa_sallz.o [7]
    .text            ro code  0x0001fb78     0x1e  qu_unlnk.o [7]
    .text            ro code  0x0001fb96     0x1e  strcat.o [4]
    .text            ro code  0x0001fbb4    0x220  USB_Task.o [1]
    .text            ro code  0x0001fdd4     0x86  lwe_crea.o [7]
    .text            ro code  0x0001fe5c     0x20  int_iunx.o [7]
    .text            ro code  0x0001fe7c     0x34  lwe_clr.o [7]
    .text            ro code  0x0001feb0     0x48  lwe_watt.o [7]
    .text            ro code  0x0001fef8     0x10  int_idef.o [7]
    .text            ro code  0x0001ff08     0xf0  lwe_waii.o [7]
    .text            ro code  0x0001fff8    0x16c  mem_flash.o [1]
    .text            ro code  0x00020164     0x94  pin2.o [1]
    .text            ro code  0x000201f8     0xac  tq_tsusp.o [7]
    .text            ro code  0x000202a4     0x98  ta_prio.o [7]
    .text            ro code  0x0002033c     0x68  sc_sprio.o [7]
    .text            ro code  0x000203a4      0x4  ta_sync.o [7]
    .text            ro code  0x000203a8    0x29c  tcpip_socket_task.o [1]
    .text            ro code  0x00020644    0x1a0  soselset.o [9]
    .text            ro code  0x000207e4     0xbc  sosel0.o [9]
    .text            ro code  0x000208a0     0xd4  timer.o [9]
    .text            ro code  0x00020974    0x4a8  yada_prj.o [1]
    .text            ro code  0x00020e1c    0x3ec  timer_lpt.o [3]
    .text            ro code  0x00021208     0x7c  timer_lpt_kinetis.o [3]
    .text            ro code  0x00021284     0x22  I64Shl.o [8]
    .text            ro code  0x000212a8   0x12f0  ftpd_cmd.o [9]
    .text            ro code  0x00022598     0x24  ftpd_cmd.o [9]
    .text            ro code  0x000225bc      0x4  strpbrk.o [4]
    .text            ro code  0x000225c0     0x18  rtcsmsec.o [9]
    .text            ro code  0x000225d8     0x20  io_ftell.o [7]
    .text            ro code  0x000225f8     0x22  strpbrk.o [4]
    .text            ro code  0x0002261a     0x1a  ti_elaps.o [7]
    .text            ro code  0x00022634     0x40  ti_elapt.o [7]
    .text            ro code  0x00022674    0x3be  ip-e.o [9]
    .text            ro code  0x00022a34    0x82c  arp.o [9]
    .text            ro code  0x00023260     0x94  enopen.o [3]
    .text            ro code  0x000232f4     0x82  enclose.o [3]
    .text            ro code  0x00023378     0xdc  rtcsrand.o [9]
    .text            ro code  0x00023454    0x496  rtcspcb.o [9]
    .text            ro code  0x000238ea    0x162  ensend.o [3]
    .text            ro code  0x00023a4c    0x24c  iputil.o [9]
    .text            ro code  0x00023c98      0x4  proxyarp.o [9]
    .text            ro code  0x00023c9c     0x3c  lws_poll.o [7]
    .text            ro code  0x00023cd8    0x24c  ipradix.o [9]
    .text            ro code  0x00023f24     0x94  sh_cmdlist.o [11]
    .text            ro code  0x00023fb8    0x1f0  sh_copy.o [11]
    .text            ro code  0x000241a8    0x118  sh_create.o [11]
    .text            ro code  0x000242c0    0x11c  sh_del.o [11]
    .text            ro code  0x000243dc    0x108  sh_df.o [11]
    .text            ro code  0x000244e4    0x154  sh_dir.o [11]
    .text            ro code  0x00024638    0x1bc  sh_disect.o [11]
    .text            ro code  0x000247f4     0x68  sh_exit.o [11]
    .text            ro code  0x0002485c    0x17c  sh_format.o [11]
    .text            ro code  0x000249d8    0x108  sh_help.o [11]
    .text            ro code  0x00024ae0    0x22c  sh_read.o [11]
    .text            ro code  0x00024d0c     0x40  io_fputc.o [7]
    .text            ro code  0x00024d4c    0x188  sh_rename.o [11]
    .text            ro code  0x00024ed4    0x12c  sh_rmdir.o [11]
    .text            ro code  0x00025000     0xd8  sh_sh.o [11]
    .text            ro code  0x000250d8    0x130  sh_type.o [11]
    .text            ro code  0x00025208    0x250  sh_write.o [11]
    .text            ro code  0x00025458    0xa94  khci.o [12]
    .text            ro code  0x00025eec     0x92  lwmsgq.o [7]
    .text            ro code  0x00025f80    0x138  lwmsgq_recv.o [7]
    .text            ro code  0x000260b8     0x70  ta_creab.o [7]
    .text            ro code  0x00026128    0x128  lwmsgq_send.o [7]
    .text            ro code  0x00026250    0x560  usb_host_hub_sm.o [12]
    .text            ro code  0x000267b0    0x3ae  usb_host_hub.o [12]
    .text            ro code  0x00026b60    0x59c  sstream.o [9]
    .text            ro code  0x000270fc    0x9f6  ip.o [9]
    .text            ro code  0x00027af4    0x76c  iproute.o [9]
    .text            ro code  0x00028260     0x86  checksum.o [9]
    .text            ro code  0x000282e6     0x44  ipsum.o [7]
    .text            ro code  0x0002832c    0x680  icmp.o [9]
    .text            ro code  0x000289ac     0x22  route.o [9]
    .text            ro code  0x000289d0    0x19e  iplocal.o [9]
    .text            ro code  0x00028b70    0x124  tcpip.o [9]
    .text            ro code  0x00028c94     0x16  ms_open.o [7]
    .text            ro code  0x00028cac     0x10  arpinit.o [9]
    .text            ro code  0x00028cbc     0x18  bootinit.o [9]
    .text            ro code  0x00028cd4     0x32  ms_recv.o [7]
    .text            ro code  0x00028d08    0x144  ms_openi.o [7]
    .text            ro code  0x00028e4c    0x320  ms_recvi.o [7]
    .text            ro code  0x0002916c     0xe8  int_unx.o [7]
    .text            ro code  0x00029254    0x3c4  tcp_clos.o [9]
    .text            ro code  0x00029618    0x792  tcp_rcv.o [9]
    .text            ro code  0x00029daa    0x3a2  ticker.o [9]
    .text            ro code  0x0002a14c   0x16e2  tcp.o [9]
    .text            ro code  0x0002b82e    0x12c  sosel1.o [9]
    .text            ro code  0x0002b95c    0xfa8  tcp_send.o [9]
    .text            ro code  0x0002c904    0x412  tcp_buf.o [9]
    .text            ro code  0x0002cd18     0x18  ti_getr.o [7]
    .text            ro code  0x0002cd30    0x464  macnet_init.o [3]
    .text            ro code  0x0002d194     0x1c  macnet_mk60.o [3]
    .text            ro code  0x0002d1b0    0x49e  macnet_receive.o [3]
    .text            ro code  0x0002d650    0x1d4  macnet_util.o [3]
    .text            ro code  0x0002d824    0x11a  enrecv.o [3]
    .text            ro code  0x0002d940     0x64  int_gisr.o [7]
    .text            ro code  0x0002d9a4    0x1e2  ta_dest.o [7]
    .text            ro code  0x0002db88     0x6c  lwm_list.o [7]
    .text            ro code  0x0002dbf4      0x2  stack_de.o [7]
    .text            ro code  0x0002dbf8     0x34  int_isr.o [7]
    .text            ro code  0x0002dc2c     0x10  td_serrt.o [7]
    .text            ro code  0x0002dc3c     0x40  idletask.o [7]
    .text            ro code  0x0002dc7c     0x60  ev_tdel.o [7]
    .text            ro code  0x0002dcdc     0x88  macnet_join.o [3]
    .text            ro code  0x0002dd64     0xe8  macnet_mii.o [3]
    .text            ro code  0x0002de4c     0x4c  macnet_stop.o [3]
    .text            ro code  0x0002de98     0x24  ta_exit.o [7]
    .text            ro code  0x0002debc    0x31c  udp.o [9]
    .text            ro code  0x0002e1d8    0x4fc  flash_ftfl.o [3]
    .text            ro code  0x0002e6d4     0x24  flash_mk60.o [3]
    .text            ro code  0x0002e6f8     0xd8  ms_tdel.o [7]
    .text            ro code  0x0002e7d0     0x98  pa_tdel.o [7]
    .text            ro code  0x0002e868    0x104  soip.o [9]
    .text            ro code  0x0002e96c    0x1ba  ipif_add.o [9]
    .text            ro code  0x0002eb26    0x178  phy_ks8721bl.o [3]
    .text            ro code  0x0002ec9e    0x2ba  macnet_send.o [3]
    .text            ro code  0x0002ef58     0xa0  packbits_init3.o [8]
  KERNEL             ro code  0x0002f000    0x218  dispatch.o [7]
  .iar.init_table    const    0x0002f218     0x48  - Linker created -
  .rodata            const    0x0002f260      0x8  DSPSPI.o [1]
  .rodata            const    0x0002f268     0x1c  DSPSPI.o [1]
  .rodata            const    0x0002f284     0x24  DSPSPI.o [1]
  .rodata            const    0x0002f2a8     0x24  DSPSPI.o [1]
  .rodata            const    0x0002f2cc     0x24  DSPSPI.o [1]
  .rodata            const    0x0002f2f0     0x10  DSPSPI.o [1]
  .rodata            const    0x0002f300     0x1c  DSPSPI.o [1]
  .rodata            const    0x0002f31c     0x18  DSPSPI.o [1]
  .rodata            const    0x0002f334     0x1c  DSPSPI.o [1]
  .rodata            const    0x0002f350     0x18  DSPSPI.o [1]
  .rodata            const    0x0002f368      0x8  FTP_Task.o [1]
  .rodata            const    0x0002f370      0x8  FTP_Task.o [1]
  .rodata            const    0x0002f378      0x8  FTP_Task.o [1]
  .rodata            const    0x0002f380      0x4  FTP_Task.o [1]
  .rodata            const    0x0002f384      0x8  FTP_Task.o [1]
  .rodata            const    0x0002f38c      0x8  FTP_Task.o [1]
  .rodata            const    0x0002f394      0x8  FTP_Task.o [1]
  .rodata            const    0x0002f39c      0x8  FTP_Task.o [1]
  .rodata            const    0x0002f3a4      0x4  FTP_Task.o [1]
  .rodata            const    0x0002f3a8      0x8  FTP_Task.o [1]
  .rodata            const    0x0002f3b0      0x8  FTP_Task.o [1]
  .rodata            const    0x0002f3b8      0x8  FTP_Task.o [1]
  .rodata            const    0x0002f3c0      0x8  FTP_Task.o [1]
  .rodata            const    0x0002f3c8      0x8  FTP_Task.o [1]
  .rodata            const    0x0002f3d0      0x8  FTP_Task.o [1]
  .rodata            const    0x0002f3d8      0x4  FTP_Task.o [1]
  .rodata            const    0x0002f3dc      0x8  FTP_Task.o [1]
  .rodata            const    0x0002f3e4      0x8  FTP_Task.o [1]
  .rodata            const    0x0002f3ec      0x8  FTP_Task.o [1]
  .rodata            const    0x0002f3f4      0x8  FTP_Task.o [1]
  .rodata            const    0x0002f3fc      0x8  FTP_Task.o [1]
  .rodata            const    0x0002f404      0x4  FTP_Task.o [1]
  .rodata            const    0x0002f408      0x8  FTP_Task.o [1]
  .rodata            const    0x0002f410      0x8  FTP_Task.o [1]
  .rodata            const    0x0002f418      0x8  FTP_Task.o [1]
  .rodata            const    0x0002f420      0x8  FTP_Task.o [1]
  .rodata            const    0x0002f428      0x8  FTP_Task.o [1]
  .rodata            const    0x0002f430      0x8  FTP_Task.o [1]
  .rodata            const    0x0002f438      0x8  FTP_Task.o [1]
  .rodata            const    0x0002f440      0x8  FTP_Task.o [1]
  .rodata            const    0x0002f448      0x8  FTP_Task.o [1]
  .rodata            const    0x0002f450     0x24  FTP_Task.o [1]
  .rodata            const    0x0002f474     0x24  FTP_Task.o [1]
  .rodata            const    0x0002f498     0x24  FTP_Task.o [1]
  .rodata            const    0x0002f4bc     0x14  FTP_Task.o [1]
  .rodata            const    0x0002f4d0      0xc  FTP_Task.o [1]
  .rodata            const    0x0002f4dc    0x100  FTP_Task.o [1]
  .rodata            const    0x0002f5dc      0x8  LCDDriver.o [1]
  .rodata            const    0x0002f5e4      0x8  LCDUart.o [1]
  .rodata            const    0x0002f5ec      0xc  LCDUart.o [1]
  .rodata            const    0x0002f5f8     0x28  LCDUart.o [1]
  .rodata            const    0x0002f620     0x24  LCDUart.o [1]
  .rodata            const    0x0002f644     0x24  LCDUart.o [1]
  .rodata            const    0x0002f668     0x1c  LCDUart.o [1]
  .rodata            const    0x0002f684     0x10  LCDUart.o [1]
  .rodata            const    0x0002f694     0x1c  LCDUart.o [1]
  .rodata            const    0x0002f6b0     0x18  LCDUart.o [1]
  .rodata            const    0x0002f6c8      0xc  MenuView.o [1]
  .rodata            const    0x0002f6d4     0x10  MenuView.o [1]
  .rodata            const    0x0002f6e4     0x10  MenuView.o [1]
  .rodata            const    0x0002f6f4     0x14  MenuView.o [1]
  .rodata            const    0x0002f708     0x14  MenuView.o [1]
  .rodata            const    0x0002f71c     0x38  MenuView.o [1]
  .rodata            const    0x0002f754     0x3c  MenuView.o [1]
  .rodata            const    0x0002f790      0x4  MenuView.o [1]
  .rodata            const    0x0002f794      0x8  MenuView.o [1]
  .rodata            const    0x0002f79c     0x24  MenuView.o [1]
  .rodata            const    0x0002f7c0     0x48  MenuView.o [1]
  .rodata            const    0x0002f808      0x8  MenuView.o [1]
  .rodata            const    0x0002f810      0x8  MenuView.o [1]
  .rodata            const    0x0002f818      0xc  MenuView.o [1]
  .rodata            const    0x0002f824      0x8  MenuView.o [1]
  .rodata            const    0x0002f82c     0x10  MenuView.o [1]
  .rodata            const    0x0002f83c      0x8  MenuView.o [1]
  .rodata            const    0x0002f844      0x8  MenuView.o [1]
  .rodata            const    0x0002f84c     0x2c  MenuView.o [1]
  .rodata            const    0x0002f878     0x58  MenuView.o [1]
  .rodata            const    0x0002f8d0     0x10  MenuView.o [1]
  .rodata            const    0x0002f8e0     0x10  MenuView.o [1]
  .rodata            const    0x0002f8f0      0xc  MenuView.o [1]
  .rodata            const    0x0002f8fc      0xc  MenuView.o [1]
  .rodata            const    0x0002f908      0xc  MenuView.o [1]
  .rodata            const    0x0002f914     0x14  MenuView.o [1]
  .rodata            const    0x0002f928     0x24  MenuView.o [1]
  .rodata            const    0x0002f94c     0x70  MenuView.o [1]
  .rodata            const    0x0002f9bc     0x38  MenuView.o [1]
  .rodata            const    0x0002f9f4      0xc  MenuView.o [1]
  .rodata            const    0x0002fa00      0x8  MenuView.o [1]
  .rodata            const    0x0002fa08      0xc  MenuView.o [1]
  .rodata            const    0x0002fa14      0xc  MenuView.o [1]
  .rodata            const    0x0002fa20      0x8  MenuView.o [1]
  .rodata            const    0x0002fa28     0x20  MenuView.o [1]
  .rodata            const    0x0002fa48     0x20  MenuView.o [1]
  .rodata            const    0x0002fa68     0x24  MenuView.o [1]
  .rodata            const    0x0002fa8c      0xc  MenuView.o [1]
  .rodata            const    0x0002fa98     0x28  MenuView.o [1]
  .rodata            const    0x0002fac0      0xc  MenuView.o [1]
  .rodata            const    0x0002facc      0x8  MenuView.o [1]
  .rodata            const    0x0002fad4      0x8  MenuView.o [1]
  .rodata            const    0x0002fadc      0x8  MenuView.o [1]
  .rodata            const    0x0002fae4     0x10  MenuView.o [1]
  .rodata            const    0x0002faf4      0xc  MenuView.o [1]
  .rodata            const    0x0002fb00      0x8  MenuView.o [1]
  .rodata            const    0x0002fb08      0x8  MenuView.o [1]
  .rodata            const    0x0002fb10      0x8  MenuView.o [1]
  .rodata            const    0x0002fb18      0xc  MenuView.o [1]
  .rodata            const    0x0002fb24      0x8  MenuView.o [1]
  .rodata            const    0x0002fb2c      0x4  Shell_Task.o [1]
  .rodata            const    0x0002fb30      0x8  Shell_Task.o [1]
  .rodata            const    0x0002fb38      0x8  Shell_Task.o [1]
  .rodata            const    0x0002fb40      0x4  Shell_Task.o [1]
  .rodata            const    0x0002fb44      0x8  Shell_Task.o [1]
  .rodata            const    0x0002fb4c      0x4  Shell_Task.o [1]
  .rodata            const    0x0002fb50      0x4  Shell_Task.o [1]
  .rodata            const    0x0002fb54      0x8  Shell_Task.o [1]
  .rodata            const    0x0002fb5c      0x8  Shell_Task.o [1]
  .rodata            const    0x0002fb64      0x8  Shell_Task.o [1]
  .rodata            const    0x0002fb6c      0x8  Shell_Task.o [1]
  .rodata            const    0x0002fb74      0x4  Shell_Task.o [1]
  .rodata            const    0x0002fb78      0x8  Shell_Task.o [1]
  .rodata            const    0x0002fb80      0x4  Shell_Task.o [1]
  .rodata            const    0x0002fb84      0x8  Shell_Task.o [1]
  .rodata            const    0x0002fb8c      0x4  Shell_Task.o [1]
  .rodata            const    0x0002fb90      0x8  Shell_Task.o [1]
  .rodata            const    0x0002fb98      0x8  Shell_Task.o [1]
  .rodata            const    0x0002fba0      0x8  Shell_Task.o [1]
  .rodata            const    0x0002fba8      0x8  Shell_Task.o [1]
  .rodata            const    0x0002fbb0     0x28  Shell_Task.o [1]
  .rodata            const    0x0002fbd8     0x24  Shell_Task.o [1]
  .rodata            const    0x0002fbfc     0x24  Shell_Task.o [1]
  .rodata            const    0x0002fc20     0x20  Shell_Task.o [1]
  .rodata            const    0x0002fc40     0xb0  Shell_Task.o [1]
  .rodata            const    0x0002fcf0     0x1c  USB_File.o [1]
  .rodata            const    0x0002fd0c     0x4c  USB_File.o [1]
  .rodata            const    0x0002fd58     0x34  USB_File.o [1]
  .rodata            const    0x0002fd8c     0x24  USB_File.o [1]
  .rodata            const    0x0002fdb0     0x20  USB_File.o [1]
  .rodata            const    0x0002fdd0     0x20  USB_File.o [1]
  .rodata            const    0x0002fdf0     0x24  USB_File.o [1]
  .rodata            const    0x0002fe14     0x24  USB_File.o [1]
  .rodata            const    0x0002fe38     0x2c  USB_File.o [1]
  .rodata            const    0x0002fe64     0x24  USB_File.o [1]
  .rodata            const    0x0002fe88     0x20  USB_File.o [1]
  .rodata            const    0x0002fea8     0x1c  USB_File.o [1]
  .rodata            const    0x0002fec4     0x18  USB_File.o [1]
  .rodata            const    0x0002fedc     0x2c  USB_File.o [1]
  .rodata            const    0x0002ff08     0x14  USB_File.o [1]
  .rodata            const    0x0002ff1c     0x24  USB_File.o [1]
  .rodata            const    0x0002ff40     0x18  USB_File.o [1]
  .rodata            const    0x0002ff58     0x28  USB_File.o [1]
  .rodata            const    0x0002ff80     0x18  USB_File.o [1]
  .rodata            const    0x0002ff98     0x2c  USB_File.o [1]
  .rodata            const    0x0002ffc4     0x18  USB_File.o [1]
  .rodata            const    0x0002ffdc     0x30  USB_File.o [1]
  .rodata            const    0x0003000c     0x14  USB_File.o [1]
  .rodata            const    0x00030020     0x1c  USB_File.o [1]
  .rodata            const    0x0003003c     0x18  USB_File.o [1]
  .rodata            const    0x00030054     0x24  USB_Task.o [1]
  .rodata            const    0x00030078     0x24  USB_Task.o [1]
  .rodata            const    0x0003009c     0x24  USB_Task.o [1]
  .rodata            const    0x000300c0      0x8  USB_Task.o [1]
  .rodata            const    0x000300c8      0x8  USB_Task.o [1]
  .rodata            const    0x000300d0      0x8  USB_Task.o [1]
  .rodata            const    0x000300d8      0x8  USB_Task.o [1]
  .rodata            const    0x000300e0     0x30  USB_Task.o [1]
  .rodata            const    0x00030110      0x4  mem_flash.o [1]
  .rodata            const    0x00030114      0x8  mem_flash.o [1]
  .rodata            const    0x0003011c     0x14  mem_flash.o [1]
  .rodata            const    0x00030130      0x8  mem_flash.o [1]
  .rodata            const    0x00030138     0x18  mem_flash.o [1]
  .rodata            const    0x00030150     0x18  mem_flash.o [1]
  .rodata            const    0x00030168     0x28  mem_flash.o [1]
  .rodata            const    0x00030190     0x28  mem_flash.o [1]
  .rodata            const    0x000301b8     0x1c  mem_flash.o [1]
  .rodata            const    0x000301d4     0x20  mem_flash.o [1]
  .rodata            const    0x000301f4     0x30  mem_flash.o [1]
  .rodata            const    0x00030224     0x1c  mem_flash.o [1]
  .rodata            const    0x00030240      0xc  pin2.o [1]
  .rodata            const    0x0003024c      0xc  pin2.o [1]
  .rodata            const    0x00030258      0x8  pin2.o [1]
  .rodata            const    0x00030260     0x28  sh_cd.o [1]
  .rodata            const    0x00030288     0x2c  sh_cd.o [1]
  .rodata            const    0x000302b4     0x1c  sh_cd.o [1]
  .rodata            const    0x000302d0     0x20  sh_cd.o [1]
  .rodata            const    0x000302f0     0x14  sh_cd.o [1]
  .rodata            const    0x00030304     0x18  sh_cd.o [1]
  .rodata            const    0x0003031c     0x34  sh_cd.o [1]
  .rodata            const    0x00030350     0x28  tcpip_socket_task.o [1]
  .rodata            const    0x00030378     0x2c  tcpip_socket_task.o [1]
  .rodata            const    0x000303a4     0x1c  tcpip_socket_task.o [1]
  .rodata            const    0x000303c0     0x28  tcpip_socket_task.o [1]
  .rodata            const    0x000303e8     0x20  tcpip_socket_task.o [1]
  .rodata            const    0x00030408     0x14  tcpip_socket_task.o [1]
  .rodata            const    0x0003041c      0x8  tcpip_socket_task.o [1]
  .rodata            const    0x00030424     0x24  tcpip_socket_task.o [1]
  .rodata            const    0x00030448     0x10  yada_prj.o [1]
  .rodata            const    0x00030458      0xc  yada_prj.o [1]
  .rodata            const    0x00030464      0xc  yada_prj.o [1]
  .rodata            const    0x00030470     0x10  yada_prj.o [1]
  .rodata            const    0x00030480      0xc  yada_prj.o [1]
  .rodata            const    0x0003048c      0xc  yada_prj.o [1]
  .rodata            const    0x00030498     0x10  yada_prj.o [1]
  .rodata            const    0x000304a8      0xc  yada_prj.o [1]
  .rodata            const    0x000304b4      0xc  yada_prj.o [1]
  .rodata            const    0x000304c0      0xc  yada_prj.o [1]
  .rodata            const    0x000304cc     0x20  yada_prj.o [1]
  .rodata            const    0x000304ec     0x24  yada_prj.o [1]
  .rodata            const    0x00030510     0x24  yada_prj.o [1]
  .rodata            const    0x00030534     0x24  yada_prj.o [1]
  .rodata            const    0x00030558      0x8  yada_prj.o [1]
  .rodata            const    0x00030560      0x8  yada_prj.o [1]
  .rodata            const    0x00030568      0xc  yada_prj.o [1]
  .rodata            const    0x00030574    0x140  yada_prj.o [1]
  .rodata            const    0x000306b4      0x4  ftpd_cmd.o [9]
  .rodata            const    0x000306b8     0x10  ftpd_cmd.o [9]
  .rodata            const    0x000306c8      0x8  ftpd_cmd.o [9]
  .rodata            const    0x000306d0      0xc  ftpd_cmd.o [9]
  .rodata            const    0x000306dc     0x14  ftpd_cmd.o [9]
  .rodata            const    0x000306f0      0x8  ftpd_cmd.o [9]
  .rodata            const    0x000306f8     0x20  ftpd_cmd.o [9]
  .rodata            const    0x00030718     0x24  ftpd_cmd.o [9]
  .rodata            const    0x0003073c     0x20  ftpd_cmd.o [9]
  .rodata            const    0x0003075c     0x30  ftpd_cmd.o [9]
  .rodata            const    0x0003078c     0x28  ftpd_cmd.o [9]
  .rodata            const    0x000307b4     0x24  ftpd_cmd.o [9]
  .rodata            const    0x000307d8     0x1c  ftpd_cmd.o [9]
  .rodata            const    0x000307f4      0x4  ftpd.o [9]
  .rodata            const    0x000307f8      0x8  ftpd.o [9]
  .rodata            const    0x00030800      0xc  ip-e.o [9]
  .rodata            const    0x0003080c      0x4  ip-e.o [9]
  .rodata            const    0x00030810      0x8  rtcscmd.o [9]
  .rodata            const    0x00030818     0x28  sh_mkdir.o [11]
  .rodata            const    0x00030840     0x2c  sh_mkdir.o [11]
  .rodata            const    0x0003086c     0x20  sh_mkdir.o [11]
  .rodata            const    0x0003088c     0x20  sh_mkdir.o [11]
  .rodata            const    0x000308ac     0x14  sh_mkdir.o [11]
  .rodata            const    0x000308c0     0x18  sh_mkdir.o [11]
  .rodata            const    0x000308d8     0x30  sh_mkdir.o [11]
  .rodata            const    0x00030908     0x28  sh_pwd.o [11]
  .rodata            const    0x00030930     0x20  sh_pwd.o [11]
  .rodata            const    0x00030950      0x8  sh_pwd.o [11]
  .rodata            const    0x00030958      0x8  sh_pwd.o [11]
  .rodata            const    0x00030960      0xc  sh_pwd.o [11]
  .rodata            const    0x0003096c     0x28  sh_read_wk.o [11]
  .rodata            const    0x00030994     0x18  sh_read_wk.o [11]
  .rodata            const    0x000309ac     0x20  sh_read_wk.o [11]
  .rodata            const    0x000309cc      0x8  sh_read_wk.o [11]
  .rodata            const    0x000309d4      0x8  sh_read_wk.o [11]
  .rodata            const    0x000309dc     0x1c  sh_read_wk.o [11]
  .rodata            const    0x000309f8     0x1c  sh_read_wk.o [11]
  .rodata            const    0x00030a14     0x2c  sh_read_wk.o [11]
  .rodata            const    0x00030a40     0x14  sh_read_wk.o [11]
  .rodata            const    0x00030a54      0x8  sh_read_wk.o [11]
  .rodata            const    0x00030a5c     0x20  sh_read_wk.o [11]
  .rodata            const    0x00030a7c     0x20  sh_read_wk.o [11]
  .rodata            const    0x00030a9c     0x30  sh_read_wk.o [11]
  .rodata            const    0x00030acc     0x38  sh_read_wk.o [11]
  .rodata            const    0x00030b04     0x28  sh_read_wk.o [11]
  .rodata            const    0x00030b2c     0x2c  sh_read_wk.o [11]
  .rodata            const    0x00030b58     0x34  sh_read_wk.o [11]
  .rodata            const    0x00030b8c     0x20  sh_read_wk.o [11]
  .rodata            const    0x00030bac     0x28  sh_search_file_1.o [11]
  .rodata            const    0x00030bd4     0x20  sh_search_file_1.o [11]
  .rodata            const    0x00030bf4     0x14  sh_search_file_1.o [11]
  .rodata            const    0x00030c08     0x14  sh_search_file_1.o [11]
  .rodata            const    0x00030c1c     0x20  sh_search_file_1.o [11]
  .rodata            const    0x00030c3c     0x24  sh_search_file_1.o [11]
  .rodata            const    0x00030c60     0x24  sh_search_file_1.o [11]
  .rodata            const    0x00030c84     0x14  sh_search_file_1.o [11]
  .rodata            const    0x00030c98     0x24  sh_search_file_1.o [11]
  .rodata            const    0x00030cbc     0x30  sh_search_file_1.o [11]
  .rodata            const    0x00030cec      0x8  sh_search_file_1.o [11]
  .rodata            const    0x00030cf4      0x8  sh_update.o [11]
  .rodata            const    0x00030cfc     0x24  sh_update.o [11]
  .rodata            const    0x00030d20     0x28  sh_update.o [11]
  .rodata            const    0x00030d48     0x28  sh_update.o [11]
  .rodata            const    0x00030d70     0x1c  sh_update.o [11]
  .rodata            const    0x00030d8c     0x28  sh_write_binary.o [11]
  .rodata            const    0x00030db4     0x20  sh_write_binary.o [11]
  .rodata            const    0x00030dd4      0x8  sh_write_binary.o [11]
  .rodata            const    0x00030ddc      0x8  sh_write_binary.o [11]
  .rodata            const    0x00030de4     0x1c  sh_write_binary.o [11]
  .rodata            const    0x00030e00     0x1c  sh_write_binary.o [11]
  .rodata            const    0x00030e1c     0x2c  sh_write_binary.o [11]
  .rodata            const    0x00030e48     0x20  sh_write_binary.o [11]
  .rodata            const    0x00030e68     0x20  sh_write_binary.o [11]
  .rodata            const    0x00030e88     0x38  sh_write_binary.o [11]
  .rodata            const    0x00030ec0     0x3c  sh_write_binary.o [11]
  .rodata            const    0x00030efc     0x28  sh_write_binary.o [11]
  .rodata            const    0x00030f24     0x2c  sh_write_binary.o [11]
  .rodata            const    0x00030f50     0x34  sh_write_binary.o [11]
  .rodata            const    0x00030f84     0x20  sh_write_binary.o [11]
  .rodata            const    0x00030fa4     0x1c  sh_write_binary.o [11]
  .rodata            const    0x00030fc0     0x10  mfs_misc.o [6]
  .rodata            const    0x00030fd0     0x1c  mfs_misc.o [6]
  .rodata            const    0x00030fec     0x14  mfs_misc.o [6]
  .rodata            const    0x00031000     0x14  mfs_misc.o [6]
  .rodata            const    0x00031014     0x14  mfs_misc.o [6]
  .rodata            const    0x00031028     0x14  mfs_misc.o [6]
  .rodata            const    0x0003103c     0x18  mfs_misc.o [6]
  .rodata            const    0x00031054     0x24  mfs_misc.o [6]
  .rodata            const    0x00031078     0x24  mfs_misc.o [6]
  .rodata            const    0x0003109c     0x1c  mfs_misc.o [6]
  .rodata            const    0x000310b8     0x14  mfs_misc.o [6]
  .rodata            const    0x000310cc     0x28  mfs_misc.o [6]
  .rodata            const    0x000310f4     0x14  mfs_misc.o [6]
  .rodata            const    0x00031108     0x18  mfs_misc.o [6]
  .rodata            const    0x00031120     0x10  mfs_misc.o [6]
  .rodata            const    0x00031130     0x10  mfs_misc.o [6]
  .rodata            const    0x00031140     0x18  mfs_misc.o [6]
  .rodata            const    0x00031158     0x10  mfs_misc.o [6]
  .rodata            const    0x00031168     0x18  mfs_misc.o [6]
  .rodata            const    0x00031180     0x18  mfs_misc.o [6]
  .rodata            const    0x00031198     0x10  mfs_misc.o [6]
  .rodata            const    0x000311a8     0x14  mfs_misc.o [6]
  .rodata            const    0x000311bc      0x8  mfs_misc.o [6]
  .rodata            const    0x000311c4     0x1c  mfs_misc.o [6]
  .rodata            const    0x000311e0     0x14  mfs_misc.o [6]
  .rodata            const    0x000311f4     0x1c  mfs_misc.o [6]
  .rodata            const    0x00031210     0x1c  mfs_misc.o [6]
  .rodata            const    0x0003122c     0x18  mfs_misc.o [6]
  .rodata            const    0x00031244     0x20  mfs_misc.o [6]
  .rodata            const    0x00031264     0x10  mfs_misc.o [6]
  .rodata            const    0x00031274     0x14  mfs_misc.o [6]
  .rodata            const    0x00031288     0x1c  mfs_misc.o [6]
  .rodata            const    0x000312a4     0x1c  mfs_misc.o [6]
  .rodata            const    0x000312c0     0x14  mfs_misc.o [6]
  .rodata            const    0x000312d4     0x18  mfs_misc.o [6]
  .rodata            const    0x000312ec     0x14  mfs_misc.o [6]
  .rodata            const    0x00031300     0x14  mfs_misc.o [6]
  .rodata            const    0x00031314     0x14  shell.o [11]
  .rodata            const    0x00031328      0xc  shell.o [11]
  .rodata            const    0x00031334     0x30  shell.o [11]
  .rodata            const    0x00031364      0xc  shell.o [11]
  .rodata            const    0x00031370      0x8  shell.o [11]
  .rodata            const    0x00031378     0x38  shell.o [11]
  .rodata            const    0x000313b0     0x14  shell.o [11]
  .rodata            const    0x000313c4      0x8  sh_cmdlist.o [11]
  .rodata            const    0x000313cc      0xc  sh_cmdlist.o [11]
  .rodata            const    0x000313d8     0x28  sh_copy.o [11]
  .rodata            const    0x00031400     0x20  sh_copy.o [11]
  .rodata            const    0x00031420     0x2c  sh_copy.o [11]
  .rodata            const    0x0003144c     0x24  sh_copy.o [11]
  .rodata            const    0x00031470     0x2c  sh_copy.o [11]
  .rodata            const    0x0003149c     0x40  sh_copy.o [11]
  .rodata            const    0x000314dc     0x18  sh_copy.o [11]
  .rodata            const    0x000314f4     0x1c  sh_copy.o [11]
  .rodata            const    0x00031510     0x24  sh_copy.o [11]
  .rodata            const    0x00031534     0x20  sh_copy.o [11]
  .rodata            const    0x00031554     0x28  sh_create.o [11]
  .rodata            const    0x0003157c     0x20  sh_create.o [11]
  .rodata            const    0x0003159c     0x2c  sh_create.o [11]
  .rodata            const    0x000315c8     0x20  sh_create.o [11]
  .rodata            const    0x000315e8     0x1c  sh_create.o [11]
  .rodata            const    0x00031604     0x20  sh_create.o [11]
  .rodata            const    0x00031624     0x28  sh_create.o [11]
  .rodata            const    0x0003164c     0x20  sh_create.o [11]
  .rodata            const    0x0003166c     0x28  sh_del.o [11]
  .rodata            const    0x00031694     0x20  sh_del.o [11]
  .rodata            const    0x000316b4     0x2c  sh_del.o [11]
  .rodata            const    0x000316e0     0x18  sh_del.o [11]
  .rodata            const    0x000316f8      0xc  sh_del.o [11]
  .rodata            const    0x00031704     0x14  sh_del.o [11]
  .rodata            const    0x00031718     0x24  sh_del.o [11]
  .rodata            const    0x0003173c     0x28  sh_df.o [11]
  .rodata            const    0x00031764     0x14  sh_df.o [11]
  .rodata            const    0x00031778     0x18  sh_df.o [11]
  .rodata            const    0x00031790     0x38  sh_df.o [11]
  .rodata            const    0x000317c8     0x20  sh_df.o [11]
  .rodata            const    0x000317e8     0x18  sh_df.o [11]
  .rodata            const    0x00031800     0x20  sh_df.o [11]
  .rodata            const    0x00031820      0x8  sh_df.o [11]
  .rodata            const    0x00031828     0x28  sh_dir.o [11]
  .rodata            const    0x00031850     0x20  sh_dir.o [11]
  .rodata            const    0x00031870     0x14  sh_dir.o [11]
  .rodata            const    0x00031884     0x24  sh_dir.o [11]
  .rodata            const    0x000318a8     0x24  sh_dir.o [11]
  .rodata            const    0x000318cc     0x1c  sh_dir.o [11]
  .rodata            const    0x000318e8     0x24  sh_dir.o [11]
  .rodata            const    0x0003190c     0x24  sh_dir.o [11]
  .rodata            const    0x00031930     0x30  sh_dir.o [11]
  .rodata            const    0x00031960     0x28  sh_disect.o [11]
  .rodata            const    0x00031988     0x18  sh_disect.o [11]
  .rodata            const    0x000319a0     0x20  sh_disect.o [11]
  .rodata            const    0x000319c0     0x28  sh_disect.o [11]
  .rodata            const    0x000319e8     0x24  sh_disect.o [11]
  .rodata            const    0x00031a0c     0x10  sh_disect.o [11]
  .rodata            const    0x00031a1c      0x8  sh_disect.o [11]
  .rodata            const    0x00031a24     0x18  sh_disect.o [11]
  .rodata            const    0x00031a3c     0x20  sh_disect.o [11]
  .rodata            const    0x00031a5c     0x24  sh_disect.o [11]
  .rodata            const    0x00031a80     0x24  sh_disect.o [11]
  .rodata            const    0x00031aa4      0xc  sh_exit.o [11]
  .rodata            const    0x00031ab0      0x8  sh_format.o [11]
  .rodata            const    0x00031ab8      0x4  sh_format.o [11]
  .rodata            const    0x00031abc      0x4  sh_format.o [11]
  .rodata            const    0x00031ac0      0x4  sh_format.o [11]
  .rodata            const    0x00031ac4      0x4  sh_format.o [11]
  .rodata            const    0x00031ac8     0x28  sh_format.o [11]
  .rodata            const    0x00031af0     0x24  sh_format.o [11]
  .rodata            const    0x00031b14     0x10  sh_format.o [11]
  .rodata            const    0x00031b24     0x20  sh_format.o [11]
  .rodata            const    0x00031b44     0x2c  sh_format.o [11]
  .rodata            const    0x00031b70      0x8  sh_format.o [11]
  .rodata            const    0x00031b78     0x20  sh_format.o [11]
  .rodata            const    0x00031b98     0x28  sh_format.o [11]
  .rodata            const    0x00031bc0     0x40  sh_format.o [11]
  .rodata            const    0x00031c00     0x34  sh_format.o [11]
  .rodata            const    0x00031c34     0x14  sh_format.o [11]
  .rodata            const    0x00031c48      0x8  sh_help.o [11]
  .rodata            const    0x00031c50      0x8  sh_help.o [11]
  .rodata            const    0x00031c58     0x18  sh_help.o [11]
  .rodata            const    0x00031c70      0x8  sh_help.o [11]
  .rodata            const    0x00031c78     0x28  sh_help.o [11]
  .rodata            const    0x00031ca0     0x10  sh_help.o [11]
  .rodata            const    0x00031cb0     0x18  sh_help.o [11]
  .rodata            const    0x00031cc8     0x28  sh_help.o [11]
  .rodata            const    0x00031cf0     0x28  sh_read.o [11]
  .rodata            const    0x00031d18     0x18  sh_read.o [11]
  .rodata            const    0x00031d30     0x20  sh_read.o [11]
  .rodata            const    0x00031d50      0x8  sh_read.o [11]
  .rodata            const    0x00031d58      0x8  sh_read.o [11]
  .rodata            const    0x00031d60     0x1c  sh_read.o [11]
  .rodata            const    0x00031d7c     0x1c  sh_read.o [11]
  .rodata            const    0x00031d98     0x2c  sh_read.o [11]
  .rodata            const    0x00031dc4     0x14  sh_read.o [11]
  .rodata            const    0x00031dd8      0x8  sh_read.o [11]
  .rodata            const    0x00031de0     0x20  sh_read.o [11]
  .rodata            const    0x00031e00     0x20  sh_read.o [11]
  .rodata            const    0x00031e20     0x30  sh_read.o [11]
  .rodata            const    0x00031e50     0x38  sh_read.o [11]
  .rodata            const    0x00031e88     0x28  sh_read.o [11]
  .rodata            const    0x00031eb0     0x2c  sh_read.o [11]
  .rodata            const    0x00031edc     0x34  sh_read.o [11]
  .rodata            const    0x00031f10     0x20  sh_read.o [11]
  .rodata            const    0x00031f30     0x28  sh_rename.o [11]
  .rodata            const    0x00031f58     0x2c  sh_rename.o [11]
  .rodata            const    0x00031f84     0x34  sh_rename.o [11]
  .rodata            const    0x00031fb8     0x20  sh_rename.o [11]
  .rodata            const    0x00031fd8     0x18  sh_rename.o [11]
  .rodata            const    0x00031ff0     0x1c  sh_rename.o [11]
  .rodata            const    0x0003200c     0x20  sh_rename.o [11]
  .rodata            const    0x0003202c     0x28  sh_rename.o [11]
  .rodata            const    0x00032054     0x24  sh_rename.o [11]
  .rodata            const    0x00032078     0x28  sh_rmdir.o [11]
  .rodata            const    0x000320a0     0x2c  sh_rmdir.o [11]
  .rodata            const    0x000320cc     0x20  sh_rmdir.o [11]
  .rodata            const    0x000320ec     0x20  sh_rmdir.o [11]
  .rodata            const    0x0003210c     0x14  sh_rmdir.o [11]
  .rodata            const    0x00032120     0x14  sh_rmdir.o [11]
  .rodata            const    0x00032134     0x18  sh_rmdir.o [11]
  .rodata            const    0x0003214c     0x30  sh_rmdir.o [11]
  .rodata            const    0x0003217c     0x28  sh_sh.o [11]
  .rodata            const    0x000321a4     0x20  sh_sh.o [11]
  .rodata            const    0x000321c4     0x10  sh_sh.o [11]
  .rodata            const    0x000321d4     0x18  sh_sh.o [11]
  .rodata            const    0x000321ec     0x28  sh_sh.o [11]
  .rodata            const    0x00032214     0x20  sh_type.o [11]
  .rodata            const    0x00032234     0x2c  sh_type.o [11]
  .rodata            const    0x00032260     0x20  sh_type.o [11]
  .rodata            const    0x00032280     0x38  sh_type.o [11]
  .rodata            const    0x000322b8     0x10  sh_type.o [11]
  .rodata            const    0x000322c8     0x18  sh_type.o [11]
  .rodata            const    0x000322e0     0x28  sh_type.o [11]
  .rodata            const    0x00032308     0x28  sh_write.o [11]
  .rodata            const    0x00032330     0x20  sh_write.o [11]
  .rodata            const    0x00032350     0x18  sh_write.o [11]
  .rodata            const    0x00032368      0x8  sh_write.o [11]
  .rodata            const    0x00032370      0x8  sh_write.o [11]
  .rodata            const    0x00032378     0x1c  sh_write.o [11]
  .rodata            const    0x00032394     0x1c  sh_write.o [11]
  .rodata            const    0x000323b0     0x2c  sh_write.o [11]
  .rodata            const    0x000323dc     0x20  sh_write.o [11]
  .rodata            const    0x000323fc     0x20  sh_write.o [11]
  .rodata            const    0x0003241c     0x30  sh_write.o [11]
  .rodata            const    0x0003244c     0x38  sh_write.o [11]
  .rodata            const    0x00032484     0x28  sh_write.o [11]
  .rodata            const    0x000324ac     0x2c  sh_write.o [11]
  .rodata            const    0x000324d8     0x34  sh_write.o [11]
  .rodata            const    0x0003250c     0x20  sh_write.o [11]
  .rodata            const    0x0003252c     0x20  usbmfs.o [12]
  .rodata            const    0x0003254c      0xc  khci.o [12]
  .rodata            const    0x00032558     0x38  khci.o [12]
  .rodata            const    0x00032590     0x50  host_common.o [12]
  .rodata            const    0x000325e0     0x50  usb_mqx.o [12]
  .rodata            const    0x00032630     0x50  host_main.o [12]
  .rodata            const    0x00032680      0x8  sh_util.o [11]
  .rodata            const    0x00032688      0x8  sh_util.o [11]
  .rodata            const    0x00032690     0x3c  sstream.o [9]
  .rodata            const    0x000326cc     0x58  usb_host_hub.o [12]
  .rodata            const    0x00032724     0x5c  usb_host_msd_bo.o [12]
  .rodata            const    0x00032780     0x10  timer_lpt.o [3]
  .rodata            const    0x00032790      0xc  timer_lpt.o [3]
  .rodata            const    0x0003279c     0x18  mqx.o [7]
  .rodata            const    0x000327b4      0xc  mqx.o [7]
  .rodata            const    0x000327c0      0x4  mqx.o [7]
  .rodata            const    0x000327c4      0x4  mqx.o [7]
  .rodata            const    0x000327c8     0x14  io_dopr.o [7]
  .rodata            const    0x000327dc     0x14  io_dopr.o [7]
  .rodata            const    0x000327f0      0x8  init_enet.o [3]
  .rodata            const    0x000327f8     0x10  init_enet.o [3]
  .rodata            const    0x00032808     0x24  init_enet.o [3]
  .rodata            const    0x0003282c      0x8  init_enet.o [3]
  .rodata            const    0x00032834      0x8  sotcp.o [9]
  .rodata            const    0x0003283c      0x4  dir_read.o [6]
  .rodata            const    0x00032840      0x4  dir_read.o [6]
  .rodata            const    0x00032844      0x4  dir_read.o [6]
  .rodata            const    0x00032848      0x4  dir_read.o [6]
  .rodata            const    0x0003284c      0x4  dir_read.o [6]
  .rodata            const    0x00032850      0x4  dir_read.o [6]
  .rodata            const    0x00032854      0x4  dir_read.o [6]
  .rodata            const    0x00032858      0x4  dir_read.o [6]
  .rodata            const    0x0003285c      0x4  dir_read.o [6]
  .rodata            const    0x00032860      0x4  dir_read.o [6]
  .rodata            const    0x00032864      0x4  dir_read.o [6]
  .rodata            const    0x00032868      0x4  dir_read.o [6]
  .rodata            const    0x0003286c     0x40  dir_read.o [6]
  .rodata            const    0x000328ac     0x14  dir_read.o [6]
  .rodata            const    0x000328c0     0x10  dir_read.o [6]
  .rodata            const    0x000328d0      0xc  dir_read.o [6]
  .rodata            const    0x000328dc      0xc  dir_read.o [6]
  .rodata            const    0x000328e8      0x8  dir_read.o [6]
  .rodata            const    0x000328f0      0x8  dir_read.o [6]
  .rodata            const    0x000328f8     0x30  dir_read.o [6]
  .rodata            const    0x00032928     0x18  ftpd_msg.o [9]
  .rodata            const    0x00032940     0x1c  ftpd_msg.o [9]
  .rodata            const    0x0003295c     0x34  ftpd_msg.o [9]
  .rodata            const    0x00032990     0x30  ftpd_msg.o [9]
  .rodata            const    0x000329c0     0x10  ftpd_msg.o [9]
  .rodata            const    0x000329d0     0x14  ftpd_msg.o [9]
  .rodata            const    0x000329e4     0x14  ftpd_msg.o [9]
  .rodata            const    0x000329f8     0x18  ftpd_msg.o [9]
  .rodata            const    0x00032a10     0x18  ftpd_msg.o [9]
  .rodata            const    0x00032a28     0x20  ftpd_msg.o [9]
  .rodata            const    0x00032a48     0x18  ftpd_msg.o [9]
  .rodata            const    0x00032a60     0x10  ftpd_msg.o [9]
  .rodata            const    0x00032a70     0x3c  ftpd_msg.o [9]
  .rodata            const    0x00032aac     0x38  ftpd_msg.o [9]
  .rodata            const    0x00032ae4     0x30  ftpd_msg.o [9]
  .rodata            const    0x00032b14     0x1c  ftpd_msg.o [9]
  .rodata            const    0x00032b30      0xc  ftpd_msg.o [9]
  .rodata            const    0x00032b3c     0x30  ftpd_msg.o [9]
  .rodata            const    0x00032b6c     0x30  ftpd_msg.o [9]
  .rodata            const    0x00032b9c     0x20  ftpd_msg.o [9]
  .rodata            const    0x00032bbc     0x20  ftpd_msg.o [9]
  .rodata            const    0x00032bdc     0x1c  ftpd_msg.o [9]
  .rodata            const    0x00032bf8      0xc  ftpd_msg.o [9]
  .rodata            const    0x00032c04     0x14  ftpd_msg.o [9]
  .rodata            const    0x00032c18     0x14  ftpd_msg.o [9]
  .rodata            const    0x00032c2c     0x14  ftpd_msg.o [9]
  .rodata            const    0x00032c40     0x34  ftpd_msg.o [9]
  .rodata            const    0x00032c74     0x20  ftpd_msg.o [9]
  .rodata            const    0x00032c94     0x1c  ftpd_msg.o [9]
  .rodata            const    0x00032cb0     0x20  ftpd_msg.o [9]
  .rodata            const    0x00032cd0     0x38  ftpd_msg.o [9]
  .rodata            const    0x00032d08      0x8  soip.o [9]
  .rodata            const    0x00032d10     0x68  ti_rom.o [7]
  .rodata            const    0x00032d78    0x20c  ti_rom.o [7]
  .rodata            const    0x00032f84     0x14  mfs_create.o [6]
  .rodata            const    0x00032f98     0x14  mfs_create.o [6]
  .rodata            const    0x00032fac     0x14  mfs_format.o [6]
  .rodata            const    0x00032fc0     0x14  mfs_format.o [6]
  .rodata            const    0x00032fd4     0x14  mfs_format.o [6]
  .rodata            const    0x00032fe8     0x30  mfs_format.o [6]
  .rodata            const    0x00033018      0x8  mfs_lfn.o [6]
  .rodata            const    0x00033020      0xc  mfs_lfn.o [6]
  .rodata            const    0x0003302c     0x54  host_dev_list.o [12]
  .rodata            const    0x00033080     0x24  host_dev_list.o [12]
  .rodata            const    0x000330a4     0x20  int_unx.o [7]
  .rodata            const    0x000330c4     0x30  int_unx.o [7]
  .rodata            const    0x000330f4     0x3c  int_unx.o [7]
  .rodata            const    0x00033130     0x14  int_unx.o [7]
  .rodata            const    0x00033144     0x28  int_unx.o [7]
  .rodata            const    0x0003316c     0x50  host_ch9.o [12]
  .rodata            const    0x000331bc      0x8  host_ch9.o [12]
  .rodata            const    0x000331c4     0x50  host_rcv.o [12]
  .rodata            const    0x00033214     0x50  host_snd.o [12]
  .rodata            const    0x00033264      0x4  timer_lpt_kinetis.o [3]
  .rodata            const    0x00033268      0x4  timer_lpt_kinetis.o [3]
  .rodata            const    0x0003326c      0x4  timer_lpt_kinetis.o [3]
  .rodata            const    0x00033270      0x8  init_bsp.o [3]
  .rodata            const    0x00033278      0x8  init_bsp.o [3]
  .rodata            const    0x00033280      0x8  init_bsp.o [3]
  .rodata            const    0x00033288      0x8  init_bsp.o [3]
  .rodata            const    0x00033290      0x8  init_bsp.o [3]
  .rodata            const    0x00033298      0x8  init_bsp.o [3]
  .rodata            const    0x000332a0      0x8  init_bsp.o [3]
  .rodata            const    0x000332a8      0x8  init_bsp.o [3]
  .rodata            const    0x000332b0      0x8  init_bsp.o [3]
  .rodata            const    0x000332b8      0x8  init_bsp.o [3]
  .rodata            const    0x000332c0      0x8  init_bsp.o [3]
  .rodata            const    0x000332c8      0x8  init_bsp.o [3]
  .rodata            const    0x000332d0      0x8  init_bsp.o [3]
  .rodata            const    0x000332d8      0x8  init_bsp.o [3]
  .rodata            const    0x000332e0      0x8  init_bsp.o [3]
  .rodata            const    0x000332e8      0x8  init_bsp.o [3]
  .rodata            const    0x000332f0      0x8  init_bsp.o [3]
  .rodata            const    0x000332f8      0x8  init_bsp.o [3]
  .rodata            const    0x00033300      0x8  init_bsp.o [3]
  .rodata            const    0x00033308      0x8  init_bsp.o [3]
  .rodata            const    0x00033310      0x8  init_bsp.o [3]
  .rodata            const    0x00033318      0x8  init_bsp.o [3]
  .rodata            const    0x00033320      0x8  init_bsp.o [3]
  .rodata            const    0x00033328      0x8  init_bsp.o [3]
  .rodata            const    0x00033330     0x10  mqxiinit.o [7]
  .rodata            const    0x00033340     0x20  macnet_init.o [3]
  .rodata            const    0x00033360     0x14  phy_ks8721bl.o [3]
  .rodata            const    0x00033374      0xc  iplocal.o [9]
  .rodata            const    0x00033380      0x4  iplocal.o [9]
  .rodata            const    0x00033384      0xc  rtcsinit.o [9]
  .rodata            const    0x00033390     0x1c  init_gpio.o [3]
  .rodata            const    0x000333ac     0x1c  init_gpio.o [3]
  .rodata            const    0x000333c8      0x4  init_gpio.o [3]
  .rodata            const    0x000333cc     0x50  host_close.o [12]
  .rodata            const    0x0003341c     0x1c  bsp_cm.o [3]
  .rodata            const    0x00033438     0x78  bsp_cm.o [3]
  .rodata            const    0x000334b0     0x10  init_adc.o [3]
  .rodata            const    0x000334c0     0x18  init_adc.o [3]
  .rodata            const    0x000334d8     0x30  init_spi.o [3]
  .rodata            const    0x00033508     0x30  init_spi.o [3]
  .rodata            const    0x00033538     0x30  init_spi.o [3]
  .rodata            const    0x00033568      0xc  init_esdhc.o [3]
  .rodata            const    0x00033574      0x8  init_flashx.o [3]
  .rodata            const    0x0003357c      0x8  init_flashx.o [3]
  .rodata            const    0x00033584     0x30  init_flashx.o [3]
  .rodata            const    0x000335b4     0x20  init_flashx.o [3]
  .rodata            const    0x000335d4     0x14  init_i2c.o [3]
  .rodata            const    0x000335e8     0x20  init_sci.o [3]
  .rodata            const    0x00033608     0x20  init_sci.o [3]
  .rodata            const    0x00033628     0x20  init_sci.o [3]
  .rodata            const    0x00033648     0x20  init_sci.o [3]
  .rodata            const    0x00033668     0x20  init_sci.o [3]
  .rodata            const    0x00033688     0x20  init_sci.o [3]
  .rodata            const    0x000336a8     0x1c  spi_dma_dspi.o [3]
  .rodata            const    0x000336c4     0x40  spi_dma_dspi.o [3]
  .rodata            const    0x00033704     0x10  spi_pol_dspi.o [3]
  .rodata            const    0x00033714     0x40  spi_pol_dspi.o [3]
  .rodata            const    0x00033754     0x10  spi_pol_dspi.o [3]
  .rodata            const    0x00033764    0x100  esdhc.o [3]
  .rodata            const    0x00033864      0xc  i2c_pol_ki2c.o [3]
  .rodata            const    0x00033870    0x100  i2c_pol_ki2c.o [3]
  .rodata            const    0x00033970      0xc  serl_int_kuart.o [3]
  .rodata            const    0x0003397c     0x40  macnet_mk60.o [3]
  .rodata            const    0x000339bc     0x30  flash_ftfl.o [3]
  .rodata            const    0x000339ec     0x20  flash_ftfl.o [3]
  .rodata            const    0x00033a0c      0xc  spi_mk60_dspi.o [3]
  .rodata            const    0x00033a18      0xc  spi_mk60_dspi.o [3]
  .rodata            const    0x00033a24     0x20  adc_kadc.o [3]
  .rodata            const    0x00033a44      0xc  io_gpio_kgpio.o [3]
  .rodata            const    0x00033a50      0xc  io_gpio_kgpio.o [3]
  .rodata            const    0x00033a5c      0xc  io_gpio_kgpio.o [3]
  .rodata            const    0x00033a68      0xc  io_gpio_kgpio.o [3]
  .rodata            const    0x00033a74     0x14  io_gpio_kgpio.o [3]
  .rodata            const    0x00033a88     0x14  io_gpio_kgpio.o [3]
  .rodata            const    0x00033a9c      0x8  io_gpio_kgpio.o [3]
  .rodata            const    0x00033aa4      0x8  io_gpio_kgpio.o [3]
  .rodata            const    0x00033aac      0x8  adc_mk60.o [3]
  .rodata            const    0x00033ab4      0x8  mqx_init.o [3]
  .rodata            const    0x00033abc     0x30  mqx_init.o [3]
  .rodata            const    0x00033aec      0x2  Shell_Task.o [1]
  .rodata            const    0x00033aee      0x1  init_flashx.o [3]
[...]
_usb_host_open_pipe     0x0001d3e7    0x96  Code  Gb  host_main.o [12]
_usb_host_open_pipe_call_interface
                        0x0001d15d    0x20  Code  Gb  host_main.o [12]
_usb_host_open_pipe_cleanup
                        0x0001d3bd    0x2a  Code  Gb  host_main.o [12]
_usb_host_recv_data     0x0001faf1    0x58  Code  Gb  host_rcv.o [12]
_usb_host_recv_data_call_interface
                        0x0001d0fb    0x20  Code  Gb  host_main.o [12]
_usb_host_register_ch9_callback
                        0x0001d8e3    0x36  Code  Gb  host_ch9.o [12]
_usb_host_register_service
                        0x0001d347    0x76  Code  Gb  host_main.o [12]
_usb_host_send_call_interface
                        0x0001d0bb    0x20  Code  Gb  host_main.o [12]
_usb_host_send_data     0x0001fa99    0x52  Code  Gb  host_snd.o [12]
_usb_host_send_setup    0x0001d58d    0x6a  Code  Gb  host_main.o [12]
_usb_host_send_setup_call_interface
                        0x0001d0db    0x20  Code  Gb  host_main.o [12]
_usb_host_set_up_TR     0x0001d531    0x5c  Code  Gb  host_main.o [12]
_usb_host_update_device_address_call_interface
                        0x0001d19d    0x20  Code  Gb  host_main.o [12]
_usb_host_update_max_packet_size_call_interface
                        0x0001d17d    0x20  Code  Gb  host_main.o [12]
_usb_hostdev_cntrl_request
                        0x0001dbc1    0x92  Code  Gb  host_ch9.o [12]
_usb_hostdev_free_buffer
                        0x00019287    0x6c  Code  Gb  host_common.o [12]
_usb_hostdev_get_buffer
                        0x0001920d     0xc  Code  Gb  host_common.o [12]
_usb_hostdev_get_buffer_aligned
                        0x00019219    0x6e  Code  Gb  host_common.o [12]
_usb_hostdev_get_descriptor
                        0x0001935f   0x1ca  Code  Gb  host_common.o [12]
_usb_hostdev_select_interface
                        0x00019acf   0x1dc  Code  Gb  host_common.o [12]
_usb_khci_add_int_tr    0x000254c5    0x6c  Code  Lc  khci.o [12]
_usb_khci_atom_tr       0x00025ba9   0x304  Code  Lc  khci.o [12]
_usb_khci_attach        0x0002562d    0x7c  Code  Lc  khci.o [12]
_usb_khci_bus_control   0x00025b19     0x4  Code  Lc  khci.o [12]
_usb_khci_cancel        0x00025af9    0x20  Code  Lc  khci.o [12]
_usb_khci_detach        0x000256ed    0x2e  Code  Lc  khci.o [12]
_usb_khci_get_frame_number
                        0x00025b1d    0x10  Code  Lc  khci.o [12]
_usb_khci_get_hot_int_tr
                        0x00025567    0xc6  Code  Lc  khci.o [12]
_usb_khci_host_close_pipe
                        0x00025ec9    0x24  Code  Lc  khci.o [12]
_usb_khci_init          0x000259e9    0xa6  Code  Lc  khci.o [12]
_usb_khci_init_int_tr   0x000254af    0x16  Code  Lc  khci.o [12]
_usb_khci_isr           0x00025459    0x56  Code  Lc  khci.o [12]
_usb_khci_process_tr_complete
                        0x00025b2d    0x7c  Code  Lc  khci.o [12]
_usb_khci_recv          0x00025ad7    0x22  Code  Lc  khci.o [12]
_usb_khci_reset         0x000256a9    0x44  Code  Lc  khci.o [12]
_usb_khci_rm_int_tr     0x00025531    0x36  Code  Lc  khci.o [12]
_usb_khci_send          0x00025a93    0x22  Code  Lc  khci.o [12]
_usb_khci_send_setup    0x00025ab5    0x22  Code  Lc  khci.o [12]
_usb_khci_shutdown      0x00025a8f     0x4  Code  Lc  khci.o [12]
_usb_khci_task          0x0002571b   0x272  Code  Lc  khci.o [12]
_usb_khci_task_create   0x0002598d    0x5c  Code  Lc  khci.o [12]
abs                     0x0000cc3b     0x8  Code  Gb  abs.o [4]
adc_address             0x00033aac     0x8  Data  Lc  adc_mk60.o [3]
adc_bundle              0x1fff5f44     0x4  Data  Gb  adc_kadc.o [3]
adc_calibrate           0x00009ac7    0xaa  Code  Lc  adc_kadc.o [3]
adc_complete_isr        0x00009aa9    0x1e  Code  Lc  adc_kadc.o [3]
adc_get_calibration_data
                        0x00009b71    0x64  Code  Lc  adc_kadc.o [3]
adc_internal            0x1fff5f30    0x14  Data  Lc  adc_kadc.o [3]
adc_process_all_data    0x00009a55    0x32  Code  Gb  adc_kadc.o [3]
adc_process_data        0x000099b7    0x9e  Code  Lc  adc_kadc.o [3]
adc_set_calibration_data
                        0x00009bd5    0x64  Code  Lc  adc_kadc.o [3]
adt_idelay_isr          0x0000a6c9    0x36  Code  Lc  adt_kpdb.o [3]
adt_period_prescaler    0x00009f35   0x1e0  Code  Lc  adt_kpdb.o [3]
bdt                     0x1fff0200   0x200  Data  Lc  khci.o [12]
class_interface_map     0x1fff0108    0x24  Data  Gb  usb_classes.o [1]
cos                     0x00013ebf     0x6  Code  Gb  cos.o [5]
count                   0x1fff5fa0     0x1  Data  Lc  DSPSPI.o [1]
delay_ms                0x00013991    0x16  Code  Gb  System.o [1]
delay_us                0x000139a9    0x1a  Code  Gb  System.o [1]
device                  0x1fff5e70    0x20  Data  Gb  USB_Task.o [1]
dspi_address            0x00033a0c     0xc  Data  Lc  spi_mk60_dspi.o [3]
dspi_vectors            0x00033a18     0xc  Data  Lc  spi_mk60_dspi.o [3]
evntyear_old            0x1fff5f98     0x2  Data  Gb  MenuView.o [1]
exit                    0x000004d5     0x4  Code  Gb  exit.o [4]
first_irq               0x1fff5f2c     0x4  Data  Gb  io_gpio.o [3]
flexnvm_flash_ioctl     0x0002e63b    0x96  Code  Gb  flash_ftfl.o [3]
flexnvm_prog_part       0x0002e5d3    0x40  Code  Gb  flash_ftfl.o [3]
flexnvm_read_resource   0x0002e58f    0x44  Code  Gb  flash_ftfl.o [3]
flexnvm_set_flexram     0x0002e613    0x28  Code  Gb  flash_ftfl.o [3]
flg_int                 0x00020cc5    0xbe  Code  Gb  yada_prj.o [1]
fmod                    0x000165d9          Code  Gb  fmod.o [5]
fmodl                   0x000165d9          Code  Gb  fmod.o [5]
ftfl_flash_command_sequence
                        0x0002e1d9   0x1c4  Code  Lc  flash_ftfl.o [3]
ftfl_flash_deinit       0x0002e3d1    0x22  Code  Gb  flash_ftfl.o [3]
ftfl_flash_erase_sector
                        0x0002e41b    0xa2  Code  Gb  flash_ftfl.o [3]
ftfl_flash_init         0x0002e39d    0x34  Code  Gb  flash_ftfl.o [3]
ftfl_flash_write_sector
                        0x0002e4bd    0xb8  Code  Gb  flash_ftfl.o [3]
ftfl_init_ram_function  0x0002e3f3    0x28  Code  Gb  flash_ftfl.o [3]
ftfl_ram_function       0x0002e575    0x18  Code  Lc  flash_ftfl.o [3]
ftfl_ram_function_end   0x0002e58d     0x2  Code  Lc  flash_ftfl.o [3]
ftpmsg_bad_option       0x00032b14    0x1c  Data  Gb  ftpd_msg.o [9]
ftpmsg_badcmd           0x000329f8    0x18  Data  Gb  ftpd_msg.o [9]
ftpmsg_badport          0x00032a10    0x18  Data  Gb  ftpd_msg.o [9]
ftpmsg_banner           0x00032940    0x1c  Data  Gb  ftpd_msg.o [9]
ftpmsg_cd_error         0x00032b9c    0x20  Data  Gb  ftpd_msg.o [9]
ftpmsg_delete_error     0x00032bdc    0x1c  Data  Gb  ftpd_msg.o [9]
ftpmsg_goodbye          0x00032a60    0x10  Data  Gb  ftpd_msg.o [9]
ftpmsg_help_end         0x00032b6c    0x30  Data  Gb  ftpd_msg.o [9]
ftpmsg_help_start       0x00032b3c    0x30  Data  Gb  ftpd_msg.o [9]
ftpmsg_logged           0x000329c0    0x10  Data  Gb  ftpd_msg.o [9]
ftpmsg_no_datacon       0x00032cb0    0x20  Data  Gb  ftpd_msg.o [9]
ftpmsg_no_file          0x00032c40    0x34  Data  Gb  ftpd_msg.o [9]
ftpmsg_no_fs            0x00032a70    0x3c  Data  Gb  ftpd_msg.o [9]
ftpmsg_no_memory        0x00032cd0    0x38  Data  Gb  ftpd_msg.o [9]
ftpmsg_ok               0x00032bf8     0xc  Data  Gb  ftpd_msg.o [9]
ftpmsg_opening_datacon  0x00032c74    0x20  Data  Gb  ftpd_msg.o [9]
ftpmsg_pasv_mode        0x00032aac    0x38  Data  Gb  ftpd_msg.o [9]
ftpmsg_portok           0x00032928    0x18  Data  Gb  ftpd_msg.o [9]
ftpmsg_rmdir_error      0x00032bbc    0x20  Data  Gb  ftpd_msg.o [9]
ftpmsg_rxok             0x0003295c    0x34  Data  Gb  ftpd_msg.o [9]
ftpmsg_site_info        0x00032ae4    0x30  Data  Gb  ftpd_msg.o [9]
ftpmsg_size             0x00032a48    0x18  Data  Gb  ftpd_msg.o [9]
ftpmsg_syst             0x00032b30     0xc  Data  Gb  ftpd_msg.o [9]
ftpmsg_tx_complete      0x00032c94    0x1c  Data  Gb  ftpd_msg.o [9]
ftpmsg_txok             0x00032990    0x30  Data  Gb  ftpd_msg.o [9]
ftpmsg_type_ascii       0x00032c04    0x14  Data  Gb  ftpd_msg.o [9]
ftpmsg_type_image       0x00032c18    0x14  Data  Gb  ftpd_msg.o [9]
ftpmsg_type_unknown     0x00032c2c    0x14  Data  Gb  ftpd_msg.o [9]
ftpmsg_unimp            0x00032a28    0x20  Data  Gb  ftpd_msg.o [9]
ftpmsg_writeeof         0x000329e4    0x14  Data  Gb  ftpd_msg.o [9]
ftpmsg_writefail        0x000329d0    0x14  Data  Gb  ftpd_msg.o [9]
get_irq_mask            0x0000878d    0x2a  Code  Lc  io_gpio_kgpio.o [3]
gpio_cpu_configure      0x000087b7   0x160  Code  Gb  io_gpio_kgpio.o [3]
gpio_cpu_init           0x00008917     0xa  Code  Gb  io_gpio_kgpio.o [3]
gpio_cpu_ioctl          0x00008b15   0x4f8  Code  Gb  io_gpio_kgpio.o [3]
gpio_cpu_open           0x000089d5   0x140  Code  Gb  io_gpio_kgpio.o [3]
gpio_eport_irq          0x0000900d    0x9c  Code  Lc  io_gpio_kgpio.o [3]
gpio_global_irq_map     0x1fff5f80    0x14  Data  Gb  io_gpio_kgpio.o [3]
gpio_global_pin_map     0x1fff5f6c    0x14  Data  Gb  io_gpio_kgpio.o [3]
hub_anchor              0x1fff5efc     0x4  Data  Lc  usb_host_hub.o [12]
init_hardware           0x000005fd    0x3c  Code  Gb  init_hw.o [3]
install_isr             0x00008921    0xb4  Code  Lc  io_gpio_kgpio.o [3]
int_callback            0x00020975    0x1e  Code  Gb  yada_prj.o [1]
isalpha                 0x0000f645     0x8  Code  Gb  io_util.o [7]
isdigit                 0x00015dc3    0x10  Code  Gb  sh_util.o [11]
isgraph                 0x0000e8f9    0x18  Code  Gb  io_util.o [7]
isprint                 0x0000f2cf    0x2a  Code  Gb  io_util.o [7]
ispunct                 0x0000f64d     0x8  Code  Gb  io_util.o [7]
isupper                 0x0000f2c7     0x8  Code  Gb  io_util.o [7]
isxdigit                0x00022599    0x24  Code  Gb  ftpd_cmd.o [9]
kinetis_flash_invalidate_cache
                        0x0002e6d9    0x16  Code  Gb  flash_mk60.o [3]
linemark                0x00011501   0x176  Code  Gb  MenuView.o [1]
lower_hex_string        0x000327dc    0x14  Data  Lc  io_dopr.o [7]
lpt_address             0x00033264     0x4  Data  Lc  timer_lpt_kinetis.o [3]
lpt_clock_source        0x0003326c     0x4  Data  Lc  timer_lpt_kinetis.o [3]
lpt_vectors             0x00033268     0x4  Data  Lc  timer_lpt_kinetis.o [3]
main                    0x000004c5    0x10  Code  Gb  mqx_main.o [3]
mass_anchor             0x1fff5f00     0x4  Data  Lc  usb_host_msd_bo.o [12]
mem_flash_app           0x0001fff9   0x16c  Code  Gb  mem_flash.o [1]
memcmp                  0x000167ed          Code  Gb  memcmp.o [8]
memcpy                  0x0000a901     0xe  Code  Gb  esdhc.o [3]
months                  0x000328f8    0x30  Data  Lc  dir_read.o [6]
pctl_ptr_arr            0x00033a88    0x14  Data  Lc  io_gpio_kgpio.o [3]
pdb_external            0x1fff0178     0x4  Data  Lc  adt_kpdb.o [3]
pdb_internal            0x1fff5f48    0x24  Data  Lc  adt_kpdb.o [3]
phy_ksz8041_IF          0x00033360    0x14  Data  Gb  phy_ks8721bl.o [3]
phy_ksz8041_discover_addr
                        0x0002eb27    0x46  Code  Lc  phy_ks8721bl.o [3]
phy_ksz8041_get_link_status
                        0x0002ec59    0x46  Code  Lc  phy_ks8721bl.o [3]
phy_ksz8041_get_speed   0x0002ec13    0x46  Code  Lc  phy_ks8721bl.o [3]
phy_ksz8041_init        0x0002eb6d    0xa6  Code  Lc  phy_ks8721bl.o [3]
pipe_init_params_prototype
                        0x00033080    0x24  Data  Lc  host_dev_list.o [12]
read_buffer             0x1fff012c     0x8  Data  Gb  yada_prj.o [1]
req_prototype           0x000331bc     0x8  Data  Lc  host_ch9.o [12]
reseed                  0x1fff5f14     0x4  Data  Lc  rtcsrand.o [9]
rtcs_enet               0x00030800     0xc  Data  Lc  ip-e.o [9]
rtcs_local              0x00033374     0xc  Data  Lc  iplocal.o [9]
seed                    0x1fff5f10     0x4  Data  Lc  rtcsrand.o [9]
send_U16str             0x0000cee1    0x2e  Code  Gb  LCDDriver.o [1]
send_U8str              0x0000ceb3    0x2e  Code  Gb  LCDDriver.o [1]
send_area               0x0000ce8b    0x28  Code  Gb  LCDDriver.o [1]
send_byte               0x0000ce3b    0x12  Code  Gb  LCDDriver.o [1]
send_end                0x0000cf0f    0x14  Code  Gb  LCDDriver.o [1]
send_word               0x0000ce4d    0x2a  Code  Gb  LCDDriver.o [1]
send_xy                 0x0000ce77    0x14  Code  Gb  LCDDriver.o [1]
sin                     0x00013ff9     0x6  Code  Gb  sin.o [5]
spi2_dma_int            0x000084c9    0x74  Code  Gb  DSPSPI.o [1]
spifd_2                 0x1fff3e10     0x4  Data  Gb  DSPSPI.o [1]
state                   0x1fff0174     0x4  Data  Lc  rtcsrand.o [9]
strcat                  0x0001fb97    0x1e  Code  Gb  strcat.o [4]
strcmp                  0x0000a731          Code  Gb  strcmp.o [8]
strcpy                  0x0000e8b5          Code  Gb  strcpy.o [8]
strlen                  0x0000a775          Code  Gb  strlen.o [8]
strncmp                 0x0000bbad    0x2a  Code  Gb  strncmp.o [4]
strncpy                 0x0000c295          Code  Gb  strncpy.o [8]
strpbrk                 0x000225bd     0x4  Code  Gb  strpbrk.o [4]
systick_config          0x00001b69     0xc  Code  Gb  init_bsp.o [3]
systick_init            0x00001b75    0x34  Code  Lc  init_bsp.o [3]
tcp_socket_task         0x000203a9   0x29c  Code  Gb  tcpip_socket_task.o [1]
time                    0x1fff400c     0x8  Data  Gb  MenuView.o [1]
timer_isr               0x00020993    0x2a  Code  Lc  yada_prj.o [1]
tolower                 0x0000e911     0x8  Code  Gb  io_util.o [7]
tr_index                0x1fff5ec4     0x4  Data  Lc  host_common.o [12]
uart_isr                0x000029ad    0x76  Code  Gb  serl_int_kuart.o [3]
uart_lcd                0x1fff3e14     0x4  Data  Gb  LCDDriver.o [1]
upper_hex_string        0x000327c8    0x14  Data  Lc  io_dopr.o [7]
usb_class_hub_clear_feature
                        0x000269e9    0x1e  Code  Gb  usb_host_hub.o [12]
usb_class_hub_clear_port_feature
                        0x00026a07    0x24  Code  Gb  usb_host_hub.o [12]
usb_class_hub_cntrl_callback
                        0x0002686d    0x1a  Code  Gb  usb_host_hub.o [12]
usb_class_hub_cntrl_common
                        0x00026887    0xfe  Code  Gb  usb_host_hub.o [12]
usb_class_hub_get_app   0x0002680d    0x60  Code  Gb  usb_host_hub.o [12]
usb_class_hub_get_descriptor
                        0x00026985    0x40  Code  Gb  usb_host_hub.o [12]
usb_class_hub_get_port_status
                        0x00026a4b    0x22  Code  Gb  usb_host_hub.o [12]
usb_class_hub_get_status
                        0x00026a2b    0x20  Code  Gb  usb_host_hub.o [12]
usb_class_hub_init      0x000267b1    0x5c  Code  Gb  usb_host_hub.o [12]
usb_class_hub_int_callback
                        0x00026b45    0x1a  Code  Gb  usb_host_hub.o [12]
usb_class_hub_set_port_feature
                        0x000269c5    0x24  Code  Gb  usb_host_hub.o [12]
usb_class_hub_wait_for_interrupt
                        0x00026a6d    0xcc  Code  Gb  usb_host_hub.o [12]
usb_class_mass_call_back_cbw
                        0x0001dd6d    0xa2  Code  Lc  usb_host_msd_bo.o [12]
usb_class_mass_call_back_csw
                        0x0001dee5   0x12e  Code  Lc  usb_host_msd_bo.o [12]
usb_class_mass_call_back_dphase
                        0x0001de0f    0xd6  Code  Lc  usb_host_msd_bo.o [12]
usb_class_mass_clear_bulk_pipe_on_usb
                        0x0001e0fd    0x7c  Code  Lc  usb_host_msd_bo.o [12]
usb_class_mass_deleteq  0x0001fa3f    0x34  Code  Gb  usb_host_msd_queue.o [12]
usb_class_mass_get_pending_request
                        0x0001fa73    0x26  Code  Gb  usb_host_msd_queue.o [12]
usb_class_mass_init     0x0001dc61    0x88  Code  Gb  usb_host_msd_bo.o [12]
usb_class_mass_pass_on_usb
                        0x0001e013    0xea  Code  Lc  usb_host_msd_bo.o [12]
usb_class_mass_q_init   0x0001f9f7     0xc  Code  Gb  usb_host_msd_queue.o [12]
usb_class_mass_q_insert
                        0x0001fa03    0x3c  Code  Gb  usb_host_msd_queue.o [12]
usb_class_mass_reset_callback
                        0x0001e1e1    0xd0  Code  Lc  usb_host_msd_bo.o [12]
usb_class_mass_reset_recovery_on_usb
                        0x0001e179    0x68  Code  Gb  usb_host_msd_bo.o [12]
usb_class_mass_storage_device_command
                        0x0001dce9    0x84  Code  Gb  usb_host_msd_bo.o [12]
usb_dev_list_attach_device
                        0x0001ce7f   0x120  Code  Gb  host_dev_list.o [12]
usb_dev_list_close_pipe
                        0x0001cfa9    0x46  Code  Lc  host_dev_list.o [12]
usb_dev_list_close_pipe_bundle
                        0x0001cfef    0x2a  Code  Gb  host_dev_list.o [12]
usb_dev_list_detach_device
                        0x0001d019    0x82  Code  Gb  host_dev_list.o [12]
usb_dev_list_free_mem   0x0001cd1f    0x76  Code  Gb  host_dev_list.o [12]
usb_dev_list_free_memlist
                        0x0001ccc9    0x56  Code  Gb  host_dev_list.o [12]
usb_dev_list_get_mem    0x0001cd95    0xea  Code  Gb  host_dev_list.o [12]
usb_filesystem_install  0x00016f51   0x18c  Code  Gb  USB_File.o [1]
usb_filesystem_uninstall
                        0x000170dd    0xde  Code  Gb  USB_File.o [1]
usb_host_ch9_dev_req    0x0001d919    0x8e  Code  Lc  host_ch9.o [12]
usb_host_class_intf_init
                        0x000195a7    0xf8  Code  Gb  host_common.o [12]
usb_host_class_intf_validate
                        0x0001969f    0x22  Code  Gb  host_common.o [12]
usb_host_cntrl_transaction_done
                        0x0001d601   0x2e2  Code  Lc  host_ch9.o [12]
usb_host_driver_info_match
                        0x000196c1    0xec  Code  Lc  host_common.o [12]
usb_host_driver_info_nonzero
                        0x00019817    0x4a  Code  Lc  host_common.o [12]
usb_host_driver_info_scan
                        0x000197ad    0x6a  Code  Lc  host_common.o [12]
usb_host_hub_device_event
                        0x00026251    0x9e  Code  Gb  usb_host_hub_sm.o [12]
usb_host_hub_device_sm  0x000262f1   0x45c  Code  Lc  usb_host_hub_sm.o [12]
usb_host_hub_int_callback
                        0x0002674d    0x60  Code  Lc  usb_host_hub_sm.o [12]
usb_host_map_class_intf
                        0x00019861    0x3a  Code  Lc  host_common.o [12]
usb_host_mass_device_event
                        0x0001fbb5    0x6e  Code  Gb  USB_Task.o [1]
usb_host_state_struct_ptr
                        0x1fff5ec8     0x4  Data  Gb  host_main.o [12]
usb_hostdev_attach_detach
                        0x0001919d    0x48  Code  Gb  host_common.o [12]
usb_hostdev_delete_interface
                        0x000198cb    0xce  Code  Gb  host_common.o [12]
usb_hostdev_get_class   0x000192f3    0x6c  Code  Lc  host_common.o [12]
usb_hostdev_get_pipe_handle
                        0x00019529    0x7e  Code  Gb  host_common.o [12]
usb_hostdev_mask_class_etc
                        0x00019999    0x2a  Code  Lc  host_common.o [12]
usb_hostdev_open_pipe   0x000199c3   0x10c  Code  Lc  host_common.o [12]
usb_hostdev_tr_init     0x00019cab    0x36  Code  Gb  host_common.o [12]
usb_hostdev_validate    0x000191e5    0x28  Code  Gb  host_common.o [12]
usb_mass_ufi_cancel     0x00019d75     0xc  Code  Gb  usb_host_msd_ufi.o [12]
usb_mass_ufi_generic    0x00019cf1    0x84  Code  Gb  usb_host_msd_ufi.o [12]


[1] = E:\Freescale\mqx_test\YD_PRJ_NEW_20130323_git_\IAR\twrk60n512\Int Flash Debug\Obj
[2] = command line
[3] = bsp_twrk60n512_130418_SPI_TX_56Data_Buf6175.a
[4] = dl7M_tln.a
[5] = m7M_tl.a
[6] = mfs_twrk60n512_d.a
[7] = psp_twrk60n512_d.a
[8] = rt7M_tl.a
[9] = rtcs_twrk60n512_d_20130105.a
[10] = shb_l.a
[11] = shell_twrk60n512_d_20130412.a
[12] = usb_hdk_twrk60n512_d.a

  191 992 bytes of readonly  code memory
   19 886 bytes of readonly  data memory
   25 635 bytes of readwrite data memory

Errors: none
Warnings: none
