###############################################################################
#                                                                             #
# IAR ELF Linker V6.30.1.53127/W32 for ARM              26/Mar/2013  15:41:54 #
# Copyright 2007-2011 IAR Systems AB.                                         #
#                                                                             #
#    Output file  =  L:\git_workspace\YD_PRJ_NEW_20130323_git_\IAR\twrk60n512 #
#                    \Int Flash Debug\Exe\twrk60n512.out                      #
#    Map file     =  L:\git_workspace\YD_PRJ_NEW_20130323_git_\IAR\twrk60n512 #
#                    \Int Flash Debug\List\twrk60n512.map                     #
#    Command line =  "L:\git_workspace\YD_PRJ_NEW_20130323_git_\IAR\twrk60n51 #
#                    2\Int Flash Debug\Obj\DSPSPI.o"                          #
#                    "L:\git_workspace\YD_PRJ_NEW_20130323_git_\IAR\twrk60n51 #
#                    2\Int Flash Debug\Obj\DataConvert.o"                     #
#                    "L:\git_workspace\YD_PRJ_NEW_20130323_git_\IAR\twrk60n51 #
#                    2\Int Flash Debug\Obj\FTP_Task.o"                        #
#                    "L:\git_workspace\YD_PRJ_NEW_20130323_git_\IAR\twrk60n51 #
#                    2\Int Flash Debug\Obj\LCDDriver.o"                       #
#                    "L:\git_workspace\YD_PRJ_NEW_20130323_git_\IAR\twrk60n51 #
#                    2\Int Flash Debug\Obj\LCDUart.o"                         #
#                    "L:\git_workspace\YD_PRJ_NEW_20130323_git_\IAR\twrk60n51 #
#                    2\Int Flash Debug\Obj\MenuView.o"                        #
#                    "L:\git_workspace\YD_PRJ_NEW_20130323_git_\IAR\twrk60n51 #
#                    2\Int Flash Debug\Obj\SD_task.o"                         #
#                    "L:\git_workspace\YD_PRJ_NEW_20130323_git_\IAR\twrk60n51 #
#                    2\Int Flash Debug\Obj\Shell_Task.o"                      #
#                    "L:\git_workspace\YD_PRJ_NEW_20130323_git_\IAR\twrk60n51 #
#                    2\Int Flash Debug\Obj\System.o"                          #
#                    "L:\git_workspace\YD_PRJ_NEW_20130323_git_\IAR\twrk60n51 #
#                    2\Int Flash Debug\Obj\USB_File.o"                        #
#                    "L:\git_workspace\YD_PRJ_NEW_20130323_git_\IAR\twrk60n51 #
#                    2\Int Flash Debug\Obj\USB_Task.o"                        #
#                    "L:\git_workspace\YD_PRJ_NEW_20130323_git_\IAR\twrk60n51 #
#                    2\Int Flash Debug\Obj\mem_flash.o"                       #
#                    "L:\git_workspace\YD_PRJ_NEW_20130323_git_\IAR\twrk60n51 #
#                    2\Int Flash Debug\Obj\mem_ram.o"                         #
#                    "L:\git_workspace\YD_PRJ_NEW_20130323_git_\IAR\twrk60n51 #
#                    2\Int Flash Debug\Obj\pin2.o"                            #
#                    "L:\git_workspace\YD_PRJ_NEW_20130323_git_\IAR\twrk60n51 #
#                    2\Int Flash Debug\Obj\usb_classes.o"                     #
#                    "L:\git_workspace\YD_PRJ_NEW_20130323_git_\IAR\twrk60n51 #
#                    2\Int Flash Debug\Obj\yada_prj.o"                        #
#                    L:\git_workspace\YD_PRJ_NEW_20130323_git_\lib\twrk60n512 #
#                    .iar\bsp\bsp_twrk60n512_20130322_no_event.a              #
#                    L:\git_workspace\YD_PRJ_NEW_20130323_git_\lib\twrk60n512 #
#                    .iar\mfs\mfs_twrk60n512_d.a                              #
#                    L:\git_workspace\YD_PRJ_NEW_20130323_git_\lib\twrk60n512 #
#                    .iar\psp\psp_twrk60n512_d.a                              #
#                    L:\git_workspace\YD_PRJ_NEW_20130323_git_\lib\twrk60n512 #
#                    .iar\rtcs\rtcs_twrk60n512_d_20130105.a                   #
#                    L:\git_workspace\YD_PRJ_NEW_20130323_git_\lib\twrk60n512 #
#                    .iar\shell\shell_twrk60n512_d_20130319.a                 #
#                    L:\git_workspace\YD_PRJ_NEW_20130323_git_\lib\twrk60n512 #
#                    .iar\usb\host\usb_hdk_twrk60n512_d.a --redirect          #
#                    _Printf=_PrintfFull --redirect _Scanf=_ScanfFull -o      #
#                    "L:\git_workspace\YD_PRJ_NEW_20130323_git_\IAR\twrk60n51 #
#                    2\Int Flash Debug\Exe\twrk60n512.out" --map              #
#                    "L:\git_workspace\YD_PRJ_NEW_20130323_git_\IAR\twrk60n51 #
#                    2\Int Flash Debug\List\twrk60n512.map" --config          #
#                    L:\git_workspace\YD_PRJ_NEW_20130323_git_\IAR\..\lib\twr #
#                    k60n512.iar\bsp\intflash.icf --redirect                  #
#                    __iar_dlmalloc=malloc --redirect __iar_dlcalloc=calloc   #
#                    --redirect __iar_dlfree=free --semihosting --entry       #
#                    __iar_program_start --vfe                                #
#                                                                             #
#                                                                             #
###############################################################################

*******************************************************************************
*** RUNTIME MODEL ATTRIBUTES
***

CppFlavor                   = *
__SystemLibrary             = DLib
__dlib_jmp_buf_num_elements = 8


*******************************************************************************
*** PLACEMENT SUMMARY
***

"A1":  place at 0x00000000 { ro section .intvec, block CFMPROTROM };
"P1":  place in [from 0x00000000 to 0x0007ffff] {
          first block TEXTSECTION, ro, last block FLASHX_POOL };
"P2":  place in [from 0x1fff0000 to 0x2000fff0] { rw, last block KERNEL_DATA };

  Section            Kind        Address     Size  Object
  -------            ----        -------     ----  ------
"A1":                                       0x414
  .intvec            const    0x00000000    0x400  vectors.o [3]
  CFMPROTROM                  0x00000400     0x14  <Block>
    .cfmconfig       const    0x00000400     0x10  vectors.o [3]
    .cfmconfig       const    0x00000410      0x0  vectors.o [3]
    CFMPROTROM       const    0x00000410      0x4  <Block tail>
                            - 0x00000414    0x414

"P1":                                     0x313e4
  TEXTSECTION                 0x00000420  0x2caf0  <Block>
    .text            ro code  0x00000420     0x4c  cortex_boot.o [7]
    .text            ro code  0x0000046c      0xc  cstartup_M.o [8]
    .text            ro code  0x00000478     0x16  cmain.o [8]
    .text            ro code  0x0000048e      0xa  iar.o [3]
    .text            ro code  0x00000498     0x2c  data_init3.o [8]
    .text            ro code  0x000004c4     0x10  mqx_main.o [3]
    .text            ro code  0x000004d4      0x4  exit.o [4]
    .text            ro code  0x000004d8    0x190  init_hw.o [3]
    .text            ro code  0x00000668    0x1a8  mqx.o [7]
    .text            ro code  0x00000810      0xa  cexit.o [8]
    .text            ro code  0x0000081a     0x46  sotcp.o [9]
    .text            ro code  0x00000860    0x79c  bsp_cm.o [3]
    .text            ro code  0x00000ffc    0x538  init_gpio.o [3]
    .text            ro code  0x00001534    0x134  mem_zero.o [7]
    .text            ro code  0x00001668     0x76  ABImemcpy.o [8]
    .text            ro code  0x000016de     0x56  macnet_rejoin.o [3]
    .text            ro code  0x00001734     0xd8  mqxiinit.o [7]
    .text            ro code  0x0000180c     0x28  lwm_init.o [7]
    .text            ro code  0x00001834     0x18  lwm_gsys.o [7]
    .text            ro code  0x0000184c     0x24  lwm_size.o [7]
    .text            ro code  0x00001870    0x1c4  ta_init.o [7]
    .text            ro code  0x00001a34     0xc0  sc_irdyq.o [7]
    .text            ro code  0x00001af4     0x74  lws_crea.o [7]
    .text            ro code  0x00001b68    0x2c8  init_bsp.o [3]
    .text            ro code  0x00001e30     0x24  int_disa.o [7]
    .text            ro code  0x00001e54     0x14  exit.o [10]
    .text            ro code  0x00001e68     0x14  cm.o [3]
    .text            ro code  0x00001e7c      0xc  qu_init.o [7]
    .text            ro code  0x00001e88     0x64  lwm_crep.o [7]
    .text            ro code  0x00001eec    0x204  lwm_alli.o [7]
    .text            ro code  0x000020f0     0x34  td_serr.o [7]
    .text            ro code  0x00002124     0xd0  td_alloc.o [7]
    .text            ro code  0x000021f4     0x68  stack_bu.o [7]
    .text            ro code  0x0000225c      0x8  lwm_xfri.o [7]
    .text            ro code  0x00002264     0x18  lwm_allz.o [7]
    .text            ro code  0x0000227c     0x38  int_ena.o [7]
    .text            ro code  0x000022b4     0x3e  qu_enq.o [7]
    .text            ro code  0x000022f2     0x22  zero_init3.o [8]
    .text            ro code  0x00002314      0xc  mqx_scpu.o [7]
    .text            ro code  0x00002320     0x30  lwm_allo.o [7]
    .text            ro code  0x00002350     0x14  psp_iinit.o [7]
    .text            ro code  0x00002364     0x10  int_vtab.o [7]
    .text            ro code  0x00002374     0x10  ti_setv.o [7]
    .text            ro code  0x00002384     0xb0  int_iisr.o [7]
    .text            ro code  0x00002434     0x10  ti_sett.o [7]
    .text            ro code  0x00002444     0x10  ti_shwtt.o [7]
    .text            ro code  0x00002454     0x14  ti_shwtf.o [7]
    .text            ro code  0x00002468     0x14  kinetis_mpu.o [7]
    .text            ro code  0x0000247c     0x18  io_init.o [7]
    .text            ro code  0x00002494    0x3b4  serl_pol_kuart.o [3]
    .text            ro code  0x00002848    0x1f0  serl_int_kuart.o [3]
    .text            ro code  0x00002a38    0x86c  i2c_pol_ki2c.o [3]
    .text            ro code  0x000032a4    0x6aa  i2c_int_ki2c.o [3]
    .text            ro code  0x0000394e     0x2e  copy_init3.o [8]
    .text            ro code  0x0000397c    0x9e8  spi_pol_dspi.o [3]
    .text            ro code  0x00004364    0x7a4  spi_dma_dspi.o [3]
    .text            ro code  0x00004b08    0x28c  io_gpio.o [3]
    .text            ro code  0x00004d94    0x5ae  adc.o [3]
    .text            ro code  0x00005344    0xc76  esdhc.o [3]
    .text            ro code  0x00005fbc    0xd3c  flashx.o [3]
    .text            ro code  0x00006cf8     0x34  io_sinit.o [3]
    .text            ro code  0x00006d2c     0xe0  ti_krnl.o [7]
    .text            ro code  0x00006e0c     0xfc  lwm_free.o [7]
    .text            ro code  0x00006f08     0x40  qu_insrt.o [7]
    .text            ro code  0x00006f48     0x78  int_init.o [7]
    .text            ro code  0x00006fc0     0x10  int_inst.o [7]
    .text            ro code  0x00006fd0    0x53c  serl_pol.o [3]
    .text            ro code  0x0000750c     0x4c  serl_mk60.o [3]
    .text            ro code  0x00007558     0x18  lwm_zsys.o [7]
    .text            ro code  0x00007570    0x610  serl_int.o [3]
    .text            ro code  0x00007b80     0x60  int_gdat.o [7]
    .text            ro code  0x00007be0      0x4  int_geh.o [7]
    .text            ro code  0x00007be4     0xa0  cortex.o [7]
    .text            ro code  0x00007c84     0xf0  ev_open.o [7]
    .text            ro code  0x00007d74     0xe0  ev_set.o [7]
    .text            ro code  0x00007e54    0x170  i2c_pol.o [3]
    .text            ro code  0x00007fc4     0x38  i2c_mk60.o [3]
    .text            ro code  0x00007ffc    0x16c  i2c_int.o [3]
    .text            ro code  0x00008168    0x196  spi_pol.o [3]
    .text            ro code  0x00008300     0x30  spi_mk60_dspi.o [3]
    .text            ro code  0x00008330    0x1a2  spi_int.o [3]
    .text            ro code  0x000084d4     0x24  io_pntf.o [7]
    .text            ro code  0x000084f8    0x2dc  DSPSPI.o [1]
    .text            ro code  0x000087d4    0x994  io_gpio_kgpio.o [3]
    .text            ro code  0x00009168     0x1a  io_inst.o [7]
    .text            ro code  0x00009182     0x3e  io_ioctl.o [7]
    .text            ro code  0x000091c0    0xac0  adc_kadc.o [3]
    .text            ro code  0x00009c80    0xaf8  adt_kpdb.o [3]
    .text            ro code  0x0000a778     0x42  strcmp.o [8]
    .text            ro code  0x0000a7bc     0x36  strlen.o [8]
    .text            ro code  0x0000a7f4     0x38  ti_delay.o [7]
    .text            ro code  0x0000a82c    0x108  io_instx.o [7]
    .text            ro code  0x0000a934     0x14  esdhc_mk60.o [3]
    .text            ro code  0x0000a948      0xe  esdhc.o [3]
    .text            ro code  0x0000a958     0x78  lws_wait.o [7]
    .text            ro code  0x0000a9d0    0x17c  mem_copy.o [7]
    .text            ro code  0x0000ab4c     0x7c  lws_post.o [7]
    .text            ro code  0x0000abc8     0xa0  io_fopen.o [7]
    .text            ro code  0x0000ac68     0x34  psp_tinm.o [7]
    .text            ro code  0x0000ac9c     0x84  tq_creat.o [7]
    .text            ro code  0x0000ad20     0x80  tq_dest.o [7]
    .text            ro code  0x0000ada0     0xd8  tq_func.o [7]
    .text            ro code  0x0000ae78     0x94  na_findi.o [7]
    .text            ro code  0x0000af0c     0x48  io_ghand.o [7]
    .text            ro code  0x0000af54    0xbd4  io_dopr.o [7]
    .text            ro code  0x0000bb28     0x34  io_fclos.o [7]
    .text            ro code  0x0000bb5c     0x14  ev_creat.o [7]
    .text            ro code  0x0000bb70     0x3a  ev_all.o [7]
    .text            ro code  0x0000bbac     0x48  ev_clear.o [7]
    .text            ro code  0x0000bbf4     0x2a  strncmp.o [4]
    .text            ro code  0x0000bc20      0x6  ABImemclr4.o [8]
    .text            ro code  0x0000bc28     0x14  adc_mk60.o [3]
    .text            ro code  0x0000bc3c    0x132  I64DivMod.o [8]
    .text            ro code  0x0000bd70     0xd4  lwe_set.o [7]
    .text            ro code  0x0000be44     0x84  psp_mstiq.o [7]
    .text            ro code  0x0000bec8     0x48  psp_tiad.o [7]
    .text            ro code  0x0000bf10     0x88  ti_deli.o [7]
    .text            ro code  0x0000bf98     0x2e  qu_deq.o [7]
    .text            ro code  0x0000bfc6     0x2c  sc_ipq.o [7]
    .text            ro code  0x0000bff2     0x1c  strnlen.o [7]
    .text            ro code  0x0000c010     0xc0  ev_creai.o [7]
    .text            ro code  0x0000c0d0    0x108  ev_waiti.o [7]
    .text            ro code  0x0000c1d8     0x32  ABImemset48.o [8]
    .text            ro code  0x0000c20c      0x2  I64DivZer.o [8]
    .text            ro code  0x0000c210     0xcc  ev_comp.o [7]
    .text            ro code  0x0000c2dc     0x6c  strncpy.o [8]
    .text            ro code  0x0000c348    0x138  na_addi.o [7]
    .text            ro code  0x0000c480     0x34  ti_delun.o [7]
    .text            ro code  0x0000c4b4     0x38  ti_delfo.o [7]
    .text            ro code  0x0000c4ec     0x7c  na_crth.o [7]
    .text            ro code  0x0000c568     0x5e  ABImemset.o [8]
    .text            ro code  0x0000c5c8    0x37c  DataConvert.o [1]
    .text            ro code  0x0000c944     0xfc  FltDiv.o [5]
    .text            ro code  0x0000ca40     0xd8  FltMul.o [5]
    .text            ro code  0x0000cb18     0x24  FltToU32.o [5]
    .text            ro code  0x0000cb3c     0x32  I32ToFlt.o [5]
    .text            ro code  0x0000cb6e      0x8  abs.o [4]
    .text            ro code  0x0000cb78     0xe6  FltSub.o [5]
    .text            ro code  0x0000cc60     0x44  FltToS32.o [5]
    .text            ro code  0x0000cca4     0x24  FltCmpLe.o [5]
    .text            ro code  0x0000ccc8     0x84  FltAdd.o [5]
    .text            ro code  0x0000cd4c    0x300  LCDDriver.o [1]
    .text            ro code  0x0000d04c     0x24  io_write.o [7]
    .text            ro code  0x0000d070     0xe8  FTP_Task.o [1]
    .text            ro code  0x0000d158    0x26c  rtcscmd.o [9]
    .text            ro code  0x0000d3c4     0x24  enaddr.o [3]
    .text            ro code  0x0000d3e8    0x104  eninit.o [3]
    .text            ro code  0x0000d4ec     0x5c  ifadd.o [9]
    .text            ro code  0x0000d548    0x644  ftpd.o [9]
    .text            ro code  0x0000db8c     0xe4  mqx_ioc.o [7]
    .text            ro code  0x0000dc70    0x1b6  rtcspart.o [9]
    .text            ro code  0x0000de28     0x2c  ms_id.o [7]
    .text            ro code  0x0000de54     0x16  ms_pool.o [7]
    .text            ro code  0x0000de6c     0xa8  rtcstask.o [9]
    .text            ro code  0x0000df14     0x6c  ms_dpool.o [7]
    .text            ro code  0x0000df80     0xcc  ms_alloc.o [7]
    .text            ro code  0x0000e04c     0x58  td_get.o [7]
    .text            ro code  0x0000e0a4      0xc  ms_sendb.o [7]
    .text            ro code  0x0000e0b0     0x48  ta_rdy.o [7]
    .text            ro code  0x0000e0f8      0xc  ms_send.o [7]
    .text            ro code  0x0000e104     0x10  td_gid.o [7]
    .text            ro code  0x0000e114     0x1c  td_gerr.o [7]
    .text            ro code  0x0000e130     0x24  td_util.o [7]
    .text            ro code  0x0000e154     0x2c  init_enet.o [3]
    .text            ro code  0x0000e180     0x58  enutil.o [3]
    .text            ro code  0x0000e1d8     0x3c  ta_env.o [7]
    .text            ro code  0x0000e214     0x22  ta_sexit.o [7]
    .text            ro code  0x0000e238     0x8a  rtcs.o [9]
    .text            ro code  0x0000e2c4    0x3ea  io_util.o [7]
    .text            ro code  0x0000e6b0     0x44  strcpy.o [8]
    .text            ro code  0x0000e6f4     0x18  sh_util.o [11]
    .text            ro code  0x0000e70c      0x8  io_util.o [7]
    .text            ro code  0x0000e714     0x18  lwm_allp.o [7]
    .text            ro code  0x0000e72c     0x18  lwm_alzp.o [7]
    .text            ro code  0x0000e744     0x18  lwm_gsyp.o [7]
    .text            ro code  0x0000e75c     0x18  lwm_zsyf.o [7]
    .text            ro code  0x0000e774     0x84  pa_creat.o [7]
    .text            ro code  0x0000e7f8     0x14  pa_sallo.o [7]
    .text            ro code  0x0000e80c     0x74  pa_free.o [7]
    .text            ro code  0x0000e880     0x74  pa_dest.o [7]
    .text            ro code  0x0000e8f4    0x20c  ms_pooli.o [7]
    .text            ro code  0x0000eb00     0x12  ta_util.o [7]
    .text            ro code  0x0000eb14     0x88  ta_creat.o [7]
    .text            ro code  0x0000eb9c     0xa2  lws_dest.o [7]
    .text            ro code  0x0000ec40    0x364  ms_sendi.o [7]
    .text            ro code  0x0000efa4    0x12a  sockutil.o [9]
    .text            ro code  0x0000f0ce      0x8  io_util.o [7]
    .text            ro code  0x0000f0d6     0x2a  sh_util.o [11]
    .text            ro code  0x0000f100     0x16  io_util.o [7]
    .text            ro code  0x0000f118     0x7c  pa_creai.o [7]
    .text            ro code  0x0000f194    0x118  pa_alloi.o [7]
    .text            ro code  0x0000f2ac    0x130  ms_comp.o [7]
    .text            ro code  0x0000f3dc     0x7c  ta_build.o [7]
    .text            ro code  0x0000f458     0x60  ms_free.o [7]
    .text            ro code  0x0000f4b8     0x10  sh_util.o [11]
    .text            ro code  0x0000f4c8      0x8  sh_util.o [11]
    .text            ro code  0x0000f4d0      0x8  sh_util.o [11]
    .text            ro code  0x0000f4d8     0x7c  pa_comp.o [7]
    .text            ro code  0x0000f554     0x5c  pa_extni.o [7]
    .text            ro code  0x0000f5b0     0x22  sh_util.o [11]
    .text            ro code  0x0000f5d2     0x28  sh_util.o [11]
    .text            ro code  0x0000f5fa     0x10  sh_util.o [11]
    .text            ro code  0x0000f60c    0xa60  LCDUart.o [1]
    .text            ro code  0x0001006c     0x14  ev_creaa.o [7]
    .text            ro code  0x00010080   0x28dc  MenuView.o [1]
    .text            ro code  0x0001295c     0x52  System.o [1]
    .text            ro code  0x000129b0     0x30  I32ToDbl.o [5]
    .text            ro code  0x000129e0    0x1a2  DblMul.o [5]
    .text            ro code  0x00012b84    0x246  DblDiv.o [5]
    .text            ro code  0x00012dca      0x6  cos.o [5]
    .text            ro code  0x00012dd0     0xe8  DblAdd.o [5]
    .text            ro code  0x00012eb8     0x4c  DblToI32.o [5]
    .text            ro code  0x00012f04      0x6  sin.o [5]
    .text            ro code  0x00012f0c    0x180  DblSub.o [5]
    .text            ro code  0x0001308c     0x24  FltCmpGe.o [5]
    .text            ro code  0x000130b0     0x4e  FltToDbl.o [5]
    .text            ro code  0x00013100    0x14c  sh_cd.o [11]
    .text            ro code  0x0001324c     0x90  sh_pwd.o [11]
    .text            ro code  0x000132dc    0x220  sh_read_wk.o [11]
    .text            ro code  0x000134fc    0x208  sh_write_binary.o [11]
    .text            ro code  0x00013704     0xc8  sh_update.o [11]
    .text            ro code  0x000137cc    0x1f0  xsin.o [5]
    .text            ro code  0x000139bc    0x218  sh_util.o [11]
    .text            ro code  0x00013bd4    0x408  mfs_misc.o [6]
    .text            ro code  0x00013fdc     0x90  io_fseek.o [7]
    .text            ro code  0x0001406c     0x16  io_feof.o [7]
    .text            ro code  0x00014082     0x46  io_fgetc.o [7]
    .text            ro code  0x000140c8      0xc  errno.o [4]
    .text            ro code  0x000140d4    0x170  xquad.o [5]
    .text            ro code  0x00014244     0x2e  DblCmpGe.o [5]
    .text            ro code  0x00014274     0x2e  DblCmpLe.o [5]
    .text            ro code  0x000142a2     0x10  sh_util.o [11]
    .text            ro code  0x000142b2    0x344  mfs_rw.o [6]
    .text            ro code  0x000145f6     0x9e  mfs_data_sector.o [6]
    .text            ro code  0x00014694    0x382  mfs_fat.o [6]
    .text            ro code  0x00014a16      0x2  xtls.o [4]
    .text            ro code  0x00014a18     0x80  xdint.o [5]
    .text            ro code  0x00014a98     0x20  DblCmpEq.o [5]
    .text            ro code  0x00014ab8    0x1a8  fmod.o [5]
    .text            ro code  0x00014c60     0x6a  io_read.o [7]
    .text            ro code  0x00014ccc     0x62  memcmp.o [8]
    .text            ro code  0x00014d30    0x356  mfs_cluster.o [6]
    .text            ro code  0x00015088      0xc  iarEdom.o [8]
    .text            ro code  0x00015094     0x48  Shell_Task.o [1]
    .text            ro code  0x000150dc    0x22c  shell.o [11]
    .text            ro code  0x00015308     0x38  io_fflsh.o [7]
    .text            ro code  0x00015340     0x2e  io_fgets.o [7]
    .text            ro code  0x0001536e     0x94  io_fgetl.o [7]
    .text            ro code  0x00015402     0x2c  io_fung.o [7]
    .text            ro code  0x00015430    0x2d0  USB_File.o [1]
    .text            ro code  0x00015700    0x726  usbmfs.o [12]
    .text            ro code  0x00015e28    0x5a6  part_mgr.o [6]
    .text            ro code  0x000163ce      0xe  io_ferr.o [7]
    .text            ro code  0x000163dc   0x1222  mfs_init.o [6]
    .text            ro code  0x00017600     0x7c  io_uinst.o [7]
    .text            ro code  0x0001767c    0xb54  host_common.o [12]
    .text            ro code  0x000181d0     0x90  usb_host_msd_ufi.o [12]
    .text            ro code  0x00018260     0x10  ti_getp.o [7]
    .text            ro code  0x00018270     0x98  lws_wati.o [7]
    .text            ro code  0x00018308     0x30  ti_delti.o [7]
    .text            ro code  0x00018338     0xa2  mfs_valdev.o [6]
    .text            ro code  0x000183dc    0x39c  mfs_open.o [6]
    .text            ro code  0x00018778    0x4bc  mfs_create.o [6]
    .text            ro code  0x00018c34    0x2d0  mfs_read.o [6]
    .text            ro code  0x00018f04    0x430  mfs_write.o [6]
    .text            ro code  0x00019334    0x7f8  mfs_directory.o [6]
    .text            ro code  0x00019b2c     0xf4  mfs_attribute.o [6]
    .text            ro code  0x00019c20     0xe4  mfs_time.o [6]
    .text            ro code  0x00019d04    0x7ce  mfs_lfn.o [6]
    .text            ro code  0x0001a4d2    0x102  mfs_delete.o [6]
    .text            ro code  0x0001a5d4    0x2c0  mfs_rename.o [6]
    .text            ro code  0x0001a894    0x89c  mfs_format.o [6]
    .text            ro code  0x0001b130     0x10  qu_util.o [7]
    .text            ro code  0x0001b140     0x68  usb_mqx.o [12]
    .text            ro code  0x0001b1a8    0x3d2  host_dev_list.o [12]
    .text            ro code  0x0001b57c    0x564  host_main.o [12]
    .text            ro code  0x0001bae0    0x660  host_ch9.o [12]
    .text            ro code  0x0001c140    0x670  usb_host_msd_bo.o [12]
    .text            ro code  0x0001c7b0     0x36  lws_wain.o [7]
    .text            ro code  0x0001c7e6    0x79a  mfs_search.o [6]
    .text            ro code  0x0001cf80     0xf6  mfs_handle.o [6]
    .text            ro code  0x0001d076     0x16  ti_get.o [7]
    .text            ro code  0x0001d08c     0xe4  ti_to.o [7]
    .text            ro code  0x0001d170    0x7f6  mfs_dir_entry.o [6]
    .text            ro code  0x0001d966     0x20  qu_head.o [7]
    .text            ro code  0x0001d986     0x22  qu_next.o [7]
    .text            ro code  0x0001d9a8     0x26  io_spr.o [7]
    .text            ro code  0x0001d9d0    0x57c  mfs_parse.o [6]
    .text            ro code  0x0001df4c     0x50  host_close.o [12]
    .text            ro code  0x0001df9c     0x5a  usb_mk60.o [3]
    .text            ro code  0x0001dff6     0xa2  usb_host_msd_queue.o [12]
    .text            ro code  0x0001e098     0x58  host_snd.o [12]
    .text            ro code  0x0001e0f0     0x58  host_rcv.o [12]
    .text            ro code  0x0001e148     0x30  pa_sallz.o [7]
    .text            ro code  0x0001e178     0x1e  qu_unlnk.o [7]
    .text            ro code  0x0001e198     0x4c  ti_gett.o [7]
    .text            ro code  0x0001e1e4     0xbc  psp_tkti.o [7]
    .text            ro code  0x0001e2a0     0x42  ti_leap.o [7]
    .text            ro code  0x0001e2e2     0x1e  strcat.o [4]
    .text            ro code  0x0001e300    0x190  USB_Task.o [1]
    .text            ro code  0x0001e490     0x86  lwe_crea.o [7]
    .text            ro code  0x0001e518     0x20  int_iunx.o [7]
    .text            ro code  0x0001e538     0x34  lwe_clr.o [7]
    .text            ro code  0x0001e56c     0x48  lwe_watt.o [7]
    .text            ro code  0x0001e5b4     0x10  int_idef.o [7]
    .text            ro code  0x0001e5c4     0xf0  lwe_waii.o [7]
    .text            ro code  0x0001e6b4    0x16c  mem_flash.o [1]
    .text            ro code  0x0001e820     0x94  pin2.o [1]
    .text            ro code  0x0001e8b4     0xac  tq_tsusp.o [7]
    .text            ro code  0x0001e960     0x98  ta_prio.o [7]
    .text            ro code  0x0001e9f8     0x68  sc_sprio.o [7]
    .text            ro code  0x0001ea60      0x4  ta_sync.o [7]
    .text            ro code  0x0001ea64    0x2f8  yada_prj.o [1]
    .text            ro code  0x0001ed5c    0x110  sh_mkdir.o [11]
    .text            ro code  0x0001ee6c   0x12f0  ftpd_cmd.o [9]
    .text            ro code  0x0002015c     0x24  ftpd_cmd.o [9]
    .text            ro code  0x00020180    0x320  dir_read.o [6]
    .text            ro code  0x000204a0      0x4  strpbrk.o [4]
    .text            ro code  0x000204a4     0x18  rtcsmsec.o [9]
    .text            ro code  0x000204bc     0x20  io_ftell.o [7]
    .text            ro code  0x000204dc     0x22  strpbrk.o [4]
    .text            ro code  0x000204fe     0x1a  ti_elaps.o [7]
    .text            ro code  0x00020518     0x40  ti_elapt.o [7]
    .text            ro code  0x00020558    0x3be  ip-e.o [9]
    .text            ro code  0x00020918    0x82c  arp.o [9]
    .text            ro code  0x00021144     0x94  enopen.o [3]
    .text            ro code  0x000211d8     0x82  enclose.o [3]
    .text            ro code  0x0002125c     0xdc  rtcsrand.o [9]
    .text            ro code  0x00021338    0x496  rtcspcb.o [9]
    .text            ro code  0x000217ce    0x162  ensend.o [3]
    .text            ro code  0x00021930     0xd4  timer.o [9]
    .text            ro code  0x00021a04    0x24c  iputil.o [9]
    .text            ro code  0x00021c50      0x4  proxyarp.o [9]
    .text            ro code  0x00021c54     0x3c  lws_poll.o [7]
    .text            ro code  0x00021c90    0x24c  ipradix.o [9]
    .text            ro code  0x00021edc     0x94  sh_cmdlist.o [11]
    .text            ro code  0x00021f70    0x1f0  sh_copy.o [11]
    .text            ro code  0x00022160    0x118  sh_create.o [11]
    .text            ro code  0x00022278    0x11c  sh_del.o [11]
    .text            ro code  0x00022394    0x108  sh_df.o [11]
    .text            ro code  0x0002249c    0x154  sh_dir.o [11]
    .text            ro code  0x000225f0    0x1bc  sh_disect.o [11]
    .text            ro code  0x000227ac     0x68  sh_exit.o [11]
    .text            ro code  0x00022814    0x17c  sh_format.o [11]
    .text            ro code  0x00022990    0x108  sh_help.o [11]
    .text            ro code  0x00022a98    0x22c  sh_read.o [11]
    .text            ro code  0x00022cc4     0x40  io_fputc.o [7]
    .text            ro code  0x00022d04    0x188  sh_rename.o [11]
    .text            ro code  0x00022e8c    0x12c  sh_rmdir.o [11]
    .text            ro code  0x00022fb8     0xd8  sh_sh.o [11]
    .text            ro code  0x00023090    0x130  sh_type.o [11]
    .text            ro code  0x000231c0    0x250  sh_write.o [11]
    .text            ro code  0x00023410    0xa94  khci.o [12]
    .text            ro code  0x00023ea4     0x92  lwmsgq.o [7]
    .text            ro code  0x00023f38    0x138  lwmsgq_recv.o [7]
    .text            ro code  0x00024070     0x70  ta_creab.o [7]
    .text            ro code  0x000240e0    0x128  lwmsgq_send.o [7]
    .text            ro code  0x00024208    0x560  usb_host_hub_sm.o [12]
    .text            ro code  0x00024768    0x3ae  usb_host_hub.o [12]
    .text            ro code  0x00024b18    0x59c  sstream.o [9]
    .text            ro code  0x000250b4    0x9f6  ip.o [9]
    .text            ro code  0x00025aac    0x76c  iproute.o [9]
    .text            ro code  0x00026218     0x86  checksum.o [9]
    .text            ro code  0x0002629e     0x44  ipsum.o [7]
    .text            ro code  0x000262e4    0x680  icmp.o [9]
    .text            ro code  0x00026964     0x22  route.o [9]
    .text            ro code  0x00026988    0x19e  iplocal.o [9]
    .text            ro code  0x00026b28    0x124  tcpip.o [9]
    .text            ro code  0x00026c4c     0x16  ms_open.o [7]
    .text            ro code  0x00026c64     0x10  arpinit.o [9]
    .text            ro code  0x00026c74     0x18  bootinit.o [9]
    .text            ro code  0x00026c8c     0x32  ms_recv.o [7]
    .text            ro code  0x00026cc0    0x144  ms_openi.o [7]
    .text            ro code  0x00026e04    0x320  ms_recvi.o [7]
    .text            ro code  0x00027124     0xe8  int_unx.o [7]
    .text            ro code  0x0002720c    0x464  macnet_init.o [3]
    .text            ro code  0x00027670     0x1c  macnet_mk60.o [3]
    .text            ro code  0x0002768c    0x49e  macnet_receive.o [3]
    .text            ro code  0x00027b2c    0x1d4  macnet_util.o [3]
    .text            ro code  0x00027d00    0x11a  enrecv.o [3]
    .text            ro code  0x00027e1c     0x64  int_gisr.o [7]
    .text            ro code  0x00027e80    0x3c4  tcp_clos.o [9]
    .text            ro code  0x00028244    0x792  tcp_rcv.o [9]
    .text            ro code  0x000289d6    0x3a2  ticker.o [9]
    .text            ro code  0x00028d78   0x16e2  tcp.o [9]
    .text            ro code  0x0002a45a    0x12c  sosel1.o [9]
    .text            ro code  0x0002a588    0xfa8  tcp_send.o [9]
    .text            ro code  0x0002b530    0x412  tcp_buf.o [9]
    .text            ro code  0x0002b944     0x18  ti_getr.o [7]
    .text            ro code  0x0002b95c    0x1e2  ta_dest.o [7]
    .text            ro code  0x0002bb40     0x6c  lwm_list.o [7]
    .text            ro code  0x0002bbac      0x2  stack_de.o [7]
    .text            ro code  0x0002bbb0     0x34  int_isr.o [7]
    .text            ro code  0x0002bbe4     0x10  td_serrt.o [7]
    .text            ro code  0x0002bbf4     0x40  idletask.o [7]
    .text            ro code  0x0002bc34     0x60  ev_tdel.o [7]
    .text            ro code  0x0002bc94     0x88  macnet_join.o [3]
    .text            ro code  0x0002bd1c     0xe8  macnet_mii.o [3]
    .text            ro code  0x0002be04     0x4c  macnet_stop.o [3]
    .text            ro code  0x0002be50     0x24  ta_exit.o [7]
    .text            ro code  0x0002be74    0x31c  udp.o [9]
    .text            ro code  0x0002c190    0x4fc  flash_ftfl.o [3]
    .text            ro code  0x0002c68c     0x24  flash_mk60.o [3]
    .text            ro code  0x0002c6b0     0xd8  ms_tdel.o [7]
    .text            ro code  0x0002c788     0x98  pa_tdel.o [7]
    .text            ro code  0x0002c820    0x104  soip.o [9]
    .text            ro code  0x0002c924    0x1ba  ipif_add.o [9]
    .text            ro code  0x0002cade    0x178  phy_ks8721bl.o [3]
    .text            ro code  0x0002cc56    0x2ba  macnet_send.o [3]
  KERNEL             ro code  0x0002cf10    0x218  dispatch.o [7]
  .iar.init_table    const    0x0002d128     0x38  - Linker created -
  .rodata            const    0x0002d160     0x34  DSPSPI.o [1]
  .rodata            const    0x0002d194      0x8  DSPSPI.o [1]
  .rodata            const    0x0002d19c     0x1c  DSPSPI.o [1]
  .rodata            const    0x0002d1b8     0x10  DSPSPI.o [1]
  .rodata            const    0x0002d1c8      0x8  DSPSPI.o [1]
  .rodata            const    0x0002d1d0     0x34  DSPSPI.o [1]
  .rodata            const    0x0002d204     0x24  DSPSPI.o [1]
  .rodata            const    0x0002d228     0x24  DSPSPI.o [1]
  .rodata            const    0x0002d24c     0x24  DSPSPI.o [1]
  .rodata            const    0x0002d270     0x10  DSPSPI.o [1]
  .rodata            const    0x0002d280     0x1c  DSPSPI.o [1]
  .rodata            const    0x0002d29c     0x18  DSPSPI.o [1]
  .rodata            const    0x0002d2b4     0x1c  DSPSPI.o [1]
  .rodata            const    0x0002d2d0     0x18  DSPSPI.o [1]
  .rodata            const    0x0002d2e8      0x8  FTP_Task.o [1]
  .rodata            const    0x0002d2f0      0x8  FTP_Task.o [1]
  .rodata            const    0x0002d2f8      0x8  FTP_Task.o [1]
  .rodata            const    0x0002d300      0x4  FTP_Task.o [1]
  .rodata            const    0x0002d304      0x8  FTP_Task.o [1]
  .rodata            const    0x0002d30c      0x8  FTP_Task.o [1]
  .rodata            const    0x0002d314      0x8  FTP_Task.o [1]
  .rodata            const    0x0002d31c      0x8  FTP_Task.o [1]
  .rodata            const    0x0002d324      0x4  FTP_Task.o [1]
  .rodata            const    0x0002d328      0x8  FTP_Task.o [1]
  .rodata            const    0x0002d330      0x8  FTP_Task.o [1]
  .rodata            const    0x0002d338      0x8  FTP_Task.o [1]
  .rodata            const    0x0002d340      0x8  FTP_Task.o [1]
  .rodata            const    0x0002d348      0x8  FTP_Task.o [1]
  .rodata            const    0x0002d350      0x8  FTP_Task.o [1]
  .rodata            const    0x0002d358      0x4  FTP_Task.o [1]
  .rodata            const    0x0002d35c      0x8  FTP_Task.o [1]
  .rodata            const    0x0002d364      0x8  FTP_Task.o [1]
  .rodata            const    0x0002d36c      0x8  FTP_Task.o [1]
  .rodata            const    0x0002d374      0x8  FTP_Task.o [1]
  .rodata            const    0x0002d37c      0x8  FTP_Task.o [1]
  .rodata            const    0x0002d384      0x4  FTP_Task.o [1]
  .rodata            const    0x0002d388      0x8  FTP_Task.o [1]
  .rodata            const    0x0002d390      0x8  FTP_Task.o [1]
  .rodata            const    0x0002d398      0x8  FTP_Task.o [1]
  .rodata            const    0x0002d3a0      0x8  FTP_Task.o [1]
  .rodata            const    0x0002d3a8      0x8  FTP_Task.o [1]
  .rodata            const    0x0002d3b0      0x8  FTP_Task.o [1]
  .rodata            const    0x0002d3b8      0x8  FTP_Task.o [1]
  .rodata            const    0x0002d3c0      0x8  FTP_Task.o [1]
  .rodata            const    0x0002d3c8      0x8  FTP_Task.o [1]
  .rodata            const    0x0002d3d0     0x24  FTP_Task.o [1]
  .rodata            const    0x0002d3f4     0x24  FTP_Task.o [1]
  .rodata            const    0x0002d418     0x24  FTP_Task.o [1]
  .rodata            const    0x0002d43c     0x14  FTP_Task.o [1]
  .rodata            const    0x0002d450      0xc  FTP_Task.o [1]
  .rodata            const    0x0002d45c    0x100  FTP_Task.o [1]
  .rodata            const    0x0002d55c      0x8  LCDDriver.o [1]
  .rodata            const    0x0002d564      0x8  LCDUart.o [1]
  .rodata            const    0x0002d56c      0xc  LCDUart.o [1]
  .rodata            const    0x0002d578     0x28  LCDUart.o [1]
  .rodata            const    0x0002d5a0     0x24  LCDUart.o [1]
  .rodata            const    0x0002d5c4     0x24  LCDUart.o [1]
  .rodata            const    0x0002d5e8     0x1c  LCDUart.o [1]
  .rodata            const    0x0002d604     0x10  LCDUart.o [1]
  .rodata            const    0x0002d614     0x1c  LCDUart.o [1]
  .rodata            const    0x0002d630     0x18  LCDUart.o [1]
  .rodata            const    0x0002d648      0xc  MenuView.o [1]
  .rodata            const    0x0002d654     0x10  MenuView.o [1]
  .rodata            const    0x0002d664     0x10  MenuView.o [1]
  .rodata            const    0x0002d674     0x14  MenuView.o [1]
  .rodata            const    0x0002d688     0x38  MenuView.o [1]
  .rodata            const    0x0002d6c0      0x4  MenuView.o [1]
  .rodata            const    0x0002d6c4      0x8  MenuView.o [1]
  .rodata            const    0x0002d6cc     0x24  MenuView.o [1]
  .rodata            const    0x0002d6f0     0x48  MenuView.o [1]
  .rodata            const    0x0002d738      0x8  MenuView.o [1]
  .rodata            const    0x0002d740      0x8  MenuView.o [1]
  .rodata            const    0x0002d748      0xc  MenuView.o [1]
  .rodata            const    0x0002d754      0x8  MenuView.o [1]
  .rodata            const    0x0002d75c     0x10  MenuView.o [1]
  .rodata            const    0x0002d76c      0x8  MenuView.o [1]
  .rodata            const    0x0002d774      0x8  MenuView.o [1]
  .rodata            const    0x0002d77c     0x2c  MenuView.o [1]
  .rodata            const    0x0002d7a8     0x58  MenuView.o [1]
  .rodata            const    0x0002d800     0x10  MenuView.o [1]
  .rodata            const    0x0002d810      0x8  MenuView.o [1]
  .rodata            const    0x0002d818      0x4  Shell_Task.o [1]
  .rodata            const    0x0002d81c      0x8  Shell_Task.o [1]
  .rodata            const    0x0002d824      0x8  Shell_Task.o [1]
  .rodata            const    0x0002d82c      0x4  Shell_Task.o [1]
  .rodata            const    0x0002d830      0x8  Shell_Task.o [1]
  .rodata            const    0x0002d838      0x4  Shell_Task.o [1]
  .rodata            const    0x0002d83c      0x4  Shell_Task.o [1]
  .rodata            const    0x0002d840      0x8  Shell_Task.o [1]
  .rodata            const    0x0002d848      0x8  Shell_Task.o [1]
  .rodata            const    0x0002d850      0x8  Shell_Task.o [1]
  .rodata            const    0x0002d858      0x8  Shell_Task.o [1]
  .rodata            const    0x0002d860      0x4  Shell_Task.o [1]
  .rodata            const    0x0002d864      0x8  Shell_Task.o [1]
  .rodata            const    0x0002d86c      0x4  Shell_Task.o [1]
  .rodata            const    0x0002d870      0x8  Shell_Task.o [1]
  .rodata            const    0x0002d878      0x4  Shell_Task.o [1]
  .rodata            const    0x0002d87c      0x8  Shell_Task.o [1]
  .rodata            const    0x0002d884      0x8  Shell_Task.o [1]
  .rodata            const    0x0002d88c     0x28  Shell_Task.o [1]
  .rodata            const    0x0002d8b4     0x24  Shell_Task.o [1]
  .rodata            const    0x0002d8d8     0x24  Shell_Task.o [1]
  .rodata            const    0x0002d8fc     0x20  Shell_Task.o [1]
  .rodata            const    0x0002d91c     0xa0  Shell_Task.o [1]
  .rodata            const    0x0002d9bc     0x1c  USB_File.o [1]
  .rodata            const    0x0002d9d8     0x4c  USB_File.o [1]
  .rodata            const    0x0002da24     0x34  USB_File.o [1]
  .rodata            const    0x0002da58     0x24  USB_File.o [1]
  .rodata            const    0x0002da7c     0x20  USB_File.o [1]
  .rodata            const    0x0002da9c     0x20  USB_File.o [1]
  .rodata            const    0x0002dabc     0x24  USB_File.o [1]
  .rodata            const    0x0002dae0     0x24  USB_File.o [1]
  .rodata            const    0x0002db04     0x2c  USB_File.o [1]
  .rodata            const    0x0002db30     0x24  USB_File.o [1]
  .rodata            const    0x0002db54     0x20  USB_File.o [1]
  .rodata            const    0x0002db74     0x1c  USB_File.o [1]
  .rodata            const    0x0002db90     0x18  USB_File.o [1]
  .rodata            const    0x0002dba8     0x2c  USB_File.o [1]
  .rodata            const    0x0002dbd4     0x14  USB_File.o [1]
  .rodata            const    0x0002dbe8     0x24  USB_File.o [1]
  .rodata            const    0x0002dc0c     0x18  USB_File.o [1]
  .rodata            const    0x0002dc24     0x28  USB_File.o [1]
  .rodata            const    0x0002dc4c     0x18  USB_File.o [1]
  .rodata            const    0x0002dc64     0x2c  USB_File.o [1]
  .rodata            const    0x0002dc90     0x18  USB_File.o [1]
  .rodata            const    0x0002dca8     0x30  USB_File.o [1]
  .rodata            const    0x0002dcd8     0x14  USB_File.o [1]
  .rodata            const    0x0002dcec     0x1c  USB_File.o [1]
  .rodata            const    0x0002dd08     0x18  USB_File.o [1]
  .rodata            const    0x0002dd20     0x24  USB_Task.o [1]
  .rodata            const    0x0002dd44     0x24  USB_Task.o [1]
  .rodata            const    0x0002dd68     0x24  USB_Task.o [1]
  .rodata            const    0x0002dd8c      0x8  USB_Task.o [1]
  .rodata            const    0x0002dd94      0x8  USB_Task.o [1]
  .rodata            const    0x0002dd9c     0x30  USB_Task.o [1]
  .rodata            const    0x0002ddcc      0x4  mem_flash.o [1]
  .rodata            const    0x0002ddd0      0x8  mem_flash.o [1]
  .rodata            const    0x0002ddd8     0x14  mem_flash.o [1]
  .rodata            const    0x0002ddec      0x8  mem_flash.o [1]
  .rodata            const    0x0002ddf4     0x18  mem_flash.o [1]
  .rodata            const    0x0002de0c     0x18  mem_flash.o [1]
  .rodata            const    0x0002de24     0x28  mem_flash.o [1]
  .rodata            const    0x0002de4c     0x28  mem_flash.o [1]
  .rodata            const    0x0002de74     0x1c  mem_flash.o [1]
  .rodata            const    0x0002de90     0x20  mem_flash.o [1]
  .rodata            const    0x0002deb0     0x30  mem_flash.o [1]
  .rodata            const    0x0002dee0     0x1c  mem_flash.o [1]
  .rodata            const    0x0002defc      0xc  pin2.o [1]
  .rodata            const    0x0002df08      0xc  pin2.o [1]
  .rodata            const    0x0002df14      0x8  pin2.o [1]
  .rodata            const    0x0002df1c     0x10  yada_prj.o [1]
  .rodata            const    0x0002df2c      0xc  yada_prj.o [1]
  .rodata            const    0x0002df38      0xc  yada_prj.o [1]
  .rodata            const    0x0002df44      0xc  yada_prj.o [1]
  .rodata            const    0x0002df50      0xc  yada_prj.o [1]
  .rodata            const    0x0002df5c     0x10  yada_prj.o [1]
  .rodata            const    0x0002df6c      0xc  yada_prj.o [1]
  .rodata            const    0x0002df78      0xc  yada_prj.o [1]
  .rodata            const    0x0002df84      0xc  yada_prj.o [1]
  .rodata            const    0x0002df90     0x20  yada_prj.o [1]
  .rodata            const    0x0002dfb0     0x24  yada_prj.o [1]
  .rodata            const    0x0002dfd4     0x24  yada_prj.o [1]
  .rodata            const    0x0002dff8     0x24  yada_prj.o [1]
  .rodata            const    0x0002e01c      0x8  yada_prj.o [1]
  .rodata            const    0x0002e024      0x8  yada_prj.o [1]
  .rodata            const    0x0002e02c      0x8  yada_prj.o [1]
  .rodata            const    0x0002e034      0xc  yada_prj.o [1]
  .rodata            const    0x0002e040    0x120  yada_prj.o [1]
  .rodata            const    0x0002e160      0x4  ftpd_cmd.o [9]
  .rodata            const    0x0002e164     0x10  ftpd_cmd.o [9]
  .rodata            const    0x0002e174      0x8  ftpd_cmd.o [9]
  .rodata            const    0x0002e17c      0xc  ftpd_cmd.o [9]
  .rodata            const    0x0002e188     0x14  ftpd_cmd.o [9]
  .rodata            const    0x0002e19c      0x8  ftpd_cmd.o [9]
  .rodata            const    0x0002e1a4     0x20  ftpd_cmd.o [9]
  .rodata            const    0x0002e1c4     0x24  ftpd_cmd.o [9]
  .rodata            const    0x0002e1e8     0x20  ftpd_cmd.o [9]
  .rodata            const    0x0002e208     0x30  ftpd_cmd.o [9]
  .rodata            const    0x0002e238     0x28  ftpd_cmd.o [9]
  .rodata            const    0x0002e260     0x24  ftpd_cmd.o [9]
  .rodata            const    0x0002e284     0x1c  ftpd_cmd.o [9]
  .rodata            const    0x0002e2a0      0x4  ftpd.o [9]
  .rodata            const    0x0002e2a4      0x8  ftpd.o [9]
  .rodata            const    0x0002e2ac      0xc  ip-e.o [9]
  .rodata            const    0x0002e2b8      0x4  ip-e.o [9]
  .rodata            const    0x0002e2bc      0x8  rtcscmd.o [9]
  .rodata            const    0x0002e2c4     0x28  sh_cd.o [11]
  .rodata            const    0x0002e2ec     0x2c  sh_cd.o [11]
  .rodata            const    0x0002e318     0x1c  sh_cd.o [11]
  .rodata            const    0x0002e334     0x20  sh_cd.o [11]
  .rodata            const    0x0002e354     0x14  sh_cd.o [11]
  .rodata            const    0x0002e368     0x18  sh_cd.o [11]
  .rodata            const    0x0002e380     0x34  sh_cd.o [11]
  .rodata            const    0x0002e3b4     0x28  sh_pwd.o [11]
  .rodata            const    0x0002e3dc     0x20  sh_pwd.o [11]
  .rodata            const    0x0002e3fc      0x8  sh_pwd.o [11]
  .rodata            const    0x0002e404      0x8  sh_pwd.o [11]
  .rodata            const    0x0002e40c      0xc  sh_pwd.o [11]
  .rodata            const    0x0002e418     0x28  sh_read_wk.o [11]
  .rodata            const    0x0002e440     0x18  sh_read_wk.o [11]
  .rodata            const    0x0002e458     0x20  sh_read_wk.o [11]
  .rodata            const    0x0002e478      0x8  sh_read_wk.o [11]
  .rodata            const    0x0002e480      0x8  sh_read_wk.o [11]
  .rodata            const    0x0002e488     0x1c  sh_read_wk.o [11]
  .rodata            const    0x0002e4a4     0x1c  sh_read_wk.o [11]
  .rodata            const    0x0002e4c0     0x2c  sh_read_wk.o [11]
  .rodata            const    0x0002e4ec     0x14  sh_read_wk.o [11]
  .rodata            const    0x0002e500      0x8  sh_read_wk.o [11]
  .rodata            const    0x0002e508     0x20  sh_read_wk.o [11]
  .rodata            const    0x0002e528     0x20  sh_read_wk.o [11]
  .rodata            const    0x0002e548     0x30  sh_read_wk.o [11]
  .rodata            const    0x0002e578     0x38  sh_read_wk.o [11]
  .rodata            const    0x0002e5b0     0x28  sh_read_wk.o [11]
  .rodata            const    0x0002e5d8     0x2c  sh_read_wk.o [11]
  .rodata            const    0x0002e604     0x34  sh_read_wk.o [11]
  .rodata            const    0x0002e638     0x20  sh_read_wk.o [11]
  .rodata            const    0x0002e658      0x8  sh_update.o [11]
  .rodata            const    0x0002e660     0x24  sh_update.o [11]
  .rodata            const    0x0002e684     0x28  sh_update.o [11]
  .rodata            const    0x0002e6ac     0x28  sh_update.o [11]
  .rodata            const    0x0002e6d4     0x1c  sh_update.o [11]
  .rodata            const    0x0002e6f0     0x28  sh_write_binary.o [11]
  .rodata            const    0x0002e718     0x20  sh_write_binary.o [11]
  .rodata            const    0x0002e738      0x8  sh_write_binary.o [11]
  .rodata            const    0x0002e740      0x8  sh_write_binary.o [11]
  .rodata            const    0x0002e748     0x1c  sh_write_binary.o [11]
  .rodata            const    0x0002e764     0x1c  sh_write_binary.o [11]
  .rodata            const    0x0002e780     0x2c  sh_write_binary.o [11]
  .rodata            const    0x0002e7ac     0x20  sh_write_binary.o [11]
  .rodata            const    0x0002e7cc     0x20  sh_write_binary.o [11]
  .rodata            const    0x0002e7ec     0x38  sh_write_binary.o [11]
  .rodata            const    0x0002e824     0x3c  sh_write_binary.o [11]
  .rodata            const    0x0002e860     0x28  sh_write_binary.o [11]
  .rodata            const    0x0002e888     0x2c  sh_write_binary.o [11]
  .rodata            const    0x0002e8b4     0x34  sh_write_binary.o [11]
  .rodata            const    0x0002e8e8     0x20  sh_write_binary.o [11]
  .rodata            const    0x0002e908     0x1c  sh_write_binary.o [11]
  .rodata            const    0x0002e924     0x10  mfs_misc.o [6]
  .rodata            const    0x0002e934     0x1c  mfs_misc.o [6]
  .rodata            const    0x0002e950     0x14  mfs_misc.o [6]
  .rodata            const    0x0002e964     0x14  mfs_misc.o [6]
  .rodata            const    0x0002e978     0x14  mfs_misc.o [6]
  .rodata            const    0x0002e98c     0x14  mfs_misc.o [6]
  .rodata            const    0x0002e9a0     0x18  mfs_misc.o [6]
  .rodata            const    0x0002e9b8     0x24  mfs_misc.o [6]
  .rodata            const    0x0002e9dc     0x24  mfs_misc.o [6]
  .rodata            const    0x0002ea00     0x1c  mfs_misc.o [6]
  .rodata            const    0x0002ea1c     0x14  mfs_misc.o [6]
  .rodata            const    0x0002ea30     0x28  mfs_misc.o [6]
  .rodata            const    0x0002ea58     0x14  mfs_misc.o [6]
  .rodata            const    0x0002ea6c     0x18  mfs_misc.o [6]
  .rodata            const    0x0002ea84     0x10  mfs_misc.o [6]
  .rodata            const    0x0002ea94     0x10  mfs_misc.o [6]
  .rodata            const    0x0002eaa4     0x18  mfs_misc.o [6]
  .rodata            const    0x0002eabc     0x10  mfs_misc.o [6]
  .rodata            const    0x0002eacc     0x18  mfs_misc.o [6]
  .rodata            const    0x0002eae4     0x18  mfs_misc.o [6]
  .rodata            const    0x0002eafc     0x10  mfs_misc.o [6]
  .rodata            const    0x0002eb0c     0x14  mfs_misc.o [6]
  .rodata            const    0x0002eb20      0x8  mfs_misc.o [6]
  .rodata            const    0x0002eb28     0x1c  mfs_misc.o [6]
  .rodata            const    0x0002eb44     0x14  mfs_misc.o [6]
  .rodata            const    0x0002eb58     0x1c  mfs_misc.o [6]
  .rodata            const    0x0002eb74     0x1c  mfs_misc.o [6]
  .rodata            const    0x0002eb90     0x18  mfs_misc.o [6]
  .rodata            const    0x0002eba8     0x20  mfs_misc.o [6]
  .rodata            const    0x0002ebc8     0x10  mfs_misc.o [6]
  .rodata            const    0x0002ebd8     0x14  mfs_misc.o [6]
  .rodata            const    0x0002ebec     0x1c  mfs_misc.o [6]
  .rodata            const    0x0002ec08     0x1c  mfs_misc.o [6]
  .rodata            const    0x0002ec24     0x14  mfs_misc.o [6]
  .rodata            const    0x0002ec38     0x18  mfs_misc.o [6]
  .rodata            const    0x0002ec50     0x14  mfs_misc.o [6]
  .rodata            const    0x0002ec64     0x14  mfs_misc.o [6]
  .rodata            const    0x0002ec78     0x14  shell.o [11]
  .rodata            const    0x0002ec8c      0xc  shell.o [11]
  .rodata            const    0x0002ec98     0x30  shell.o [11]
  .rodata            const    0x0002ecc8      0xc  shell.o [11]
  .rodata            const    0x0002ecd4      0x8  shell.o [11]
  .rodata            const    0x0002ecdc     0x38  shell.o [11]
  .rodata            const    0x0002ed14     0x14  shell.o [11]
  .rodata            const    0x0002ed28      0x8  sh_cmdlist.o [11]
  .rodata            const    0x0002ed30      0xc  sh_cmdlist.o [11]
  .rodata            const    0x0002ed3c     0x28  sh_copy.o [11]
  .rodata            const    0x0002ed64     0x20  sh_copy.o [11]
  .rodata            const    0x0002ed84     0x2c  sh_copy.o [11]
  .rodata            const    0x0002edb0     0x24  sh_copy.o [11]
  .rodata            const    0x0002edd4     0x2c  sh_copy.o [11]
  .rodata            const    0x0002ee00     0x40  sh_copy.o [11]
  .rodata            const    0x0002ee40     0x18  sh_copy.o [11]
  .rodata            const    0x0002ee58     0x1c  sh_copy.o [11]
  .rodata            const    0x0002ee74     0x24  sh_copy.o [11]
  .rodata            const    0x0002ee98     0x20  sh_copy.o [11]
  .rodata            const    0x0002eeb8     0x28  sh_create.o [11]
  .rodata            const    0x0002eee0     0x20  sh_create.o [11]
  .rodata            const    0x0002ef00     0x2c  sh_create.o [11]
  .rodata            const    0x0002ef2c     0x20  sh_create.o [11]
  .rodata            const    0x0002ef4c     0x1c  sh_create.o [11]
  .rodata            const    0x0002ef68     0x20  sh_create.o [11]
  .rodata            const    0x0002ef88     0x28  sh_create.o [11]
  .rodata            const    0x0002efb0     0x20  sh_create.o [11]
  .rodata            const    0x0002efd0     0x28  sh_del.o [11]
  .rodata            const    0x0002eff8     0x20  sh_del.o [11]
  .rodata            const    0x0002f018     0x2c  sh_del.o [11]
  .rodata            const    0x0002f044     0x18  sh_del.o [11]
  .rodata            const    0x0002f05c      0xc  sh_del.o [11]
  .rodata            const    0x0002f068     0x14  sh_del.o [11]
  .rodata            const    0x0002f07c     0x24  sh_del.o [11]
  .rodata            const    0x0002f0a0     0x28  sh_df.o [11]
  .rodata            const    0x0002f0c8     0x14  sh_df.o [11]
  .rodata            const    0x0002f0dc     0x18  sh_df.o [11]
  .rodata            const    0x0002f0f4     0x38  sh_df.o [11]
  .rodata            const    0x0002f12c     0x20  sh_df.o [11]
  .rodata            const    0x0002f14c     0x18  sh_df.o [11]
  .rodata            const    0x0002f164     0x20  sh_df.o [11]
  .rodata            const    0x0002f184      0x8  sh_df.o [11]
  .rodata            const    0x0002f18c     0x28  sh_dir.o [11]
  .rodata            const    0x0002f1b4     0x20  sh_dir.o [11]
  .rodata            const    0x0002f1d4     0x14  sh_dir.o [11]
  .rodata            const    0x0002f1e8     0x24  sh_dir.o [11]
  .rodata            const    0x0002f20c     0x24  sh_dir.o [11]
  .rodata            const    0x0002f230     0x1c  sh_dir.o [11]
  .rodata            const    0x0002f24c     0x24  sh_dir.o [11]
  .rodata            const    0x0002f270     0x24  sh_dir.o [11]
  .rodata            const    0x0002f294     0x30  sh_dir.o [11]
  .rodata            const    0x0002f2c4     0x28  sh_disect.o [11]
  .rodata            const    0x0002f2ec     0x18  sh_disect.o [11]
  .rodata            const    0x0002f304     0x20  sh_disect.o [11]
  .rodata            const    0x0002f324     0x28  sh_disect.o [11]
  .rodata            const    0x0002f34c     0x24  sh_disect.o [11]
  .rodata            const    0x0002f370     0x10  sh_disect.o [11]
  .rodata            const    0x0002f380      0x8  sh_disect.o [11]
  .rodata            const    0x0002f388     0x18  sh_disect.o [11]
  .rodata            const    0x0002f3a0     0x20  sh_disect.o [11]
  .rodata            const    0x0002f3c0     0x24  sh_disect.o [11]
  .rodata            const    0x0002f3e4     0x24  sh_disect.o [11]
  .rodata            const    0x0002f408      0xc  sh_exit.o [11]
  .rodata            const    0x0002f414      0x8  sh_format.o [11]
  .rodata            const    0x0002f41c      0x4  sh_format.o [11]
  .rodata            const    0x0002f420      0x4  sh_format.o [11]
  .rodata            const    0x0002f424      0x4  sh_format.o [11]
  .rodata            const    0x0002f428      0x4  sh_format.o [11]
  .rodata            const    0x0002f42c     0x28  sh_format.o [11]
  .rodata            const    0x0002f454     0x24  sh_format.o [11]
  .rodata            const    0x0002f478     0x10  sh_format.o [11]
  .rodata            const    0x0002f488     0x20  sh_format.o [11]
  .rodata            const    0x0002f4a8     0x2c  sh_format.o [11]
  .rodata            const    0x0002f4d4      0x8  sh_format.o [11]
  .rodata            const    0x0002f4dc     0x20  sh_format.o [11]
  .rodata            const    0x0002f4fc     0x28  sh_format.o [11]
  .rodata            const    0x0002f524     0x40  sh_format.o [11]
  .rodata            const    0x0002f564     0x34  sh_format.o [11]
  .rodata            const    0x0002f598     0x14  sh_format.o [11]
  .rodata            const    0x0002f5ac      0x8  sh_help.o [11]
  .rodata            const    0x0002f5b4      0x8  sh_help.o [11]
  .rodata            const    0x0002f5bc     0x18  sh_help.o [11]
  .rodata            const    0x0002f5d4      0x8  sh_help.o [11]
  .rodata            const    0x0002f5dc     0x28  sh_help.o [11]
  .rodata            const    0x0002f604     0x10  sh_help.o [11]
  .rodata            const    0x0002f614     0x18  sh_help.o [11]
  .rodata            const    0x0002f62c     0x28  sh_help.o [11]
  .rodata            const    0x0002f654     0x28  sh_mkdir.o [11]
  .rodata            const    0x0002f67c     0x2c  sh_mkdir.o [11]
  .rodata            const    0x0002f6a8     0x20  sh_mkdir.o [11]
  .rodata            const    0x0002f6c8     0x20  sh_mkdir.o [11]
  .rodata            const    0x0002f6e8     0x14  sh_mkdir.o [11]
  .rodata            const    0x0002f6fc     0x18  sh_mkdir.o [11]
  .rodata            const    0x0002f714     0x30  sh_mkdir.o [11]
  .rodata            const    0x0002f744     0x28  sh_read.o [11]
  .rodata            const    0x0002f76c     0x18  sh_read.o [11]
  .rodata            const    0x0002f784     0x20  sh_read.o [11]
  .rodata            const    0x0002f7a4      0x8  sh_read.o [11]
  .rodata            const    0x0002f7ac      0x8  sh_read.o [11]
  .rodata            const    0x0002f7b4     0x1c  sh_read.o [11]
  .rodata            const    0x0002f7d0     0x1c  sh_read.o [11]
  .rodata            const    0x0002f7ec     0x2c  sh_read.o [11]
  .rodata            const    0x0002f818     0x14  sh_read.o [11]
  .rodata            const    0x0002f82c      0x8  sh_read.o [11]
  .rodata            const    0x0002f834     0x20  sh_read.o [11]
  .rodata            const    0x0002f854     0x20  sh_read.o [11]
  .rodata            const    0x0002f874     0x30  sh_read.o [11]
  .rodata            const    0x0002f8a4     0x38  sh_read.o [11]
  .rodata            const    0x0002f8dc     0x28  sh_read.o [11]
  .rodata            const    0x0002f904     0x2c  sh_read.o [11]
  .rodata            const    0x0002f930     0x34  sh_read.o [11]
  .rodata            const    0x0002f964     0x20  sh_read.o [11]
  .rodata            const    0x0002f984     0x28  sh_rename.o [11]
  .rodata            const    0x0002f9ac     0x2c  sh_rename.o [11]
  .rodata            const    0x0002f9d8     0x34  sh_rename.o [11]
  .rodata            const    0x0002fa0c     0x20  sh_rename.o [11]
  .rodata            const    0x0002fa2c     0x18  sh_rename.o [11]
  .rodata            const    0x0002fa44     0x1c  sh_rename.o [11]
  .rodata            const    0x0002fa60     0x20  sh_rename.o [11]
  .rodata            const    0x0002fa80     0x28  sh_rename.o [11]
  .rodata            const    0x0002faa8     0x24  sh_rename.o [11]
  .rodata            const    0x0002facc     0x28  sh_rmdir.o [11]
  .rodata            const    0x0002faf4     0x2c  sh_rmdir.o [11]
  .rodata            const    0x0002fb20     0x20  sh_rmdir.o [11]
  .rodata            const    0x0002fb40     0x20  sh_rmdir.o [11]
  .rodata            const    0x0002fb60     0x14  sh_rmdir.o [11]
  .rodata            const    0x0002fb74     0x14  sh_rmdir.o [11]
  .rodata            const    0x0002fb88     0x18  sh_rmdir.o [11]
  .rodata            const    0x0002fba0     0x30  sh_rmdir.o [11]
  .rodata            const    0x0002fbd0     0x28  sh_sh.o [11]
  .rodata            const    0x0002fbf8     0x20  sh_sh.o [11]
  .rodata            const    0x0002fc18     0x10  sh_sh.o [11]
  .rodata            const    0x0002fc28     0x18  sh_sh.o [11]
  .rodata            const    0x0002fc40     0x28  sh_sh.o [11]
  .rodata            const    0x0002fc68     0x20  sh_type.o [11]
  .rodata            const    0x0002fc88     0x2c  sh_type.o [11]
  .rodata            const    0x0002fcb4     0x20  sh_type.o [11]
  .rodata            const    0x0002fcd4     0x38  sh_type.o [11]
  .rodata            const    0x0002fd0c     0x10  sh_type.o [11]
  .rodata            const    0x0002fd1c     0x18  sh_type.o [11]
  .rodata            const    0x0002fd34     0x28  sh_type.o [11]
  .rodata            const    0x0002fd5c     0x28  sh_write.o [11]
  .rodata            const    0x0002fd84     0x20  sh_write.o [11]
  .rodata            const    0x0002fda4     0x18  sh_write.o [11]
  .rodata            const    0x0002fdbc      0x8  sh_write.o [11]
  .rodata            const    0x0002fdc4      0x8  sh_write.o [11]
  .rodata            const    0x0002fdcc     0x1c  sh_write.o [11]
  .rodata            const    0x0002fde8     0x1c  sh_write.o [11]
  .rodata            const    0x0002fe04     0x2c  sh_write.o [11]
  .rodata            const    0x0002fe30     0x20  sh_write.o [11]
  .rodata            const    0x0002fe50     0x20  sh_write.o [11]
  .rodata            const    0x0002fe70     0x30  sh_write.o [11]
  .rodata            const    0x0002fea0     0x38  sh_write.o [11]
  .rodata            const    0x0002fed8     0x28  sh_write.o [11]
  .rodata            const    0x0002ff00     0x2c  sh_write.o [11]
  .rodata            const    0x0002ff2c     0x34  sh_write.o [11]
  .rodata            const    0x0002ff60     0x20  sh_write.o [11]
  .rodata            const    0x0002ff80     0x20  usbmfs.o [12]
  .rodata            const    0x0002ffa0      0xc  khci.o [12]
  .rodata            const    0x0002ffac     0x38  khci.o [12]
  .rodata            const    0x0002ffe4     0x50  host_common.o [12]
  .rodata            const    0x00030034     0x50  usb_mqx.o [12]
  .rodata            const    0x00030084     0x50  host_main.o [12]
  .rodata            const    0x000300d4     0x58  usb_host_hub.o [12]
  .rodata            const    0x0003012c     0x5c  usb_host_msd_bo.o [12]
  .rodata            const    0x00030188     0x18  mqx.o [7]
  .rodata            const    0x000301a0      0xc  mqx.o [7]
  .rodata            const    0x000301ac      0x4  mqx.o [7]
  .rodata            const    0x000301b0      0x4  mqx.o [7]
  .rodata            const    0x000301b4     0x14  io_dopr.o [7]
  .rodata            const    0x000301c8     0x14  io_dopr.o [7]
  .rodata            const    0x000301dc      0x8  init_enet.o [3]
  .rodata            const    0x000301e4     0x10  init_enet.o [3]
  .rodata            const    0x000301f4     0x24  init_enet.o [3]
  .rodata            const    0x00030218      0x8  init_enet.o [3]
  .rodata            const    0x00030220     0x3c  sstream.o [9]
  .rodata            const    0x0003025c      0x8  sotcp.o [9]
  .rodata            const    0x00030264      0x4  dir_read.o [6]
  .rodata            const    0x00030268      0x4  dir_read.o [6]
  .rodata            const    0x0003026c      0x4  dir_read.o [6]
  .rodata            const    0x00030270      0x4  dir_read.o [6]
  .rodata            const    0x00030274      0x4  dir_read.o [6]
  .rodata            const    0x00030278      0x4  dir_read.o [6]
  .rodata            const    0x0003027c      0x4  dir_read.o [6]
  .rodata            const    0x00030280      0x4  dir_read.o [6]
  .rodata            const    0x00030284      0x4  dir_read.o [6]
  .rodata            const    0x00030288      0x4  dir_read.o [6]
  .rodata            const    0x0003028c      0x4  dir_read.o [6]
  .rodata            const    0x00030290      0x4  dir_read.o [6]
  .rodata            const    0x00030294     0x40  dir_read.o [6]
  .rodata            const    0x000302d4     0x14  dir_read.o [6]
  .rodata            const    0x000302e8     0x10  dir_read.o [6]
  .rodata            const    0x000302f8      0xc  dir_read.o [6]
  .rodata            const    0x00030304      0xc  dir_read.o [6]
  .rodata            const    0x00030310      0x8  dir_read.o [6]
  .rodata            const    0x00030318      0x8  dir_read.o [6]
  .rodata            const    0x00030320     0x30  dir_read.o [6]
  .rodata            const    0x00030350     0x18  ftpd_msg.o [9]
  .rodata            const    0x00030368     0x1c  ftpd_msg.o [9]
  .rodata            const    0x00030384     0x34  ftpd_msg.o [9]
  .rodata            const    0x000303b8     0x30  ftpd_msg.o [9]
  .rodata            const    0x000303e8     0x10  ftpd_msg.o [9]
  .rodata            const    0x000303f8     0x14  ftpd_msg.o [9]
  .rodata            const    0x0003040c     0x14  ftpd_msg.o [9]
  .rodata            const    0x00030420     0x18  ftpd_msg.o [9]
  .rodata            const    0x00030438     0x18  ftpd_msg.o [9]
  .rodata            const    0x00030450     0x20  ftpd_msg.o [9]
  .rodata            const    0x00030470     0x18  ftpd_msg.o [9]
  .rodata            const    0x00030488     0x10  ftpd_msg.o [9]
  .rodata            const    0x00030498     0x3c  ftpd_msg.o [9]
  .rodata            const    0x000304d4     0x38  ftpd_msg.o [9]
  .rodata            const    0x0003050c     0x30  ftpd_msg.o [9]
  .rodata            const    0x0003053c     0x1c  ftpd_msg.o [9]
  .rodata            const    0x00030558      0xc  ftpd_msg.o [9]
  .rodata            const    0x00030564     0x30  ftpd_msg.o [9]
  .rodata            const    0x00030594     0x30  ftpd_msg.o [9]
  .rodata            const    0x000305c4     0x20  ftpd_msg.o [9]
  .rodata            const    0x000305e4     0x20  ftpd_msg.o [9]
  .rodata            const    0x00030604     0x1c  ftpd_msg.o [9]
  .rodata            const    0x00030620      0xc  ftpd_msg.o [9]
  .rodata            const    0x0003062c     0x14  ftpd_msg.o [9]
  .rodata            const    0x00030640     0x14  ftpd_msg.o [9]
  .rodata            const    0x00030654     0x14  ftpd_msg.o [9]
  .rodata            const    0x00030668     0x34  ftpd_msg.o [9]
  .rodata            const    0x0003069c     0x20  ftpd_msg.o [9]
  .rodata            const    0x000306bc     0x1c  ftpd_msg.o [9]
  .rodata            const    0x000306d8     0x20  ftpd_msg.o [9]
  .rodata            const    0x000306f8     0x38  ftpd_msg.o [9]
  .rodata            const    0x00030730      0x8  soip.o [9]
  .rodata            const    0x00030738      0x8  sh_util.o [11]
  .rodata            const    0x00030740      0x8  sh_util.o [11]
  .rodata            const    0x00030748     0x14  mfs_create.o [6]
  .rodata            const    0x0003075c     0x14  mfs_create.o [6]
  .rodata            const    0x00030770     0x14  mfs_format.o [6]
  .rodata            const    0x00030784     0x14  mfs_format.o [6]
  .rodata            const    0x00030798     0x14  mfs_format.o [6]
  .rodata            const    0x000307ac     0x30  mfs_format.o [6]
  .rodata            const    0x000307dc      0x8  mfs_lfn.o [6]
  .rodata            const    0x000307e4      0xc  mfs_lfn.o [6]
  .rodata            const    0x000307f0     0x54  host_dev_list.o [12]
  .rodata            const    0x00030844     0x24  host_dev_list.o [12]
  .rodata            const    0x00030868     0x20  int_unx.o [7]
  .rodata            const    0x00030888     0x30  int_unx.o [7]
  .rodata            const    0x000308b8     0x3c  int_unx.o [7]
  .rodata            const    0x000308f4     0x14  int_unx.o [7]
  .rodata            const    0x00030908     0x28  int_unx.o [7]
  .rodata            const    0x00030930     0x50  host_ch9.o [12]
  .rodata            const    0x00030980      0x8  host_ch9.o [12]
  .rodata            const    0x00030988     0x50  host_rcv.o [12]
  .rodata            const    0x000309d8     0x50  host_snd.o [12]
  .rodata            const    0x00030a28      0x8  init_bsp.o [3]
  .rodata            const    0x00030a30      0x8  init_bsp.o [3]
  .rodata            const    0x00030a38      0x8  init_bsp.o [3]
  .rodata            const    0x00030a40      0x8  init_bsp.o [3]
  .rodata            const    0x00030a48      0x8  init_bsp.o [3]
  .rodata            const    0x00030a50      0x8  init_bsp.o [3]
  .rodata            const    0x00030a58      0x8  init_bsp.o [3]
  .rodata            const    0x00030a60      0x8  init_bsp.o [3]
  .rodata            const    0x00030a68      0x8  init_bsp.o [3]
  .rodata            const    0x00030a70      0x8  init_bsp.o [3]
  .rodata            const    0x00030a78      0x8  init_bsp.o [3]
  .rodata            const    0x00030a80      0x8  init_bsp.o [3]
  .rodata            const    0x00030a88      0x8  init_bsp.o [3]
  .rodata            const    0x00030a90      0x8  init_bsp.o [3]
  .rodata            const    0x00030a98      0x8  init_bsp.o [3]
  .rodata            const    0x00030aa0      0x8  init_bsp.o [3]
  .rodata            const    0x00030aa8      0x8  init_bsp.o [3]
  .rodata            const    0x00030ab0      0x8  init_bsp.o [3]
  .rodata            const    0x00030ab8      0x8  init_bsp.o [3]
  .rodata            const    0x00030ac0      0x8  init_bsp.o [3]
  .rodata            const    0x00030ac8      0x8  init_bsp.o [3]
  .rodata            const    0x00030ad0      0x8  init_bsp.o [3]
  .rodata            const    0x00030ad8      0x8  init_bsp.o [3]
  .rodata            const    0x00030ae0      0x8  init_bsp.o [3]
  .rodata            const    0x00030ae8     0x10  mqxiinit.o [7]
  .rodata            const    0x00030af8     0x20  macnet_init.o [3]
  .rodata            const    0x00030b18     0x14  phy_ks8721bl.o [3]
  .rodata            const    0x00030b2c      0xc  iplocal.o [9]
  .rodata            const    0x00030b38      0x4  iplocal.o [9]
  .rodata            const    0x00030b3c      0xc  rtcsinit.o [9]
  .rodata            const    0x00030b48     0x1c  init_gpio.o [3]
  .rodata            const    0x00030b64     0x1c  init_gpio.o [3]
  .rodata            const    0x00030b80      0x4  init_gpio.o [3]
  .rodata            const    0x00030b84     0x50  host_close.o [12]
  .rodata            const    0x00030bd4     0x10  init_adc.o [3]
  .rodata            const    0x00030be4     0x18  init_adc.o [3]
  .rodata            const    0x00030bfc     0x30  init_spi.o [3]
  .rodata            const    0x00030c2c     0x30  init_spi.o [3]
  .rodata            const    0x00030c5c     0x30  init_spi.o [3]
  .rodata            const    0x00030c8c      0xc  init_esdhc.o [3]
  .rodata            const    0x00030c98      0x8  init_flashx.o [3]
  .rodata            const    0x00030ca0      0x8  init_flashx.o [3]
  .rodata            const    0x00030ca8     0x30  init_flashx.o [3]
  .rodata            const    0x00030cd8     0x20  init_flashx.o [3]
  .rodata            const    0x00030cf8     0x14  init_i2c.o [3]
  .rodata            const    0x00030d0c     0x1c  bsp_cm.o [3]
  .rodata            const    0x00030d28     0x78  bsp_cm.o [3]
  .rodata            const    0x00030da0     0x20  init_sci.o [3]
  .rodata            const    0x00030dc0     0x20  init_sci.o [3]
  .rodata            const    0x00030de0     0x20  init_sci.o [3]
  .rodata            const    0x00030e00     0x20  init_sci.o [3]
  .rodata            const    0x00030e20     0x20  init_sci.o [3]
  .rodata            const    0x00030e40     0x20  init_sci.o [3]
  .rodata            const    0x00030e60     0x1c  spi_dma_dspi.o [3]
  .rodata            const    0x00030e7c     0x40  spi_dma_dspi.o [3]
  .rodata            const    0x00030ebc     0x10  spi_pol_dspi.o [3]
  .rodata            const    0x00030ecc     0x40  spi_pol_dspi.o [3]
  .rodata            const    0x00030f0c     0x10  spi_pol_dspi.o [3]
  .rodata            const    0x00030f1c    0x100  esdhc.o [3]
  .rodata            const    0x0003101c      0xc  i2c_pol_ki2c.o [3]
  .rodata            const    0x00031028    0x100  i2c_pol_ki2c.o [3]
  .rodata            const    0x00031128      0xc  serl_int_kuart.o [3]
  .rodata            const    0x00031134     0x40  macnet_mk60.o [3]
  .rodata            const    0x00031174     0x68  ti_rom.o [7]
  .rodata            const    0x000311dc    0x20c  ti_rom.o [7]
  .rodata            const    0x000313e8     0x30  flash_ftfl.o [3]
  .rodata            const    0x00031418     0x20  flash_ftfl.o [3]
  .rodata            const    0x00031438      0xc  spi_mk60_dspi.o [3]
  .rodata            const    0x00031444      0xc  spi_mk60_dspi.o [3]
  .rodata            const    0x00031450     0x20  adc_kadc.o [3]
  .rodata            const    0x00031470      0xc  io_gpio_kgpio.o [3]
  .rodata            const    0x0003147c      0xc  io_gpio_kgpio.o [3]
  .rodata            const    0x00031488      0xc  io_gpio_kgpio.o [3]
  .rodata            const    0x00031494      0xc  io_gpio_kgpio.o [3]
  .rodata            const    0x000314a0     0x14  io_gpio_kgpio.o [3]
  .rodata            const    0x000314b4     0x14  io_gpio_kgpio.o [3]
  .rodata            const    0x000314c8      0x8  io_gpio_kgpio.o [3]
  .rodata            const    0x000314d0      0x8  io_gpio_kgpio.o [3]
  .rodata            const    0x000314d8      0x8  adc_mk60.o [3]
  .rodata            const    0x000314e0      0x8  mqx_init.o [3]
  .rodata            const    0x000314e8     0x30  mqx_init.o [3]
  Initializer bytes  ro data  0x00031518     0xb8  <for P2 mid-1>
  .rodata            const    0x000315d0      0x2  Shell_Task.o [1]
  Initializer bytes  ro data  0x000315d4      0x4  <for KERNEL_DATA-1>
  .rodata            const    0x000315d8      0x1  init_flashx.o [3]
  .rodata            const    0x000315d9      0x0  bwt_init3c.o [8]
  FLASHX_POOL                 0x00031800      0x1  <Block>
    .flashx          const    0x00031800      0x1  vectors.o [3]
    .flashx          const    0x00031801      0x0  vectors.o [3]
                            - 0x00031801  0x313e1

"P2":                                      0x1b94
  P2 mid-1                    0x1fff0000     0xb8  <Init block>
    .data            inited   0x1fff0000      0x2  DSPSPI.o [1]
    .data            inited   0x1fff0004      0x4  FTP_Task.o [1]
    .data            inited   0x1fff0008     0x14  MenuView.o [1]
    .data            inited   0x1fff001c     0x28  MenuView.o [1]
    .data            inited   0x1fff0044     0x24  usb_classes.o [1]
    .data            inited   0x1fff0068      0x8  yada_prj.o [1]
    .data            inited   0x1fff0070      0x2  ftpd_cmd.o [9]
    .data            inited   0x1fff0074      0x4  ftpd.o [9]
    .data            inited   0x1fff0078      0x4  ftpd.o [9]
    .data            inited   0x1fff007c      0x4  rtcsglob.o [9]
    .data            inited   0x1fff0080      0x4  rtcsglob.o [9]
    .data            inited   0x1fff0084      0x4  rtcsglob.o [9]
    .data            inited   0x1fff0088      0x4  rtcsglob.o [9]
    .data            inited   0x1fff008c      0x4  rtcsglob.o [9]
    .data            inited   0x1fff0090      0x4  rtcsglob.o [9]
    .data            inited   0x1fff0094      0x4  rtcsglob.o [9]
    .data            inited   0x1fff0098      0x4  rtcsglob.o [9]
    .data            inited   0x1fff009c      0x4  rtcsglob.o [9]
    .data            inited   0x1fff00a0      0x4  rtcsglob.o [9]
    .data            inited   0x1fff00a4      0x4  mfs_init.o [6]
    .data            inited   0x1fff00a8      0x4  mfs_init.o [6]
    .data            inited   0x1fff00ac      0x4  mqx.o [7]
    .data            inited   0x1fff00b0      0x4  rtcsrand.o [9]
    .data            inited   0x1fff00b4      0x4  adt_kpdb.o [3]
  USB_BDT_Z          zero     0x1fff0200    0x200  khci.o [12]
  .bss               zero     0x1fff0400    0xa8c  DSPSPI.o [1]
  .bss               zero     0x1fff0e8c    0xa70  DSPSPI.o [1]
  .bss               zero     0x1fff18fc      0x4  DSPSPI.o [1]
  .bss               zero     0x1fff1900      0x4  DSPSPI.o [1]
  .bss               zero     0x1fff1904      0x4  LCDDriver.o [1]
  .bss               zero     0x1fff1908     0x14  LCDUart.o [1]
  .bss               zero     0x1fff191c     0x64  MenuView.o [1]
  .bss               zero     0x1fff1980     0x54  MenuView.o [1]
  .bss               zero     0x1fff19d4     0x14  MenuView.o [1]
  .bss               zero     0x1fff19e8      0xc  MenuView.o [1]
  .bss               zero     0x1fff19f4      0xc  MenuView.o [1]
  .bss               zero     0x1fff1a00     0x24  USB_Task.o [1]
  .bss               zero     0x1fff1a24     0x1c  USB_Task.o [1]
  .bss               zero     0x1fff1a40      0x4  USB_Task.o [1]
  .bss               zero     0x1fff1a44     0x20  USB_Task.o [1]
  .bss               zero     0x1fff1a64      0x4  ftpd.o [9]
  .bss               zero     0x1fff1a68      0x4  rtcsglob.o [9]
  .bss               zero     0x1fff1a6c      0x4  rtcsglob.o [9]
  .bss               zero     0x1fff1a70      0x4  rtcsglob.o [9]
  .bss               zero     0x1fff1a74      0x4  rtcsglob.o [9]
  .bss               zero     0x1fff1a78      0x4  rtcsglob.o [9]
  .bss               zero     0x1fff1a7c      0x4  rtcsglob.o [9]
  .bss               zero     0x1fff1a80      0x4  rtcsglob.o [9]
  .bss               zero     0x1fff1a84      0x4  rtcsglob.o [9]
  .bss               zero     0x1fff1a88      0x4  rtcsglob.o [9]
  .bss               zero     0x1fff1a8c      0x4  mfs_init.o [6]
  .bss               zero     0x1fff1a90      0x4  mfs_init.o [6]
  .bss               zero     0x1fff1a94      0x4  host_common.o [12]
  .bss               zero     0x1fff1a98      0x4  host_common.o [12]
  .bss               zero     0x1fff1a9c      0x4  host_main.o [12]
  .bss               zero     0x1fff1aa0      0x4  usb_host_hub.o [12]
  .bss               zero     0x1fff1aa4      0x4  usb_host_msd_bo.o [12]
  .bss               zero     0x1fff1aa8      0x4  mqx.o [7]
  .bss               zero     0x1fff1aac      0x4  psp_mstiq.o [7]
  .bss               zero     0x1fff1ab0      0x4  psp_mstiq.o [7]
  .bss               zero     0x1fff1ab4     0x30  io_util.o [7]
  .bss               zero     0x1fff1ae4      0x4  rtcsrand.o [9]
  .bss               zero     0x1fff1ae8      0x4  rtcsrand.o [9]
  .bss               zero     0x1fff1aec      0x4  tcpip.o [9]
[...]
_usb_host_close_pipe_call_interface
                        0x0001b61d   0x20  Code  Gb  host_main.o [12]
_usb_host_driver_info_register
                        0x00017d7b   0x30  Code  Gb  host_common.o [12]
_usb_host_driver_install
                        0x0001b141   0x60  Code  Gb  usb_mqx.o [12]
_usb_host_get_tr_element
                        0x0001b9a3   0x6e  Code  Gb  host_main.o [12]
_usb_host_init          0x0001b69d  0x18a  Code  Gb  host_main.o [12]
_usb_host_init_call_interface
                        0x0001b57d   0x1e  Code  Gb  host_main.o [12]
_usb_host_new_tr_element
                        0x0001b95d   0x46  Code  Lc  host_main.o [12]
_usb_host_open_pipe     0x0001b8c7   0x96  Code  Gb  host_main.o [12]
_usb_host_open_pipe_call_interface
                        0x0001b63d   0x20  Code  Gb  host_main.o [12]
_usb_host_open_pipe_cleanup
                        0x0001b89d   0x2a  Code  Gb  host_main.o [12]
_usb_host_recv_data     0x0001e0f1   0x58  Code  Gb  host_rcv.o [12]
_usb_host_recv_data_call_interface
                        0x0001b5db   0x20  Code  Gb  host_main.o [12]
_usb_host_register_ch9_callback
                        0x0001bdc3   0x36  Code  Gb  host_ch9.o [12]
_usb_host_register_service
                        0x0001b827   0x76  Code  Gb  host_main.o [12]
_usb_host_send_call_interface
                        0x0001b59b   0x20  Code  Gb  host_main.o [12]
_usb_host_send_data     0x0001e099   0x52  Code  Gb  host_snd.o [12]
_usb_host_send_setup    0x0001ba6d   0x6a  Code  Gb  host_main.o [12]
_usb_host_send_setup_call_interface
                        0x0001b5bb   0x20  Code  Gb  host_main.o [12]
_usb_host_set_up_TR     0x0001ba11   0x5c  Code  Gb  host_main.o [12]
_usb_host_update_device_address_call_interface
                        0x0001b67d   0x20  Code  Gb  host_main.o [12]
_usb_host_update_max_packet_size_call_interface
                        0x0001b65d   0x20  Code  Gb  host_main.o [12]
_usb_hostdev_cntrl_request
                        0x0001c0a1   0x92  Code  Gb  host_ch9.o [12]
_usb_hostdev_free_buffer
                        0x00017767   0x6c  Code  Gb  host_common.o [12]
_usb_hostdev_get_buffer
                        0x000176ed    0xc  Code  Gb  host_common.o [12]
_usb_hostdev_get_buffer_aligned
                        0x000176f9   0x6e  Code  Gb  host_common.o [12]
_usb_hostdev_get_descriptor
                        0x0001783f  0x1ca  Code  Gb  host_common.o [12]
_usb_hostdev_select_interface
                        0x00017faf  0x1dc  Code  Gb  host_common.o [12]
_usb_khci_add_int_tr    0x0002347d   0x6c  Code  Lc  khci.o [12]
_usb_khci_atom_tr       0x00023b61  0x304  Code  Lc  khci.o [12]
_usb_khci_attach        0x000235e5   0x7c  Code  Lc  khci.o [12]
_usb_khci_bus_control   0x00023ad1    0x4  Code  Lc  khci.o [12]
_usb_khci_cancel        0x00023ab1   0x20  Code  Lc  khci.o [12]
_usb_khci_detach        0x000236a5   0x2e  Code  Lc  khci.o [12]
_usb_khci_get_frame_number
                        0x00023ad5   0x10  Code  Lc  khci.o [12]
_usb_khci_get_hot_int_tr
                        0x0002351f   0xc6  Code  Lc  khci.o [12]
_usb_khci_host_close_pipe
                        0x00023e81   0x24  Code  Lc  khci.o [12]
_usb_khci_init          0x000239a1   0xa6  Code  Lc  khci.o [12]
_usb_khci_init_int_tr   0x00023467   0x16  Code  Lc  khci.o [12]
_usb_khci_isr           0x00023411   0x56  Code  Lc  khci.o [12]
_usb_khci_process_tr_complete
                        0x00023ae5   0x7c  Code  Lc  khci.o [12]
_usb_khci_recv          0x00023a8f   0x22  Code  Lc  khci.o [12]
_usb_khci_reset         0x00023661   0x44  Code  Lc  khci.o [12]
_usb_khci_rm_int_tr     0x000234e9   0x36  Code  Lc  khci.o [12]
_usb_khci_send          0x00023a4b   0x22  Code  Lc  khci.o [12]
_usb_khci_send_setup    0x00023a6d   0x22  Code  Lc  khci.o [12]
_usb_khci_shutdown      0x00023a47    0x4  Code  Lc  khci.o [12]
_usb_khci_task          0x000236d3  0x272  Code  Lc  khci.o [12]
_usb_khci_task_create   0x00023945   0x5c  Code  Lc  khci.o [12]
abs                     0x0000cb6f    0x8  Code  Gb  abs.o [4]
adc_address             0x000314d8    0x8  Data  Lc  adc_mk60.o [3]
adc_bundle              0x1fff1b18    0x4  Data  Gb  adc_kadc.o [3]
adc_calibrate           0x00009b0f   0xaa  Code  Lc  adc_kadc.o [3]
adc_complete_isr        0x00009af1   0x1e  Code  Lc  adc_kadc.o [3]
adc_get_calibration_data
                        0x00009bb9   0x64  Code  Lc  adc_kadc.o [3]
adc_internal            0x1fff1b04   0x14  Data  Lc  adc_kadc.o [3]
adc_process_all_data    0x00009a9d   0x32  Code  Gb  adc_kadc.o [3]
adc_process_data        0x000099ff   0x9e  Code  Lc  adc_kadc.o [3]
adc_set_calibration_data
                        0x00009c1d   0x64  Code  Lc  adc_kadc.o [3]
adt_idelay_isr          0x0000a711   0x36  Code  Lc  adt_kpdb.o [3]
adt_period_prescaler    0x00009f7d  0x1e0  Code  Lc  adt_kpdb.o [3]
bdt                     0x1fff0200  0x200  Data  Lc  khci.o [12]
class_interface_map     0x1fff0044   0x24  Data  Gb  usb_classes.o [1]
cos                     0x00012dcb    0x6  Code  Gb  cos.o [5]
count                   0x1fff1b6f    0x1  Data  Lc  DSPSPI.o [1]
delay_ms                0x0001297d   0x16  Code  Gb  System.o [1]
delay_us                0x00012995   0x1a  Code  Gb  System.o [1]
device                  0x1fff1a44   0x20  Data  Gb  USB_Task.o [1]
dspi_address            0x00031438    0xc  Data  Lc  spi_mk60_dspi.o [3]
dspi_vectors            0x00031444    0xc  Data  Lc  spi_mk60_dspi.o [3]
exit                    0x000004d5    0x4  Code  Gb  exit.o [4]
first_irq               0x1fff1b00    0x4  Data  Gb  io_gpio.o [3]
flexnvm_flash_ioctl     0x0002c5f3   0x96  Code  Gb  flash_ftfl.o [3]
flexnvm_prog_part       0x0002c58b   0x40  Code  Gb  flash_ftfl.o [3]
flexnvm_read_resource   0x0002c547   0x44  Code  Gb  flash_ftfl.o [3]
flexnvm_set_flexram     0x0002c5cb   0x28  Code  Gb  flash_ftfl.o [3]
flg_int                 0x0001ec69   0x74  Code  Gb  yada_prj.o [1]
fmod                    0x00014ab9         Code  Gb  fmod.o [5]
fmodl                   0x00014ab9         Code  Gb  fmod.o [5]
ftfl_flash_command_sequence
                        0x0002c191  0x1c4  Code  Lc  flash_ftfl.o [3]
ftfl_flash_deinit       0x0002c389   0x22  Code  Gb  flash_ftfl.o [3]
ftfl_flash_erase_sector
                        0x0002c3d3   0xa2  Code  Gb  flash_ftfl.o [3]
ftfl_flash_init         0x0002c355   0x34  Code  Gb  flash_ftfl.o [3]
ftfl_flash_write_sector
                        0x0002c475   0xb8  Code  Gb  flash_ftfl.o [3]
ftfl_init_ram_function  0x0002c3ab   0x28  Code  Gb  flash_ftfl.o [3]
ftfl_ram_function       0x0002c52d   0x18  Code  Lc  flash_ftfl.o [3]
ftfl_ram_function_end   0x0002c545    0x2  Code  Lc  flash_ftfl.o [3]
ftpmsg_bad_option       0x0003053c   0x1c  Data  Gb  ftpd_msg.o [9]
ftpmsg_badcmd           0x00030420   0x18  Data  Gb  ftpd_msg.o [9]
ftpmsg_badport          0x00030438   0x18  Data  Gb  ftpd_msg.o [9]
ftpmsg_banner           0x00030368   0x1c  Data  Gb  ftpd_msg.o [9]
ftpmsg_cd_error         0x000305c4   0x20  Data  Gb  ftpd_msg.o [9]
ftpmsg_delete_error     0x00030604   0x1c  Data  Gb  ftpd_msg.o [9]
ftpmsg_goodbye          0x00030488   0x10  Data  Gb  ftpd_msg.o [9]
ftpmsg_help_end         0x00030594   0x30  Data  Gb  ftpd_msg.o [9]
ftpmsg_help_start       0x00030564   0x30  Data  Gb  ftpd_msg.o [9]
ftpmsg_logged           0x000303e8   0x10  Data  Gb  ftpd_msg.o [9]
ftpmsg_no_datacon       0x000306d8   0x20  Data  Gb  ftpd_msg.o [9]
ftpmsg_no_file          0x00030668   0x34  Data  Gb  ftpd_msg.o [9]
ftpmsg_no_fs            0x00030498   0x3c  Data  Gb  ftpd_msg.o [9]
ftpmsg_no_memory        0x000306f8   0x38  Data  Gb  ftpd_msg.o [9]
ftpmsg_ok               0x00030620    0xc  Data  Gb  ftpd_msg.o [9]
ftpmsg_opening_datacon  0x0003069c   0x20  Data  Gb  ftpd_msg.o [9]
ftpmsg_pasv_mode        0x000304d4   0x38  Data  Gb  ftpd_msg.o [9]
ftpmsg_portok           0x00030350   0x18  Data  Gb  ftpd_msg.o [9]
ftpmsg_rmdir_error      0x000305e4   0x20  Data  Gb  ftpd_msg.o [9]
ftpmsg_rxok             0x00030384   0x34  Data  Gb  ftpd_msg.o [9]
ftpmsg_site_info        0x0003050c   0x30  Data  Gb  ftpd_msg.o [9]
ftpmsg_size             0x00030470   0x18  Data  Gb  ftpd_msg.o [9]
ftpmsg_syst             0x00030558    0xc  Data  Gb  ftpd_msg.o [9]
ftpmsg_tx_complete      0x000306bc   0x1c  Data  Gb  ftpd_msg.o [9]
ftpmsg_txok             0x000303b8   0x30  Data  Gb  ftpd_msg.o [9]
ftpmsg_type_ascii       0x0003062c   0x14  Data  Gb  ftpd_msg.o [9]
ftpmsg_type_image       0x00030640   0x14  Data  Gb  ftpd_msg.o [9]
ftpmsg_type_unknown     0x00030654   0x14  Data  Gb  ftpd_msg.o [9]
ftpmsg_unimp            0x00030450   0x20  Data  Gb  ftpd_msg.o [9]
ftpmsg_writeeof         0x0003040c   0x14  Data  Gb  ftpd_msg.o [9]
ftpmsg_writefail        0x000303f8   0x14  Data  Gb  ftpd_msg.o [9]
get_irq_mask            0x000087d5   0x2a  Code  Lc  io_gpio_kgpio.o [3]
gpio_cpu_configure      0x000087ff  0x160  Code  Gb  io_gpio_kgpio.o [3]
gpio_cpu_init           0x0000895f    0xa  Code  Gb  io_gpio_kgpio.o [3]
gpio_cpu_ioctl          0x00008b5d  0x4f8  Code  Gb  io_gpio_kgpio.o [3]
gpio_cpu_open           0x00008a1d  0x140  Code  Gb  io_gpio_kgpio.o [3]
gpio_eport_irq          0x00009055   0x9c  Code  Lc  io_gpio_kgpio.o [3]
gpio_global_irq_map     0x1fff1b54   0x14  Data  Gb  io_gpio_kgpio.o [3]
gpio_global_pin_map     0x1fff1b40   0x14  Data  Gb  io_gpio_kgpio.o [3]
hub_anchor              0x1fff1aa0    0x4  Data  Lc  usb_host_hub.o [12]
init_hardware           0x000005fd   0x3c  Code  Gb  init_hw.o [3]
install_isr             0x00008969   0xb4  Code  Lc  io_gpio_kgpio.o [3]
int_callback            0x0001ea65   0x1a  Code  Gb  yada_prj.o [1]
isalpha                 0x0000f4c9    0x8  Code  Gb  sh_util.o [11]
isdigit                 0x000142a3   0x10  Code  Gb  sh_util.o [11]
isgraph                 0x0000e6f5   0x18  Code  Gb  sh_util.o [11]
isprint                 0x0000f0d7   0x2a  Code  Gb  sh_util.o [11]
ispunct                 0x0000f4d1    0x8  Code  Gb  sh_util.o [11]
isupper                 0x0000f0cf    0x8  Code  Gb  io_util.o [7]
isxdigit                0x0002015d   0x24  Code  Gb  ftpd_cmd.o [9]
kinetis_flash_invalidate_cache
                        0x0002c691   0x16  Code  Gb  flash_mk60.o [3]
linemark                0x00011479  0x166  Code  Gb  MenuView.o [1]
lower_hex_string        0x000301c8   0x14  Data  Lc  io_dopr.o [7]
main                    0x000004c5   0x10  Code  Gb  mqx_main.o [3]
mass_anchor             0x1fff1aa4    0x4  Data  Lc  usb_host_msd_bo.o [12]
mem_flash_app           0x0001e6b5  0x16c  Code  Gb  mem_flash.o [1]
memcmp                  0x00014ccd         Code  Gb  memcmp.o [8]
memcpy                  0x0000a949    0xe  Code  Gb  esdhc.o [3]
months                  0x00030320   0x30  Data  Lc  dir_read.o [6]
pctl_ptr_arr            0x000314b4   0x14  Data  Lc  io_gpio_kgpio.o [3]
pdb_external            0x1fff00b4    0x4  Data  Lc  adt_kpdb.o [3]
pdb_internal            0x1fff1b1c   0x24  Data  Lc  adt_kpdb.o [3]
phy_ksz8041_IF          0x00030b18   0x14  Data  Gb  phy_ks8721bl.o [3]
phy_ksz8041_discover_addr
                        0x0002cadf   0x46  Code  Lc  phy_ks8721bl.o [3]
phy_ksz8041_get_link_status
                        0x0002cc11   0x46  Code  Lc  phy_ks8721bl.o [3]
phy_ksz8041_get_speed   0x0002cbcb   0x46  Code  Lc  phy_ks8721bl.o [3]
phy_ksz8041_init        0x0002cb25   0xa6  Code  Lc  phy_ks8721bl.o [3]
pipe_init_params_prototype
                        0x00030844   0x24  Data  Lc  host_dev_list.o [12]
read_buffer             0x1fff0068    0x8  Data  Gb  yada_prj.o [1]
req_prototype           0x00030980    0x8  Data  Lc  host_ch9.o [12]
reseed                  0x1fff1ae8    0x4  Data  Lc  rtcsrand.o [9]
rtcs_enet               0x0002e2ac    0xc  Data  Lc  ip-e.o [9]
rtcs_local              0x00030b2c    0xc  Data  Lc  iplocal.o [9]
seed                    0x1fff1ae4    0x4  Data  Lc  rtcsrand.o [9]
send_U16str             0x0000ce15   0x2e  Code  Gb  LCDDriver.o [1]
send_U8str              0x0000cde7   0x2e  Code  Gb  LCDDriver.o [1]
send_area               0x0000cdbf   0x28  Code  Gb  LCDDriver.o [1]
send_byte               0x0000cd6f   0x12  Code  Gb  LCDDriver.o [1]
send_end                0x0000ce43   0x14  Code  Gb  LCDDriver.o [1]
send_word               0x0000cd81   0x2a  Code  Gb  LCDDriver.o [1]
send_xy                 0x0000cdab   0x14  Code  Gb  LCDDriver.o [1]
sin                     0x00012f05    0x6  Code  Gb  sin.o [5]
spi2_dma_int            0x000084f9   0xc0  Code  Gb  DSPSPI.o [1]
spifd_2                 0x1fff1900    0x4  Data  Gb  DSPSPI.o [1]
state                   0x1fff00b0    0x4  Data  Lc  rtcsrand.o [9]
strcat                  0x0001e2e3   0x1e  Code  Gb  strcat.o [4]
strcmp                  0x0000a779         Code  Gb  strcmp.o [8]
strcpy                  0x0000e6b1         Code  Gb  strcpy.o [8]
strlen                  0x0000a7bd         Code  Gb  strlen.o [8]
strncmp                 0x0000bbf5   0x2a  Code  Gb  strncmp.o [4]
strncpy                 0x0000c2dd         Code  Gb  strncpy.o [8]
strpbrk                 0x000204a1    0x4  Code  Gb  strpbrk.o [4]
systick_config          0x00001b69    0xc  Code  Gb  init_bsp.o [3]
systick_init            0x00001b75   0x34  Code  Lc  init_bsp.o [3]
text                    0x1fff0008   0x14  Data  Gb  MenuView.o [1]
tolower                 0x0000e70d    0x8  Code  Gb  io_util.o [7]
tr_index                0x1fff1a98    0x4  Data  Lc  host_common.o [12]
uart_isr                0x000029ad   0x76  Code  Gb  serl_int_kuart.o [3]
uart_lcd                0x1fff1904    0x4  Data  Gb  LCDDriver.o [1]
upper_hex_string        0x000301b4   0x14  Data  Lc  io_dopr.o [7]
usb_class_hub_clear_feature
                        0x000249a1   0x1e  Code  Gb  usb_host_hub.o [12]
usb_class_hub_clear_port_feature
                        0x000249bf   0x24  Code  Gb  usb_host_hub.o [12]
usb_class_hub_cntrl_callback
                        0x00024825   0x1a  Code  Gb  usb_host_hub.o [12]
usb_class_hub_cntrl_common
                        0x0002483f   0xfe  Code  Gb  usb_host_hub.o [12]
usb_class_hub_get_app   0x000247c5   0x60  Code  Gb  usb_host_hub.o [12]
usb_class_hub_get_descriptor
                        0x0002493d   0x40  Code  Gb  usb_host_hub.o [12]
usb_class_hub_get_port_status
                        0x00024a03   0x22  Code  Gb  usb_host_hub.o [12]
usb_class_hub_get_status
                        0x000249e3   0x20  Code  Gb  usb_host_hub.o [12]
usb_class_hub_init      0x00024769   0x5c  Code  Gb  usb_host_hub.o [12]
usb_class_hub_int_callback
                        0x00024afd   0x1a  Code  Gb  usb_host_hub.o [12]
usb_class_hub_set_port_feature
                        0x0002497d   0x24  Code  Gb  usb_host_hub.o [12]
usb_class_hub_wait_for_interrupt
                        0x00024a25   0xcc  Code  Gb  usb_host_hub.o [12]
usb_class_mass_call_back_cbw
                        0x0001c24d   0xa2  Code  Lc  usb_host_msd_bo.o [12]
usb_class_mass_call_back_csw
                        0x0001c3c5  0x12e  Code  Lc  usb_host_msd_bo.o [12]
usb_class_mass_call_back_dphase
                        0x0001c2ef   0xd6  Code  Lc  usb_host_msd_bo.o [12]
usb_class_mass_clear_bulk_pipe_on_usb
                        0x0001c5dd   0x7c  Code  Lc  usb_host_msd_bo.o [12]
usb_class_mass_deleteq  0x0001e03f   0x34  Code  Gb  usb_host_msd_queue.o [12]
usb_class_mass_get_pending_request
                        0x0001e073   0x26  Code  Gb  usb_host_msd_queue.o [12]
usb_class_mass_init     0x0001c141   0x88  Code  Gb  usb_host_msd_bo.o [12]
usb_class_mass_pass_on_usb
                        0x0001c4f3   0xea  Code  Lc  usb_host_msd_bo.o [12]
usb_class_mass_q_init   0x0001dff7    0xc  Code  Gb  usb_host_msd_queue.o [12]
usb_class_mass_q_insert
                        0x0001e003   0x3c  Code  Gb  usb_host_msd_queue.o [12]
usb_class_mass_reset_callback
                        0x0001c6c1   0xd0  Code  Lc  usb_host_msd_bo.o [12]
usb_class_mass_reset_recovery_on_usb
                        0x0001c659   0x68  Code  Gb  usb_host_msd_bo.o [12]
usb_class_mass_storage_device_command
                        0x0001c1c9   0x84  Code  Gb  usb_host_msd_bo.o [12]
usb_dev_list_attach_device
                        0x0001b35f  0x120  Code  Gb  host_dev_list.o [12]
usb_dev_list_close_pipe
                        0x0001b489   0x46  Code  Lc  host_dev_list.o [12]
usb_dev_list_close_pipe_bundle
                        0x0001b4cf   0x2a  Code  Gb  host_dev_list.o [12]
usb_dev_list_detach_device
                        0x0001b4f9   0x82  Code  Gb  host_dev_list.o [12]
usb_dev_list_free_mem   0x0001b1ff   0x76  Code  Gb  host_dev_list.o [12]
usb_dev_list_free_memlist
                        0x0001b1a9   0x56  Code  Gb  host_dev_list.o [12]
usb_dev_list_get_mem    0x0001b275   0xea  Code  Gb  host_dev_list.o [12]
usb_filesystem_install  0x00015431  0x18c  Code  Gb  USB_File.o [1]
usb_filesystem_uninstall
                        0x000155bd   0xde  Code  Gb  USB_File.o [1]
usb_host_ch9_dev_req    0x0001bdf9   0x8e  Code  Lc  host_ch9.o [12]
usb_host_class_intf_init
                        0x00017a87   0xf8  Code  Gb  host_common.o [12]
usb_host_class_intf_validate
                        0x00017b7f   0x22  Code  Gb  host_common.o [12]
usb_host_cntrl_transaction_done
                        0x0001bae1  0x2e2  Code  Lc  host_ch9.o [12]
usb_host_driver_info_match
                        0x00017ba1   0xec  Code  Lc  host_common.o [12]
usb_host_driver_info_nonzero
                        0x00017cf7   0x4a  Code  Lc  host_common.o [12]
usb_host_driver_info_scan
                        0x00017c8d   0x6a  Code  Lc  host_common.o [12]
usb_host_hub_device_event
                        0x00024209   0x9e  Code  Gb  usb_host_hub_sm.o [12]
usb_host_hub_device_sm  0x000242a9  0x45c  Code  Lc  usb_host_hub_sm.o [12]
usb_host_hub_int_callback
                        0x00024705   0x60  Code  Lc  usb_host_hub_sm.o [12]
usb_host_map_class_intf
                        0x00017d41   0x3a  Code  Lc  host_common.o [12]
usb_host_mass_device_event
                        0x0001e301   0x6e  Code  Gb  USB_Task.o [1]
usb_host_state_struct_ptr
                        0x1fff1a9c    0x4  Data  Gb  host_main.o [12]
usb_hostdev_attach_detach
                        0x0001767d   0x48  Code  Gb  host_common.o [12]
usb_hostdev_delete_interface
                        0x00017dab   0xce  Code  Gb  host_common.o [12]
usb_hostdev_get_class   0x000177d3   0x6c  Code  Lc  host_common.o [12]
usb_hostdev_get_pipe_handle
                        0x00017a09   0x7e  Code  Gb  host_common.o [12]
usb_hostdev_mask_class_etc
                        0x00017e79   0x2a  Code  Lc  host_common.o [12]
usb_hostdev_open_pipe   0x00017ea3  0x10c  Code  Lc  host_common.o [12]
usb_hostdev_tr_init     0x0001818b   0x36  Code  Gb  host_common.o [12]
usb_hostdev_validate    0x000176c5   0x28  Code  Gb  host_common.o [12]
usb_mass_ufi_cancel     0x00018255    0xc  Code  Gb  usb_host_msd_ufi.o [12]
usb_mass_ufi_generic    0x000181d1   0x84  Code  Gb  usb_host_msd_ufi.o [12]


[1] = L:\git_workspace\YD_PRJ_NEW_20130323_git_\IAR\twrk60n512\Int Flash Debug\Obj
[2] = command line
[3] = bsp_twrk60n512_20130322_no_event.a
[4] = dl7M_tln.a
[5] = m7M_tl.a
[6] = mfs_twrk60n512_d.a
[7] = psp_twrk60n512_d.a
[8] = rt7M_tl.a
[9] = rtcs_twrk60n512_d_20130105.a
[10] = shb_l.a
[11] = shell_twrk60n512_d_20130319.a
[12] = usb_hdk_twrk60n512_d.a

  183 560 bytes of readonly  code memory
   18 630 bytes of readonly  data memory
    7 611 bytes of readwrite data memory

Errors: none
Warnings: none
