###############################################################################
#                                                                             #
# IAR ELF Linker V6.30.1.53127/W32 for ARM              01/Apr/2013  14:28:12 #
# Copyright 2007-2011 IAR Systems AB.                                         #
#                                                                             #
#    Output file  =  L:\git_workspace\YD_PRJ_NEW_20130323_git_\IAR\twrk60n512 #
#                    \Int Flash Debug\Exe\twrk60n512.out                      #
#    Map file     =  L:\git_workspace\YD_PRJ_NEW_20130323_git_\IAR\twrk60n512 #
#                    \Int Flash Debug\List\twrk60n512.map                     #
#    Command line =  "L:\git_workspace\YD_PRJ_NEW_20130323_git_\IAR\twrk60n51 #
#                    2\Int Flash Debug\Obj\DSPSPI.o"                          #
#                    "L:\git_workspace\YD_PRJ_NEW_20130323_git_\IAR\twrk60n51 #
#                    2\Int Flash Debug\Obj\DataConvert.o"                     #
#                    "L:\git_workspace\YD_PRJ_NEW_20130323_git_\IAR\twrk60n51 #
#                    2\Int Flash Debug\Obj\FTP_Task.o"                        #
#                    "L:\git_workspace\YD_PRJ_NEW_20130323_git_\IAR\twrk60n51 #
#                    2\Int Flash Debug\Obj\LCDDriver.o"                       #
#                    "L:\git_workspace\YD_PRJ_NEW_20130323_git_\IAR\twrk60n51 #
#                    2\Int Flash Debug\Obj\LCDUart.o"                         #
#                    "L:\git_workspace\YD_PRJ_NEW_20130323_git_\IAR\twrk60n51 #
#                    2\Int Flash Debug\Obj\MenuView.o"                        #
#                    "L:\git_workspace\YD_PRJ_NEW_20130323_git_\IAR\twrk60n51 #
#                    2\Int Flash Debug\Obj\SD_task.o"                         #
#                    "L:\git_workspace\YD_PRJ_NEW_20130323_git_\IAR\twrk60n51 #
#                    2\Int Flash Debug\Obj\Shell_Task.o"                      #
#                    "L:\git_workspace\YD_PRJ_NEW_20130323_git_\IAR\twrk60n51 #
#                    2\Int Flash Debug\Obj\System.o"                          #
#                    "L:\git_workspace\YD_PRJ_NEW_20130323_git_\IAR\twrk60n51 #
#                    2\Int Flash Debug\Obj\USB_File.o"                        #
#                    "L:\git_workspace\YD_PRJ_NEW_20130323_git_\IAR\twrk60n51 #
#                    2\Int Flash Debug\Obj\USB_Task.o"                        #
#                    "L:\git_workspace\YD_PRJ_NEW_20130323_git_\IAR\twrk60n51 #
#                    2\Int Flash Debug\Obj\mem_flash.o"                       #
#                    "L:\git_workspace\YD_PRJ_NEW_20130323_git_\IAR\twrk60n51 #
#                    2\Int Flash Debug\Obj\mem_ram.o"                         #
#                    "L:\git_workspace\YD_PRJ_NEW_20130323_git_\IAR\twrk60n51 #
#                    2\Int Flash Debug\Obj\pin2.o"                            #
#                    "L:\git_workspace\YD_PRJ_NEW_20130323_git_\IAR\twrk60n51 #
#                    2\Int Flash Debug\Obj\sh_cd.o"                           #
#                    "L:\git_workspace\YD_PRJ_NEW_20130323_git_\IAR\twrk60n51 #
#                    2\Int Flash Debug\Obj\sh_di.o"                           #
#                    "L:\git_workspace\YD_PRJ_NEW_20130323_git_\IAR\twrk60n51 #
#                    2\Int Flash Debug\Obj\tcpip_socket_task.o"               #
#                    "L:\git_workspace\YD_PRJ_NEW_20130323_git_\IAR\twrk60n51 #
#                    2\Int Flash Debug\Obj\usb_classes.o"                     #
#                    "L:\git_workspace\YD_PRJ_NEW_20130323_git_\IAR\twrk60n51 #
#                    2\Int Flash Debug\Obj\yada_prj.o"                        #
#                    L:\git_workspace\YD_PRJ_NEW_20130323_git_\lib\twrk60n512 #
#                    .iar\bsp\bsp_twrk60n512_130330_no_event_lpt.a            #
#                    L:\git_workspace\YD_PRJ_NEW_20130323_git_\lib\twrk60n512 #
#                    .iar\mfs\mfs_twrk60n512_d.a                              #
#                    L:\git_workspace\YD_PRJ_NEW_20130323_git_\lib\twrk60n512 #
#                    .iar\psp\psp_twrk60n512_d.a                              #
#                    L:\git_workspace\YD_PRJ_NEW_20130323_git_\lib\twrk60n512 #
#                    .iar\rtcs\rtcs_twrk60n512_d_20130105.a                   #
#                    L:\git_workspace\YD_PRJ_NEW_20130323_git_\lib\twrk60n512 #
#                    .iar\shell\shell_twrk60n512_d_20130331.a                 #
#                    L:\git_workspace\YD_PRJ_NEW_20130323_git_\lib\twrk60n512 #
#                    .iar\usb\host\usb_hdk_twrk60n512_d.a --redirect          #
#                    _Printf=_PrintfFull --redirect _Scanf=_ScanfFull -o      #
#                    "L:\git_workspace\YD_PRJ_NEW_20130323_git_\IAR\twrk60n51 #
#                    2\Int Flash Debug\Exe\twrk60n512.out" --map              #
#                    "L:\git_workspace\YD_PRJ_NEW_20130323_git_\IAR\twrk60n51 #
#                    2\Int Flash Debug\List\twrk60n512.map" --config          #
#                    L:\git_workspace\YD_PRJ_NEW_20130323_git_\IAR\..\lib\twr #
#                    k60n512.iar\bsp\intflash.icf --redirect                  #
#                    __iar_dlmalloc=malloc --redirect __iar_dlcalloc=calloc   #
#                    --redirect __iar_dlfree=free --semihosting --entry       #
#                    __iar_program_start --vfe                                #
#                                                                             #
#                                                                             #
###############################################################################

*******************************************************************************
*** RUNTIME MODEL ATTRIBUTES
***

CppFlavor                   = *
__SystemLibrary             = DLib
__dlib_jmp_buf_num_elements = 8


*******************************************************************************
*** PLACEMENT SUMMARY
***

"A1":  place at 0x00000000 { ro section .intvec, block CFMPROTROM };
"P1":  place in [from 0x00000000 to 0x0007ffff] {
          first block TEXTSECTION, ro, last block FLASHX_POOL };
"P2":  place in [from 0x1fff0000 to 0x2000fff0] { rw, last block KERNEL_DATA };

  Section            Kind        Address     Size  Object
  -------            ----        -------     ----  ------
"A1":                                       0x414
  .intvec            const    0x00000000    0x400  vectors.o [3]
  CFMPROTROM                  0x00000400     0x14  <Block>
    .cfmconfig       const    0x00000400     0x10  vectors.o [3]
    .cfmconfig       const    0x00000410      0x0  vectors.o [3]
    CFMPROTROM       const    0x00000410      0x4  <Block tail>
                            - 0x00000414    0x414

"P1":                                     0x323e4
  TEXTSECTION                 0x00000420  0x2d5c0  <Block>
    .text            ro code  0x00000420     0x4c  cortex_boot.o [7]
    .text            ro code  0x0000046c      0xc  cstartup_M.o [8]
    .text            ro code  0x00000478     0x16  cmain.o [8]
    .text            ro code  0x0000048e      0xa  iar.o [3]
    .text            ro code  0x00000498     0x2c  data_init3.o [8]
    .text            ro code  0x000004c4     0x10  mqx_main.o [3]
    .text            ro code  0x000004d4      0x4  exit.o [4]
    .text            ro code  0x000004d8    0x190  init_hw.o [3]
    .text            ro code  0x00000668    0x1a8  mqx.o [7]
    .text            ro code  0x00000810      0xa  cexit.o [8]
    .text            ro code  0x0000081a     0x46  sotcp.o [9]
    .text            ro code  0x00000860    0x79c  bsp_cm.o [3]
    .text            ro code  0x00000ffc    0x538  init_gpio.o [3]
    .text            ro code  0x00001534    0x134  mem_zero.o [7]
    .text            ro code  0x00001668     0x76  ABImemcpy.o [8]
    .text            ro code  0x000016de     0x56  macnet_rejoin.o [3]
    .text            ro code  0x00001734     0xd8  mqxiinit.o [7]
    .text            ro code  0x0000180c     0x28  lwm_init.o [7]
    .text            ro code  0x00001834     0x18  lwm_gsys.o [7]
    .text            ro code  0x0000184c     0x24  lwm_size.o [7]
    .text            ro code  0x00001870    0x1c4  ta_init.o [7]
    .text            ro code  0x00001a34     0xc0  sc_irdyq.o [7]
    .text            ro code  0x00001af4     0x74  lws_crea.o [7]
    .text            ro code  0x00001b68    0x2c8  init_bsp.o [3]
    .text            ro code  0x00001e30     0x24  int_disa.o [7]
    .text            ro code  0x00001e54     0x14  exit.o [10]
    .text            ro code  0x00001e68     0x14  cm.o [3]
    .text            ro code  0x00001e7c      0xc  qu_init.o [7]
    .text            ro code  0x00001e88     0x64  lwm_crep.o [7]
    .text            ro code  0x00001eec    0x204  lwm_alli.o [7]
    .text            ro code  0x000020f0     0x34  td_serr.o [7]
    .text            ro code  0x00002124     0xd0  td_alloc.o [7]
    .text            ro code  0x000021f4     0x68  stack_bu.o [7]
    .text            ro code  0x0000225c      0x8  lwm_xfri.o [7]
    .text            ro code  0x00002264     0x18  lwm_allz.o [7]
    .text            ro code  0x0000227c     0x38  int_ena.o [7]
    .text            ro code  0x000022b4     0x3e  qu_enq.o [7]
    .text            ro code  0x000022f2     0x22  zero_init3.o [8]
    .text            ro code  0x00002314      0xc  mqx_scpu.o [7]
    .text            ro code  0x00002320     0x30  lwm_allo.o [7]
    .text            ro code  0x00002350     0x14  psp_iinit.o [7]
    .text            ro code  0x00002364     0x10  int_vtab.o [7]
    .text            ro code  0x00002374     0x10  ti_setv.o [7]
    .text            ro code  0x00002384     0xb0  int_iisr.o [7]
    .text            ro code  0x00002434     0x10  ti_sett.o [7]
    .text            ro code  0x00002444     0x10  ti_shwtt.o [7]
    .text            ro code  0x00002454     0x14  ti_shwtf.o [7]
    .text            ro code  0x00002468     0x14  kinetis_mpu.o [7]
    .text            ro code  0x0000247c     0x18  io_init.o [7]
    .text            ro code  0x00002494    0x3b4  serl_pol_kuart.o [3]
    .text            ro code  0x00002848    0x1f0  serl_int_kuart.o [3]
    .text            ro code  0x00002a38    0x86c  i2c_pol_ki2c.o [3]
    .text            ro code  0x000032a4    0x6aa  i2c_int_ki2c.o [3]
    .text            ro code  0x0000394e     0x2e  copy_init3.o [8]
    .text            ro code  0x0000397c    0x9e8  spi_pol_dspi.o [3]
    .text            ro code  0x00004364    0x7b4  spi_dma_dspi.o [3]
    .text            ro code  0x00004b18    0x28c  io_gpio.o [3]
    .text            ro code  0x00004da4    0x5ae  adc.o [3]
    .text            ro code  0x00005354    0xc76  esdhc.o [3]
    .text            ro code  0x00005fcc    0xd3c  flashx.o [3]
    .text            ro code  0x00006d08     0x34  io_sinit.o [3]
    .text            ro code  0x00006d3c     0xe0  ti_krnl.o [7]
    .text            ro code  0x00006e1c     0xfc  lwm_free.o [7]
    .text            ro code  0x00006f18     0x40  qu_insrt.o [7]
    .text            ro code  0x00006f58     0x78  int_init.o [7]
    .text            ro code  0x00006fd0     0x10  int_inst.o [7]
    .text            ro code  0x00006fe0    0x53c  serl_pol.o [3]
    .text            ro code  0x0000751c     0x4c  serl_mk60.o [3]
    .text            ro code  0x00007568     0x18  lwm_zsys.o [7]
    .text            ro code  0x00007580    0x610  serl_int.o [3]
    .text            ro code  0x00007b90     0x60  int_gdat.o [7]
    .text            ro code  0x00007bf0      0x4  int_geh.o [7]
    .text            ro code  0x00007bf4     0xa0  cortex.o [7]
    .text            ro code  0x00007c94     0xf0  ev_open.o [7]
    .text            ro code  0x00007d84     0xe0  ev_set.o [7]
    .text            ro code  0x00007e64    0x170  i2c_pol.o [3]
    .text            ro code  0x00007fd4     0x38  i2c_mk60.o [3]
    .text            ro code  0x0000800c    0x16c  i2c_int.o [3]
    .text            ro code  0x00008178    0x196  spi_pol.o [3]
    .text            ro code  0x00008310     0x30  spi_mk60_dspi.o [3]
    .text            ro code  0x00008340    0x1a2  spi_int.o [3]
    .text            ro code  0x000084e4     0x24  io_pntf.o [7]
    .text            ro code  0x00008508    0x994  io_gpio_kgpio.o [3]
    .text            ro code  0x00008e9c     0x1a  io_inst.o [7]
    .text            ro code  0x00008eb6     0x3e  io_ioctl.o [7]
    .text            ro code  0x00008ef4    0xac0  adc_kadc.o [3]
    .text            ro code  0x000099b4    0xaf8  adt_kpdb.o [3]
    .text            ro code  0x0000a4ac     0x42  strcmp.o [8]
    .text            ro code  0x0000a4f0     0x36  strlen.o [8]
    .text            ro code  0x0000a528     0x38  ti_delay.o [7]
    .text            ro code  0x0000a560    0x108  io_instx.o [7]
    .text            ro code  0x0000a668     0x14  esdhc_mk60.o [3]
    .text            ro code  0x0000a67c      0xe  esdhc.o [3]
    .text            ro code  0x0000a68c     0x78  lws_wait.o [7]
    .text            ro code  0x0000a704    0x17c  mem_copy.o [7]
    .text            ro code  0x0000a880     0x7c  lws_post.o [7]
    .text            ro code  0x0000a8fc     0xa0  io_fopen.o [7]
    .text            ro code  0x0000a99c     0x34  psp_tinm.o [7]
    .text            ro code  0x0000a9d0     0x84  tq_creat.o [7]
    .text            ro code  0x0000aa54     0x80  tq_dest.o [7]
    .text            ro code  0x0000aad4     0xd8  tq_func.o [7]
    .text            ro code  0x0000abac     0x94  na_findi.o [7]
    .text            ro code  0x0000ac40     0x48  io_ghand.o [7]
    .text            ro code  0x0000ac88    0xbd4  io_dopr.o [7]
    .text            ro code  0x0000b85c     0x2a  strncmp.o [4]
    .text            ro code  0x0000b888      0x6  ABImemclr4.o [8]
    .text            ro code  0x0000b890     0x14  adc_mk60.o [3]
    .text            ro code  0x0000b8a4    0x132  I64DivMod.o [8]
    .text            ro code  0x0000b9d8     0xd4  lwe_set.o [7]
    .text            ro code  0x0000baac     0x84  psp_mstiq.o [7]
    .text            ro code  0x0000bb30     0x48  psp_tiad.o [7]
    .text            ro code  0x0000bb78     0x88  ti_deli.o [7]
    .text            ro code  0x0000bc00     0x2e  qu_deq.o [7]
    .text            ro code  0x0000bc2e     0x2c  sc_ipq.o [7]
    .text            ro code  0x0000bc5a     0x1c  strnlen.o [7]
    .text            ro code  0x0000bc78     0x32  ABImemset48.o [8]
    .text            ro code  0x0000bcac      0x2  I64DivZer.o [8]
    .text            ro code  0x0000bcb0    0x174  DSPSPI.o [1]
    .text            ro code  0x0000be24     0x14  ev_creat.o [7]
    .text            ro code  0x0000be38     0x3a  ev_all.o [7]
    .text            ro code  0x0000be74     0x48  ev_clear.o [7]
    .text            ro code  0x0000bebc     0xc0  ev_creai.o [7]
    .text            ro code  0x0000bf7c    0x108  ev_waiti.o [7]
    .text            ro code  0x0000c084     0xcc  ev_comp.o [7]
    .text            ro code  0x0000c150     0x6c  strncpy.o [8]
    .text            ro code  0x0000c1bc    0x138  na_addi.o [7]
    .text            ro code  0x0000c2f4     0x34  ti_delun.o [7]
    .text            ro code  0x0000c328     0x38  ti_delfo.o [7]
    .text            ro code  0x0000c360     0x7c  na_crth.o [7]
    .text            ro code  0x0000c3dc     0x5e  ABImemset.o [8]
    .text            ro code  0x0000c43c    0x37c  DataConvert.o [1]
    .text            ro code  0x0000c7b8     0xfc  FltDiv.o [5]
    .text            ro code  0x0000c8b4     0xd8  FltMul.o [5]
    .text            ro code  0x0000c98c     0x24  FltToU32.o [5]
    .text            ro code  0x0000c9b0     0x32  I32ToFlt.o [5]
    .text            ro code  0x0000c9e2      0x8  abs.o [4]
    .text            ro code  0x0000c9ec     0xe6  FltSub.o [5]
    .text            ro code  0x0000cad4     0x44  FltToS32.o [5]
    .text            ro code  0x0000cb18     0x24  FltCmpLe.o [5]
    .text            ro code  0x0000cb3c     0x84  FltAdd.o [5]
    .text            ro code  0x0000cbc0    0x300  LCDDriver.o [1]
    .text            ro code  0x0000cec0     0x24  io_write.o [7]
    .text            ro code  0x0000cee4     0xf4  FTP_Task.o [1]
    .text            ro code  0x0000cfd8    0x26c  rtcscmd.o [9]
    .text            ro code  0x0000d244     0x24  enaddr.o [3]
    .text            ro code  0x0000d268    0x104  eninit.o [3]
    .text            ro code  0x0000d36c     0x5c  ifadd.o [9]
    .text            ro code  0x0000d3c8    0x644  ftpd.o [9]
    .text            ro code  0x0000da0c     0x88  ta_creat.o [7]
    .text            ro code  0x0000da94     0xe4  mqx_ioc.o [7]
    .text            ro code  0x0000db78    0x1b6  rtcspart.o [9]
    .text            ro code  0x0000dd30     0x2c  ms_id.o [7]
    .text            ro code  0x0000dd5c     0x16  ms_pool.o [7]
    .text            ro code  0x0000dd74     0xa8  rtcstask.o [9]
    .text            ro code  0x0000de1c     0x6c  ms_dpool.o [7]
    .text            ro code  0x0000de88     0xcc  ms_alloc.o [7]
    .text            ro code  0x0000df54     0x58  td_get.o [7]
    .text            ro code  0x0000dfac      0xc  ms_sendb.o [7]
    .text            ro code  0x0000dfb8     0x48  ta_rdy.o [7]
    .text            ro code  0x0000e000      0xc  ms_send.o [7]
    .text            ro code  0x0000e00c     0x10  td_gid.o [7]
    .text            ro code  0x0000e01c     0x1c  td_gerr.o [7]
    .text            ro code  0x0000e038     0x24  td_util.o [7]
    .text            ro code  0x0000e05c     0x2c  init_enet.o [3]
    .text            ro code  0x0000e088     0x58  enutil.o [3]
    .text            ro code  0x0000e0e0     0x3c  ta_env.o [7]
    .text            ro code  0x0000e11c     0x22  ta_sexit.o [7]
    .text            ro code  0x0000e140     0xb2  rtcs.o [9]
    .text            ro code  0x0000e1f4    0x3ea  io_util.o [7]
    .text            ro code  0x0000e5e0     0x44  strcpy.o [8]
    .text            ro code  0x0000e624     0x18  io_util.o [7]
    .text            ro code  0x0000e63c      0x8  io_util.o [7]
    .text            ro code  0x0000e644     0x7c  ta_build.o [7]
    .text            ro code  0x0000e6c0     0x18  lwm_allp.o [7]
    .text            ro code  0x0000e6d8     0x18  lwm_alzp.o [7]
    .text            ro code  0x0000e6f0     0x18  lwm_gsyp.o [7]
    .text            ro code  0x0000e708     0x18  lwm_zsyf.o [7]
    .text            ro code  0x0000e720     0x84  pa_creat.o [7]
    .text            ro code  0x0000e7a4     0x14  pa_sallo.o [7]
    .text            ro code  0x0000e7b8     0x74  pa_free.o [7]
    .text            ro code  0x0000e82c     0x74  pa_dest.o [7]
    .text            ro code  0x0000e8a0    0x20c  ms_pooli.o [7]
    .text            ro code  0x0000eaac     0x12  ta_util.o [7]
    .text            ro code  0x0000eac0     0xa2  lws_dest.o [7]
    .text            ro code  0x0000eb64    0x364  ms_sendi.o [7]
    .text            ro code  0x0000eec8    0x12a  sockutil.o [9]
    .text            ro code  0x0000eff2      0x8  io_util.o [7]
    .text            ro code  0x0000effa     0x2a  io_util.o [7]
    .text            ro code  0x0000f024     0x16  io_util.o [7]
    .text            ro code  0x0000f03c     0x7c  pa_creai.o [7]
    .text            ro code  0x0000f0b8    0x118  pa_alloi.o [7]
    .text            ro code  0x0000f1d0    0x130  ms_comp.o [7]
    .text            ro code  0x0000f300     0x60  ms_free.o [7]
    .text            ro code  0x0000f360     0x10  io_util.o [7]
    .text            ro code  0x0000f370      0x8  io_util.o [7]
    .text            ro code  0x0000f378      0x8  io_util.o [7]
    .text            ro code  0x0000f380     0x7c  pa_comp.o [7]
    .text            ro code  0x0000f3fc     0x5c  pa_extni.o [7]
    .text            ro code  0x0000f458     0x22  io_util.o [7]
    .text            ro code  0x0000f47a     0x28  io_util.o [7]
    .text            ro code  0x0000f4a2     0x10  io_util.o [7]
    .text            ro code  0x0000f4b4    0xa60  LCDUart.o [1]
    .text            ro code  0x0000ff14     0x14  ev_creaa.o [7]
    .text            ro code  0x0000ff28   0x28f4  MenuView.o [1]
    .text            ro code  0x0001281c     0x52  System.o [1]
    .text            ro code  0x00012870     0x30  I32ToDbl.o [5]
    .text            ro code  0x000128a0    0x1a2  DblMul.o [5]
    .text            ro code  0x00012a44    0x246  DblDiv.o [5]
    .text            ro code  0x00012c8a      0x6  cos.o [5]
    .text            ro code  0x00012c90     0xe8  DblAdd.o [5]
    .text            ro code  0x00012d78     0x4c  DblToI32.o [5]
    .text            ro code  0x00012dc4      0x6  sin.o [5]
    .text            ro code  0x00012dcc    0x180  DblSub.o [5]
    .text            ro code  0x00012f4c     0x24  FltCmpGe.o [5]
    .text            ro code  0x00012f70     0x4e  FltToDbl.o [5]
    .text            ro code  0x00012fc0    0x14c  sh_cd.o [1]
    .text            ro code  0x0001310c     0x90  sh_pwd.o [11]
    .text            ro code  0x0001319c    0x220  sh_read_wk.o [11]
    .text            ro code  0x000133bc    0x208  sh_write_binary.o [11]
    .text            ro code  0x000135c4     0xc8  sh_update.o [11]
    .text            ro code  0x0001368c    0x1f0  xsin.o [5]
    .text            ro code  0x0001387c    0x218  sh_util.o [11]
    .text            ro code  0x00013a94    0x408  mfs_misc.o [6]
    .text            ro code  0x00013e9c     0x90  io_fseek.o [7]
    .text            ro code  0x00013f2c     0x16  io_feof.o [7]
    .text            ro code  0x00013f42     0x46  io_fgetc.o [7]
    .text            ro code  0x00013f88     0x34  io_fclos.o [7]
    .text            ro code  0x00013fbc      0xc  errno.o [4]
    .text            ro code  0x00013fc8    0x170  xquad.o [5]
    .text            ro code  0x00014138     0x2e  DblCmpGe.o [5]
    .text            ro code  0x00014168     0x2e  DblCmpLe.o [5]
    .text            ro code  0x00014196     0x10  sh_util.o [11]
    .text            ro code  0x000141a6    0x344  mfs_rw.o [6]
    .text            ro code  0x000144ea     0x9e  mfs_data_sector.o [6]
    .text            ro code  0x00014588    0x382  mfs_fat.o [6]
    .text            ro code  0x0001490a      0x2  xtls.o [4]
    .text            ro code  0x0001490c     0x80  xdint.o [5]
    .text            ro code  0x0001498c     0x20  DblCmpEq.o [5]
    .text            ro code  0x000149ac    0x1a8  fmod.o [5]
    .text            ro code  0x00014b54     0x6a  io_read.o [7]
    .text            ro code  0x00014bc0     0x62  memcmp.o [8]
    .text            ro code  0x00014c24    0x356  mfs_cluster.o [6]
    .text            ro code  0x00014f7c      0xc  iarEdom.o [8]
    .text            ro code  0x00014f88     0x48  Shell_Task.o [1]
    .text            ro code  0x00014fd0    0x22c  shell.o [11]
    .text            ro code  0x000151fc     0x38  io_fflsh.o [7]
    .text            ro code  0x00015234     0x2e  io_fgets.o [7]
    .text            ro code  0x00015262     0x94  io_fgetl.o [7]
    .text            ro code  0x000152f6     0x2c  io_fung.o [7]
    .text            ro code  0x00015324    0x2d0  USB_File.o [1]
    .text            ro code  0x000155f4    0x726  usbmfs.o [12]
    .text            ro code  0x00015d1c    0x5a6  part_mgr.o [6]
    .text            ro code  0x000162c2      0xe  io_ferr.o [7]
    .text            ro code  0x000162d0   0x1222  mfs_init.o [6]
    .text            ro code  0x000174f4     0x7c  io_uinst.o [7]
    .text            ro code  0x00017570    0xb54  host_common.o [12]
    .text            ro code  0x000180c4     0x90  usb_host_msd_ufi.o [12]
    .text            ro code  0x00018154     0x10  ti_getp.o [7]
    .text            ro code  0x00018164     0x98  lws_wati.o [7]
    .text            ro code  0x000181fc     0x30  ti_delti.o [7]
    .text            ro code  0x0001822c     0xa2  mfs_valdev.o [6]
    .text            ro code  0x000182d0    0x39c  mfs_open.o [6]
    .text            ro code  0x0001866c    0x4bc  mfs_create.o [6]
    .text            ro code  0x00018b28    0x2d0  mfs_read.o [6]
    .text            ro code  0x00018df8    0x430  mfs_write.o [6]
    .text            ro code  0x00019228    0x7f8  mfs_directory.o [6]
    .text            ro code  0x00019a20     0xf4  mfs_attribute.o [6]
    .text            ro code  0x00019b14     0xe4  mfs_time.o [6]
    .text            ro code  0x00019bf8    0x7ce  mfs_lfn.o [6]
    .text            ro code  0x0001a3c6    0x102  mfs_delete.o [6]
    .text            ro code  0x0001a4c8    0x2c0  mfs_rename.o [6]
    .text            ro code  0x0001a788    0x89c  mfs_format.o [6]
    .text            ro code  0x0001b024     0x10  qu_util.o [7]
    .text            ro code  0x0001b034     0x68  usb_mqx.o [12]
    .text            ro code  0x0001b09c    0x3d2  host_dev_list.o [12]
    .text            ro code  0x0001b470    0x564  host_main.o [12]
    .text            ro code  0x0001b9d4    0x660  host_ch9.o [12]
    .text            ro code  0x0001c034    0x670  usb_host_msd_bo.o [12]
    .text            ro code  0x0001c6a4     0x36  lws_wain.o [7]
    .text            ro code  0x0001c6da    0x79a  mfs_search.o [6]
    .text            ro code  0x0001ce74     0xf6  mfs_handle.o [6]
    .text            ro code  0x0001cf6a     0x16  ti_get.o [7]
    .text            ro code  0x0001cf80     0xe4  ti_to.o [7]
    .text            ro code  0x0001d064    0x7f6  mfs_dir_entry.o [6]
    .text            ro code  0x0001d85a     0x20  qu_head.o [7]
    .text            ro code  0x0001d87a     0x22  qu_next.o [7]
    .text            ro code  0x0001d89c     0x26  io_spr.o [7]
    .text            ro code  0x0001d8c4    0x57c  mfs_parse.o [6]
    .text            ro code  0x0001de40     0x50  host_close.o [12]
    .text            ro code  0x0001de90     0x5a  usb_mk60.o [3]
    .text            ro code  0x0001deea     0xa2  usb_host_msd_queue.o [12]
    .text            ro code  0x0001df8c     0x58  host_snd.o [12]
    .text            ro code  0x0001dfe4     0x58  host_rcv.o [12]
    .text            ro code  0x0001e03c     0x30  pa_sallz.o [7]
    .text            ro code  0x0001e06c     0x1e  qu_unlnk.o [7]
    .text            ro code  0x0001e08c     0x4c  ti_gett.o [7]
    .text            ro code  0x0001e0d8     0xbc  psp_tkti.o [7]
    .text            ro code  0x0001e194     0x42  ti_leap.o [7]
    .text            ro code  0x0001e1d6     0x1e  strcat.o [4]
    .text            ro code  0x0001e1f4    0x190  USB_Task.o [1]
    .text            ro code  0x0001e384     0x86  lwe_crea.o [7]
    .text            ro code  0x0001e40c     0x20  int_iunx.o [7]
    .text            ro code  0x0001e42c     0x34  lwe_clr.o [7]
    .text            ro code  0x0001e460     0x48  lwe_watt.o [7]
    .text            ro code  0x0001e4a8     0x10  int_idef.o [7]
    .text            ro code  0x0001e4b8     0xf0  lwe_waii.o [7]
    .text            ro code  0x0001e5a8    0x16c  mem_flash.o [1]
    .text            ro code  0x0001e714     0x94  pin2.o [1]
    .text            ro code  0x0001e7a8     0xac  tq_tsusp.o [7]
    .text            ro code  0x0001e854     0x98  ta_prio.o [7]
    .text            ro code  0x0001e8ec     0x68  sc_sprio.o [7]
    .text            ro code  0x0001e954      0x4  ta_sync.o [7]
    .text            ro code  0x0001e958    0x29c  tcpip_socket_task.o [1]
    .text            ro code  0x0001ebf4    0x1a0  soselset.o [9]
    .text            ro code  0x0001ed94     0xbc  sosel0.o [9]
    .text            ro code  0x0001ee50     0xd4  timer.o [9]
    .text            ro code  0x0001ef24    0x3fc  yada_prj.o [1]
    .text            ro code  0x0001f320    0x3ec  timer_lpt.o [3]
    .text            ro code  0x0001f70c    0x118  sh_create.o [11]
    .text            ro code  0x0001f824    0x250  sh_write.o [11]
    .text            ro code  0x0001fa74    0x110  sh_mkdir.o [11]
    .text            ro code  0x0001fb84     0x7c  timer_lpt_kinetis.o [3]
    .text            ro code  0x0001fc00     0x22  I64Shl.o [8]
    .text            ro code  0x0001fc24   0x12f0  ftpd_cmd.o [9]
    .text            ro code  0x00020f14     0x24  ftpd_cmd.o [9]
    .text            ro code  0x00020f38    0x320  dir_read.o [6]
    .text            ro code  0x00021258      0x4  strpbrk.o [4]
    .text            ro code  0x0002125c     0x18  rtcsmsec.o [9]
    .text            ro code  0x00021274     0x20  io_ftell.o [7]
    .text            ro code  0x00021294     0x22  strpbrk.o [4]
    .text            ro code  0x000212b6     0x1a  ti_elaps.o [7]
    .text            ro code  0x000212d0     0x40  ti_elapt.o [7]
    .text            ro code  0x00021310    0x3be  ip-e.o [9]
    .text            ro code  0x000216d0    0x82c  arp.o [9]
    .text            ro code  0x00021efc     0x94  enopen.o [3]
    .text            ro code  0x00021f90     0x82  enclose.o [3]
    .text            ro code  0x00022014     0xdc  rtcsrand.o [9]
    .text            ro code  0x000220f0    0x496  rtcspcb.o [9]
    .text            ro code  0x00022586    0x162  ensend.o [3]
    .text            ro code  0x000226e8    0x24c  iputil.o [9]
    .text            ro code  0x00022934      0x4  proxyarp.o [9]
    .text            ro code  0x00022938     0x3c  lws_poll.o [7]
    .text            ro code  0x00022974    0x24c  ipradix.o [9]
    .text            ro code  0x00022bc0     0x94  sh_cmdlist.o [11]
    .text            ro code  0x00022c54    0x1f0  sh_copy.o [11]
    .text            ro code  0x00022e44    0x11c  sh_del.o [11]
    .text            ro code  0x00022f60    0x108  sh_df.o [11]
    .text            ro code  0x00023068    0x154  sh_dir.o [11]
    .text            ro code  0x000231bc    0x1bc  sh_disect.o [11]
    .text            ro code  0x00023378     0x68  sh_exit.o [11]
    .text            ro code  0x000233e0    0x17c  sh_format.o [11]
    .text            ro code  0x0002355c    0x108  sh_help.o [11]
    .text            ro code  0x00023664    0x22c  sh_read.o [11]
    .text            ro code  0x00023890     0x40  io_fputc.o [7]
    .text            ro code  0x000238d0    0x188  sh_rename.o [11]
    .text            ro code  0x00023a58    0x12c  sh_rmdir.o [11]
    .text            ro code  0x00023b84    0x154  sh_search_file.o [11]
    .text            ro code  0x00023cd8     0xd8  sh_sh.o [11]
    .text            ro code  0x00023db0    0x130  sh_type.o [11]
    .text            ro code  0x00023ee0    0xa94  khci.o [12]
    .text            ro code  0x00024974     0x92  lwmsgq.o [7]
    .text            ro code  0x00024a08    0x138  lwmsgq_recv.o [7]
    .text            ro code  0x00024b40     0x70  ta_creab.o [7]
    .text            ro code  0x00024bb0    0x128  lwmsgq_send.o [7]
    .text            ro code  0x00024cd8    0x560  usb_host_hub_sm.o [12]
    .text            ro code  0x00025238    0x3ae  usb_host_hub.o [12]
    .text            ro code  0x000255e8    0x59c  sstream.o [9]
    .text            ro code  0x00025b84    0x9f6  ip.o [9]
    .text            ro code  0x0002657c    0x76c  iproute.o [9]
    .text            ro code  0x00026ce8     0x86  checksum.o [9]
    .text            ro code  0x00026d6e     0x44  ipsum.o [7]
    .text            ro code  0x00026db4    0x680  icmp.o [9]
    .text            ro code  0x00027434     0x22  route.o [9]
    .text            ro code  0x00027458    0x19e  iplocal.o [9]
    .text            ro code  0x000275f8    0x124  tcpip.o [9]
    .text            ro code  0x0002771c     0x16  ms_open.o [7]
    .text            ro code  0x00027734     0x10  arpinit.o [9]
    .text            ro code  0x00027744     0x18  bootinit.o [9]
    .text            ro code  0x0002775c     0x32  ms_recv.o [7]
    .text            ro code  0x00027790    0x144  ms_openi.o [7]
    .text            ro code  0x000278d4    0x320  ms_recvi.o [7]
    .text            ro code  0x00027bf4     0xe8  int_unx.o [7]
    .text            ro code  0x00027cdc    0x3c4  tcp_clos.o [9]
    .text            ro code  0x000280a0    0x792  tcp_rcv.o [9]
    .text            ro code  0x00028832    0x3a2  ticker.o [9]
    .text            ro code  0x00028bd4   0x16e2  tcp.o [9]
    .text            ro code  0x0002a2b6    0x12c  sosel1.o [9]
    .text            ro code  0x0002a3e4    0xfa8  tcp_send.o [9]
    .text            ro code  0x0002b38c    0x412  tcp_buf.o [9]
    .text            ro code  0x0002b7a0     0x18  ti_getr.o [7]
    .text            ro code  0x0002b7b8    0x464  macnet_init.o [3]
    .text            ro code  0x0002bc1c     0x1c  macnet_mk60.o [3]
    .text            ro code  0x0002bc38    0x49e  macnet_receive.o [3]
    .text            ro code  0x0002c0d8    0x1d4  macnet_util.o [3]
    .text            ro code  0x0002c2ac    0x11a  enrecv.o [3]
    .text            ro code  0x0002c3c8     0x64  int_gisr.o [7]
    .text            ro code  0x0002c42c    0x1e2  ta_dest.o [7]
    .text            ro code  0x0002c610     0x6c  lwm_list.o [7]
    .text            ro code  0x0002c67c      0x2  stack_de.o [7]
    .text            ro code  0x0002c680     0x34  int_isr.o [7]
    .text            ro code  0x0002c6b4     0x10  td_serrt.o [7]
    .text            ro code  0x0002c6c4     0x40  idletask.o [7]
    .text            ro code  0x0002c704     0x60  ev_tdel.o [7]
    .text            ro code  0x0002c764     0x88  macnet_join.o [3]
    .text            ro code  0x0002c7ec     0xe8  macnet_mii.o [3]
    .text            ro code  0x0002c8d4     0x4c  macnet_stop.o [3]
    .text            ro code  0x0002c920     0x24  ta_exit.o [7]
    .text            ro code  0x0002c944    0x31c  udp.o [9]
    .text            ro code  0x0002cc60    0x4fc  flash_ftfl.o [3]
    .text            ro code  0x0002d15c     0x24  flash_mk60.o [3]
    .text            ro code  0x0002d180     0xd8  ms_tdel.o [7]
    .text            ro code  0x0002d258     0x98  pa_tdel.o [7]
    .text            ro code  0x0002d2f0    0x104  soip.o [9]
    .text            ro code  0x0002d3f4    0x1ba  ipif_add.o [9]
    .text            ro code  0x0002d5ae    0x178  phy_ks8721bl.o [3]
    .text            ro code  0x0002d726    0x2ba  macnet_send.o [3]
  KERNEL             ro code  0x0002d9e0    0x218  dispatch.o [7]
  .iar.init_table    const    0x0002dbf8     0x38  - Linker created -
  .rodata            const    0x0002dc30      0x8  DSPSPI.o [1]
  .rodata            const    0x0002dc38     0x1c  DSPSPI.o [1]
  .rodata            const    0x0002dc54     0x24  DSPSPI.o [1]
  .rodata            const    0x0002dc78     0x24  DSPSPI.o [1]
  .rodata            const    0x0002dc9c     0x24  DSPSPI.o [1]
  .rodata            const    0x0002dcc0     0x10  DSPSPI.o [1]
  .rodata            const    0x0002dcd0     0x1c  DSPSPI.o [1]
  .rodata            const    0x0002dcec     0x18  DSPSPI.o [1]
  .rodata            const    0x0002dd04     0x1c  DSPSPI.o [1]
  .rodata            const    0x0002dd20     0x18  DSPSPI.o [1]
  .rodata            const    0x0002dd38      0x8  FTP_Task.o [1]
  .rodata            const    0x0002dd40      0x8  FTP_Task.o [1]
  .rodata            const    0x0002dd48      0x8  FTP_Task.o [1]
  .rodata            const    0x0002dd50      0x4  FTP_Task.o [1]
  .rodata            const    0x0002dd54      0x8  FTP_Task.o [1]
  .rodata            const    0x0002dd5c      0x8  FTP_Task.o [1]
  .rodata            const    0x0002dd64      0x8  FTP_Task.o [1]
  .rodata            const    0x0002dd6c      0x8  FTP_Task.o [1]
  .rodata            const    0x0002dd74      0x4  FTP_Task.o [1]
  .rodata            const    0x0002dd78      0x8  FTP_Task.o [1]
  .rodata            const    0x0002dd80      0x8  FTP_Task.o [1]
  .rodata            const    0x0002dd88      0x8  FTP_Task.o [1]
  .rodata            const    0x0002dd90      0x8  FTP_Task.o [1]
  .rodata            const    0x0002dd98      0x8  FTP_Task.o [1]
  .rodata            const    0x0002dda0      0x8  FTP_Task.o [1]
  .rodata            const    0x0002dda8      0x4  FTP_Task.o [1]
  .rodata            const    0x0002ddac      0x8  FTP_Task.o [1]
  .rodata            const    0x0002ddb4      0x8  FTP_Task.o [1]
  .rodata            const    0x0002ddbc      0x8  FTP_Task.o [1]
  .rodata            const    0x0002ddc4      0x8  FTP_Task.o [1]
  .rodata            const    0x0002ddcc      0x8  FTP_Task.o [1]
  .rodata            const    0x0002ddd4      0x4  FTP_Task.o [1]
  .rodata            const    0x0002ddd8      0x8  FTP_Task.o [1]
  .rodata            const    0x0002dde0      0x8  FTP_Task.o [1]
  .rodata            const    0x0002dde8      0x8  FTP_Task.o [1]
  .rodata            const    0x0002ddf0      0x8  FTP_Task.o [1]
  .rodata            const    0x0002ddf8      0x8  FTP_Task.o [1]
  .rodata            const    0x0002de00      0x8  FTP_Task.o [1]
  .rodata            const    0x0002de08      0x8  FTP_Task.o [1]
  .rodata            const    0x0002de10      0x8  FTP_Task.o [1]
  .rodata            const    0x0002de18      0x8  FTP_Task.o [1]
  .rodata            const    0x0002de20     0x24  FTP_Task.o [1]
  .rodata            const    0x0002de44     0x24  FTP_Task.o [1]
  .rodata            const    0x0002de68     0x24  FTP_Task.o [1]
  .rodata            const    0x0002de8c     0x14  FTP_Task.o [1]
  .rodata            const    0x0002dea0      0xc  FTP_Task.o [1]
  .rodata            const    0x0002deac    0x100  FTP_Task.o [1]
  .rodata            const    0x0002dfac      0x8  LCDDriver.o [1]
  .rodata            const    0x0002dfb4      0x8  LCDUart.o [1]
  .rodata            const    0x0002dfbc      0xc  LCDUart.o [1]
  .rodata            const    0x0002dfc8     0x28  LCDUart.o [1]
  .rodata            const    0x0002dff0     0x24  LCDUart.o [1]
  .rodata            const    0x0002e014     0x24  LCDUart.o [1]
  .rodata            const    0x0002e038     0x1c  LCDUart.o [1]
  .rodata            const    0x0002e054     0x10  LCDUart.o [1]
  .rodata            const    0x0002e064     0x1c  LCDUart.o [1]
  .rodata            const    0x0002e080     0x18  LCDUart.o [1]
  .rodata            const    0x0002e098      0xc  MenuView.o [1]
  .rodata            const    0x0002e0a4     0x10  MenuView.o [1]
  .rodata            const    0x0002e0b4     0x10  MenuView.o [1]
  .rodata            const    0x0002e0c4     0x14  MenuView.o [1]
  .rodata            const    0x0002e0d8     0x38  MenuView.o [1]
  .rodata            const    0x0002e110      0x4  MenuView.o [1]
  .rodata            const    0x0002e114      0x8  MenuView.o [1]
  .rodata            const    0x0002e11c     0x24  MenuView.o [1]
  .rodata            const    0x0002e140     0x48  MenuView.o [1]
  .rodata            const    0x0002e188      0x8  MenuView.o [1]
  .rodata            const    0x0002e190      0x8  MenuView.o [1]
  .rodata            const    0x0002e198      0xc  MenuView.o [1]
  .rodata            const    0x0002e1a4      0x8  MenuView.o [1]
  .rodata            const    0x0002e1ac     0x10  MenuView.o [1]
  .rodata            const    0x0002e1bc      0x8  MenuView.o [1]
  .rodata            const    0x0002e1c4      0x8  MenuView.o [1]
  .rodata            const    0x0002e1cc     0x2c  MenuView.o [1]
  .rodata            const    0x0002e1f8     0x58  MenuView.o [1]
  .rodata            const    0x0002e250     0x10  MenuView.o [1]
  .rodata            const    0x0002e260     0x10  MenuView.o [1]
  .rodata            const    0x0002e270      0x8  MenuView.o [1]
  .rodata            const    0x0002e278      0x4  Shell_Task.o [1]
  .rodata            const    0x0002e27c      0x8  Shell_Task.o [1]
  .rodata            const    0x0002e284      0x8  Shell_Task.o [1]
  .rodata            const    0x0002e28c      0x4  Shell_Task.o [1]
  .rodata            const    0x0002e290      0x8  Shell_Task.o [1]
  .rodata            const    0x0002e298      0x4  Shell_Task.o [1]
  .rodata            const    0x0002e29c      0x4  Shell_Task.o [1]
  .rodata            const    0x0002e2a0      0x8  Shell_Task.o [1]
  .rodata            const    0x0002e2a8      0x8  Shell_Task.o [1]
  .rodata            const    0x0002e2b0      0x8  Shell_Task.o [1]
  .rodata            const    0x0002e2b8      0x8  Shell_Task.o [1]
  .rodata            const    0x0002e2c0      0x4  Shell_Task.o [1]
  .rodata            const    0x0002e2c4      0x8  Shell_Task.o [1]
  .rodata            const    0x0002e2cc      0x4  Shell_Task.o [1]
  .rodata            const    0x0002e2d0      0x8  Shell_Task.o [1]
  .rodata            const    0x0002e2d8      0x4  Shell_Task.o [1]
  .rodata            const    0x0002e2dc      0x8  Shell_Task.o [1]
  .rodata            const    0x0002e2e4      0x8  Shell_Task.o [1]
  .rodata            const    0x0002e2ec      0x8  Shell_Task.o [1]
  .rodata            const    0x0002e2f4      0x8  Shell_Task.o [1]
  .rodata            const    0x0002e2fc     0x28  Shell_Task.o [1]
  .rodata            const    0x0002e324     0x24  Shell_Task.o [1]
  .rodata            const    0x0002e348     0x24  Shell_Task.o [1]
  .rodata            const    0x0002e36c     0x20  Shell_Task.o [1]
  .rodata            const    0x0002e38c     0xb0  Shell_Task.o [1]
  .rodata            const    0x0002e43c     0x1c  USB_File.o [1]
  .rodata            const    0x0002e458     0x4c  USB_File.o [1]
  .rodata            const    0x0002e4a4     0x34  USB_File.o [1]
  .rodata            const    0x0002e4d8     0x24  USB_File.o [1]
  .rodata            const    0x0002e4fc     0x20  USB_File.o [1]
  .rodata            const    0x0002e51c     0x20  USB_File.o [1]
  .rodata            const    0x0002e53c     0x24  USB_File.o [1]
  .rodata            const    0x0002e560     0x24  USB_File.o [1]
  .rodata            const    0x0002e584     0x2c  USB_File.o [1]
  .rodata            const    0x0002e5b0     0x24  USB_File.o [1]
  .rodata            const    0x0002e5d4     0x20  USB_File.o [1]
  .rodata            const    0x0002e5f4     0x1c  USB_File.o [1]
  .rodata            const    0x0002e610     0x18  USB_File.o [1]
  .rodata            const    0x0002e628     0x2c  USB_File.o [1]
  .rodata            const    0x0002e654     0x14  USB_File.o [1]
  .rodata            const    0x0002e668     0x24  USB_File.o [1]
  .rodata            const    0x0002e68c     0x18  USB_File.o [1]
  .rodata            const    0x0002e6a4     0x28  USB_File.o [1]
  .rodata            const    0x0002e6cc     0x18  USB_File.o [1]
  .rodata            const    0x0002e6e4     0x2c  USB_File.o [1]
  .rodata            const    0x0002e710     0x18  USB_File.o [1]
  .rodata            const    0x0002e728     0x30  USB_File.o [1]
  .rodata            const    0x0002e758     0x14  USB_File.o [1]
  .rodata            const    0x0002e76c     0x1c  USB_File.o [1]
  .rodata            const    0x0002e788     0x18  USB_File.o [1]
  .rodata            const    0x0002e7a0     0x24  USB_Task.o [1]
  .rodata            const    0x0002e7c4     0x24  USB_Task.o [1]
  .rodata            const    0x0002e7e8     0x24  USB_Task.o [1]
  .rodata            const    0x0002e80c      0x8  USB_Task.o [1]
  .rodata            const    0x0002e814      0x8  USB_Task.o [1]
  .rodata            const    0x0002e81c     0x30  USB_Task.o [1]
  .rodata            const    0x0002e84c      0x4  mem_flash.o [1]
  .rodata            const    0x0002e850      0x8  mem_flash.o [1]
  .rodata            const    0x0002e858     0x14  mem_flash.o [1]
  .rodata            const    0x0002e86c      0x8  mem_flash.o [1]
  .rodata            const    0x0002e874     0x18  mem_flash.o [1]
  .rodata            const    0x0002e88c     0x18  mem_flash.o [1]
  .rodata            const    0x0002e8a4     0x28  mem_flash.o [1]
  .rodata            const    0x0002e8cc     0x28  mem_flash.o [1]
  .rodata            const    0x0002e8f4     0x1c  mem_flash.o [1]
  .rodata            const    0x0002e910     0x20  mem_flash.o [1]
  .rodata            const    0x0002e930     0x30  mem_flash.o [1]
  .rodata            const    0x0002e960     0x1c  mem_flash.o [1]
  .rodata            const    0x0002e97c      0xc  pin2.o [1]
  .rodata            const    0x0002e988      0xc  pin2.o [1]
  .rodata            const    0x0002e994      0x8  pin2.o [1]
  .rodata            const    0x0002e99c     0x28  sh_cd.o [1]
  .rodata            const    0x0002e9c4     0x2c  sh_cd.o [1]
  .rodata            const    0x0002e9f0     0x1c  sh_cd.o [1]
  .rodata            const    0x0002ea0c     0x20  sh_cd.o [1]
  .rodata            const    0x0002ea2c     0x14  sh_cd.o [1]
  .rodata            const    0x0002ea40     0x18  sh_cd.o [1]
  .rodata            const    0x0002ea58     0x34  sh_cd.o [1]
  .rodata            const    0x0002ea8c     0x28  tcpip_socket_task.o [1]
  .rodata            const    0x0002eab4     0x2c  tcpip_socket_task.o [1]
  .rodata            const    0x0002eae0     0x1c  tcpip_socket_task.o [1]
  .rodata            const    0x0002eafc     0x28  tcpip_socket_task.o [1]
  .rodata            const    0x0002eb24     0x20  tcpip_socket_task.o [1]
  .rodata            const    0x0002eb44     0x14  tcpip_socket_task.o [1]
  .rodata            const    0x0002eb58      0x8  tcpip_socket_task.o [1]
  .rodata            const    0x0002eb60     0x24  tcpip_socket_task.o [1]
  .rodata            const    0x0002eb84     0x10  yada_prj.o [1]
  .rodata            const    0x0002eb94      0xc  yada_prj.o [1]
  .rodata            const    0x0002eba0      0xc  yada_prj.o [1]
  .rodata            const    0x0002ebac     0x10  yada_prj.o [1]
  .rodata            const    0x0002ebbc      0xc  yada_prj.o [1]
  .rodata            const    0x0002ebc8      0xc  yada_prj.o [1]
  .rodata            const    0x0002ebd4     0x10  yada_prj.o [1]
  .rodata            const    0x0002ebe4      0xc  yada_prj.o [1]
  .rodata            const    0x0002ebf0      0xc  yada_prj.o [1]
  .rodata            const    0x0002ebfc      0xc  yada_prj.o [1]
  .rodata            const    0x0002ec08     0x20  yada_prj.o [1]
  .rodata            const    0x0002ec28     0x24  yada_prj.o [1]
  .rodata            const    0x0002ec4c     0x24  yada_prj.o [1]
  .rodata            const    0x0002ec70     0x24  yada_prj.o [1]
  .rodata            const    0x0002ec94      0x8  yada_prj.o [1]
  .rodata            const    0x0002ec9c      0xc  yada_prj.o [1]
  .rodata            const    0x0002eca8      0x8  yada_prj.o [1]
  .rodata            const    0x0002ecb0      0x8  yada_prj.o [1]
  .rodata            const    0x0002ecb8      0xc  yada_prj.o [1]
  .rodata            const    0x0002ecc4      0x8  yada_prj.o [1]
  .rodata            const    0x0002eccc      0x8  yada_prj.o [1]
  .rodata            const    0x0002ecd4     0x18  yada_prj.o [1]
  .rodata            const    0x0002ecec      0xc  yada_prj.o [1]
  .rodata            const    0x0002ecf8      0x8  yada_prj.o [1]
  .rodata            const    0x0002ed00      0xc  yada_prj.o [1]
  .rodata            const    0x0002ed0c    0x140  yada_prj.o [1]
  .rodata            const    0x0002ee4c      0x4  ftpd_cmd.o [9]
  .rodata            const    0x0002ee50     0x10  ftpd_cmd.o [9]
  .rodata            const    0x0002ee60      0x8  ftpd_cmd.o [9]
  .rodata            const    0x0002ee68      0xc  ftpd_cmd.o [9]
  .rodata            const    0x0002ee74     0x14  ftpd_cmd.o [9]
  .rodata            const    0x0002ee88      0x8  ftpd_cmd.o [9]
  .rodata            const    0x0002ee90     0x20  ftpd_cmd.o [9]
  .rodata            const    0x0002eeb0     0x24  ftpd_cmd.o [9]
  .rodata            const    0x0002eed4     0x20  ftpd_cmd.o [9]
  .rodata            const    0x0002eef4     0x30  ftpd_cmd.o [9]
  .rodata            const    0x0002ef24     0x28  ftpd_cmd.o [9]
  .rodata            const    0x0002ef4c     0x24  ftpd_cmd.o [9]
  .rodata            const    0x0002ef70     0x1c  ftpd_cmd.o [9]
  .rodata            const    0x0002ef8c      0x4  ftpd.o [9]
  .rodata            const    0x0002ef90      0x8  ftpd.o [9]
  .rodata            const    0x0002ef98      0xc  ip-e.o [9]
  .rodata            const    0x0002efa4      0x4  ip-e.o [9]
  .rodata            const    0x0002efa8      0x8  rtcscmd.o [9]
  .rodata            const    0x0002efb0     0x28  sh_pwd.o [11]
  .rodata            const    0x0002efd8     0x20  sh_pwd.o [11]
  .rodata            const    0x0002eff8      0x8  sh_pwd.o [11]
  .rodata            const    0x0002f000      0x8  sh_pwd.o [11]
  .rodata            const    0x0002f008      0xc  sh_pwd.o [11]
  .rodata            const    0x0002f014     0x28  sh_read_wk.o [11]
  .rodata            const    0x0002f03c     0x18  sh_read_wk.o [11]
  .rodata            const    0x0002f054     0x20  sh_read_wk.o [11]
  .rodata            const    0x0002f074      0x8  sh_read_wk.o [11]
  .rodata            const    0x0002f07c      0x8  sh_read_wk.o [11]
  .rodata            const    0x0002f084     0x1c  sh_read_wk.o [11]
  .rodata            const    0x0002f0a0     0x1c  sh_read_wk.o [11]
  .rodata            const    0x0002f0bc     0x2c  sh_read_wk.o [11]
  .rodata            const    0x0002f0e8     0x14  sh_read_wk.o [11]
  .rodata            const    0x0002f0fc      0x8  sh_read_wk.o [11]
  .rodata            const    0x0002f104     0x20  sh_read_wk.o [11]
  .rodata            const    0x0002f124     0x20  sh_read_wk.o [11]
  .rodata            const    0x0002f144     0x30  sh_read_wk.o [11]
  .rodata            const    0x0002f174     0x38  sh_read_wk.o [11]
  .rodata            const    0x0002f1ac     0x28  sh_read_wk.o [11]
  .rodata            const    0x0002f1d4     0x2c  sh_read_wk.o [11]
  .rodata            const    0x0002f200     0x34  sh_read_wk.o [11]
  .rodata            const    0x0002f234     0x20  sh_read_wk.o [11]
  .rodata            const    0x0002f254      0x8  sh_update.o [11]
  .rodata            const    0x0002f25c     0x24  sh_update.o [11]
  .rodata            const    0x0002f280     0x28  sh_update.o [11]
  .rodata            const    0x0002f2a8     0x28  sh_update.o [11]
  .rodata            const    0x0002f2d0     0x1c  sh_update.o [11]
  .rodata            const    0x0002f2ec     0x28  sh_write_binary.o [11]
  .rodata            const    0x0002f314     0x20  sh_write_binary.o [11]
  .rodata            const    0x0002f334      0x8  sh_write_binary.o [11]
  .rodata            const    0x0002f33c      0x8  sh_write_binary.o [11]
  .rodata            const    0x0002f344     0x1c  sh_write_binary.o [11]
  .rodata            const    0x0002f360     0x1c  sh_write_binary.o [11]
  .rodata            const    0x0002f37c     0x2c  sh_write_binary.o [11]
  .rodata            const    0x0002f3a8     0x20  sh_write_binary.o [11]
  .rodata            const    0x0002f3c8     0x20  sh_write_binary.o [11]
  .rodata            const    0x0002f3e8     0x38  sh_write_binary.o [11]
  .rodata            const    0x0002f420     0x3c  sh_write_binary.o [11]
  .rodata            const    0x0002f45c     0x28  sh_write_binary.o [11]
  .rodata            const    0x0002f484     0x2c  sh_write_binary.o [11]
  .rodata            const    0x0002f4b0     0x34  sh_write_binary.o [11]
  .rodata            const    0x0002f4e4     0x20  sh_write_binary.o [11]
  .rodata            const    0x0002f504     0x1c  sh_write_binary.o [11]
  .rodata            const    0x0002f520     0x10  mfs_misc.o [6]
  .rodata            const    0x0002f530     0x1c  mfs_misc.o [6]
  .rodata            const    0x0002f54c     0x14  mfs_misc.o [6]
  .rodata            const    0x0002f560     0x14  mfs_misc.o [6]
  .rodata            const    0x0002f574     0x14  mfs_misc.o [6]
  .rodata            const    0x0002f588     0x14  mfs_misc.o [6]
  .rodata            const    0x0002f59c     0x18  mfs_misc.o [6]
  .rodata            const    0x0002f5b4     0x24  mfs_misc.o [6]
  .rodata            const    0x0002f5d8     0x24  mfs_misc.o [6]
  .rodata            const    0x0002f5fc     0x1c  mfs_misc.o [6]
  .rodata            const    0x0002f618     0x14  mfs_misc.o [6]
  .rodata            const    0x0002f62c     0x28  mfs_misc.o [6]
  .rodata            const    0x0002f654     0x14  mfs_misc.o [6]
  .rodata            const    0x0002f668     0x18  mfs_misc.o [6]
  .rodata            const    0x0002f680     0x10  mfs_misc.o [6]
  .rodata            const    0x0002f690     0x10  mfs_misc.o [6]
  .rodata            const    0x0002f6a0     0x18  mfs_misc.o [6]
  .rodata            const    0x0002f6b8     0x10  mfs_misc.o [6]
  .rodata            const    0x0002f6c8     0x18  mfs_misc.o [6]
  .rodata            const    0x0002f6e0     0x18  mfs_misc.o [6]
  .rodata            const    0x0002f6f8     0x10  mfs_misc.o [6]
  .rodata            const    0x0002f708     0x14  mfs_misc.o [6]
  .rodata            const    0x0002f71c      0x8  mfs_misc.o [6]
  .rodata            const    0x0002f724     0x1c  mfs_misc.o [6]
  .rodata            const    0x0002f740     0x14  mfs_misc.o [6]
  .rodata            const    0x0002f754     0x1c  mfs_misc.o [6]
  .rodata            const    0x0002f770     0x1c  mfs_misc.o [6]
  .rodata            const    0x0002f78c     0x18  mfs_misc.o [6]
  .rodata            const    0x0002f7a4     0x20  mfs_misc.o [6]
  .rodata            const    0x0002f7c4     0x10  mfs_misc.o [6]
  .rodata            const    0x0002f7d4     0x14  mfs_misc.o [6]
  .rodata            const    0x0002f7e8     0x1c  mfs_misc.o [6]
  .rodata            const    0x0002f804     0x1c  mfs_misc.o [6]
  .rodata            const    0x0002f820     0x14  mfs_misc.o [6]
  .rodata            const    0x0002f834     0x18  mfs_misc.o [6]
  .rodata            const    0x0002f84c     0x14  mfs_misc.o [6]
  .rodata            const    0x0002f860     0x14  mfs_misc.o [6]
  .rodata            const    0x0002f874     0x14  shell.o [11]
  .rodata            const    0x0002f888      0xc  shell.o [11]
  .rodata            const    0x0002f894     0x30  shell.o [11]
  .rodata            const    0x0002f8c4      0xc  shell.o [11]
  .rodata            const    0x0002f8d0      0x8  shell.o [11]
  .rodata            const    0x0002f8d8     0x38  shell.o [11]
  .rodata            const    0x0002f910     0x14  shell.o [11]
  .rodata            const    0x0002f924      0x8  sh_cmdlist.o [11]
  .rodata            const    0x0002f92c      0xc  sh_cmdlist.o [11]
  .rodata            const    0x0002f938     0x28  sh_copy.o [11]
  .rodata            const    0x0002f960     0x20  sh_copy.o [11]
  .rodata            const    0x0002f980     0x2c  sh_copy.o [11]
  .rodata            const    0x0002f9ac     0x24  sh_copy.o [11]
  .rodata            const    0x0002f9d0     0x2c  sh_copy.o [11]
  .rodata            const    0x0002f9fc     0x40  sh_copy.o [11]
  .rodata            const    0x0002fa3c     0x18  sh_copy.o [11]
  .rodata            const    0x0002fa54     0x1c  sh_copy.o [11]
  .rodata            const    0x0002fa70     0x24  sh_copy.o [11]
  .rodata            const    0x0002fa94     0x20  sh_copy.o [11]
  .rodata            const    0x0002fab4     0x28  sh_create.o [11]
  .rodata            const    0x0002fadc     0x20  sh_create.o [11]
  .rodata            const    0x0002fafc     0x2c  sh_create.o [11]
  .rodata            const    0x0002fb28     0x20  sh_create.o [11]
  .rodata            const    0x0002fb48     0x1c  sh_create.o [11]
  .rodata            const    0x0002fb64     0x20  sh_create.o [11]
  .rodata            const    0x0002fb84     0x28  sh_create.o [11]
  .rodata            const    0x0002fbac     0x20  sh_create.o [11]
  .rodata            const    0x0002fbcc     0x28  sh_del.o [11]
  .rodata            const    0x0002fbf4     0x20  sh_del.o [11]
  .rodata            const    0x0002fc14     0x2c  sh_del.o [11]
  .rodata            const    0x0002fc40     0x18  sh_del.o [11]
  .rodata            const    0x0002fc58      0xc  sh_del.o [11]
  .rodata            const    0x0002fc64     0x14  sh_del.o [11]
  .rodata            const    0x0002fc78     0x24  sh_del.o [11]
  .rodata            const    0x0002fc9c     0x28  sh_df.o [11]
  .rodata            const    0x0002fcc4     0x14  sh_df.o [11]
  .rodata            const    0x0002fcd8     0x18  sh_df.o [11]
  .rodata            const    0x0002fcf0     0x38  sh_df.o [11]
  .rodata            const    0x0002fd28     0x20  sh_df.o [11]
  .rodata            const    0x0002fd48     0x18  sh_df.o [11]
  .rodata            const    0x0002fd60     0x20  sh_df.o [11]
  .rodata            const    0x0002fd80      0x8  sh_df.o [11]
  .rodata            const    0x0002fd88     0x28  sh_dir.o [11]
  .rodata            const    0x0002fdb0     0x20  sh_dir.o [11]
  .rodata            const    0x0002fdd0     0x14  sh_dir.o [11]
  .rodata            const    0x0002fde4     0x24  sh_dir.o [11]
  .rodata            const    0x0002fe08     0x24  sh_dir.o [11]
  .rodata            const    0x0002fe2c     0x1c  sh_dir.o [11]
  .rodata            const    0x0002fe48     0x24  sh_dir.o [11]
  .rodata            const    0x0002fe6c     0x24  sh_dir.o [11]
  .rodata            const    0x0002fe90     0x30  sh_dir.o [11]
  .rodata            const    0x0002fec0     0x28  sh_disect.o [11]
  .rodata            const    0x0002fee8     0x18  sh_disect.o [11]
  .rodata            const    0x0002ff00     0x20  sh_disect.o [11]
  .rodata            const    0x0002ff20     0x28  sh_disect.o [11]
  .rodata            const    0x0002ff48     0x24  sh_disect.o [11]
  .rodata            const    0x0002ff6c     0x10  sh_disect.o [11]
  .rodata            const    0x0002ff7c      0x8  sh_disect.o [11]
  .rodata            const    0x0002ff84     0x18  sh_disect.o [11]
  .rodata            const    0x0002ff9c     0x20  sh_disect.o [11]
  .rodata            const    0x0002ffbc     0x24  sh_disect.o [11]
  .rodata            const    0x0002ffe0     0x24  sh_disect.o [11]
  .rodata            const    0x00030004      0xc  sh_exit.o [11]
  .rodata            const    0x00030010      0x8  sh_format.o [11]
  .rodata            const    0x00030018      0x4  sh_format.o [11]
  .rodata            const    0x0003001c      0x4  sh_format.o [11]
  .rodata            const    0x00030020      0x4  sh_format.o [11]
  .rodata            const    0x00030024      0x4  sh_format.o [11]
  .rodata            const    0x00030028     0x28  sh_format.o [11]
  .rodata            const    0x00030050     0x24  sh_format.o [11]
  .rodata            const    0x00030074     0x10  sh_format.o [11]
  .rodata            const    0x00030084     0x20  sh_format.o [11]
  .rodata            const    0x000300a4     0x2c  sh_format.o [11]
  .rodata            const    0x000300d0      0x8  sh_format.o [11]
  .rodata            const    0x000300d8     0x20  sh_format.o [11]
  .rodata            const    0x000300f8     0x28  sh_format.o [11]
  .rodata            const    0x00030120     0x40  sh_format.o [11]
  .rodata            const    0x00030160     0x34  sh_format.o [11]
  .rodata            const    0x00030194     0x14  sh_format.o [11]
  .rodata            const    0x000301a8      0x8  sh_help.o [11]
  .rodata            const    0x000301b0      0x8  sh_help.o [11]
  .rodata            const    0x000301b8     0x18  sh_help.o [11]
  .rodata            const    0x000301d0      0x8  sh_help.o [11]
  .rodata            const    0x000301d8     0x28  sh_help.o [11]
  .rodata            const    0x00030200     0x10  sh_help.o [11]
  .rodata            const    0x00030210     0x18  sh_help.o [11]
  .rodata            const    0x00030228     0x28  sh_help.o [11]
  .rodata            const    0x00030250     0x28  sh_mkdir.o [11]
  .rodata            const    0x00030278     0x2c  sh_mkdir.o [11]
  .rodata            const    0x000302a4     0x20  sh_mkdir.o [11]
  .rodata            const    0x000302c4     0x20  sh_mkdir.o [11]
  .rodata            const    0x000302e4     0x14  sh_mkdir.o [11]
  .rodata            const    0x000302f8     0x18  sh_mkdir.o [11]
  .rodata            const    0x00030310     0x30  sh_mkdir.o [11]
  .rodata            const    0x00030340     0x28  sh_read.o [11]
  .rodata            const    0x00030368     0x18  sh_read.o [11]
  .rodata            const    0x00030380     0x20  sh_read.o [11]
  .rodata            const    0x000303a0      0x8  sh_read.o [11]
  .rodata            const    0x000303a8      0x8  sh_read.o [11]
  .rodata            const    0x000303b0     0x1c  sh_read.o [11]
  .rodata            const    0x000303cc     0x1c  sh_read.o [11]
  .rodata            const    0x000303e8     0x2c  sh_read.o [11]
  .rodata            const    0x00030414     0x14  sh_read.o [11]
  .rodata            const    0x00030428      0x8  sh_read.o [11]
  .rodata            const    0x00030430     0x20  sh_read.o [11]
  .rodata            const    0x00030450     0x20  sh_read.o [11]
  .rodata            const    0x00030470     0x30  sh_read.o [11]
  .rodata            const    0x000304a0     0x38  sh_read.o [11]
  .rodata            const    0x000304d8     0x28  sh_read.o [11]
  .rodata            const    0x00030500     0x2c  sh_read.o [11]
  .rodata            const    0x0003052c     0x34  sh_read.o [11]
  .rodata            const    0x00030560     0x20  sh_read.o [11]
  .rodata            const    0x00030580     0x28  sh_rename.o [11]
  .rodata            const    0x000305a8     0x2c  sh_rename.o [11]
  .rodata            const    0x000305d4     0x34  sh_rename.o [11]
  .rodata            const    0x00030608     0x20  sh_rename.o [11]
  .rodata            const    0x00030628     0x18  sh_rename.o [11]
  .rodata            const    0x00030640     0x1c  sh_rename.o [11]
  .rodata            const    0x0003065c     0x20  sh_rename.o [11]
  .rodata            const    0x0003067c     0x28  sh_rename.o [11]
  .rodata            const    0x000306a4     0x24  sh_rename.o [11]
  .rodata            const    0x000306c8     0x28  sh_rmdir.o [11]
  .rodata            const    0x000306f0     0x2c  sh_rmdir.o [11]
  .rodata            const    0x0003071c     0x20  sh_rmdir.o [11]
  .rodata            const    0x0003073c     0x20  sh_rmdir.o [11]
  .rodata            const    0x0003075c     0x14  sh_rmdir.o [11]
  .rodata            const    0x00030770     0x14  sh_rmdir.o [11]
  .rodata            const    0x00030784     0x18  sh_rmdir.o [11]
  .rodata            const    0x0003079c     0x30  sh_rmdir.o [11]
  .rodata            const    0x000307cc     0x28  sh_search_file.o [11]
  .rodata            const    0x000307f4     0x2c  sh_search_file.o [11]
  .rodata            const    0x00030820     0x10  sh_search_file.o [11]
  .rodata            const    0x00030830     0x14  sh_search_file.o [11]
  .rodata            const    0x00030844     0x18  sh_search_file.o [11]
  .rodata            const    0x0003085c     0x1c  sh_search_file.o [11]
  .rodata            const    0x00030878     0x1c  sh_search_file.o [11]
  .rodata            const    0x00030894     0x2c  sh_search_file.o [11]
  .rodata            const    0x000308c0     0x28  sh_sh.o [11]
  .rodata            const    0x000308e8     0x20  sh_sh.o [11]
  .rodata            const    0x00030908     0x10  sh_sh.o [11]
  .rodata            const    0x00030918     0x18  sh_sh.o [11]
  .rodata            const    0x00030930     0x28  sh_sh.o [11]
  .rodata            const    0x00030958     0x20  sh_type.o [11]
  .rodata            const    0x00030978     0x2c  sh_type.o [11]
  .rodata            const    0x000309a4     0x20  sh_type.o [11]
  .rodata            const    0x000309c4     0x38  sh_type.o [11]
  .rodata            const    0x000309fc     0x10  sh_type.o [11]
  .rodata            const    0x00030a0c     0x18  sh_type.o [11]
  .rodata            const    0x00030a24     0x28  sh_type.o [11]
  .rodata            const    0x00030a4c     0x28  sh_write.o [11]
  .rodata            const    0x00030a74     0x20  sh_write.o [11]
  .rodata            const    0x00030a94     0x18  sh_write.o [11]
  .rodata            const    0x00030aac      0x8  sh_write.o [11]
  .rodata            const    0x00030ab4      0x8  sh_write.o [11]
  .rodata            const    0x00030abc     0x1c  sh_write.o [11]
  .rodata            const    0x00030ad8     0x1c  sh_write.o [11]
  .rodata            const    0x00030af4     0x2c  sh_write.o [11]
  .rodata            const    0x00030b20     0x20  sh_write.o [11]
  .rodata            const    0x00030b40     0x20  sh_write.o [11]
  .rodata            const    0x00030b60     0x30  sh_write.o [11]
  .rodata            const    0x00030b90     0x38  sh_write.o [11]
  .rodata            const    0x00030bc8     0x28  sh_write.o [11]
  .rodata            const    0x00030bf0     0x2c  sh_write.o [11]
  .rodata            const    0x00030c1c     0x34  sh_write.o [11]
  .rodata            const    0x00030c50     0x20  sh_write.o [11]
  .rodata            const    0x00030c70     0x20  usbmfs.o [12]
  .rodata            const    0x00030c90      0xc  khci.o [12]
  .rodata            const    0x00030c9c     0x38  khci.o [12]
  .rodata            const    0x00030cd4     0x50  host_common.o [12]
  .rodata            const    0x00030d24     0x50  usb_mqx.o [12]
  .rodata            const    0x00030d74     0x50  host_main.o [12]
  .rodata            const    0x00030dc4      0x8  sh_util.o [11]
  .rodata            const    0x00030dcc      0x8  sh_util.o [11]
  .rodata            const    0x00030dd4     0x3c  sstream.o [9]
  .rodata            const    0x00030e10     0x58  usb_host_hub.o [12]
  .rodata            const    0x00030e68     0x5c  usb_host_msd_bo.o [12]
  .rodata            const    0x00030ec4     0x10  timer_lpt.o [3]
  .rodata            const    0x00030ed4      0xc  timer_lpt.o [3]
  .rodata            const    0x00030ee0     0x18  mqx.o [7]
  .rodata            const    0x00030ef8      0xc  mqx.o [7]
  .rodata            const    0x00030f04      0x4  mqx.o [7]
  .rodata            const    0x00030f08      0x4  mqx.o [7]
  .rodata            const    0x00030f0c     0x14  io_dopr.o [7]
  .rodata            const    0x00030f20     0x14  io_dopr.o [7]
  .rodata            const    0x00030f34      0x8  init_enet.o [3]
  .rodata            const    0x00030f3c     0x10  init_enet.o [3]
  .rodata            const    0x00030f4c     0x24  init_enet.o [3]
  .rodata            const    0x00030f70      0x8  init_enet.o [3]
  .rodata            const    0x00030f78      0x8  sotcp.o [9]
  .rodata            const    0x00030f80      0x4  dir_read.o [6]
  .rodata            const    0x00030f84      0x4  dir_read.o [6]
  .rodata            const    0x00030f88      0x4  dir_read.o [6]
  .rodata            const    0x00030f8c      0x4  dir_read.o [6]
  .rodata            const    0x00030f90      0x4  dir_read.o [6]
  .rodata            const    0x00030f94      0x4  dir_read.o [6]
  .rodata            const    0x00030f98      0x4  dir_read.o [6]
  .rodata            const    0x00030f9c      0x4  dir_read.o [6]
  .rodata            const    0x00030fa0      0x4  dir_read.o [6]
  .rodata            const    0x00030fa4      0x4  dir_read.o [6]
  .rodata            const    0x00030fa8      0x4  dir_read.o [6]
  .rodata            const    0x00030fac      0x4  dir_read.o [6]
  .rodata            const    0x00030fb0     0x40  dir_read.o [6]
  .rodata            const    0x00030ff0     0x14  dir_read.o [6]
  .rodata            const    0x00031004     0x10  dir_read.o [6]
  .rodata            const    0x00031014      0xc  dir_read.o [6]
  .rodata            const    0x00031020      0xc  dir_read.o [6]
  .rodata            const    0x0003102c      0x8  dir_read.o [6]
  .rodata            const    0x00031034      0x8  dir_read.o [6]
  .rodata            const    0x0003103c     0x30  dir_read.o [6]
  .rodata            const    0x0003106c     0x18  ftpd_msg.o [9]
  .rodata            const    0x00031084     0x1c  ftpd_msg.o [9]
  .rodata            const    0x000310a0     0x34  ftpd_msg.o [9]
  .rodata            const    0x000310d4     0x30  ftpd_msg.o [9]
  .rodata            const    0x00031104     0x10  ftpd_msg.o [9]
  .rodata            const    0x00031114     0x14  ftpd_msg.o [9]
  .rodata            const    0x00031128     0x14  ftpd_msg.o [9]
  .rodata            const    0x0003113c     0x18  ftpd_msg.o [9]
  .rodata            const    0x00031154     0x18  ftpd_msg.o [9]
  .rodata            const    0x0003116c     0x20  ftpd_msg.o [9]
  .rodata            const    0x0003118c     0x18  ftpd_msg.o [9]
  .rodata            const    0x000311a4     0x10  ftpd_msg.o [9]
  .rodata            const    0x000311b4     0x3c  ftpd_msg.o [9]
  .rodata            const    0x000311f0     0x38  ftpd_msg.o [9]
  .rodata            const    0x00031228     0x30  ftpd_msg.o [9]
  .rodata            const    0x00031258     0x1c  ftpd_msg.o [9]
  .rodata            const    0x00031274      0xc  ftpd_msg.o [9]
  .rodata            const    0x00031280     0x30  ftpd_msg.o [9]
  .rodata            const    0x000312b0     0x30  ftpd_msg.o [9]
  .rodata            const    0x000312e0     0x20  ftpd_msg.o [9]
  .rodata            const    0x00031300     0x20  ftpd_msg.o [9]
  .rodata            const    0x00031320     0x1c  ftpd_msg.o [9]
  .rodata            const    0x0003133c      0xc  ftpd_msg.o [9]
  .rodata            const    0x00031348     0x14  ftpd_msg.o [9]
  .rodata            const    0x0003135c     0x14  ftpd_msg.o [9]
  .rodata            const    0x00031370     0x14  ftpd_msg.o [9]
  .rodata            const    0x00031384     0x34  ftpd_msg.o [9]
  .rodata            const    0x000313b8     0x20  ftpd_msg.o [9]
  .rodata            const    0x000313d8     0x1c  ftpd_msg.o [9]
  .rodata            const    0x000313f4     0x20  ftpd_msg.o [9]
  .rodata            const    0x00031414     0x38  ftpd_msg.o [9]
  .rodata            const    0x0003144c      0x8  soip.o [9]
  .rodata            const    0x00031454     0x14  mfs_create.o [6]
  .rodata            const    0x00031468     0x14  mfs_create.o [6]
  .rodata            const    0x0003147c     0x14  mfs_format.o [6]
  .rodata            const    0x00031490     0x14  mfs_format.o [6]
  .rodata            const    0x000314a4     0x14  mfs_format.o [6]
  .rodata            const    0x000314b8     0x30  mfs_format.o [6]
  .rodata            const    0x000314e8      0x8  mfs_lfn.o [6]
  .rodata            const    0x000314f0      0xc  mfs_lfn.o [6]
  .rodata            const    0x000314fc     0x54  host_dev_list.o [12]
  .rodata            const    0x00031550     0x24  host_dev_list.o [12]
  .rodata            const    0x00031574     0x20  int_unx.o [7]
  .rodata            const    0x00031594     0x30  int_unx.o [7]
  .rodata            const    0x000315c4     0x3c  int_unx.o [7]
  .rodata            const    0x00031600     0x14  int_unx.o [7]
  .rodata            const    0x00031614     0x28  int_unx.o [7]
  .rodata            const    0x0003163c     0x50  host_ch9.o [12]
  .rodata            const    0x0003168c      0x8  host_ch9.o [12]
  .rodata            const    0x00031694     0x50  host_rcv.o [12]
  .rodata            const    0x000316e4     0x50  host_snd.o [12]
  .rodata            const    0x00031734      0x4  timer_lpt_kinetis.o [3]
  .rodata            const    0x00031738      0x4  timer_lpt_kinetis.o [3]
  .rodata            const    0x0003173c      0x4  timer_lpt_kinetis.o [3]
  .rodata            const    0x00031740      0x8  init_bsp.o [3]
  .rodata            const    0x00031748      0x8  init_bsp.o [3]
  .rodata            const    0x00031750      0x8  init_bsp.o [3]
  .rodata            const    0x00031758      0x8  init_bsp.o [3]
  .rodata            const    0x00031760      0x8  init_bsp.o [3]
  .rodata            const    0x00031768      0x8  init_bsp.o [3]
  .rodata            const    0x00031770      0x8  init_bsp.o [3]
  .rodata            const    0x00031778      0x8  init_bsp.o [3]
  .rodata            const    0x00031780      0x8  init_bsp.o [3]
  .rodata            const    0x00031788      0x8  init_bsp.o [3]
  .rodata            const    0x00031790      0x8  init_bsp.o [3]
  .rodata            const    0x00031798      0x8  init_bsp.o [3]
  .rodata            const    0x000317a0      0x8  init_bsp.o [3]
  .rodata            const    0x000317a8      0x8  init_bsp.o [3]
  .rodata            const    0x000317b0      0x8  init_bsp.o [3]
  .rodata            const    0x000317b8      0x8  init_bsp.o [3]
  .rodata            const    0x000317c0      0x8  init_bsp.o [3]
  .rodata            const    0x000317c8      0x8  init_bsp.o [3]
  .rodata            const    0x000317d0      0x8  init_bsp.o [3]
  .rodata            const    0x000317d8      0x8  init_bsp.o [3]
  .rodata            const    0x000317e0      0x8  init_bsp.o [3]
  .rodata            const    0x000317e8      0x8  init_bsp.o [3]
  .rodata            const    0x000317f0      0x8  init_bsp.o [3]
  .rodata            const    0x000317f8      0x8  init_bsp.o [3]
  .rodata            const    0x00031800     0x10  mqxiinit.o [7]
  .rodata            const    0x00031810     0x20  macnet_init.o [3]
  .rodata            const    0x00031830     0x14  phy_ks8721bl.o [3]
  .rodata            const    0x00031844      0xc  iplocal.o [9]
  .rodata            const    0x00031850      0x4  iplocal.o [9]
  .rodata            const    0x00031854      0xc  rtcsinit.o [9]
  .rodata            const    0x00031860     0x1c  init_gpio.o [3]
  .rodata            const    0x0003187c     0x1c  init_gpio.o [3]
  .rodata            const    0x00031898      0x4  init_gpio.o [3]
  .rodata            const    0x0003189c     0x50  host_close.o [12]
  .rodata            const    0x000318ec     0x1c  bsp_cm.o [3]
  .rodata            const    0x00031908     0x78  bsp_cm.o [3]
  .rodata            const    0x00031980     0x10  init_adc.o [3]
  .rodata            const    0x00031990     0x18  init_adc.o [3]
  .rodata            const    0x000319a8     0x30  init_spi.o [3]
  .rodata            const    0x000319d8     0x30  init_spi.o [3]
  .rodata            const    0x00031a08     0x30  init_spi.o [3]
  .rodata            const    0x00031a38      0xc  init_esdhc.o [3]
  .rodata            const    0x00031a44      0x8  init_flashx.o [3]
  .rodata            const    0x00031a4c      0x8  init_flashx.o [3]
  .rodata            const    0x00031a54     0x30  init_flashx.o [3]
  .rodata            const    0x00031a84     0x20  init_flashx.o [3]
  .rodata            const    0x00031aa4     0x14  init_i2c.o [3]
  .rodata            const    0x00031ab8     0x20  init_sci.o [3]
  .rodata            const    0x00031ad8     0x20  init_sci.o [3]
  .rodata            const    0x00031af8     0x20  init_sci.o [3]
  .rodata            const    0x00031b18     0x20  init_sci.o [3]
  .rodata            const    0x00031b38     0x20  init_sci.o [3]
  .rodata            const    0x00031b58     0x20  init_sci.o [3]
  .rodata            const    0x00031b78     0x1c  spi_dma_dspi.o [3]
  .rodata            const    0x00031b94     0x10  spi_dma_dspi.o [3]
  .rodata            const    0x00031ba4     0x40  spi_dma_dspi.o [3]
  .rodata            const    0x00031be4     0x10  spi_pol_dspi.o [3]
  .rodata            const    0x00031bf4     0x40  spi_pol_dspi.o [3]
  .rodata            const    0x00031c34     0x10  spi_pol_dspi.o [3]
  .rodata            const    0x00031c44    0x100  esdhc.o [3]
  .rodata            const    0x00031d44      0xc  i2c_pol_ki2c.o [3]
  .rodata            const    0x00031d50    0x100  i2c_pol_ki2c.o [3]
  .rodata            const    0x00031e50      0xc  serl_int_kuart.o [3]
  .rodata            const    0x00031e5c     0x40  macnet_mk60.o [3]
  .rodata            const    0x00031e9c     0x68  ti_rom.o [7]
  .rodata            const    0x00031f04    0x20c  ti_rom.o [7]
  .rodata            const    0x00032110     0x30  flash_ftfl.o [3]
  .rodata            const    0x00032140     0x20  flash_ftfl.o [3]
  .rodata            const    0x00032160      0xc  spi_mk60_dspi.o [3]
  .rodata            const    0x0003216c      0xc  spi_mk60_dspi.o [3]
  .rodata            const    0x00032178     0x20  adc_kadc.o [3]
  .rodata            const    0x00032198      0xc  io_gpio_kgpio.o [3]
  .rodata            const    0x000321a4      0xc  io_gpio_kgpio.o [3]
  .rodata            const    0x000321b0      0xc  io_gpio_kgpio.o [3]
  .rodata            const    0x000321bc      0xc  io_gpio_kgpio.o [3]
  .rodata            const    0x000321c8     0x14  io_gpio_kgpio.o [3]
  .rodata            const    0x000321dc     0x14  io_gpio_kgpio.o [3]
  .rodata            const    0x000321f0      0x8  io_gpio_kgpio.o [3]
  .rodata            const    0x000321f8      0x8  io_gpio_kgpio.o [3]
  .rodata            const    0x00032200      0x8  adc_mk60.o [3]
  .rodata            const    0x00032208      0x8  mqx_init.o [3]
  .rodata            const    0x00032210     0x30  mqx_init.o [3]
  Initializer bytes  ro data  0x00032240     0xb8  <for P2 mid-1>
  .rodata            const    0x000322f8      0x2  Shell_Task.o [1]
  Initializer bytes  ro data  0x000322fc      0x4  <for KERNEL_DATA-1>
  .rodata            const    0x00032300      0x2  yada_prj.o [1]
  .rodata            const    0x00032302      0x1  init_flashx.o [3]
  .rodata            const    0x00032303      0x0  bwt_init3c.o [8]
  FLASHX_POOL                 0x00032800      0x1  <Block>
    .flashx          const    0x00032800      0x1  vectors.o [3]
    .flashx          const    0x00032801      0x0  vectors.o [3]
                            - 0x00032801  0x323e1

"P2":                                      0x1cb4
  P2 mid-1                    0x1fff0000     0xb8  <Init block>
    .data            inited   0x1fff0000      0x2  DSPSPI.o [1]
    .data            inited   0x1fff0004      0x4  FTP_Task.o [1]
    .data            inited   0x1fff0008     0x14  MenuView.o [1]
    .data            inited   0x1fff001c     0x28  MenuView.o [1]
    .data            inited   0x1fff0044     0x24  usb_classes.o [1]
    .data            inited   0x1fff0068      0x8  yada_prj.o [1]
    .data            inited   0x1fff0070      0x2  ftpd_cmd.o [9]
    .data            inited   0x1fff0074      0x4  ftpd.o [9]
    .data            inited   0x1fff0078      0x4  ftpd.o [9]
    .data            inited   0x1fff007c      0x4  rtcsglob.o [9]
    .data            inited   0x1fff0080      0x4  rtcsglob.o [9]
    .data            inited   0x1fff0084      0x4  rtcsglob.o [9]
    .data            inited   0x1fff0088      0x4  rtcsglob.o [9]
    .data            inited   0x1fff008c      0x4  rtcsglob.o [9]
    .data            inited   0x1fff0090      0x4  rtcsglob.o [9]
    .data            inited   0x1fff0094      0x4  rtcsglob.o [9]
    .data            inited   0x1fff0098      0x4  rtcsglob.o [9]
[...]
_usb_host_get_tr_element
                        0x0001b897   0x6e  Code  Gb  host_main.o [12]
_usb_host_init          0x0001b591  0x18a  Code  Gb  host_main.o [12]
_usb_host_init_call_interface
                        0x0001b471   0x1e  Code  Gb  host_main.o [12]
_usb_host_new_tr_element
                        0x0001b851   0x46  Code  Lc  host_main.o [12]
_usb_host_open_pipe     0x0001b7bb   0x96  Code  Gb  host_main.o [12]
_usb_host_open_pipe_call_interface
                        0x0001b531   0x20  Code  Gb  host_main.o [12]
_usb_host_open_pipe_cleanup
                        0x0001b791   0x2a  Code  Gb  host_main.o [12]
_usb_host_recv_data     0x0001dfe5   0x58  Code  Gb  host_rcv.o [12]
_usb_host_recv_data_call_interface
                        0x0001b4cf   0x20  Code  Gb  host_main.o [12]
_usb_host_register_ch9_callback
                        0x0001bcb7   0x36  Code  Gb  host_ch9.o [12]
_usb_host_register_service
                        0x0001b71b   0x76  Code  Gb  host_main.o [12]
_usb_host_send_call_interface
                        0x0001b48f   0x20  Code  Gb  host_main.o [12]
_usb_host_send_data     0x0001df8d   0x52  Code  Gb  host_snd.o [12]
_usb_host_send_setup    0x0001b961   0x6a  Code  Gb  host_main.o [12]
_usb_host_send_setup_call_interface
                        0x0001b4af   0x20  Code  Gb  host_main.o [12]
_usb_host_set_up_TR     0x0001b905   0x5c  Code  Gb  host_main.o [12]
_usb_host_update_device_address_call_interface
                        0x0001b571   0x20  Code  Gb  host_main.o [12]
_usb_host_update_max_packet_size_call_interface
                        0x0001b551   0x20  Code  Gb  host_main.o [12]
_usb_hostdev_cntrl_request
                        0x0001bf95   0x92  Code  Gb  host_ch9.o [12]
_usb_hostdev_free_buffer
                        0x0001765b   0x6c  Code  Gb  host_common.o [12]
_usb_hostdev_get_buffer
                        0x000175e1    0xc  Code  Gb  host_common.o [12]
_usb_hostdev_get_buffer_aligned
                        0x000175ed   0x6e  Code  Gb  host_common.o [12]
_usb_hostdev_get_descriptor
                        0x00017733  0x1ca  Code  Gb  host_common.o [12]
_usb_hostdev_select_interface
                        0x00017ea3  0x1dc  Code  Gb  host_common.o [12]
_usb_khci_add_int_tr    0x00023f4d   0x6c  Code  Lc  khci.o [12]
_usb_khci_atom_tr       0x00024631  0x304  Code  Lc  khci.o [12]
_usb_khci_attach        0x000240b5   0x7c  Code  Lc  khci.o [12]
_usb_khci_bus_control   0x000245a1    0x4  Code  Lc  khci.o [12]
_usb_khci_cancel        0x00024581   0x20  Code  Lc  khci.o [12]
_usb_khci_detach        0x00024175   0x2e  Code  Lc  khci.o [12]
_usb_khci_get_frame_number
                        0x000245a5   0x10  Code  Lc  khci.o [12]
_usb_khci_get_hot_int_tr
                        0x00023fef   0xc6  Code  Lc  khci.o [12]
_usb_khci_host_close_pipe
                        0x00024951   0x24  Code  Lc  khci.o [12]
_usb_khci_init          0x00024471   0xa6  Code  Lc  khci.o [12]
_usb_khci_init_int_tr   0x00023f37   0x16  Code  Lc  khci.o [12]
_usb_khci_isr           0x00023ee1   0x56  Code  Lc  khci.o [12]
_usb_khci_process_tr_complete
                        0x000245b5   0x7c  Code  Lc  khci.o [12]
_usb_khci_recv          0x0002455f   0x22  Code  Lc  khci.o [12]
_usb_khci_reset         0x00024131   0x44  Code  Lc  khci.o [12]
_usb_khci_rm_int_tr     0x00023fb9   0x36  Code  Lc  khci.o [12]
_usb_khci_send          0x0002451b   0x22  Code  Lc  khci.o [12]
_usb_khci_send_setup    0x0002453d   0x22  Code  Lc  khci.o [12]
_usb_khci_shutdown      0x00024517    0x4  Code  Lc  khci.o [12]
_usb_khci_task          0x000241a3  0x272  Code  Lc  khci.o [12]
_usb_khci_task_create   0x00024415   0x5c  Code  Lc  khci.o [12]
abs                     0x0000c9e3    0x8  Code  Gb  abs.o [4]
adc_address             0x00032200    0x8  Data  Lc  adc_mk60.o [3]
adc_bundle              0x1fff1c38    0x4  Data  Gb  adc_kadc.o [3]
adc_calibrate           0x00009843   0xaa  Code  Lc  adc_kadc.o [3]
adc_complete_isr        0x00009825   0x1e  Code  Lc  adc_kadc.o [3]
adc_get_calibration_data
                        0x000098ed   0x64  Code  Lc  adc_kadc.o [3]
adc_internal            0x1fff1c24   0x14  Data  Lc  adc_kadc.o [3]
adc_process_all_data    0x000097d1   0x32  Code  Gb  adc_kadc.o [3]
adc_process_data        0x00009733   0x9e  Code  Lc  adc_kadc.o [3]
adc_set_calibration_data
                        0x00009951   0x64  Code  Lc  adc_kadc.o [3]
adt_idelay_isr          0x0000a445   0x36  Code  Lc  adt_kpdb.o [3]
adt_period_prescaler    0x00009cb1  0x1e0  Code  Lc  adt_kpdb.o [3]
bdt                     0x1fff0200  0x200  Data  Lc  khci.o [12]
class_interface_map     0x1fff0044   0x24  Data  Gb  usb_classes.o [1]
cos                     0x00012c8b    0x6  Code  Gb  cos.o [5]
delay_ms                0x0001283d   0x16  Code  Gb  System.o [1]
delay_us                0x00012855   0x1a  Code  Gb  System.o [1]
device                  0x1fff1b64   0x20  Data  Gb  USB_Task.o [1]
dspi_address            0x00032160    0xc  Data  Lc  spi_mk60_dspi.o [3]
dspi_vectors            0x0003216c    0xc  Data  Lc  spi_mk60_dspi.o [3]
exit                    0x000004d5    0x4  Code  Gb  exit.o [4]
first_irq               0x1fff1c20    0x4  Data  Gb  io_gpio.o [3]
flexnvm_flash_ioctl     0x0002d0c3   0x96  Code  Gb  flash_ftfl.o [3]
flexnvm_prog_part       0x0002d05b   0x40  Code  Gb  flash_ftfl.o [3]
flexnvm_read_resource   0x0002d017   0x44  Code  Gb  flash_ftfl.o [3]
flexnvm_set_flexram     0x0002d09b   0x28  Code  Gb  flash_ftfl.o [3]
flg_int                 0x0001f211   0x74  Code  Gb  yada_prj.o [1]
fmod                    0x000149ad         Code  Gb  fmod.o [5]
fmodl                   0x000149ad         Code  Gb  fmod.o [5]
ftfl_flash_command_sequence
                        0x0002cc61  0x1c4  Code  Lc  flash_ftfl.o [3]
ftfl_flash_deinit       0x0002ce59   0x22  Code  Gb  flash_ftfl.o [3]
ftfl_flash_erase_sector
                        0x0002cea3   0xa2  Code  Gb  flash_ftfl.o [3]
ftfl_flash_init         0x0002ce25   0x34  Code  Gb  flash_ftfl.o [3]
ftfl_flash_write_sector
                        0x0002cf45   0xb8  Code  Gb  flash_ftfl.o [3]
ftfl_init_ram_function  0x0002ce7b   0x28  Code  Gb  flash_ftfl.o [3]
ftfl_ram_function       0x0002cffd   0x18  Code  Lc  flash_ftfl.o [3]
ftfl_ram_function_end   0x0002d015    0x2  Code  Lc  flash_ftfl.o [3]
ftpmsg_bad_option       0x00031258   0x1c  Data  Gb  ftpd_msg.o [9]
ftpmsg_badcmd           0x0003113c   0x18  Data  Gb  ftpd_msg.o [9]
ftpmsg_badport          0x00031154   0x18  Data  Gb  ftpd_msg.o [9]
ftpmsg_banner           0x00031084   0x1c  Data  Gb  ftpd_msg.o [9]
ftpmsg_cd_error         0x000312e0   0x20  Data  Gb  ftpd_msg.o [9]
ftpmsg_delete_error     0x00031320   0x1c  Data  Gb  ftpd_msg.o [9]
ftpmsg_goodbye          0x000311a4   0x10  Data  Gb  ftpd_msg.o [9]
ftpmsg_help_end         0x000312b0   0x30  Data  Gb  ftpd_msg.o [9]
ftpmsg_help_start       0x00031280   0x30  Data  Gb  ftpd_msg.o [9]
ftpmsg_logged           0x00031104   0x10  Data  Gb  ftpd_msg.o [9]
ftpmsg_no_datacon       0x000313f4   0x20  Data  Gb  ftpd_msg.o [9]
ftpmsg_no_file          0x00031384   0x34  Data  Gb  ftpd_msg.o [9]
ftpmsg_no_fs            0x000311b4   0x3c  Data  Gb  ftpd_msg.o [9]
ftpmsg_no_memory        0x00031414   0x38  Data  Gb  ftpd_msg.o [9]
ftpmsg_ok               0x0003133c    0xc  Data  Gb  ftpd_msg.o [9]
ftpmsg_opening_datacon  0x000313b8   0x20  Data  Gb  ftpd_msg.o [9]
ftpmsg_pasv_mode        0x000311f0   0x38  Data  Gb  ftpd_msg.o [9]
ftpmsg_portok           0x0003106c   0x18  Data  Gb  ftpd_msg.o [9]
ftpmsg_rmdir_error      0x00031300   0x20  Data  Gb  ftpd_msg.o [9]
ftpmsg_rxok             0x000310a0   0x34  Data  Gb  ftpd_msg.o [9]
ftpmsg_site_info        0x00031228   0x30  Data  Gb  ftpd_msg.o [9]
ftpmsg_size             0x0003118c   0x18  Data  Gb  ftpd_msg.o [9]
ftpmsg_syst             0x00031274    0xc  Data  Gb  ftpd_msg.o [9]
ftpmsg_tx_complete      0x000313d8   0x1c  Data  Gb  ftpd_msg.o [9]
ftpmsg_txok             0x000310d4   0x30  Data  Gb  ftpd_msg.o [9]
ftpmsg_type_ascii       0x00031348   0x14  Data  Gb  ftpd_msg.o [9]
ftpmsg_type_image       0x0003135c   0x14  Data  Gb  ftpd_msg.o [9]
ftpmsg_type_unknown     0x00031370   0x14  Data  Gb  ftpd_msg.o [9]
ftpmsg_unimp            0x0003116c   0x20  Data  Gb  ftpd_msg.o [9]
ftpmsg_writeeof         0x00031128   0x14  Data  Gb  ftpd_msg.o [9]
ftpmsg_writefail        0x00031114   0x14  Data  Gb  ftpd_msg.o [9]
get_irq_mask            0x00008509   0x2a  Code  Lc  io_gpio_kgpio.o [3]
gpio_cpu_configure      0x00008533  0x160  Code  Gb  io_gpio_kgpio.o [3]
gpio_cpu_init           0x00008693    0xa  Code  Gb  io_gpio_kgpio.o [3]
gpio_cpu_ioctl          0x00008891  0x4f8  Code  Gb  io_gpio_kgpio.o [3]
gpio_cpu_open           0x00008751  0x140  Code  Gb  io_gpio_kgpio.o [3]
gpio_eport_irq          0x00008d89   0x9c  Code  Lc  io_gpio_kgpio.o [3]
gpio_global_irq_map     0x1fff1c74   0x14  Data  Gb  io_gpio_kgpio.o [3]
gpio_global_pin_map     0x1fff1c60   0x14  Data  Gb  io_gpio_kgpio.o [3]
hub_anchor              0x1fff1bf0    0x4  Data  Lc  usb_host_hub.o [12]
init_hardware           0x000005fd   0x3c  Code  Gb  init_hw.o [3]
install_isr             0x0000869d   0xb4  Code  Lc  io_gpio_kgpio.o [3]
int_callback            0x0001ef25   0x1e  Code  Gb  yada_prj.o [1]
isalpha                 0x0000f371    0x8  Code  Gb  io_util.o [7]
isdigit                 0x00014197   0x10  Code  Gb  sh_util.o [11]
isgraph                 0x0000e625   0x18  Code  Gb  io_util.o [7]
isprint                 0x0000effb   0x2a  Code  Gb  io_util.o [7]
ispunct                 0x0000f379    0x8  Code  Gb  io_util.o [7]
isupper                 0x0000eff3    0x8  Code  Gb  io_util.o [7]
isxdigit                0x00020f15   0x24  Code  Gb  ftpd_cmd.o [9]
kinetis_flash_invalidate_cache
                        0x0002d161   0x16  Code  Gb  flash_mk60.o [3]
linemark                0x00011361  0x166  Code  Gb  MenuView.o [1]
lower_hex_string        0x00030f20   0x14  Data  Lc  io_dopr.o [7]
lpt_address             0x00031734    0x4  Data  Lc  timer_lpt_kinetis.o [3]
lpt_clock_source        0x0003173c    0x4  Data  Lc  timer_lpt_kinetis.o [3]
lpt_vectors             0x00031738    0x4  Data  Lc  timer_lpt_kinetis.o [3]
main                    0x000004c5   0x10  Code  Gb  mqx_main.o [3]
mass_anchor             0x1fff1bf4    0x4  Data  Lc  usb_host_msd_bo.o [12]
mem_flash_app           0x0001e5a9  0x16c  Code  Gb  mem_flash.o [1]
memcmp                  0x00014bc1         Code  Gb  memcmp.o [8]
memcpy                  0x0000a67d    0xe  Code  Gb  esdhc.o [3]
months                  0x0003103c   0x30  Data  Lc  dir_read.o [6]
pctl_ptr_arr            0x000321dc   0x14  Data  Lc  io_gpio_kgpio.o [3]
pdb_external            0x1fff00b4    0x4  Data  Lc  adt_kpdb.o [3]
pdb_internal            0x1fff1c3c   0x24  Data  Lc  adt_kpdb.o [3]
phy_ksz8041_IF          0x00031830   0x14  Data  Gb  phy_ks8721bl.o [3]
phy_ksz8041_discover_addr
                        0x0002d5af   0x46  Code  Lc  phy_ks8721bl.o [3]
phy_ksz8041_get_link_status
                        0x0002d6e1   0x46  Code  Lc  phy_ks8721bl.o [3]
phy_ksz8041_get_speed   0x0002d69b   0x46  Code  Lc  phy_ks8721bl.o [3]
phy_ksz8041_init        0x0002d5f5   0xa6  Code  Lc  phy_ks8721bl.o [3]
pipe_init_params_prototype
                        0x00031550   0x24  Data  Lc  host_dev_list.o [12]
read_buffer             0x1fff0068    0x8  Data  Gb  yada_prj.o [1]
req_prototype           0x0003168c    0x8  Data  Lc  host_ch9.o [12]
reseed                  0x1fff1c08    0x4  Data  Lc  rtcsrand.o [9]
rtcs_enet               0x0002ef98    0xc  Data  Lc  ip-e.o [9]
rtcs_local              0x00031844    0xc  Data  Lc  iplocal.o [9]
seed                    0x1fff1c04    0x4  Data  Lc  rtcsrand.o [9]
send_U16str             0x0000cc89   0x2e  Code  Gb  LCDDriver.o [1]
send_U8str              0x0000cc5b   0x2e  Code  Gb  LCDDriver.o [1]
send_area               0x0000cc33   0x28  Code  Gb  LCDDriver.o [1]
send_byte               0x0000cbe3   0x12  Code  Gb  LCDDriver.o [1]
send_end                0x0000ccb7   0x14  Code  Gb  LCDDriver.o [1]
send_word               0x0000cbf5   0x2a  Code  Gb  LCDDriver.o [1]
send_xy                 0x0000cc1f   0x14  Code  Gb  LCDDriver.o [1]
sin                     0x00012dc5    0x6  Code  Gb  sin.o [5]
spi2_dma_int            0x0000bcb1   0x74  Code  Gb  DSPSPI.o [1]
spifd_2                 0x1fff1a20    0x4  Data  Gb  DSPSPI.o [1]
state                   0x1fff00b0    0x4  Data  Lc  rtcsrand.o [9]
strcat                  0x0001e1d7   0x1e  Code  Gb  strcat.o [4]
strcmp                  0x0000a4ad         Code  Gb  strcmp.o [8]
strcpy                  0x0000e5e1         Code  Gb  strcpy.o [8]
strlen                  0x0000a4f1         Code  Gb  strlen.o [8]
strncmp                 0x0000b85d   0x2a  Code  Gb  strncmp.o [4]
strncpy                 0x0000c151         Code  Gb  strncpy.o [8]
strpbrk                 0x00021259    0x4  Code  Gb  strpbrk.o [4]
systick_config          0x00001b69    0xc  Code  Gb  init_bsp.o [3]
systick_init            0x00001b75   0x34  Code  Lc  init_bsp.o [3]
tcp_socket_task         0x0001e959  0x29c  Code  Gb  tcpip_socket_task.o [1]
text                    0x1fff0008   0x14  Data  Gb  MenuView.o [1]
timer_isr               0x0001ef43   0x22  Code  Lc  yada_prj.o [1]
tolower                 0x0000e63d    0x8  Code  Gb  io_util.o [7]
tr_index                0x1fff1bb8    0x4  Data  Lc  host_common.o [12]
uart_isr                0x000029ad   0x76  Code  Gb  serl_int_kuart.o [3]
uart_lcd                0x1fff1a24    0x4  Data  Gb  LCDDriver.o [1]
upper_hex_string        0x00030f0c   0x14  Data  Lc  io_dopr.o [7]
usb_class_hub_clear_feature
                        0x00025471   0x1e  Code  Gb  usb_host_hub.o [12]
usb_class_hub_clear_port_feature
                        0x0002548f   0x24  Code  Gb  usb_host_hub.o [12]
usb_class_hub_cntrl_callback
                        0x000252f5   0x1a  Code  Gb  usb_host_hub.o [12]
usb_class_hub_cntrl_common
                        0x0002530f   0xfe  Code  Gb  usb_host_hub.o [12]
usb_class_hub_get_app   0x00025295   0x60  Code  Gb  usb_host_hub.o [12]
usb_class_hub_get_descriptor
                        0x0002540d   0x40  Code  Gb  usb_host_hub.o [12]
usb_class_hub_get_port_status
                        0x000254d3   0x22  Code  Gb  usb_host_hub.o [12]
usb_class_hub_get_status
                        0x000254b3   0x20  Code  Gb  usb_host_hub.o [12]
usb_class_hub_init      0x00025239   0x5c  Code  Gb  usb_host_hub.o [12]
usb_class_hub_int_callback
                        0x000255cd   0x1a  Code  Gb  usb_host_hub.o [12]
usb_class_hub_set_port_feature
                        0x0002544d   0x24  Code  Gb  usb_host_hub.o [12]
usb_class_hub_wait_for_interrupt
                        0x000254f5   0xcc  Code  Gb  usb_host_hub.o [12]
usb_class_mass_call_back_cbw
                        0x0001c141   0xa2  Code  Lc  usb_host_msd_bo.o [12]
usb_class_mass_call_back_csw
                        0x0001c2b9  0x12e  Code  Lc  usb_host_msd_bo.o [12]
usb_class_mass_call_back_dphase
                        0x0001c1e3   0xd6  Code  Lc  usb_host_msd_bo.o [12]
usb_class_mass_clear_bulk_pipe_on_usb
                        0x0001c4d1   0x7c  Code  Lc  usb_host_msd_bo.o [12]
usb_class_mass_deleteq  0x0001df33   0x34  Code  Gb  usb_host_msd_queue.o [12]
usb_class_mass_get_pending_request
                        0x0001df67   0x26  Code  Gb  usb_host_msd_queue.o [12]
usb_class_mass_init     0x0001c035   0x88  Code  Gb  usb_host_msd_bo.o [12]
usb_class_mass_pass_on_usb
                        0x0001c3e7   0xea  Code  Lc  usb_host_msd_bo.o [12]
usb_class_mass_q_init   0x0001deeb    0xc  Code  Gb  usb_host_msd_queue.o [12]
usb_class_mass_q_insert
                        0x0001def7   0x3c  Code  Gb  usb_host_msd_queue.o [12]
usb_class_mass_reset_callback
                        0x0001c5b5   0xd0  Code  Lc  usb_host_msd_bo.o [12]
usb_class_mass_reset_recovery_on_usb
                        0x0001c54d   0x68  Code  Gb  usb_host_msd_bo.o [12]
usb_class_mass_storage_device_command
                        0x0001c0bd   0x84  Code  Gb  usb_host_msd_bo.o [12]
usb_dev_list_attach_device
                        0x0001b253  0x120  Code  Gb  host_dev_list.o [12]
usb_dev_list_close_pipe
                        0x0001b37d   0x46  Code  Lc  host_dev_list.o [12]
usb_dev_list_close_pipe_bundle
                        0x0001b3c3   0x2a  Code  Gb  host_dev_list.o [12]
usb_dev_list_detach_device
                        0x0001b3ed   0x82  Code  Gb  host_dev_list.o [12]
usb_dev_list_free_mem   0x0001b0f3   0x76  Code  Gb  host_dev_list.o [12]
usb_dev_list_free_memlist
                        0x0001b09d   0x56  Code  Gb  host_dev_list.o [12]
usb_dev_list_get_mem    0x0001b169   0xea  Code  Gb  host_dev_list.o [12]
usb_filesystem_install  0x00015325  0x18c  Code  Gb  USB_File.o [1]
usb_filesystem_uninstall
                        0x000154b1   0xde  Code  Gb  USB_File.o [1]
usb_host_ch9_dev_req    0x0001bced   0x8e  Code  Lc  host_ch9.o [12]
usb_host_class_intf_init
                        0x0001797b   0xf8  Code  Gb  host_common.o [12]
usb_host_class_intf_validate
                        0x00017a73   0x22  Code  Gb  host_common.o [12]
usb_host_cntrl_transaction_done
                        0x0001b9d5  0x2e2  Code  Lc  host_ch9.o [12]
usb_host_driver_info_match
                        0x00017a95   0xec  Code  Lc  host_common.o [12]
usb_host_driver_info_nonzero
                        0x00017beb   0x4a  Code  Lc  host_common.o [12]
usb_host_driver_info_scan
                        0x00017b81   0x6a  Code  Lc  host_common.o [12]
usb_host_hub_device_event
                        0x00024cd9   0x9e  Code  Gb  usb_host_hub_sm.o [12]
usb_host_hub_device_sm  0x00024d79  0x45c  Code  Lc  usb_host_hub_sm.o [12]
usb_host_hub_int_callback
                        0x000251d5   0x60  Code  Lc  usb_host_hub_sm.o [12]
usb_host_map_class_intf
                        0x00017c35   0x3a  Code  Lc  host_common.o [12]
usb_host_mass_device_event
                        0x0001e1f5   0x6e  Code  Gb  USB_Task.o [1]
usb_host_state_struct_ptr
                        0x1fff1bbc    0x4  Data  Gb  host_main.o [12]
usb_hostdev_attach_detach
                        0x00017571   0x48  Code  Gb  host_common.o [12]
usb_hostdev_delete_interface
                        0x00017c9f   0xce  Code  Gb  host_common.o [12]
usb_hostdev_get_class   0x000176c7   0x6c  Code  Lc  host_common.o [12]
usb_hostdev_get_pipe_handle
                        0x000178fd   0x7e  Code  Gb  host_common.o [12]
usb_hostdev_mask_class_etc
                        0x00017d6d   0x2a  Code  Lc  host_common.o [12]
usb_hostdev_open_pipe   0x00017d97  0x10c  Code  Lc  host_common.o [12]
usb_hostdev_tr_init     0x0001807f   0x36  Code  Gb  host_common.o [12]
usb_hostdev_validate    0x000175b9   0x28  Code  Gb  host_common.o [12]
usb_mass_ufi_cancel     0x00018149    0xc  Code  Gb  usb_host_msd_ufi.o [12]
usb_mass_ufi_generic    0x000180c5   0x84  Code  Gb  usb_host_msd_ufi.o [12]


[1] = L:\git_workspace\YD_PRJ_NEW_20130323_git_\IAR\twrk60n512\Int Flash Debug\Obj
[2] = command line
[3] = bsp_twrk60n512_130330_no_event_lpt.a
[4] = dl7M_tln.a
[5] = m7M_tl.a
[6] = mfs_twrk60n512_d.a
[7] = psp_twrk60n512_d.a
[8] = rt7M_tl.a
[9] = rtcs_twrk60n512_d_20130105.a
[10] = shb_l.a
[11] = shell_twrk60n512_d_20130331.a
[12] = usb_hdk_twrk60n512_d.a

  186 328 bytes of readonly  code memory
   19 232 bytes of readonly  data memory
    8 625 bytes of readwrite data memory

Errors: none
Warnings: none
