###############################################################################
#                                                                             #
# IAR ELF Linker V6.30.1.53127/W32 for ARM              04/May/2013  19:49:42 #
# Copyright 2007-2011 IAR Systems AB.                                         #
#                                                                             #
#    Output file  =  E:\Freescale\mqx_test\YD_PRJ_NEW_20130323_git_\IAR\twrk6 #
#                    0n512\Int Flash Debug\Exe\twrk60n512.out                 #
#    Map file     =  E:\Freescale\mqx_test\YD_PRJ_NEW_20130323_git_\IAR\twrk6 #
#                    0n512\Int Flash Debug\List\twrk60n512.map                #
#    Command line =  "E:\Freescale\mqx_test\YD_PRJ_NEW_20130323_git_\IAR\twrk #
#                    60n512\Int Flash Debug\Obj\DSPSPI.o"                     #
#                    "E:\Freescale\mqx_test\YD_PRJ_NEW_20130323_git_\IAR\twrk #
#                    60n512\Int Flash Debug\Obj\DataConvert.o"                #
#                    "E:\Freescale\mqx_test\YD_PRJ_NEW_20130323_git_\IAR\twrk #
#                    60n512\Int Flash Debug\Obj\FTP_Task.o"                   #
#                    "E:\Freescale\mqx_test\YD_PRJ_NEW_20130323_git_\IAR\twrk #
#                    60n512\Int Flash Debug\Obj\LCDDriver.o"                  #
#                    "E:\Freescale\mqx_test\YD_PRJ_NEW_20130323_git_\IAR\twrk #
#                    60n512\Int Flash Debug\Obj\LCDUart.o"                    #
#                    "E:\Freescale\mqx_test\YD_PRJ_NEW_20130323_git_\IAR\twrk #
#                    60n512\Int Flash Debug\Obj\MenuView.o"                   #
#                    "E:\Freescale\mqx_test\YD_PRJ_NEW_20130323_git_\IAR\twrk #
#                    60n512\Int Flash Debug\Obj\SD_task.o"                    #
#                    "E:\Freescale\mqx_test\YD_PRJ_NEW_20130323_git_\IAR\twrk #
#                    60n512\Int Flash Debug\Obj\Shell_Task.o"                 #
#                    "E:\Freescale\mqx_test\YD_PRJ_NEW_20130323_git_\IAR\twrk #
#                    60n512\Int Flash Debug\Obj\System.o"                     #
#                    "E:\Freescale\mqx_test\YD_PRJ_NEW_20130323_git_\IAR\twrk #
#                    60n512\Int Flash Debug\Obj\USB_File.o"                   #
#                    "E:\Freescale\mqx_test\YD_PRJ_NEW_20130323_git_\IAR\twrk #
#                    60n512\Int Flash Debug\Obj\USB_Task.o"                   #
#                    "E:\Freescale\mqx_test\YD_PRJ_NEW_20130323_git_\IAR\twrk #
#                    60n512\Int Flash Debug\Obj\mem_flash.o"                  #
#                    "E:\Freescale\mqx_test\YD_PRJ_NEW_20130323_git_\IAR\twrk #
#                    60n512\Int Flash Debug\Obj\mem_ram.o"                    #
#                    "E:\Freescale\mqx_test\YD_PRJ_NEW_20130323_git_\IAR\twrk #
#                    60n512\Int Flash Debug\Obj\pin2.o"                       #
#                    "E:\Freescale\mqx_test\YD_PRJ_NEW_20130323_git_\IAR\twrk #
#                    60n512\Int Flash Debug\Obj\sh_cd.o"                      #
#                    "E:\Freescale\mqx_test\YD_PRJ_NEW_20130323_git_\IAR\twrk #
#                    60n512\Int Flash Debug\Obj\sh_di.o"                      #
#                    "E:\Freescale\mqx_test\YD_PRJ_NEW_20130323_git_\IAR\twrk #
#                    60n512\Int Flash Debug\Obj\tcpip_socket_task.o"          #
#                    "E:\Freescale\mqx_test\YD_PRJ_NEW_20130323_git_\IAR\twrk #
#                    60n512\Int Flash Debug\Obj\usb_classes.o"                #
#                    "E:\Freescale\mqx_test\YD_PRJ_NEW_20130323_git_\IAR\twrk #
#                    60n512\Int Flash Debug\Obj\yada_prj.o"                   #
#                    E:\Freescale\mqx_test\YD_PRJ_NEW_20130323_git_\lib\twrk6 #
#                    0n512.iar\bsp\bsp_twrk60n512_130418_SPI_TX_84Data_Buf617 #
#                    5.a E:\Freescale\mqx_test\YD_PRJ_NEW_20130323_git_\lib\t #
#                    wrk60n512.iar\mfs\mfs_twrk60n512_d.a                     #
#                    E:\Freescale\mqx_test\YD_PRJ_NEW_20130323_git_\lib\twrk6 #
#                    0n512.iar\psp\psp_twrk60n512_d.a                         #
#                    E:\Freescale\mqx_test\YD_PRJ_NEW_20130323_git_\lib\twrk6 #
#                    0n512.iar\rtcs\rtcs_twrk60n512_d_20130105.a              #
#                    E:\Freescale\mqx_test\YD_PRJ_NEW_20130323_git_\lib\twrk6 #
#                    0n512.iar\shell\shell_twrk60n512_d_20130412.a            #
#                    E:\Freescale\mqx_test\YD_PRJ_NEW_20130323_git_\lib\twrk6 #
#                    0n512.iar\usb\host\usb_hdk_twrk60n512_d.a --redirect     #
#                    _Printf=_PrintfFull --redirect _Scanf=_ScanfFull -o      #
#                    "E:\Freescale\mqx_test\YD_PRJ_NEW_20130323_git_\IAR\twrk #
#                    60n512\Int Flash Debug\Exe\twrk60n512.out" --map         #
#                    "E:\Freescale\mqx_test\YD_PRJ_NEW_20130323_git_\IAR\twrk #
#                    60n512\Int Flash Debug\List\twrk60n512.map" --config     #
#                    E:\Freescale\mqx_test\YD_PRJ_NEW_20130323_git_\IAR\..\li #
#                    b\twrk60n512.iar\bsp\intflash.icf --redirect             #
#                    __iar_dlmalloc=malloc --redirect __iar_dlcalloc=calloc   #
#                    --redirect __iar_dlfree=free --semihosting --entry       #
#                    __iar_program_start --vfe                                #
#                                                                             #
#                                                                             #
###############################################################################

*******************************************************************************
*** RUNTIME MODEL ATTRIBUTES
***

CppFlavor                   = *
__SystemLibrary             = DLib
__dlib_jmp_buf_num_elements = 8


*******************************************************************************
*** PLACEMENT SUMMARY
***

"A1":  place at 0x00000000 { ro section .intvec, block CFMPROTROM };
"P1":  place in [from 0x00000000 to 0x0007ffff] {
          first block TEXTSECTION, ro, last block FLASHX_POOL };
"P2":  place in [from 0x1fff0000 to 0x2000fff0] { rw, last block KERNEL_DATA };

  Section            Kind        Address     Size  Object
  -------            ----        -------     ----  ------
"A1":                                       0x414
  .intvec            const    0x00000000    0x400  vectors.o [3]
  CFMPROTROM                  0x00000400     0x14  <Block>
    .cfmconfig       const    0x00000400     0x10  vectors.o [3]
    .cfmconfig       const    0x00000410      0x0  vectors.o [3]
    CFMPROTROM       const    0x00000410      0x4  <Block tail>
                            - 0x00000414    0x414

"P1":                                     0x333e4
  TEXTSECTION                 0x00000420  0x2e4ac  <Block>
    .text            ro code  0x00000420     0x4c  cortex_boot.o [7]
    .text            ro code  0x0000046c      0xc  cstartup_M.o [8]
    .text            ro code  0x00000478     0x16  cmain.o [8]
    .text            ro code  0x0000048e      0xa  iar.o [3]
    .text            ro code  0x00000498     0x2c  data_init3.o [8]
    .text            ro code  0x000004c4     0x10  mqx_main.o [3]
    .text            ro code  0x000004d4      0x4  exit.o [4]
    .text            ro code  0x000004d8    0x190  init_hw.o [3]
    .text            ro code  0x00000668    0x1a8  mqx.o [7]
    .text            ro code  0x00000810      0xa  cexit.o [8]
    .text            ro code  0x0000081a     0x46  sotcp.o [9]
    .text            ro code  0x00000860    0x79c  bsp_cm.o [3]
    .text            ro code  0x00000ffc    0x538  init_gpio.o [3]
    .text            ro code  0x00001534    0x134  mem_zero.o [7]
    .text            ro code  0x00001668     0x76  ABImemcpy.o [8]
    .text            ro code  0x000016de     0x56  macnet_rejoin.o [3]
    .text            ro code  0x00001734     0xd8  mqxiinit.o [7]
    .text            ro code  0x0000180c     0x28  lwm_init.o [7]
    .text            ro code  0x00001834     0x18  lwm_gsys.o [7]
    .text            ro code  0x0000184c     0x24  lwm_size.o [7]
    .text            ro code  0x00001870    0x1c4  ta_init.o [7]
    .text            ro code  0x00001a34     0xc0  sc_irdyq.o [7]
    .text            ro code  0x00001af4     0x74  lws_crea.o [7]
    .text            ro code  0x00001b68    0x2c8  init_bsp.o [3]
    .text            ro code  0x00001e30     0x24  int_disa.o [7]
    .text            ro code  0x00001e54     0x14  exit.o [10]
    .text            ro code  0x00001e68     0x14  cm.o [3]
    .text            ro code  0x00001e7c      0xc  qu_init.o [7]
    .text            ro code  0x00001e88     0x64  lwm_crep.o [7]
    .text            ro code  0x00001eec    0x204  lwm_alli.o [7]
    .text            ro code  0x000020f0     0x34  td_serr.o [7]
    .text            ro code  0x00002124     0xd0  td_alloc.o [7]
    .text            ro code  0x000021f4     0x68  stack_bu.o [7]
    .text            ro code  0x0000225c      0x8  lwm_xfri.o [7]
    .text            ro code  0x00002264     0x18  lwm_allz.o [7]
    .text            ro code  0x0000227c     0x38  int_ena.o [7]
    .text            ro code  0x000022b4     0x3e  qu_enq.o [7]
    .text            ro code  0x000022f2     0x22  zero_init3.o [8]
    .text            ro code  0x00002314      0xc  mqx_scpu.o [7]
    .text            ro code  0x00002320     0x30  lwm_allo.o [7]
    .text            ro code  0x00002350     0x14  psp_iinit.o [7]
    .text            ro code  0x00002364     0x10  int_vtab.o [7]
    .text            ro code  0x00002374     0x10  ti_setv.o [7]
    .text            ro code  0x00002384     0xb0  int_iisr.o [7]
    .text            ro code  0x00002434     0x10  ti_sett.o [7]
    .text            ro code  0x00002444     0x10  ti_shwtt.o [7]
    .text            ro code  0x00002454     0x14  ti_shwtf.o [7]
    .text            ro code  0x00002468     0x14  kinetis_mpu.o [7]
    .text            ro code  0x0000247c     0x18  io_init.o [7]
    .text            ro code  0x00002494    0x3b4  serl_pol_kuart.o [3]
    .text            ro code  0x00002848    0x1f0  serl_int_kuart.o [3]
    .text            ro code  0x00002a38    0x86c  i2c_pol_ki2c.o [3]
    .text            ro code  0x000032a4    0x6aa  i2c_int_ki2c.o [3]
    .text            ro code  0x0000394e     0x2e  copy_init3.o [8]
    .text            ro code  0x0000397c    0x9e8  spi_pol_dspi.o [3]
    .text            ro code  0x00004364    0x7a0  spi_dma_dspi.o [3]
    .text            ro code  0x00004b04    0x28c  io_gpio.o [3]
    .text            ro code  0x00004d90    0x5ae  adc.o [3]
    .text            ro code  0x00005340    0xc76  esdhc.o [3]
    .text            ro code  0x00005fb8    0xd3c  flashx.o [3]
    .text            ro code  0x00006cf4     0x34  io_sinit.o [3]
    .text            ro code  0x00006d28     0xe0  ti_krnl.o [7]
    .text            ro code  0x00006e08     0xfc  lwm_free.o [7]
    .text            ro code  0x00006f04     0x40  qu_insrt.o [7]
    .text            ro code  0x00006f44     0x78  int_init.o [7]
    .text            ro code  0x00006fbc     0x10  int_inst.o [7]
    .text            ro code  0x00006fcc    0x53c  serl_pol.o [3]
    .text            ro code  0x00007508     0x4c  serl_mk60.o [3]
    .text            ro code  0x00007554     0x18  lwm_zsys.o [7]
    .text            ro code  0x0000756c    0x610  serl_int.o [3]
    .text            ro code  0x00007b7c     0x60  int_gdat.o [7]
    .text            ro code  0x00007bdc      0x4  int_geh.o [7]
    .text            ro code  0x00007be0     0xa0  cortex.o [7]
    .text            ro code  0x00007c80     0xf0  ev_open.o [7]
    .text            ro code  0x00007d70     0xe0  ev_set.o [7]
    .text            ro code  0x00007e50    0x170  i2c_pol.o [3]
    .text            ro code  0x00007fc0     0x38  i2c_mk60.o [3]
    .text            ro code  0x00007ff8    0x16c  i2c_int.o [3]
    .text            ro code  0x00008164    0x196  spi_pol.o [3]
    .text            ro code  0x000082fc     0x30  spi_mk60_dspi.o [3]
    .text            ro code  0x0000832c    0x1a2  spi_int.o [3]
    .text            ro code  0x000084d0     0x24  io_pntf.o [7]
    .text            ro code  0x000084f4    0x2b4  DSPSPI.o [1]
    .text            ro code  0x000087a8    0x994  io_gpio_kgpio.o [3]
    .text            ro code  0x0000913c     0x1a  io_inst.o [7]
    .text            ro code  0x00009156     0x3e  io_ioctl.o [7]
    .text            ro code  0x00009194    0xac0  adc_kadc.o [3]
    .text            ro code  0x00009c54    0xaf8  adt_kpdb.o [3]
    .text            ro code  0x0000a74c     0x42  strcmp.o [8]
    .text            ro code  0x0000a790     0x36  strlen.o [8]
    .text            ro code  0x0000a7c8     0x38  ti_delay.o [7]
    .text            ro code  0x0000a800    0x108  io_instx.o [7]
    .text            ro code  0x0000a908     0x14  esdhc_mk60.o [3]
    .text            ro code  0x0000a91c      0xe  esdhc.o [3]
    .text            ro code  0x0000a92c     0x78  lws_wait.o [7]
    .text            ro code  0x0000a9a4    0x17c  mem_copy.o [7]
    .text            ro code  0x0000ab20     0x7c  lws_post.o [7]
    .text            ro code  0x0000ab9c     0xa0  io_fopen.o [7]
    .text            ro code  0x0000ac3c     0x34  psp_tinm.o [7]
    .text            ro code  0x0000ac70     0x84  tq_creat.o [7]
    .text            ro code  0x0000acf4     0x80  tq_dest.o [7]
    .text            ro code  0x0000ad74     0xd8  tq_func.o [7]
    .text            ro code  0x0000ae4c     0x94  na_findi.o [7]
    .text            ro code  0x0000aee0     0x48  io_ghand.o [7]
    .text            ro code  0x0000af28    0xbd4  io_dopr.o [7]
    .text            ro code  0x0000bafc     0x34  io_fclos.o [7]
    .text            ro code  0x0000bb30     0x14  ev_creat.o [7]
    .text            ro code  0x0000bb44     0x3a  ev_all.o [7]
    .text            ro code  0x0000bb80     0x48  ev_clear.o [7]
    .text            ro code  0x0000bbc8     0x2a  strncmp.o [4]
    .text            ro code  0x0000bbf4      0x6  ABImemclr4.o [8]
    .text            ro code  0x0000bbfc     0x14  adc_mk60.o [3]
    .text            ro code  0x0000bc10    0x132  I64DivMod.o [8]
    .text            ro code  0x0000bd44     0xd4  lwe_set.o [7]
    .text            ro code  0x0000be18     0x84  psp_mstiq.o [7]
    .text            ro code  0x0000be9c     0x48  psp_tiad.o [7]
    .text            ro code  0x0000bee4     0x88  ti_deli.o [7]
    .text            ro code  0x0000bf6c     0x2e  qu_deq.o [7]
    .text            ro code  0x0000bf9a     0x2c  sc_ipq.o [7]
    .text            ro code  0x0000bfc6     0x1c  strnlen.o [7]
    .text            ro code  0x0000bfe4     0xc0  ev_creai.o [7]
    .text            ro code  0x0000c0a4    0x108  ev_waiti.o [7]
    .text            ro code  0x0000c1ac     0x32  ABImemset48.o [8]
    .text            ro code  0x0000c1e0      0x2  I64DivZer.o [8]
    .text            ro code  0x0000c1e4     0xcc  ev_comp.o [7]
    .text            ro code  0x0000c2b0     0x6c  strncpy.o [8]
    .text            ro code  0x0000c31c    0x138  na_addi.o [7]
    .text            ro code  0x0000c454     0x34  ti_delun.o [7]
    .text            ro code  0x0000c488     0x38  ti_delfo.o [7]
    .text            ro code  0x0000c4c0     0x7c  na_crth.o [7]
    .text            ro code  0x0000c53c     0x5e  ABImemset.o [8]
    .text            ro code  0x0000c59c    0x490  DataConvert.o [1]
    .text            ro code  0x0000ca2c     0xfc  FltDiv.o [5]
    .text            ro code  0x0000cb28     0xd8  FltMul.o [5]
    .text            ro code  0x0000cc00     0x24  FltToU32.o [5]
    .text            ro code  0x0000cc24     0x32  I32ToFlt.o [5]
    .text            ro code  0x0000cc56      0x8  abs.o [4]
    .text            ro code  0x0000cc60     0xe6  FltSub.o [5]
    .text            ro code  0x0000cd48     0x44  FltToS32.o [5]
    .text            ro code  0x0000cd8c     0x24  FltCmpLe.o [5]
    .text            ro code  0x0000cdb0     0x84  FltAdd.o [5]
    .text            ro code  0x0000ce34    0x384  LCDDriver.o [1]
    .text            ro code  0x0000d1b8     0x24  io_write.o [7]
    .text            ro code  0x0000d1dc     0xec  FTP_Task.o [1]
    .text            ro code  0x0000d2c8    0x26c  rtcscmd.o [9]
    .text            ro code  0x0000d534     0x24  enaddr.o [3]
    .text            ro code  0x0000d558    0x104  eninit.o [3]
    .text            ro code  0x0000d65c     0x5c  ifadd.o [9]
    .text            ro code  0x0000d6b8    0x644  ftpd.o [9]
    .text            ro code  0x0000dcfc     0x88  ta_creat.o [7]
    .text            ro code  0x0000dd84     0xe4  mqx_ioc.o [7]
    .text            ro code  0x0000de68    0x1b6  rtcspart.o [9]
    .text            ro code  0x0000e020     0x2c  ms_id.o [7]
    .text            ro code  0x0000e04c     0x16  ms_pool.o [7]
    .text            ro code  0x0000e064     0xa8  rtcstask.o [9]
    .text            ro code  0x0000e10c     0x6c  ms_dpool.o [7]
    .text            ro code  0x0000e178     0xcc  ms_alloc.o [7]
    .text            ro code  0x0000e244     0x58  td_get.o [7]
    .text            ro code  0x0000e29c      0xc  ms_sendb.o [7]
    .text            ro code  0x0000e2a8     0x48  ta_rdy.o [7]
    .text            ro code  0x0000e2f0      0xc  ms_send.o [7]
    .text            ro code  0x0000e2fc     0x10  td_gid.o [7]
    .text            ro code  0x0000e30c     0x1c  td_gerr.o [7]
    .text            ro code  0x0000e328     0x24  td_util.o [7]
    .text            ro code  0x0000e34c     0x2c  init_enet.o [3]
    .text            ro code  0x0000e378     0x58  enutil.o [3]
    .text            ro code  0x0000e3d0     0x3c  ta_env.o [7]
    .text            ro code  0x0000e40c     0x22  ta_sexit.o [7]
    .text            ro code  0x0000e430     0xb2  rtcs.o [9]
    .text            ro code  0x0000e4e4    0x3ea  io_util.o [7]
    .text            ro code  0x0000e8d0     0x44  strcpy.o [8]
    .text            ro code  0x0000e914     0x18  io_util.o [7]
    .text            ro code  0x0000e92c      0x8  io_util.o [7]
    .text            ro code  0x0000e934     0x7c  ta_build.o [7]
    .text            ro code  0x0000e9b0     0x18  lwm_allp.o [7]
    .text            ro code  0x0000e9c8     0x18  lwm_alzp.o [7]
    .text            ro code  0x0000e9e0     0x18  lwm_gsyp.o [7]
    .text            ro code  0x0000e9f8     0x18  lwm_zsyf.o [7]
    .text            ro code  0x0000ea10     0x84  pa_creat.o [7]
    .text            ro code  0x0000ea94     0x14  pa_sallo.o [7]
    .text            ro code  0x0000eaa8     0x74  pa_free.o [7]
    .text            ro code  0x0000eb1c     0x74  pa_dest.o [7]
    .text            ro code  0x0000eb90    0x20c  ms_pooli.o [7]
    .text            ro code  0x0000ed9c     0x12  ta_util.o [7]
    .text            ro code  0x0000edb0     0xa2  lws_dest.o [7]
    .text            ro code  0x0000ee54    0x364  ms_sendi.o [7]
    .text            ro code  0x0000f1b8    0x12a  sockutil.o [9]
    .text            ro code  0x0000f2e2      0x8  io_util.o [7]
    .text            ro code  0x0000f2ea     0x2a  io_util.o [7]
    .text            ro code  0x0000f314     0x16  io_util.o [7]
    .text            ro code  0x0000f32c     0x7c  pa_creai.o [7]
    .text            ro code  0x0000f3a8    0x118  pa_alloi.o [7]
    .text            ro code  0x0000f4c0    0x130  ms_comp.o [7]
    .text            ro code  0x0000f5f0     0x60  ms_free.o [7]
    .text            ro code  0x0000f650     0x10  io_util.o [7]
    .text            ro code  0x0000f660      0x8  io_util.o [7]
    .text            ro code  0x0000f668      0x8  io_util.o [7]
    .text            ro code  0x0000f670     0x7c  pa_comp.o [7]
    .text            ro code  0x0000f6ec     0x5c  pa_extni.o [7]
    .text            ro code  0x0000f748     0x22  io_util.o [7]
    .text            ro code  0x0000f76a     0x28  io_util.o [7]
    .text            ro code  0x0000f792     0x10  io_util.o [7]
    .text            ro code  0x0000f7a4    0xab0  LCDUart.o [1]
    .text            ro code  0x00010254     0x14  ev_creaa.o [7]
    .text            ro code  0x00010268   0x3598  MenuView.o [1]
    .text            ro code  0x00013800     0x52  System.o [1]
    .text            ro code  0x00013854     0x30  I32ToDbl.o [5]
    .text            ro code  0x00013884    0x1a2  DblMul.o [5]
    .text            ro code  0x00013a28    0x246  DblDiv.o [5]
    .text            ro code  0x00013c70     0x90  DblToFlt.o [5]
    .text            ro code  0x00013d00     0x4e  FltToDbl.o [5]
    .text            ro code  0x00013d4e      0x6  cos.o [5]
    .text            ro code  0x00013d54     0xe8  DblAdd.o [5]
    .text            ro code  0x00013e3c     0x4c  DblToI32.o [5]
    .text            ro code  0x00013e88      0x6  sin.o [5]
    .text            ro code  0x00013e90    0x180  DblSub.o [5]
    .text            ro code  0x00014010     0x24  FltCmpGe.o [5]
    .text            ro code  0x00014034    0x14c  sh_cd.o [1]
    .text            ro code  0x00014180     0x90  sh_pwd.o [11]
    .text            ro code  0x00014210    0x220  sh_read_wk.o [11]
    .text            ro code  0x00014430    0x24c  sh_write_binary.o [11]
    .text            ro code  0x0001467c     0xc8  sh_update.o [11]
    .text            ro code  0x00014744     0x26  io_spr.o [7]
    .text            ro code  0x0001476a     0x16  ti_get.o [7]
    .text            ro code  0x00014780     0xe4  ti_to.o [7]
    .text            ro code  0x00014864    0x110  sh_mkdir.o [11]
    .text            ro code  0x00014974    0x39c  sh_search_file_1.o [11]
    .text            ro code  0x00014d10    0x1f0  xsin.o [5]
    .text            ro code  0x00014f00    0x218  sh_util.o [11]
    .text            ro code  0x00015118    0x408  mfs_misc.o [6]
    .text            ro code  0x00015520     0x90  io_fseek.o [7]
    .text            ro code  0x000155b0     0x16  io_feof.o [7]
    .text            ro code  0x000155c6     0x46  io_fgetc.o [7]
    .text            ro code  0x0001560c     0x4c  ti_gett.o [7]
    .text            ro code  0x00015658     0xbc  psp_tkti.o [7]
    .text            ro code  0x00015714     0x42  ti_leap.o [7]
    .text            ro code  0x00015758    0x320  dir_read.o [6]
    .text            ro code  0x00015a78      0xc  errno.o [4]
    .text            ro code  0x00015a84    0x170  xquad.o [5]
    .text            ro code  0x00015bf4     0x2e  DblCmpGe.o [5]
    .text            ro code  0x00015c24     0x2e  DblCmpLe.o [5]
    .text            ro code  0x00015c52     0x10  sh_util.o [11]
    .text            ro code  0x00015c62    0x344  mfs_rw.o [6]
    .text            ro code  0x00015fa6     0x9e  mfs_data_sector.o [6]
    .text            ro code  0x00016044    0x382  mfs_fat.o [6]
    .text            ro code  0x000163c6      0x2  xtls.o [4]
    .text            ro code  0x000163c8     0x80  xdint.o [5]
    .text            ro code  0x00016448     0x20  DblCmpEq.o [5]
    .text            ro code  0x00016468    0x1a8  fmod.o [5]
    .text            ro code  0x00016610     0x6a  io_read.o [7]
    .text            ro code  0x0001667c     0x62  memcmp.o [8]
    .text            ro code  0x000166e0    0x356  mfs_cluster.o [6]
    .text            ro code  0x00016a38      0xc  iarEdom.o [8]
    .text            ro code  0x00016a44     0x48  Shell_Task.o [1]
    .text            ro code  0x00016a8c    0x22c  shell.o [11]
    .text            ro code  0x00016cb8     0x38  io_fflsh.o [7]
    .text            ro code  0x00016cf0     0x2e  io_fgets.o [7]
    .text            ro code  0x00016d1e     0x94  io_fgetl.o [7]
    .text            ro code  0x00016db2     0x2c  io_fung.o [7]
    .text            ro code  0x00016de0    0x2d0  USB_File.o [1]
    .text            ro code  0x000170b0    0x726  usbmfs.o [12]
    .text            ro code  0x000177d8    0x5a6  part_mgr.o [6]
    .text            ro code  0x00017d7e      0xe  io_ferr.o [7]
    .text            ro code  0x00017d8c   0x1222  mfs_init.o [6]
    .text            ro code  0x00018fb0     0x7c  io_uinst.o [7]
    .text            ro code  0x0001902c    0xb54  host_common.o [12]
    .text            ro code  0x00019b80     0x90  usb_host_msd_ufi.o [12]
    .text            ro code  0x00019c10     0x10  ti_getp.o [7]
    .text            ro code  0x00019c20     0x98  lws_wati.o [7]
    .text            ro code  0x00019cb8     0x30  ti_delti.o [7]
    .text            ro code  0x00019ce8     0xa2  mfs_valdev.o [6]
    .text            ro code  0x00019d8c    0x39c  mfs_open.o [6]
    .text            ro code  0x0001a128    0x4bc  mfs_create.o [6]
    .text            ro code  0x0001a5e4    0x2d0  mfs_read.o [6]
    .text            ro code  0x0001a8b4    0x430  mfs_write.o [6]
    .text            ro code  0x0001ace4    0x7f8  mfs_directory.o [6]
    .text            ro code  0x0001b4dc     0xf4  mfs_attribute.o [6]
    .text            ro code  0x0001b5d0     0xe4  mfs_time.o [6]
    .text            ro code  0x0001b6b4    0x7ce  mfs_lfn.o [6]
    .text            ro code  0x0001be82    0x102  mfs_delete.o [6]
    .text            ro code  0x0001bf84    0x2c0  mfs_rename.o [6]
    .text            ro code  0x0001c244    0x89c  mfs_format.o [6]
    .text            ro code  0x0001cae0     0x10  qu_util.o [7]
    .text            ro code  0x0001caf0     0x68  usb_mqx.o [12]
    .text            ro code  0x0001cb58    0x3d2  host_dev_list.o [12]
    .text            ro code  0x0001cf2c    0x564  host_main.o [12]
    .text            ro code  0x0001d490    0x660  host_ch9.o [12]
    .text            ro code  0x0001daf0    0x670  usb_host_msd_bo.o [12]
    .text            ro code  0x0001e160     0x36  lws_wain.o [7]
    .text            ro code  0x0001e196    0x79a  mfs_search.o [6]
    .text            ro code  0x0001e930     0xf6  mfs_handle.o [6]
    .text            ro code  0x0001ea28    0x7f6  mfs_dir_entry.o [6]
    .text            ro code  0x0001f21e     0x20  qu_head.o [7]
    .text            ro code  0x0001f23e     0x22  qu_next.o [7]
    .text            ro code  0x0001f260    0x57c  mfs_parse.o [6]
    .text            ro code  0x0001f7dc     0x50  host_close.o [12]
    .text            ro code  0x0001f82c     0x5a  usb_mk60.o [3]
    .text            ro code  0x0001f886     0xa2  usb_host_msd_queue.o [12]
    .text            ro code  0x0001f928     0x58  host_snd.o [12]
    .text            ro code  0x0001f980     0x58  host_rcv.o [12]
    .text            ro code  0x0001f9d8     0x30  pa_sallz.o [7]
    .text            ro code  0x0001fa08     0x1e  qu_unlnk.o [7]
    .text            ro code  0x0001fa26     0x1e  strcat.o [4]
    .text            ro code  0x0001fa44    0x220  USB_Task.o [1]
    .text            ro code  0x0001fc64     0x86  lwe_crea.o [7]
    .text            ro code  0x0001fcec     0x20  int_iunx.o [7]
    .text            ro code  0x0001fd0c     0x34  lwe_clr.o [7]
    .text            ro code  0x0001fd40     0x48  lwe_watt.o [7]
    .text            ro code  0x0001fd88     0x10  int_idef.o [7]
    .text            ro code  0x0001fd98     0xf0  lwe_waii.o [7]
    .text            ro code  0x0001fe88    0x16c  mem_flash.o [1]
    .text            ro code  0x0001fff4     0x94  pin2.o [1]
    .text            ro code  0x00020088     0xac  tq_tsusp.o [7]
    .text            ro code  0x00020134     0x98  ta_prio.o [7]
    .text            ro code  0x000201cc     0x68  sc_sprio.o [7]
    .text            ro code  0x00020234      0x4  ta_sync.o [7]
    .text            ro code  0x00020238    0x29c  tcpip_socket_task.o [1]
    .text            ro code  0x000204d4    0x1a0  soselset.o [9]
    .text            ro code  0x00020674     0xbc  sosel0.o [9]
    .text            ro code  0x00020730     0xd4  timer.o [9]
    .text            ro code  0x00020804    0x418  yada_prj.o [1]
    .text            ro code  0x00020c1c   0x12f0  ftpd_cmd.o [9]
    .text            ro code  0x00021f0c     0x24  ftpd_cmd.o [9]
    .text            ro code  0x00021f30      0x4  strpbrk.o [4]
    .text            ro code  0x00021f34     0x18  rtcsmsec.o [9]
    .text            ro code  0x00021f4c     0x20  io_ftell.o [7]
    .text            ro code  0x00021f6c     0x22  strpbrk.o [4]
    .text            ro code  0x00021f8e     0x1a  ti_elaps.o [7]
    .text            ro code  0x00021fa8     0x40  ti_elapt.o [7]
    .text            ro code  0x00021fe8    0x3be  ip-e.o [9]
    .text            ro code  0x000223a8    0x82c  arp.o [9]
    .text            ro code  0x00022bd4     0x94  enopen.o [3]
    .text            ro code  0x00022c68     0x82  enclose.o [3]
    .text            ro code  0x00022cec     0xdc  rtcsrand.o [9]
    .text            ro code  0x00022dc8    0x496  rtcspcb.o [9]
    .text            ro code  0x0002325e    0x162  ensend.o [3]
    .text            ro code  0x000233c0    0x24c  iputil.o [9]
    .text            ro code  0x0002360c      0x4  proxyarp.o [9]
    .text            ro code  0x00023610     0x3c  lws_poll.o [7]
    .text            ro code  0x0002364c    0x24c  ipradix.o [9]
    .text            ro code  0x00023898     0x94  sh_cmdlist.o [11]
    .text            ro code  0x0002392c    0x1f0  sh_copy.o [11]
    .text            ro code  0x00023b1c    0x118  sh_create.o [11]
    .text            ro code  0x00023c34    0x11c  sh_del.o [11]
    .text            ro code  0x00023d50    0x108  sh_df.o [11]
    .text            ro code  0x00023e58    0x154  sh_dir.o [11]
    .text            ro code  0x00023fac    0x1bc  sh_disect.o [11]
    .text            ro code  0x00024168     0x68  sh_exit.o [11]
    .text            ro code  0x000241d0    0x17c  sh_format.o [11]
    .text            ro code  0x0002434c    0x108  sh_help.o [11]
    .text            ro code  0x00024454    0x22c  sh_read.o [11]
    .text            ro code  0x00024680     0x40  io_fputc.o [7]
    .text            ro code  0x000246c0    0x188  sh_rename.o [11]
    .text            ro code  0x00024848    0x12c  sh_rmdir.o [11]
    .text            ro code  0x00024974     0xd8  sh_sh.o [11]
    .text            ro code  0x00024a4c    0x130  sh_type.o [11]
    .text            ro code  0x00024b7c    0x250  sh_write.o [11]
    .text            ro code  0x00024dcc    0xa94  khci.o [12]
    .text            ro code  0x00025860     0x92  lwmsgq.o [7]
    .text            ro code  0x000258f4    0x138  lwmsgq_recv.o [7]
    .text            ro code  0x00025a2c     0x70  ta_creab.o [7]
    .text            ro code  0x00025a9c    0x128  lwmsgq_send.o [7]
    .text            ro code  0x00025bc4    0x560  usb_host_hub_sm.o [12]
    .text            ro code  0x00026124    0x3ae  usb_host_hub.o [12]
    .text            ro code  0x000264d4    0x59c  sstream.o [9]
    .text            ro code  0x00026a70    0x9f6  ip.o [9]
    .text            ro code  0x00027468    0x76c  iproute.o [9]
    .text            ro code  0x00027bd4     0x86  checksum.o [9]
    .text            ro code  0x00027c5a     0x44  ipsum.o [7]
    .text            ro code  0x00027ca0    0x680  icmp.o [9]
    .text            ro code  0x00028320     0x22  route.o [9]
    .text            ro code  0x00028344    0x19e  iplocal.o [9]
    .text            ro code  0x000284e4    0x124  tcpip.o [9]
    .text            ro code  0x00028608     0x16  ms_open.o [7]
    .text            ro code  0x00028620     0x10  arpinit.o [9]
    .text            ro code  0x00028630     0x18  bootinit.o [9]
    .text            ro code  0x00028648     0x32  ms_recv.o [7]
    .text            ro code  0x0002867c    0x144  ms_openi.o [7]
    .text            ro code  0x000287c0    0x320  ms_recvi.o [7]
    .text            ro code  0x00028ae0     0xe8  int_unx.o [7]
    .text            ro code  0x00028bc8    0x3c4  tcp_clos.o [9]
    .text            ro code  0x00028f8c    0x792  tcp_rcv.o [9]
    .text            ro code  0x0002971e    0x3a2  ticker.o [9]
    .text            ro code  0x00029ac0   0x16e2  tcp.o [9]
    .text            ro code  0x0002b1a2    0x12c  sosel1.o [9]
    .text            ro code  0x0002b2d0    0xfa8  tcp_send.o [9]
    .text            ro code  0x0002c278    0x412  tcp_buf.o [9]
    .text            ro code  0x0002c68c     0x18  ti_getr.o [7]
    .text            ro code  0x0002c6a4    0x464  macnet_init.o [3]
    .text            ro code  0x0002cb08     0x1c  macnet_mk60.o [3]
    .text            ro code  0x0002cb24    0x49e  macnet_receive.o [3]
    .text            ro code  0x0002cfc4    0x1d4  macnet_util.o [3]
    .text            ro code  0x0002d198    0x11a  enrecv.o [3]
    .text            ro code  0x0002d2b4     0x64  int_gisr.o [7]
    .text            ro code  0x0002d318    0x1e2  ta_dest.o [7]
    .text            ro code  0x0002d4fc     0x6c  lwm_list.o [7]
    .text            ro code  0x0002d568      0x2  stack_de.o [7]
    .text            ro code  0x0002d56c     0x34  int_isr.o [7]
    .text            ro code  0x0002d5a0     0x10  td_serrt.o [7]
    .text            ro code  0x0002d5b0     0x40  idletask.o [7]
    .text            ro code  0x0002d5f0     0x60  ev_tdel.o [7]
    .text            ro code  0x0002d650     0x88  macnet_join.o [3]
    .text            ro code  0x0002d6d8     0xe8  macnet_mii.o [3]
    .text            ro code  0x0002d7c0     0x4c  macnet_stop.o [3]
    .text            ro code  0x0002d80c     0x24  ta_exit.o [7]
    .text            ro code  0x0002d830    0x31c  udp.o [9]
    .text            ro code  0x0002db4c    0x4fc  flash_ftfl.o [3]
    .text            ro code  0x0002e048     0x24  flash_mk60.o [3]
    .text            ro code  0x0002e06c     0xd8  ms_tdel.o [7]
    .text            ro code  0x0002e144     0x98  pa_tdel.o [7]
    .text            ro code  0x0002e1dc    0x104  soip.o [9]
    .text            ro code  0x0002e2e0    0x1ba  ipif_add.o [9]
    .text            ro code  0x0002e49a    0x178  phy_ks8721bl.o [3]
    .text            ro code  0x0002e612    0x2ba  macnet_send.o [3]
  KERNEL             ro code  0x0002e8d0    0x218  dispatch.o [7]
  .iar.init_table    const    0x0002eae8     0x38  - Linker created -
  .rodata            const    0x0002eb20      0x8  DSPSPI.o [1]
  .rodata            const    0x0002eb28     0x1c  DSPSPI.o [1]
  .rodata            const    0x0002eb44     0x24  DSPSPI.o [1]
  .rodata            const    0x0002eb68     0x24  DSPSPI.o [1]
  .rodata            const    0x0002eb8c     0x24  DSPSPI.o [1]
  .rodata            const    0x0002ebb0     0x10  DSPSPI.o [1]
  .rodata            const    0x0002ebc0     0x1c  DSPSPI.o [1]
  .rodata            const    0x0002ebdc     0x18  DSPSPI.o [1]
  .rodata            const    0x0002ebf4     0x1c  DSPSPI.o [1]
  .rodata            const    0x0002ec10     0x18  DSPSPI.o [1]
  .rodata            const    0x0002ec28      0x8  FTP_Task.o [1]
  .rodata            const    0x0002ec30      0x8  FTP_Task.o [1]
  .rodata            const    0x0002ec38      0x8  FTP_Task.o [1]
  .rodata            const    0x0002ec40      0x4  FTP_Task.o [1]
  .rodata            const    0x0002ec44      0x8  FTP_Task.o [1]
  .rodata            const    0x0002ec4c      0x8  FTP_Task.o [1]
  .rodata            const    0x0002ec54      0x8  FTP_Task.o [1]
  .rodata            const    0x0002ec5c      0x8  FTP_Task.o [1]
  .rodata            const    0x0002ec64      0x4  FTP_Task.o [1]
  .rodata            const    0x0002ec68      0x8  FTP_Task.o [1]
  .rodata            const    0x0002ec70      0x8  FTP_Task.o [1]
  .rodata            const    0x0002ec78      0x8  FTP_Task.o [1]
  .rodata            const    0x0002ec80      0x8  FTP_Task.o [1]
  .rodata            const    0x0002ec88      0x8  FTP_Task.o [1]
  .rodata            const    0x0002ec90      0x8  FTP_Task.o [1]
  .rodata            const    0x0002ec98      0x4  FTP_Task.o [1]
  .rodata            const    0x0002ec9c      0x8  FTP_Task.o [1]
  .rodata            const    0x0002eca4      0x8  FTP_Task.o [1]
  .rodata            const    0x0002ecac      0x8  FTP_Task.o [1]
  .rodata            const    0x0002ecb4      0x8  FTP_Task.o [1]
  .rodata            const    0x0002ecbc      0x8  FTP_Task.o [1]
  .rodata            const    0x0002ecc4      0x4  FTP_Task.o [1]
  .rodata            const    0x0002ecc8      0x8  FTP_Task.o [1]
  .rodata            const    0x0002ecd0      0x8  FTP_Task.o [1]
  .rodata            const    0x0002ecd8      0x8  FTP_Task.o [1]
  .rodata            const    0x0002ece0      0x8  FTP_Task.o [1]
  .rodata            const    0x0002ece8      0x8  FTP_Task.o [1]
  .rodata            const    0x0002ecf0      0x8  FTP_Task.o [1]
  .rodata            const    0x0002ecf8      0x8  FTP_Task.o [1]
  .rodata            const    0x0002ed00      0x8  FTP_Task.o [1]
  .rodata            const    0x0002ed08      0x8  FTP_Task.o [1]
  .rodata            const    0x0002ed10     0x24  FTP_Task.o [1]
  .rodata            const    0x0002ed34     0x24  FTP_Task.o [1]
  .rodata            const    0x0002ed58     0x24  FTP_Task.o [1]
  .rodata            const    0x0002ed7c     0x14  FTP_Task.o [1]
  .rodata            const    0x0002ed90      0xc  FTP_Task.o [1]
  .rodata            const    0x0002ed9c    0x100  FTP_Task.o [1]
  .rodata            const    0x0002ee9c      0x8  LCDDriver.o [1]
  .rodata            const    0x0002eea4      0x8  LCDUart.o [1]
  .rodata            const    0x0002eeac      0xc  LCDUart.o [1]
  .rodata            const    0x0002eeb8     0x28  LCDUart.o [1]
  .rodata            const    0x0002eee0     0x24  LCDUart.o [1]
  .rodata            const    0x0002ef04     0x24  LCDUart.o [1]
  .rodata            const    0x0002ef28     0x1c  LCDUart.o [1]
  .rodata            const    0x0002ef44     0x10  LCDUart.o [1]
  .rodata            const    0x0002ef54     0x1c  LCDUart.o [1]
  .rodata            const    0x0002ef70     0x18  LCDUart.o [1]
  .rodata            const    0x0002ef88      0xc  MenuView.o [1]
  .rodata            const    0x0002ef94     0x10  MenuView.o [1]
  .rodata            const    0x0002efa4     0x10  MenuView.o [1]
  .rodata            const    0x0002efb4     0x14  MenuView.o [1]
  .rodata            const    0x0002efc8     0x14  MenuView.o [1]
  .rodata            const    0x0002efdc     0x38  MenuView.o [1]
  .rodata            const    0x0002f014     0x3c  MenuView.o [1]
  .rodata            const    0x0002f050      0x4  MenuView.o [1]
  .rodata            const    0x0002f054      0x8  MenuView.o [1]
  .rodata            const    0x0002f05c     0x24  MenuView.o [1]
  .rodata            const    0x0002f080     0x48  MenuView.o [1]
  .rodata            const    0x0002f0c8      0x8  MenuView.o [1]
  .rodata            const    0x0002f0d0      0x8  MenuView.o [1]
  .rodata            const    0x0002f0d8      0xc  MenuView.o [1]
  .rodata            const    0x0002f0e4      0x8  MenuView.o [1]
  .rodata            const    0x0002f0ec     0x10  MenuView.o [1]
  .rodata            const    0x0002f0fc      0x8  MenuView.o [1]
  .rodata            const    0x0002f104      0x8  MenuView.o [1]
  .rodata            const    0x0002f10c     0x2c  MenuView.o [1]
  .rodata            const    0x0002f138     0x58  MenuView.o [1]
  .rodata            const    0x0002f190     0x10  MenuView.o [1]
  .rodata            const    0x0002f1a0     0x10  MenuView.o [1]
  .rodata            const    0x0002f1b0      0xc  MenuView.o [1]
  .rodata            const    0x0002f1bc      0xc  MenuView.o [1]
  .rodata            const    0x0002f1c8     0x14  MenuView.o [1]
  .rodata            const    0x0002f1dc     0x24  MenuView.o [1]
  .rodata            const    0x0002f200     0x70  MenuView.o [1]
  .rodata            const    0x0002f270     0x38  MenuView.o [1]
  .rodata            const    0x0002f2a8      0xc  MenuView.o [1]
  .rodata            const    0x0002f2b4      0x8  MenuView.o [1]
  .rodata            const    0x0002f2bc      0xc  MenuView.o [1]
  .rodata            const    0x0002f2c8      0xc  MenuView.o [1]
  .rodata            const    0x0002f2d4      0x8  MenuView.o [1]
  .rodata            const    0x0002f2dc     0x20  MenuView.o [1]
  .rodata            const    0x0002f2fc     0x20  MenuView.o [1]
  .rodata            const    0x0002f31c     0x24  MenuView.o [1]
  .rodata            const    0x0002f340      0xc  MenuView.o [1]
  .rodata            const    0x0002f34c     0x28  MenuView.o [1]
  .rodata            const    0x0002f374     0x10  MenuView.o [1]
  .rodata            const    0x0002f384      0xc  MenuView.o [1]
  .rodata            const    0x0002f390      0x8  MenuView.o [1]
  .rodata            const    0x0002f398      0x8  MenuView.o [1]
  .rodata            const    0x0002f3a0      0x8  MenuView.o [1]
  .rodata            const    0x0002f3a8      0x8  MenuView.o [1]
  .rodata            const    0x0002f3b0      0xc  MenuView.o [1]
  .rodata            const    0x0002f3bc      0x8  MenuView.o [1]
  .rodata            const    0x0002f3c4      0x8  MenuView.o [1]
  .rodata            const    0x0002f3cc      0x4  Shell_Task.o [1]
  .rodata            const    0x0002f3d0      0x8  Shell_Task.o [1]
  .rodata            const    0x0002f3d8      0x8  Shell_Task.o [1]
  .rodata            const    0x0002f3e0      0x4  Shell_Task.o [1]
  .rodata            const    0x0002f3e4      0x8  Shell_Task.o [1]
  .rodata            const    0x0002f3ec      0x4  Shell_Task.o [1]
  .rodata            const    0x0002f3f0      0x4  Shell_Task.o [1]
  .rodata            const    0x0002f3f4      0x8  Shell_Task.o [1]
  .rodata            const    0x0002f3fc      0x8  Shell_Task.o [1]
  .rodata            const    0x0002f404      0x8  Shell_Task.o [1]
  .rodata            const    0x0002f40c      0x8  Shell_Task.o [1]
  .rodata            const    0x0002f414      0x4  Shell_Task.o [1]
  .rodata            const    0x0002f418      0x8  Shell_Task.o [1]
  .rodata            const    0x0002f420      0x4  Shell_Task.o [1]
  .rodata            const    0x0002f424      0x8  Shell_Task.o [1]
  .rodata            const    0x0002f42c      0x4  Shell_Task.o [1]
  .rodata            const    0x0002f430      0x8  Shell_Task.o [1]
  .rodata            const    0x0002f438      0x8  Shell_Task.o [1]
  .rodata            const    0x0002f440      0x8  Shell_Task.o [1]
  .rodata            const    0x0002f448      0x8  Shell_Task.o [1]
  .rodata            const    0x0002f450     0x28  Shell_Task.o [1]
  .rodata            const    0x0002f478     0x24  Shell_Task.o [1]
  .rodata            const    0x0002f49c     0x24  Shell_Task.o [1]
  .rodata            const    0x0002f4c0     0x20  Shell_Task.o [1]
  .rodata            const    0x0002f4e0     0xb0  Shell_Task.o [1]
  .rodata            const    0x0002f590     0x1c  USB_File.o [1]
  .rodata            const    0x0002f5ac     0x4c  USB_File.o [1]
  .rodata            const    0x0002f5f8     0x34  USB_File.o [1]
  .rodata            const    0x0002f62c     0x24  USB_File.o [1]
  .rodata            const    0x0002f650     0x20  USB_File.o [1]
  .rodata            const    0x0002f670     0x20  USB_File.o [1]
  .rodata            const    0x0002f690     0x24  USB_File.o [1]
  .rodata            const    0x0002f6b4     0x24  USB_File.o [1]
  .rodata            const    0x0002f6d8     0x2c  USB_File.o [1]
  .rodata            const    0x0002f704     0x24  USB_File.o [1]
  .rodata            const    0x0002f728     0x20  USB_File.o [1]
  .rodata            const    0x0002f748     0x1c  USB_File.o [1]
  .rodata            const    0x0002f764     0x18  USB_File.o [1]
  .rodata            const    0x0002f77c     0x2c  USB_File.o [1]
  .rodata            const    0x0002f7a8     0x14  USB_File.o [1]
  .rodata            const    0x0002f7bc     0x24  USB_File.o [1]
  .rodata            const    0x0002f7e0     0x18  USB_File.o [1]
  .rodata            const    0x0002f7f8     0x28  USB_File.o [1]
  .rodata            const    0x0002f820     0x18  USB_File.o [1]
  .rodata            const    0x0002f838     0x2c  USB_File.o [1]
  .rodata            const    0x0002f864     0x18  USB_File.o [1]
  .rodata            const    0x0002f87c     0x30  USB_File.o [1]
  .rodata            const    0x0002f8ac     0x14  USB_File.o [1]
  .rodata            const    0x0002f8c0     0x1c  USB_File.o [1]
  .rodata            const    0x0002f8dc     0x18  USB_File.o [1]
  .rodata            const    0x0002f8f4     0x24  USB_Task.o [1]
  .rodata            const    0x0002f918     0x24  USB_Task.o [1]
  .rodata            const    0x0002f93c     0x24  USB_Task.o [1]
  .rodata            const    0x0002f960      0x8  USB_Task.o [1]
  .rodata            const    0x0002f968      0x8  USB_Task.o [1]
  .rodata            const    0x0002f970      0x8  USB_Task.o [1]
  .rodata            const    0x0002f978      0x8  USB_Task.o [1]
  .rodata            const    0x0002f980     0x30  USB_Task.o [1]
  .rodata            const    0x0002f9b0      0x4  mem_flash.o [1]
  .rodata            const    0x0002f9b4      0x8  mem_flash.o [1]
  .rodata            const    0x0002f9bc     0x14  mem_flash.o [1]
  .rodata            const    0x0002f9d0      0x8  mem_flash.o [1]
  .rodata            const    0x0002f9d8     0x18  mem_flash.o [1]
  .rodata            const    0x0002f9f0     0x18  mem_flash.o [1]
  .rodata            const    0x0002fa08     0x28  mem_flash.o [1]
  .rodata            const    0x0002fa30     0x28  mem_flash.o [1]
  .rodata            const    0x0002fa58     0x1c  mem_flash.o [1]
  .rodata            const    0x0002fa74     0x20  mem_flash.o [1]
  .rodata            const    0x0002fa94     0x30  mem_flash.o [1]
  .rodata            const    0x0002fac4     0x1c  mem_flash.o [1]
  .rodata            const    0x0002fae0      0xc  pin2.o [1]
  .rodata            const    0x0002faec      0xc  pin2.o [1]
  .rodata            const    0x0002faf8      0x8  pin2.o [1]
  .rodata            const    0x0002fb00     0x28  sh_cd.o [1]
  .rodata            const    0x0002fb28     0x2c  sh_cd.o [1]
  .rodata            const    0x0002fb54     0x1c  sh_cd.o [1]
  .rodata            const    0x0002fb70     0x20  sh_cd.o [1]
  .rodata            const    0x0002fb90     0x14  sh_cd.o [1]
  .rodata            const    0x0002fba4     0x18  sh_cd.o [1]
  .rodata            const    0x0002fbbc     0x34  sh_cd.o [1]
  .rodata            const    0x0002fbf0     0x28  tcpip_socket_task.o [1]
  .rodata            const    0x0002fc18     0x2c  tcpip_socket_task.o [1]
  .rodata            const    0x0002fc44     0x1c  tcpip_socket_task.o [1]
  .rodata            const    0x0002fc60     0x28  tcpip_socket_task.o [1]
  .rodata            const    0x0002fc88     0x20  tcpip_socket_task.o [1]
  .rodata            const    0x0002fca8     0x14  tcpip_socket_task.o [1]
  .rodata            const    0x0002fcbc      0x8  tcpip_socket_task.o [1]
  .rodata            const    0x0002fcc4     0x24  tcpip_socket_task.o [1]
  .rodata            const    0x0002fce8     0x10  yada_prj.o [1]
  .rodata            const    0x0002fcf8      0xc  yada_prj.o [1]
  .rodata            const    0x0002fd04      0xc  yada_prj.o [1]
  .rodata            const    0x0002fd10     0x10  yada_prj.o [1]
  .rodata            const    0x0002fd20      0xc  yada_prj.o [1]
  .rodata            const    0x0002fd2c      0xc  yada_prj.o [1]
  .rodata            const    0x0002fd38     0x10  yada_prj.o [1]
  .rodata            const    0x0002fd48      0xc  yada_prj.o [1]
  .rodata            const    0x0002fd54      0xc  yada_prj.o [1]
  .rodata            const    0x0002fd60      0xc  yada_prj.o [1]
  .rodata            const    0x0002fd6c     0x20  yada_prj.o [1]
  .rodata            const    0x0002fd8c     0x24  yada_prj.o [1]
  .rodata            const    0x0002fdb0     0x24  yada_prj.o [1]
  .rodata            const    0x0002fdd4     0x24  yada_prj.o [1]
  .rodata            const    0x0002fdf8      0x8  yada_prj.o [1]
  .rodata            const    0x0002fe00      0x8  yada_prj.o [1]
  .rodata            const    0x0002fe08      0xc  yada_prj.o [1]
  .rodata            const    0x0002fe14    0x140  yada_prj.o [1]
  .rodata            const    0x0002ff54      0x4  ftpd_cmd.o [9]
  .rodata            const    0x0002ff58     0x10  ftpd_cmd.o [9]
  .rodata            const    0x0002ff68      0x8  ftpd_cmd.o [9]
  .rodata            const    0x0002ff70      0xc  ftpd_cmd.o [9]
  .rodata            const    0x0002ff7c     0x14  ftpd_cmd.o [9]
  .rodata            const    0x0002ff90      0x8  ftpd_cmd.o [9]
  .rodata            const    0x0002ff98     0x20  ftpd_cmd.o [9]
  .rodata            const    0x0002ffb8     0x24  ftpd_cmd.o [9]
  .rodata            const    0x0002ffdc     0x20  ftpd_cmd.o [9]
  .rodata            const    0x0002fffc     0x30  ftpd_cmd.o [9]
  .rodata            const    0x0003002c     0x28  ftpd_cmd.o [9]
  .rodata            const    0x00030054     0x24  ftpd_cmd.o [9]
  .rodata            const    0x00030078     0x1c  ftpd_cmd.o [9]
  .rodata            const    0x00030094      0x4  ftpd.o [9]
  .rodata            const    0x00030098      0x8  ftpd.o [9]
  .rodata            const    0x000300a0      0xc  ip-e.o [9]
  .rodata            const    0x000300ac      0x4  ip-e.o [9]
  .rodata            const    0x000300b0      0x8  rtcscmd.o [9]
  .rodata            const    0x000300b8     0x28  sh_mkdir.o [11]
  .rodata            const    0x000300e0     0x2c  sh_mkdir.o [11]
  .rodata            const    0x0003010c     0x20  sh_mkdir.o [11]
  .rodata            const    0x0003012c     0x20  sh_mkdir.o [11]
  .rodata            const    0x0003014c     0x14  sh_mkdir.o [11]
  .rodata            const    0x00030160     0x18  sh_mkdir.o [11]
  .rodata            const    0x00030178     0x30  sh_mkdir.o [11]
  .rodata            const    0x000301a8     0x28  sh_pwd.o [11]
  .rodata            const    0x000301d0     0x20  sh_pwd.o [11]
  .rodata            const    0x000301f0      0x8  sh_pwd.o [11]
  .rodata            const    0x000301f8      0x8  sh_pwd.o [11]
  .rodata            const    0x00030200      0xc  sh_pwd.o [11]
  .rodata            const    0x0003020c     0x28  sh_read_wk.o [11]
  .rodata            const    0x00030234     0x18  sh_read_wk.o [11]
  .rodata            const    0x0003024c     0x20  sh_read_wk.o [11]
  .rodata            const    0x0003026c      0x8  sh_read_wk.o [11]
  .rodata            const    0x00030274      0x8  sh_read_wk.o [11]
  .rodata            const    0x0003027c     0x1c  sh_read_wk.o [11]
  .rodata            const    0x00030298     0x1c  sh_read_wk.o [11]
  .rodata            const    0x000302b4     0x2c  sh_read_wk.o [11]
  .rodata            const    0x000302e0     0x14  sh_read_wk.o [11]
  .rodata            const    0x000302f4      0x8  sh_read_wk.o [11]
  .rodata            const    0x000302fc     0x20  sh_read_wk.o [11]
  .rodata            const    0x0003031c     0x20  sh_read_wk.o [11]
  .rodata            const    0x0003033c     0x30  sh_read_wk.o [11]
  .rodata            const    0x0003036c     0x38  sh_read_wk.o [11]
  .rodata            const    0x000303a4     0x28  sh_read_wk.o [11]
  .rodata            const    0x000303cc     0x2c  sh_read_wk.o [11]
  .rodata            const    0x000303f8     0x34  sh_read_wk.o [11]
  .rodata            const    0x0003042c     0x20  sh_read_wk.o [11]
  .rodata            const    0x0003044c     0x28  sh_search_file_1.o [11]
  .rodata            const    0x00030474     0x20  sh_search_file_1.o [11]
  .rodata            const    0x00030494     0x14  sh_search_file_1.o [11]
  .rodata            const    0x000304a8     0x14  sh_search_file_1.o [11]
  .rodata            const    0x000304bc     0x20  sh_search_file_1.o [11]
  .rodata            const    0x000304dc     0x24  sh_search_file_1.o [11]
  .rodata            const    0x00030500     0x24  sh_search_file_1.o [11]
  .rodata            const    0x00030524     0x14  sh_search_file_1.o [11]
  .rodata            const    0x00030538     0x24  sh_search_file_1.o [11]
  .rodata            const    0x0003055c     0x30  sh_search_file_1.o [11]
  .rodata            const    0x0003058c      0x8  sh_search_file_1.o [11]
  .rodata            const    0x00030594      0x8  sh_update.o [11]
  .rodata            const    0x0003059c     0x24  sh_update.o [11]
  .rodata            const    0x000305c0     0x28  sh_update.o [11]
  .rodata            const    0x000305e8     0x28  sh_update.o [11]
  .rodata            const    0x00030610     0x1c  sh_update.o [11]
  .rodata            const    0x0003062c     0x28  sh_write_binary.o [11]
  .rodata            const    0x00030654     0x20  sh_write_binary.o [11]
  .rodata            const    0x00030674      0x8  sh_write_binary.o [11]
  .rodata            const    0x0003067c      0x8  sh_write_binary.o [11]
  .rodata            const    0x00030684     0x1c  sh_write_binary.o [11]
  .rodata            const    0x000306a0     0x1c  sh_write_binary.o [11]
  .rodata            const    0x000306bc     0x2c  sh_write_binary.o [11]
  .rodata            const    0x000306e8     0x20  sh_write_binary.o [11]
  .rodata            const    0x00030708     0x20  sh_write_binary.o [11]
  .rodata            const    0x00030728     0x38  sh_write_binary.o [11]
  .rodata            const    0x00030760     0x3c  sh_write_binary.o [11]
  .rodata            const    0x0003079c     0x28  sh_write_binary.o [11]
  .rodata            const    0x000307c4     0x2c  sh_write_binary.o [11]
  .rodata            const    0x000307f0     0x34  sh_write_binary.o [11]
  .rodata            const    0x00030824     0x20  sh_write_binary.o [11]
  .rodata            const    0x00030844     0x1c  sh_write_binary.o [11]
  .rodata            const    0x00030860     0x10  mfs_misc.o [6]
  .rodata            const    0x00030870     0x1c  mfs_misc.o [6]
  .rodata            const    0x0003088c     0x14  mfs_misc.o [6]
  .rodata            const    0x000308a0     0x14  mfs_misc.o [6]
  .rodata            const    0x000308b4     0x14  mfs_misc.o [6]
  .rodata            const    0x000308c8     0x14  mfs_misc.o [6]
  .rodata            const    0x000308dc     0x18  mfs_misc.o [6]
  .rodata            const    0x000308f4     0x24  mfs_misc.o [6]
  .rodata            const    0x00030918     0x24  mfs_misc.o [6]
  .rodata            const    0x0003093c     0x1c  mfs_misc.o [6]
  .rodata            const    0x00030958     0x14  mfs_misc.o [6]
  .rodata            const    0x0003096c     0x28  mfs_misc.o [6]
  .rodata            const    0x00030994     0x14  mfs_misc.o [6]
  .rodata            const    0x000309a8     0x18  mfs_misc.o [6]
  .rodata            const    0x000309c0     0x10  mfs_misc.o [6]
  .rodata            const    0x000309d0     0x10  mfs_misc.o [6]
  .rodata            const    0x000309e0     0x18  mfs_misc.o [6]
  .rodata            const    0x000309f8     0x10  mfs_misc.o [6]
  .rodata            const    0x00030a08     0x18  mfs_misc.o [6]
  .rodata            const    0x00030a20     0x18  mfs_misc.o [6]
  .rodata            const    0x00030a38     0x10  mfs_misc.o [6]
  .rodata            const    0x00030a48     0x14  mfs_misc.o [6]
  .rodata            const    0x00030a5c      0x8  mfs_misc.o [6]
  .rodata            const    0x00030a64     0x1c  mfs_misc.o [6]
  .rodata            const    0x00030a80     0x14  mfs_misc.o [6]
  .rodata            const    0x00030a94     0x1c  mfs_misc.o [6]
  .rodata            const    0x00030ab0     0x1c  mfs_misc.o [6]
  .rodata            const    0x00030acc     0x18  mfs_misc.o [6]
  .rodata            const    0x00030ae4     0x20  mfs_misc.o [6]
  .rodata            const    0x00030b04     0x10  mfs_misc.o [6]
  .rodata            const    0x00030b14     0x14  mfs_misc.o [6]
  .rodata            const    0x00030b28     0x1c  mfs_misc.o [6]
  .rodata            const    0x00030b44     0x1c  mfs_misc.o [6]
  .rodata            const    0x00030b60     0x14  mfs_misc.o [6]
  .rodata            const    0x00030b74     0x18  mfs_misc.o [6]
  .rodata            const    0x00030b8c     0x14  mfs_misc.o [6]
  .rodata            const    0x00030ba0     0x14  mfs_misc.o [6]
  .rodata            const    0x00030bb4     0x14  shell.o [11]
  .rodata            const    0x00030bc8      0xc  shell.o [11]
  .rodata            const    0x00030bd4     0x30  shell.o [11]
  .rodata            const    0x00030c04      0xc  shell.o [11]
  .rodata            const    0x00030c10      0x8  shell.o [11]
  .rodata            const    0x00030c18     0x38  shell.o [11]
  .rodata            const    0x00030c50     0x14  shell.o [11]
  .rodata            const    0x00030c64      0x8  sh_cmdlist.o [11]
  .rodata            const    0x00030c6c      0xc  sh_cmdlist.o [11]
  .rodata            const    0x00030c78     0x28  sh_copy.o [11]
  .rodata            const    0x00030ca0     0x20  sh_copy.o [11]
  .rodata            const    0x00030cc0     0x2c  sh_copy.o [11]
  .rodata            const    0x00030cec     0x24  sh_copy.o [11]
  .rodata            const    0x00030d10     0x2c  sh_copy.o [11]
  .rodata            const    0x00030d3c     0x40  sh_copy.o [11]
  .rodata            const    0x00030d7c     0x18  sh_copy.o [11]
  .rodata            const    0x00030d94     0x1c  sh_copy.o [11]
  .rodata            const    0x00030db0     0x24  sh_copy.o [11]
  .rodata            const    0x00030dd4     0x20  sh_copy.o [11]
  .rodata            const    0x00030df4     0x28  sh_create.o [11]
  .rodata            const    0x00030e1c     0x20  sh_create.o [11]
  .rodata            const    0x00030e3c     0x2c  sh_create.o [11]
  .rodata            const    0x00030e68     0x20  sh_create.o [11]
  .rodata            const    0x00030e88     0x1c  sh_create.o [11]
  .rodata            const    0x00030ea4     0x20  sh_create.o [11]
  .rodata            const    0x00030ec4     0x28  sh_create.o [11]
  .rodata            const    0x00030eec     0x20  sh_create.o [11]
  .rodata            const    0x00030f0c     0x28  sh_del.o [11]
  .rodata            const    0x00030f34     0x20  sh_del.o [11]
  .rodata            const    0x00030f54     0x2c  sh_del.o [11]
  .rodata            const    0x00030f80     0x18  sh_del.o [11]
  .rodata            const    0x00030f98      0xc  sh_del.o [11]
  .rodata            const    0x00030fa4     0x14  sh_del.o [11]
  .rodata            const    0x00030fb8     0x24  sh_del.o [11]
  .rodata            const    0x00030fdc     0x28  sh_df.o [11]
  .rodata            const    0x00031004     0x14  sh_df.o [11]
  .rodata            const    0x00031018     0x18  sh_df.o [11]
  .rodata            const    0x00031030     0x38  sh_df.o [11]
  .rodata            const    0x00031068     0x20  sh_df.o [11]
  .rodata            const    0x00031088     0x18  sh_df.o [11]
  .rodata            const    0x000310a0     0x20  sh_df.o [11]
  .rodata            const    0x000310c0      0x8  sh_df.o [11]
  .rodata            const    0x000310c8     0x28  sh_dir.o [11]
  .rodata            const    0x000310f0     0x20  sh_dir.o [11]
  .rodata            const    0x00031110     0x14  sh_dir.o [11]
  .rodata            const    0x00031124     0x24  sh_dir.o [11]
  .rodata            const    0x00031148     0x24  sh_dir.o [11]
  .rodata            const    0x0003116c     0x1c  sh_dir.o [11]
  .rodata            const    0x00031188     0x24  sh_dir.o [11]
  .rodata            const    0x000311ac     0x24  sh_dir.o [11]
  .rodata            const    0x000311d0     0x30  sh_dir.o [11]
  .rodata            const    0x00031200     0x28  sh_disect.o [11]
  .rodata            const    0x00031228     0x18  sh_disect.o [11]
  .rodata            const    0x00031240     0x20  sh_disect.o [11]
  .rodata            const    0x00031260     0x28  sh_disect.o [11]
  .rodata            const    0x00031288     0x24  sh_disect.o [11]
  .rodata            const    0x000312ac     0x10  sh_disect.o [11]
  .rodata            const    0x000312bc      0x8  sh_disect.o [11]
  .rodata            const    0x000312c4     0x18  sh_disect.o [11]
  .rodata            const    0x000312dc     0x20  sh_disect.o [11]
  .rodata            const    0x000312fc     0x24  sh_disect.o [11]
  .rodata            const    0x00031320     0x24  sh_disect.o [11]
  .rodata            const    0x00031344      0xc  sh_exit.o [11]
  .rodata            const    0x00031350      0x8  sh_format.o [11]
  .rodata            const    0x00031358      0x4  sh_format.o [11]
  .rodata            const    0x0003135c      0x4  sh_format.o [11]
  .rodata            const    0x00031360      0x4  sh_format.o [11]
  .rodata            const    0x00031364      0x4  sh_format.o [11]
  .rodata            const    0x00031368     0x28  sh_format.o [11]
  .rodata            const    0x00031390     0x24  sh_format.o [11]
  .rodata            const    0x000313b4     0x10  sh_format.o [11]
  .rodata            const    0x000313c4     0x20  sh_format.o [11]
  .rodata            const    0x000313e4     0x2c  sh_format.o [11]
  .rodata            const    0x00031410      0x8  sh_format.o [11]
  .rodata            const    0x00031418     0x20  sh_format.o [11]
  .rodata            const    0x00031438     0x28  sh_format.o [11]
  .rodata            const    0x00031460     0x40  sh_format.o [11]
  .rodata            const    0x000314a0     0x34  sh_format.o [11]
  .rodata            const    0x000314d4     0x14  sh_format.o [11]
  .rodata            const    0x000314e8      0x8  sh_help.o [11]
  .rodata            const    0x000314f0      0x8  sh_help.o [11]
  .rodata            const    0x000314f8     0x18  sh_help.o [11]
  .rodata            const    0x00031510      0x8  sh_help.o [11]
  .rodata            const    0x00031518     0x28  sh_help.o [11]
  .rodata            const    0x00031540     0x10  sh_help.o [11]
  .rodata            const    0x00031550     0x18  sh_help.o [11]
  .rodata            const    0x00031568     0x28  sh_help.o [11]
  .rodata            const    0x00031590     0x28  sh_read.o [11]
  .rodata            const    0x000315b8     0x18  sh_read.o [11]
  .rodata            const    0x000315d0     0x20  sh_read.o [11]
  .rodata            const    0x000315f0      0x8  sh_read.o [11]
  .rodata            const    0x000315f8      0x8  sh_read.o [11]
  .rodata            const    0x00031600     0x1c  sh_read.o [11]
  .rodata            const    0x0003161c     0x1c  sh_read.o [11]
  .rodata            const    0x00031638     0x2c  sh_read.o [11]
  .rodata            const    0x00031664     0x14  sh_read.o [11]
  .rodata            const    0x00031678      0x8  sh_read.o [11]
  .rodata            const    0x00031680     0x20  sh_read.o [11]
  .rodata            const    0x000316a0     0x20  sh_read.o [11]
  .rodata            const    0x000316c0     0x30  sh_read.o [11]
  .rodata            const    0x000316f0     0x38  sh_read.o [11]
  .rodata            const    0x00031728     0x28  sh_read.o [11]
  .rodata            const    0x00031750     0x2c  sh_read.o [11]
  .rodata            const    0x0003177c     0x34  sh_read.o [11]
  .rodata            const    0x000317b0     0x20  sh_read.o [11]
  .rodata            const    0x000317d0     0x28  sh_rename.o [11]
  .rodata            const    0x000317f8     0x2c  sh_rename.o [11]
  .rodata            const    0x00031824     0x34  sh_rename.o [11]
  .rodata            const    0x00031858     0x20  sh_rename.o [11]
  .rodata            const    0x00031878     0x18  sh_rename.o [11]
  .rodata            const    0x00031890     0x1c  sh_rename.o [11]
  .rodata            const    0x000318ac     0x20  sh_rename.o [11]
  .rodata            const    0x000318cc     0x28  sh_rename.o [11]
  .rodata            const    0x000318f4     0x24  sh_rename.o [11]
  .rodata            const    0x00031918     0x28  sh_rmdir.o [11]
  .rodata            const    0x00031940     0x2c  sh_rmdir.o [11]
  .rodata            const    0x0003196c     0x20  sh_rmdir.o [11]
  .rodata            const    0x0003198c     0x20  sh_rmdir.o [11]
  .rodata            const    0x000319ac     0x14  sh_rmdir.o [11]
  .rodata            const    0x000319c0     0x14  sh_rmdir.o [11]
  .rodata            const    0x000319d4     0x18  sh_rmdir.o [11]
  .rodata            const    0x000319ec     0x30  sh_rmdir.o [11]
  .rodata            const    0x00031a1c     0x28  sh_sh.o [11]
  .rodata            const    0x00031a44     0x20  sh_sh.o [11]
  .rodata            const    0x00031a64     0x10  sh_sh.o [11]
  .rodata            const    0x00031a74     0x18  sh_sh.o [11]
  .rodata            const    0x00031a8c     0x28  sh_sh.o [11]
  .rodata            const    0x00031ab4     0x20  sh_type.o [11]
  .rodata            const    0x00031ad4     0x2c  sh_type.o [11]
  .rodata            const    0x00031b00     0x20  sh_type.o [11]
  .rodata            const    0x00031b20     0x38  sh_type.o [11]
  .rodata            const    0x00031b58     0x10  sh_type.o [11]
  .rodata            const    0x00031b68     0x18  sh_type.o [11]
  .rodata            const    0x00031b80     0x28  sh_type.o [11]
  .rodata            const    0x00031ba8     0x28  sh_write.o [11]
  .rodata            const    0x00031bd0     0x20  sh_write.o [11]
  .rodata            const    0x00031bf0     0x18  sh_write.o [11]
  .rodata            const    0x00031c08      0x8  sh_write.o [11]
  .rodata            const    0x00031c10      0x8  sh_write.o [11]
  .rodata            const    0x00031c18     0x1c  sh_write.o [11]
  .rodata            const    0x00031c34     0x1c  sh_write.o [11]
  .rodata            const    0x00031c50     0x2c  sh_write.o [11]
  .rodata            const    0x00031c7c     0x20  sh_write.o [11]
  .rodata            const    0x00031c9c     0x20  sh_write.o [11]
  .rodata            const    0x00031cbc     0x30  sh_write.o [11]
  .rodata            const    0x00031cec     0x38  sh_write.o [11]
  .rodata            const    0x00031d24     0x28  sh_write.o [11]
  .rodata            const    0x00031d4c     0x2c  sh_write.o [11]
  .rodata            const    0x00031d78     0x34  sh_write.o [11]
  .rodata            const    0x00031dac     0x20  sh_write.o [11]
  .rodata            const    0x00031dcc     0x20  usbmfs.o [12]
  .rodata            const    0x00031dec      0xc  khci.o [12]
  .rodata            const    0x00031df8     0x38  khci.o [12]
  .rodata            const    0x00031e30     0x50  host_common.o [12]
  .rodata            const    0x00031e80     0x50  usb_mqx.o [12]
  .rodata            const    0x00031ed0     0x50  host_main.o [12]
  .rodata            const    0x00031f20      0x8  sh_util.o [11]
  .rodata            const    0x00031f28      0x8  sh_util.o [11]
  .rodata            const    0x00031f30     0x3c  sstream.o [9]
  .rodata            const    0x00031f6c     0x58  usb_host_hub.o [12]
  .rodata            const    0x00031fc4     0x5c  usb_host_msd_bo.o [12]
  .rodata            const    0x00032020     0x18  mqx.o [7]
  .rodata            const    0x00032038      0xc  mqx.o [7]
  .rodata            const    0x00032044      0x4  mqx.o [7]
  .rodata            const    0x00032048      0x4  mqx.o [7]
  .rodata            const    0x0003204c     0x14  io_dopr.o [7]
  .rodata            const    0x00032060     0x14  io_dopr.o [7]
  .rodata            const    0x00032074      0x8  init_enet.o [3]
  .rodata            const    0x0003207c     0x10  init_enet.o [3]
  .rodata            const    0x0003208c     0x24  init_enet.o [3]
  .rodata            const    0x000320b0      0x8  init_enet.o [3]
  .rodata            const    0x000320b8      0x8  sotcp.o [9]
  .rodata            const    0x000320c0      0x4  dir_read.o [6]
  .rodata            const    0x000320c4      0x4  dir_read.o [6]
  .rodata            const    0x000320c8      0x4  dir_read.o [6]
  .rodata            const    0x000320cc      0x4  dir_read.o [6]
  .rodata            const    0x000320d0      0x4  dir_read.o [6]
  .rodata            const    0x000320d4      0x4  dir_read.o [6]
  .rodata            const    0x000320d8      0x4  dir_read.o [6]
  .rodata            const    0x000320dc      0x4  dir_read.o [6]
  .rodata            const    0x000320e0      0x4  dir_read.o [6]
  .rodata            const    0x000320e4      0x4  dir_read.o [6]
  .rodata            const    0x000320e8      0x4  dir_read.o [6]
  .rodata            const    0x000320ec      0x4  dir_read.o [6]
  .rodata            const    0x000320f0     0x40  dir_read.o [6]
  .rodata            const    0x00032130     0x14  dir_read.o [6]
  .rodata            const    0x00032144     0x10  dir_read.o [6]
  .rodata            const    0x00032154      0xc  dir_read.o [6]
  .rodata            const    0x00032160      0xc  dir_read.o [6]
  .rodata            const    0x0003216c      0x8  dir_read.o [6]
  .rodata            const    0x00032174      0x8  dir_read.o [6]
  .rodata            const    0x0003217c     0x30  dir_read.o [6]
  .rodata            const    0x000321ac     0x18  ftpd_msg.o [9]
  .rodata            const    0x000321c4     0x1c  ftpd_msg.o [9]
  .rodata            const    0x000321e0     0x34  ftpd_msg.o [9]
  .rodata            const    0x00032214     0x30  ftpd_msg.o [9]
  .rodata            const    0x00032244     0x10  ftpd_msg.o [9]
  .rodata            const    0x00032254     0x14  ftpd_msg.o [9]
  .rodata            const    0x00032268     0x14  ftpd_msg.o [9]
  .rodata            const    0x0003227c     0x18  ftpd_msg.o [9]
  .rodata            const    0x00032294     0x18  ftpd_msg.o [9]
  .rodata            const    0x000322ac     0x20  ftpd_msg.o [9]
  .rodata            const    0x000322cc     0x18  ftpd_msg.o [9]
  .rodata            const    0x000322e4     0x10  ftpd_msg.o [9]
  .rodata            const    0x000322f4     0x3c  ftpd_msg.o [9]
  .rodata            const    0x00032330     0x38  ftpd_msg.o [9]
  .rodata            const    0x00032368     0x30  ftpd_msg.o [9]
  .rodata            const    0x00032398     0x1c  ftpd_msg.o [9]
  .rodata            const    0x000323b4      0xc  ftpd_msg.o [9]
  .rodata            const    0x000323c0     0x30  ftpd_msg.o [9]
  .rodata            const    0x000323f0     0x30  ftpd_msg.o [9]
  .rodata            const    0x00032420     0x20  ftpd_msg.o [9]
  .rodata            const    0x00032440     0x20  ftpd_msg.o [9]
  .rodata            const    0x00032460     0x1c  ftpd_msg.o [9]
  .rodata            const    0x0003247c      0xc  ftpd_msg.o [9]
  .rodata            const    0x00032488     0x14  ftpd_msg.o [9]
  .rodata            const    0x0003249c     0x14  ftpd_msg.o [9]
  .rodata            const    0x000324b0     0x14  ftpd_msg.o [9]
  .rodata            const    0x000324c4     0x34  ftpd_msg.o [9]
  .rodata            const    0x000324f8     0x20  ftpd_msg.o [9]
  .rodata            const    0x00032518     0x1c  ftpd_msg.o [9]
  .rodata            const    0x00032534     0x20  ftpd_msg.o [9]
  .rodata            const    0x00032554     0x38  ftpd_msg.o [9]
  .rodata            const    0x0003258c      0x8  soip.o [9]
  .rodata            const    0x00032594     0x68  ti_rom.o [7]
  .rodata            const    0x000325fc    0x20c  ti_rom.o [7]
  .rodata            const    0x00032808     0x14  mfs_create.o [6]
  .rodata            const    0x0003281c     0x14  mfs_create.o [6]
  .rodata            const    0x00032830     0x14  mfs_format.o [6]
  .rodata            const    0x00032844     0x14  mfs_format.o [6]
  .rodata            const    0x00032858     0x14  mfs_format.o [6]
  .rodata            const    0x0003286c     0x30  mfs_format.o [6]
  .rodata            const    0x0003289c      0x8  mfs_lfn.o [6]
  .rodata            const    0x000328a4      0xc  mfs_lfn.o [6]
  .rodata            const    0x000328b0     0x54  host_dev_list.o [12]
  .rodata            const    0x00032904     0x24  host_dev_list.o [12]
  .rodata            const    0x00032928     0x20  int_unx.o [7]
  .rodata            const    0x00032948     0x30  int_unx.o [7]
  .rodata            const    0x00032978     0x3c  int_unx.o [7]
  .rodata            const    0x000329b4     0x14  int_unx.o [7]
  .rodata            const    0x000329c8     0x28  int_unx.o [7]
  .rodata            const    0x000329f0     0x50  host_ch9.o [12]
  .rodata            const    0x00032a40      0x8  host_ch9.o [12]
  .rodata            const    0x00032a48     0x50  host_rcv.o [12]
  .rodata            const    0x00032a98     0x50  host_snd.o [12]
  .rodata            const    0x00032ae8      0x8  init_bsp.o [3]
  .rodata            const    0x00032af0      0x8  init_bsp.o [3]
  .rodata            const    0x00032af8      0x8  init_bsp.o [3]
  .rodata            const    0x00032b00      0x8  init_bsp.o [3]
  .rodata            const    0x00032b08      0x8  init_bsp.o [3]
  .rodata            const    0x00032b10      0x8  init_bsp.o [3]
  .rodata            const    0x00032b18      0x8  init_bsp.o [3]
  .rodata            const    0x00032b20      0x8  init_bsp.o [3]
  .rodata            const    0x00032b28      0x8  init_bsp.o [3]
  .rodata            const    0x00032b30      0x8  init_bsp.o [3]
  .rodata            const    0x00032b38      0x8  init_bsp.o [3]
  .rodata            const    0x00032b40      0x8  init_bsp.o [3]
  .rodata            const    0x00032b48      0x8  init_bsp.o [3]
  .rodata            const    0x00032b50      0x8  init_bsp.o [3]
  .rodata            const    0x00032b58      0x8  init_bsp.o [3]
  .rodata            const    0x00032b60      0x8  init_bsp.o [3]
  .rodata            const    0x00032b68      0x8  init_bsp.o [3]
  .rodata            const    0x00032b70      0x8  init_bsp.o [3]
  .rodata            const    0x00032b78      0x8  init_bsp.o [3]
  .rodata            const    0x00032b80      0x8  init_bsp.o [3]
  .rodata            const    0x00032b88      0x8  init_bsp.o [3]
  .rodata            const    0x00032b90      0x8  init_bsp.o [3]
  .rodata            const    0x00032b98      0x8  init_bsp.o [3]
  .rodata            const    0x00032ba0      0x8  init_bsp.o [3]
  .rodata            const    0x00032ba8     0x10  mqxiinit.o [7]
  .rodata            const    0x00032bb8     0x20  macnet_init.o [3]
  .rodata            const    0x00032bd8     0x14  phy_ks8721bl.o [3]
  .rodata            const    0x00032bec      0xc  iplocal.o [9]
  .rodata            const    0x00032bf8      0x4  iplocal.o [9]
  .rodata            const    0x00032bfc      0xc  rtcsinit.o [9]
  .rodata            const    0x00032c08     0x1c  init_gpio.o [3]
  .rodata            const    0x00032c24     0x1c  init_gpio.o [3]
  .rodata            const    0x00032c40      0x4  init_gpio.o [3]
  .rodata            const    0x00032c44     0x50  host_close.o [12]
  .rodata            const    0x00032c94     0x10  init_adc.o [3]
  .rodata            const    0x00032ca4     0x18  init_adc.o [3]
  .rodata            const    0x00032cbc     0x30  init_spi.o [3]
  .rodata            const    0x00032cec     0x30  init_spi.o [3]
  .rodata            const    0x00032d1c     0x30  init_spi.o [3]
  .rodata            const    0x00032d4c      0xc  init_esdhc.o [3]
  .rodata            const    0x00032d58      0x8  init_flashx.o [3]
  .rodata            const    0x00032d60      0x8  init_flashx.o [3]
  .rodata            const    0x00032d68     0x30  init_flashx.o [3]
  .rodata            const    0x00032d98     0x20  init_flashx.o [3]
  .rodata            const    0x00032db8     0x14  init_i2c.o [3]
  .rodata            const    0x00032dcc     0x1c  bsp_cm.o [3]
  .rodata            const    0x00032de8     0x78  bsp_cm.o [3]
  .rodata            const    0x00032e60     0x20  init_sci.o [3]
  .rodata            const    0x00032e80     0x20  init_sci.o [3]
  .rodata            const    0x00032ea0     0x20  init_sci.o [3]
  .rodata            const    0x00032ec0     0x20  init_sci.o [3]
  .rodata            const    0x00032ee0     0x20  init_sci.o [3]
  .rodata            const    0x00032f00     0x20  init_sci.o [3]
  .rodata            const    0x00032f20     0x1c  spi_dma_dspi.o [3]
  .rodata            const    0x00032f3c     0x40  spi_dma_dspi.o [3]
  .rodata            const    0x00032f7c     0x10  spi_pol_dspi.o [3]
  .rodata            const    0x00032f8c     0x40  spi_pol_dspi.o [3]
  .rodata            const    0x00032fcc     0x10  spi_pol_dspi.o [3]
  .rodata            const    0x00032fdc    0x100  esdhc.o [3]
  .rodata            const    0x000330dc      0xc  i2c_pol_ki2c.o [3]
  .rodata            const    0x000330e8    0x100  i2c_pol_ki2c.o [3]
  .rodata            const    0x000331e8      0xc  serl_int_kuart.o [3]
  .rodata            const    0x000331f4     0x40  macnet_mk60.o [3]
  .rodata            const    0x00033234     0x30  flash_ftfl.o [3]
  .rodata            const    0x00033264     0x20  flash_ftfl.o [3]
  .rodata            const    0x00033284      0xc  spi_mk60_dspi.o [3]
  .rodata            const    0x00033290      0xc  spi_mk60_dspi.o [3]
  .rodata            const    0x0003329c     0x20  adc_kadc.o [3]
  .rodata            const    0x000332bc      0xc  io_gpio_kgpio.o [3]
  .rodata            const    0x000332c8      0xc  io_gpio_kgpio.o [3]
  .rodata            const    0x000332d4      0xc  io_gpio_kgpio.o [3]
  .rodata            const    0x000332e0      0xc  io_gpio_kgpio.o [3]
  .rodata            const    0x000332ec     0x14  io_gpio_kgpio.o [3]
  .rodata            const    0x00033300     0x14  io_gpio_kgpio.o [3]
  .rodata            const    0x00033314      0x8  io_gpio_kgpio.o [3]
  .rodata            const    0x0003331c      0x8  io_gpio_kgpio.o [3]
  .rodata            const    0x00033324      0x8  adc_mk60.o [3]
  .rodata            const    0x0003332c      0x8  mqx_init.o [3]
  .rodata            const    0x00033334     0x30  mqx_init.o [3]
  Initializer bytes  ro data  0x00033364     0xd4  <for P2 mid-1>
  .rodata            const    0x00033438      0x2  Shell_Task.o [1]
  Initializer bytes  ro data  0x0003343c      0x4  <for KERNEL_DATA-1>
  .rodata            const    0x00033440      0x1  init_flashx.o [3]
  .rodata            const    0x00033441      0x0  bwt_init3c.o [8]
  FLASHX_POOL                 0x00033800      0x1  <Block>
    .flashx          const    0x00033800      0x1  vectors.o [3]
    .flashx          const    0x00033801      0x0  vectors.o [3]
                            - 0x00033801  0x333e1

"P2":                                      0x4844
  P2 mid-1                    0x1fff0000     0xd4  <Init block>
    .data            inited   0x1fff0000      0x2  DSPSPI.o [1]
    .data            inited   0x1fff0004      0x4  FTP_Task.o [1]
    .data            inited   0x1fff0008      0x1  MenuView.o [1]
[...]
_usb_host_init          0x0001d04d   0x18a  Code  Gb  host_main.o [12]
_usb_host_init_call_interface
                        0x0001cf2d    0x1e  Code  Gb  host_main.o [12]
_usb_host_new_tr_element
                        0x0001d30d    0x46  Code  Lc  host_main.o [12]
_usb_host_open_pipe     0x0001d277    0x96  Code  Gb  host_main.o [12]
_usb_host_open_pipe_call_interface
                        0x0001cfed    0x20  Code  Gb  host_main.o [12]
_usb_host_open_pipe_cleanup
                        0x0001d24d    0x2a  Code  Gb  host_main.o [12]
_usb_host_recv_data     0x0001f981    0x58  Code  Gb  host_rcv.o [12]
_usb_host_recv_data_call_interface
                        0x0001cf8b    0x20  Code  Gb  host_main.o [12]
_usb_host_register_ch9_callback
                        0x0001d773    0x36  Code  Gb  host_ch9.o [12]
_usb_host_register_service
                        0x0001d1d7    0x76  Code  Gb  host_main.o [12]
_usb_host_send_call_interface
                        0x0001cf4b    0x20  Code  Gb  host_main.o [12]
_usb_host_send_data     0x0001f929    0x52  Code  Gb  host_snd.o [12]
_usb_host_send_setup    0x0001d41d    0x6a  Code  Gb  host_main.o [12]
_usb_host_send_setup_call_interface
                        0x0001cf6b    0x20  Code  Gb  host_main.o [12]
_usb_host_set_up_TR     0x0001d3c1    0x5c  Code  Gb  host_main.o [12]
_usb_host_update_device_address_call_interface
                        0x0001d02d    0x20  Code  Gb  host_main.o [12]
_usb_host_update_max_packet_size_call_interface
                        0x0001d00d    0x20  Code  Gb  host_main.o [12]
_usb_hostdev_cntrl_request
                        0x0001da51    0x92  Code  Gb  host_ch9.o [12]
_usb_hostdev_free_buffer
                        0x00019117    0x6c  Code  Gb  host_common.o [12]
_usb_hostdev_get_buffer
                        0x0001909d     0xc  Code  Gb  host_common.o [12]
_usb_hostdev_get_buffer_aligned
                        0x000190a9    0x6e  Code  Gb  host_common.o [12]
_usb_hostdev_get_descriptor
                        0x000191ef   0x1ca  Code  Gb  host_common.o [12]
_usb_hostdev_select_interface
                        0x0001995f   0x1dc  Code  Gb  host_common.o [12]
_usb_khci_add_int_tr    0x00024e39    0x6c  Code  Lc  khci.o [12]
_usb_khci_atom_tr       0x0002551d   0x304  Code  Lc  khci.o [12]
_usb_khci_attach        0x00024fa1    0x7c  Code  Lc  khci.o [12]
_usb_khci_bus_control   0x0002548d     0x4  Code  Lc  khci.o [12]
_usb_khci_cancel        0x0002546d    0x20  Code  Lc  khci.o [12]
_usb_khci_detach        0x00025061    0x2e  Code  Lc  khci.o [12]
_usb_khci_get_frame_number
                        0x00025491    0x10  Code  Lc  khci.o [12]
_usb_khci_get_hot_int_tr
                        0x00024edb    0xc6  Code  Lc  khci.o [12]
_usb_khci_host_close_pipe
                        0x0002583d    0x24  Code  Lc  khci.o [12]
_usb_khci_init          0x0002535d    0xa6  Code  Lc  khci.o [12]
_usb_khci_init_int_tr   0x00024e23    0x16  Code  Lc  khci.o [12]
_usb_khci_isr           0x00024dcd    0x56  Code  Lc  khci.o [12]
_usb_khci_process_tr_complete
                        0x000254a1    0x7c  Code  Lc  khci.o [12]
_usb_khci_recv          0x0002544b    0x22  Code  Lc  khci.o [12]
_usb_khci_reset         0x0002501d    0x44  Code  Lc  khci.o [12]
_usb_khci_rm_int_tr     0x00024ea5    0x36  Code  Lc  khci.o [12]
_usb_khci_send          0x00025407    0x22  Code  Lc  khci.o [12]
_usb_khci_send_setup    0x00025429    0x22  Code  Lc  khci.o [12]
_usb_khci_shutdown      0x00025403     0x4  Code  Lc  khci.o [12]
_usb_khci_task          0x0002508f   0x272  Code  Lc  khci.o [12]
_usb_khci_task_create   0x00025301    0x5c  Code  Lc  khci.o [12]
abs                     0x0000cc57     0x8  Code  Gb  abs.o [4]
adc_address             0x00033324     0x8  Data  Lc  adc_mk60.o [3]
adc_bundle              0x1fff47b4     0x4  Data  Gb  adc_kadc.o [3]
adc_calibrate           0x00009ae3    0xaa  Code  Lc  adc_kadc.o [3]
adc_complete_isr        0x00009ac5    0x1e  Code  Lc  adc_kadc.o [3]
adc_get_calibration_data
                        0x00009b8d    0x64  Code  Lc  adc_kadc.o [3]
adc_internal            0x1fff47a0    0x14  Data  Lc  adc_kadc.o [3]
adc_process_all_data    0x00009a71    0x32  Code  Gb  adc_kadc.o [3]
adc_process_data        0x000099d3    0x9e  Code  Lc  adc_kadc.o [3]
adc_set_calibration_data
                        0x00009bf1    0x64  Code  Lc  adc_kadc.o [3]
adt_idelay_isr          0x0000a6e5    0x36  Code  Lc  adt_kpdb.o [3]
adt_period_prescaler    0x00009f51   0x1e0  Code  Lc  adt_kpdb.o [3]
bdt                     0x1fff0200   0x200  Data  Lc  khci.o [12]
class_interface_map     0x1fff0060    0x24  Data  Gb  usb_classes.o [1]
cos                     0x00013d4f     0x6  Code  Gb  cos.o [5]
count                   0x1fff4810     0x1  Data  Lc  DSPSPI.o [1]
delay_ms                0x00013821    0x16  Code  Gb  System.o [1]
delay_us                0x00013839    0x1a  Code  Gb  System.o [1]
device                  0x1fff46e0    0x20  Data  Gb  USB_Task.o [1]
dspi_address            0x00033284     0xc  Data  Lc  spi_mk60_dspi.o [3]
dspi_vectors            0x00033290     0xc  Data  Lc  spi_mk60_dspi.o [3]
evntyear_old            0x1fff4808     0x2  Data  Gb  MenuView.o [1]
exit                    0x000004d5     0x4  Code  Gb  exit.o [4]
first_irq               0x1fff479c     0x4  Data  Gb  io_gpio.o [3]
flexnvm_flash_ioctl     0x0002dfaf    0x96  Code  Gb  flash_ftfl.o [3]
flexnvm_prog_part       0x0002df47    0x40  Code  Gb  flash_ftfl.o [3]
flexnvm_read_resource   0x0002df03    0x44  Code  Gb  flash_ftfl.o [3]
flexnvm_set_flexram     0x0002df87    0x28  Code  Gb  flash_ftfl.o [3]
flg_int                 0x00020b19    0x74  Code  Gb  yada_prj.o [1]
fmod                    0x00016469          Code  Gb  fmod.o [5]
fmodl                   0x00016469          Code  Gb  fmod.o [5]
ftfl_flash_command_sequence
                        0x0002db4d   0x1c4  Code  Lc  flash_ftfl.o [3]
ftfl_flash_deinit       0x0002dd45    0x22  Code  Gb  flash_ftfl.o [3]
ftfl_flash_erase_sector
                        0x0002dd8f    0xa2  Code  Gb  flash_ftfl.o [3]
ftfl_flash_init         0x0002dd11    0x34  Code  Gb  flash_ftfl.o [3]
ftfl_flash_write_sector
                        0x0002de31    0xb8  Code  Gb  flash_ftfl.o [3]
ftfl_init_ram_function  0x0002dd67    0x28  Code  Gb  flash_ftfl.o [3]
ftfl_ram_function       0x0002dee9    0x18  Code  Lc  flash_ftfl.o [3]
ftfl_ram_function_end   0x0002df01     0x2  Code  Lc  flash_ftfl.o [3]
ftpmsg_bad_option       0x00032398    0x1c  Data  Gb  ftpd_msg.o [9]
ftpmsg_badcmd           0x0003227c    0x18  Data  Gb  ftpd_msg.o [9]
ftpmsg_badport          0x00032294    0x18  Data  Gb  ftpd_msg.o [9]
ftpmsg_banner           0x000321c4    0x1c  Data  Gb  ftpd_msg.o [9]
ftpmsg_cd_error         0x00032420    0x20  Data  Gb  ftpd_msg.o [9]
ftpmsg_delete_error     0x00032460    0x1c  Data  Gb  ftpd_msg.o [9]
ftpmsg_goodbye          0x000322e4    0x10  Data  Gb  ftpd_msg.o [9]
ftpmsg_help_end         0x000323f0    0x30  Data  Gb  ftpd_msg.o [9]
ftpmsg_help_start       0x000323c0    0x30  Data  Gb  ftpd_msg.o [9]
ftpmsg_logged           0x00032244    0x10  Data  Gb  ftpd_msg.o [9]
ftpmsg_no_datacon       0x00032534    0x20  Data  Gb  ftpd_msg.o [9]
ftpmsg_no_file          0x000324c4    0x34  Data  Gb  ftpd_msg.o [9]
ftpmsg_no_fs            0x000322f4    0x3c  Data  Gb  ftpd_msg.o [9]
ftpmsg_no_memory        0x00032554    0x38  Data  Gb  ftpd_msg.o [9]
ftpmsg_ok               0x0003247c     0xc  Data  Gb  ftpd_msg.o [9]
ftpmsg_opening_datacon  0x000324f8    0x20  Data  Gb  ftpd_msg.o [9]
ftpmsg_pasv_mode        0x00032330    0x38  Data  Gb  ftpd_msg.o [9]
ftpmsg_portok           0x000321ac    0x18  Data  Gb  ftpd_msg.o [9]
ftpmsg_rmdir_error      0x00032440    0x20  Data  Gb  ftpd_msg.o [9]
ftpmsg_rxok             0x000321e0    0x34  Data  Gb  ftpd_msg.o [9]
ftpmsg_site_info        0x00032368    0x30  Data  Gb  ftpd_msg.o [9]
ftpmsg_size             0x000322cc    0x18  Data  Gb  ftpd_msg.o [9]
ftpmsg_syst             0x000323b4     0xc  Data  Gb  ftpd_msg.o [9]
ftpmsg_tx_complete      0x00032518    0x1c  Data  Gb  ftpd_msg.o [9]
ftpmsg_txok             0x00032214    0x30  Data  Gb  ftpd_msg.o [9]
ftpmsg_type_ascii       0x00032488    0x14  Data  Gb  ftpd_msg.o [9]
ftpmsg_type_image       0x0003249c    0x14  Data  Gb  ftpd_msg.o [9]
ftpmsg_type_unknown     0x000324b0    0x14  Data  Gb  ftpd_msg.o [9]
ftpmsg_unimp            0x000322ac    0x20  Data  Gb  ftpd_msg.o [9]
ftpmsg_writeeof         0x00032268    0x14  Data  Gb  ftpd_msg.o [9]
ftpmsg_writefail        0x00032254    0x14  Data  Gb  ftpd_msg.o [9]
get_irq_mask            0x000087a9    0x2a  Code  Lc  io_gpio_kgpio.o [3]
gpio_cpu_configure      0x000087d3   0x160  Code  Gb  io_gpio_kgpio.o [3]
gpio_cpu_init           0x00008933     0xa  Code  Gb  io_gpio_kgpio.o [3]
gpio_cpu_ioctl          0x00008b31   0x4f8  Code  Gb  io_gpio_kgpio.o [3]
gpio_cpu_open           0x000089f1   0x140  Code  Gb  io_gpio_kgpio.o [3]
gpio_eport_irq          0x00009029    0x9c  Code  Lc  io_gpio_kgpio.o [3]
gpio_global_irq_map     0x1fff47f0    0x14  Data  Gb  io_gpio_kgpio.o [3]
gpio_global_pin_map     0x1fff47dc    0x14  Data  Gb  io_gpio_kgpio.o [3]
hub_anchor              0x1fff476c     0x4  Data  Lc  usb_host_hub.o [12]
init_hardware           0x000005fd    0x3c  Code  Gb  init_hw.o [3]
install_isr             0x0000893d    0xb4  Code  Lc  io_gpio_kgpio.o [3]
int_callback            0x00020805    0x1e  Code  Gb  yada_prj.o [1]
isalpha                 0x0000f661     0x8  Code  Gb  io_util.o [7]
isdigit                 0x00015c53    0x10  Code  Gb  sh_util.o [11]
isgraph                 0x0000e915    0x18  Code  Gb  io_util.o [7]
isprint                 0x0000f2eb    0x2a  Code  Gb  io_util.o [7]
ispunct                 0x0000f669     0x8  Code  Gb  io_util.o [7]
isupper                 0x0000f2e3     0x8  Code  Gb  io_util.o [7]
isxdigit                0x00021f0d    0x24  Code  Gb  ftpd_cmd.o [9]
kinetis_flash_invalidate_cache
                        0x0002e04d    0x16  Code  Gb  flash_mk60.o [3]
linemark                0x0001151d   0x176  Code  Gb  MenuView.o [1]
lower_hex_string        0x00032060    0x14  Data  Lc  io_dopr.o [7]
main                    0x000004c5    0x10  Code  Gb  mqx_main.o [3]
mass_anchor             0x1fff4770     0x4  Data  Lc  usb_host_msd_bo.o [12]
mem_flash_app           0x0001fe89   0x16c  Code  Gb  mem_flash.o [1]
memcmp                  0x0001667d          Code  Gb  memcmp.o [8]
memcpy                  0x0000a91d     0xe  Code  Gb  esdhc.o [3]
months                  0x0003217c    0x30  Data  Lc  dir_read.o [6]
pctl_ptr_arr            0x00033300    0x14  Data  Lc  io_gpio_kgpio.o [3]
pdb_external            0x1fff00d0     0x4  Data  Lc  adt_kpdb.o [3]
pdb_internal            0x1fff47b8    0x24  Data  Lc  adt_kpdb.o [3]
phy_ksz8041_IF          0x00032bd8    0x14  Data  Gb  phy_ks8721bl.o [3]
phy_ksz8041_discover_addr
                        0x0002e49b    0x46  Code  Lc  phy_ks8721bl.o [3]
phy_ksz8041_get_link_status
                        0x0002e5cd    0x46  Code  Lc  phy_ks8721bl.o [3]
phy_ksz8041_get_speed   0x0002e587    0x46  Code  Lc  phy_ks8721bl.o [3]
phy_ksz8041_init        0x0002e4e1    0xa6  Code  Lc  phy_ks8721bl.o [3]
pipe_init_params_prototype
                        0x00032904    0x24  Data  Lc  host_dev_list.o [12]
read_buffer             0x1fff0084     0x8  Data  Gb  yada_prj.o [1]
req_prototype           0x00032a40     0x8  Data  Lc  host_ch9.o [12]
reseed                  0x1fff4784     0x4  Data  Lc  rtcsrand.o [9]
rtcs_enet               0x000300a0     0xc  Data  Lc  ip-e.o [9]
rtcs_local              0x00032bec     0xc  Data  Lc  iplocal.o [9]
seed                    0x1fff4780     0x4  Data  Lc  rtcsrand.o [9]
send_U16str             0x0000cefd    0x2e  Code  Gb  LCDDriver.o [1]
send_U8str              0x0000cecf    0x2e  Code  Gb  LCDDriver.o [1]
send_area               0x0000cea7    0x28  Code  Gb  LCDDriver.o [1]
send_byte               0x0000ce57    0x12  Code  Gb  LCDDriver.o [1]
send_end                0x0000cf2b    0x14  Code  Gb  LCDDriver.o [1]
send_word               0x0000ce69    0x2a  Code  Gb  LCDDriver.o [1]
send_xy                 0x0000ce93    0x14  Code  Gb  LCDDriver.o [1]
sin                     0x00013e89     0x6  Code  Gb  sin.o [5]
spi2_dma_int            0x000084f5    0x74  Code  Gb  DSPSPI.o [1]
spifd_2                 0x1fff3e10     0x4  Data  Gb  DSPSPI.o [1]
state                   0x1fff00cc     0x4  Data  Lc  rtcsrand.o [9]
strcat                  0x0001fa27    0x1e  Code  Gb  strcat.o [4]
strcmp                  0x0000a74d          Code  Gb  strcmp.o [8]
strcpy                  0x0000e8d1          Code  Gb  strcpy.o [8]
strlen                  0x0000a791          Code  Gb  strlen.o [8]
strncmp                 0x0000bbc9    0x2a  Code  Gb  strncmp.o [4]
strncpy                 0x0000c2b1          Code  Gb  strncpy.o [8]
strpbrk                 0x00021f31     0x4  Code  Gb  strpbrk.o [4]
systick_config          0x00001b69     0xc  Code  Gb  init_bsp.o [3]
systick_init            0x00001b75    0x34  Code  Lc  init_bsp.o [3]
tcp_socket_task         0x00020239   0x29c  Code  Gb  tcpip_socket_task.o [1]
time                    0x1fff407c     0x8  Data  Gb  MenuView.o [1]
tolower                 0x0000e92d     0x8  Code  Gb  io_util.o [7]
tr_index                0x1fff4734     0x4  Data  Lc  host_common.o [12]
uart_isr                0x000029ad    0x76  Code  Gb  serl_int_kuart.o [3]
uart_lcd                0x1fff3e14     0x4  Data  Gb  LCDDriver.o [1]
upper_hex_string        0x0003204c    0x14  Data  Lc  io_dopr.o [7]
usb_class_hub_clear_feature
                        0x0002635d    0x1e  Code  Gb  usb_host_hub.o [12]
usb_class_hub_clear_port_feature
                        0x0002637b    0x24  Code  Gb  usb_host_hub.o [12]
usb_class_hub_cntrl_callback
                        0x000261e1    0x1a  Code  Gb  usb_host_hub.o [12]
usb_class_hub_cntrl_common
                        0x000261fb    0xfe  Code  Gb  usb_host_hub.o [12]
usb_class_hub_get_app   0x00026181    0x60  Code  Gb  usb_host_hub.o [12]
usb_class_hub_get_descriptor
                        0x000262f9    0x40  Code  Gb  usb_host_hub.o [12]
usb_class_hub_get_port_status
                        0x000263bf    0x22  Code  Gb  usb_host_hub.o [12]
usb_class_hub_get_status
                        0x0002639f    0x20  Code  Gb  usb_host_hub.o [12]
usb_class_hub_init      0x00026125    0x5c  Code  Gb  usb_host_hub.o [12]
usb_class_hub_int_callback
                        0x000264b9    0x1a  Code  Gb  usb_host_hub.o [12]
usb_class_hub_set_port_feature
                        0x00026339    0x24  Code  Gb  usb_host_hub.o [12]
usb_class_hub_wait_for_interrupt
                        0x000263e1    0xcc  Code  Gb  usb_host_hub.o [12]
usb_class_mass_call_back_cbw
                        0x0001dbfd    0xa2  Code  Lc  usb_host_msd_bo.o [12]
usb_class_mass_call_back_csw
                        0x0001dd75   0x12e  Code  Lc  usb_host_msd_bo.o [12]
usb_class_mass_call_back_dphase
                        0x0001dc9f    0xd6  Code  Lc  usb_host_msd_bo.o [12]
usb_class_mass_clear_bulk_pipe_on_usb
                        0x0001df8d    0x7c  Code  Lc  usb_host_msd_bo.o [12]
usb_class_mass_deleteq  0x0001f8cf    0x34  Code  Gb  usb_host_msd_queue.o [12]
usb_class_mass_get_pending_request
                        0x0001f903    0x26  Code  Gb  usb_host_msd_queue.o [12]
usb_class_mass_init     0x0001daf1    0x88  Code  Gb  usb_host_msd_bo.o [12]
usb_class_mass_pass_on_usb
                        0x0001dea3    0xea  Code  Lc  usb_host_msd_bo.o [12]
usb_class_mass_q_init   0x0001f887     0xc  Code  Gb  usb_host_msd_queue.o [12]
usb_class_mass_q_insert
                        0x0001f893    0x3c  Code  Gb  usb_host_msd_queue.o [12]
usb_class_mass_reset_callback
                        0x0001e071    0xd0  Code  Lc  usb_host_msd_bo.o [12]
usb_class_mass_reset_recovery_on_usb
                        0x0001e009    0x68  Code  Gb  usb_host_msd_bo.o [12]
usb_class_mass_storage_device_command
                        0x0001db79    0x84  Code  Gb  usb_host_msd_bo.o [12]
usb_dev_list_attach_device
                        0x0001cd0f   0x120  Code  Gb  host_dev_list.o [12]
usb_dev_list_close_pipe
                        0x0001ce39    0x46  Code  Lc  host_dev_list.o [12]
usb_dev_list_close_pipe_bundle
                        0x0001ce7f    0x2a  Code  Gb  host_dev_list.o [12]
usb_dev_list_detach_device
                        0x0001cea9    0x82  Code  Gb  host_dev_list.o [12]
usb_dev_list_free_mem   0x0001cbaf    0x76  Code  Gb  host_dev_list.o [12]
usb_dev_list_free_memlist
                        0x0001cb59    0x56  Code  Gb  host_dev_list.o [12]
usb_dev_list_get_mem    0x0001cc25    0xea  Code  Gb  host_dev_list.o [12]
usb_filesystem_install  0x00016de1   0x18c  Code  Gb  USB_File.o [1]
usb_filesystem_uninstall
                        0x00016f6d    0xde  Code  Gb  USB_File.o [1]
usb_host_ch9_dev_req    0x0001d7a9    0x8e  Code  Lc  host_ch9.o [12]
usb_host_class_intf_init
                        0x00019437    0xf8  Code  Gb  host_common.o [12]
usb_host_class_intf_validate
                        0x0001952f    0x22  Code  Gb  host_common.o [12]
usb_host_cntrl_transaction_done
                        0x0001d491   0x2e2  Code  Lc  host_ch9.o [12]
usb_host_driver_info_match
                        0x00019551    0xec  Code  Lc  host_common.o [12]
usb_host_driver_info_nonzero
                        0x000196a7    0x4a  Code  Lc  host_common.o [12]
usb_host_driver_info_scan
                        0x0001963d    0x6a  Code  Lc  host_common.o [12]
usb_host_hub_device_event
                        0x00025bc5    0x9e  Code  Gb  usb_host_hub_sm.o [12]
usb_host_hub_device_sm  0x00025c65   0x45c  Code  Lc  usb_host_hub_sm.o [12]
usb_host_hub_int_callback
                        0x000260c1    0x60  Code  Lc  usb_host_hub_sm.o [12]
usb_host_map_class_intf
                        0x000196f1    0x3a  Code  Lc  host_common.o [12]
usb_host_mass_device_event
                        0x0001fa45    0x6e  Code  Gb  USB_Task.o [1]
usb_host_state_struct_ptr
                        0x1fff4738     0x4  Data  Gb  host_main.o [12]
usb_hostdev_attach_detach
                        0x0001902d    0x48  Code  Gb  host_common.o [12]
usb_hostdev_delete_interface
                        0x0001975b    0xce  Code  Gb  host_common.o [12]
usb_hostdev_get_class   0x00019183    0x6c  Code  Lc  host_common.o [12]
usb_hostdev_get_pipe_handle
                        0x000193b9    0x7e  Code  Gb  host_common.o [12]
usb_hostdev_mask_class_etc
                        0x00019829    0x2a  Code  Lc  host_common.o [12]
usb_hostdev_open_pipe   0x00019853   0x10c  Code  Lc  host_common.o [12]
usb_hostdev_tr_init     0x00019b3b    0x36  Code  Gb  host_common.o [12]
usb_hostdev_validate    0x00019075    0x28  Code  Gb  host_common.o [12]
usb_mass_ufi_cancel     0x00019c05     0xc  Code  Gb  usb_host_msd_ufi.o [12]
usb_mass_ufi_generic    0x00019b81    0x84  Code  Gb  usb_host_msd_ufi.o [12]


[1] = E:\Freescale\mqx_test\YD_PRJ_NEW_20130323_git_\IAR\twrk60n512\Int Flash Debug\Obj
[2] = command line
[3] = bsp_twrk60n512_130418_SPI_TX_84Data_Buf6175.a
[4] = dl7M_tln.a
[5] = m7M_tl.a
[6] = mfs_twrk60n512_d.a
[7] = psp_twrk60n512_d.a
[8] = rt7M_tl.a
[9] = rtcs_twrk60n512_d_20130105.a
[10] = shb_l.a
[11] = shell_twrk60n512_d_20130412.a
[12] = usb_hdk_twrk60n512_d.a

  190 152 bytes of readonly  code memory
   19 822 bytes of readonly  data memory
   19 459 bytes of readwrite data memory

Errors: none
Warnings: none
