###############################################################################
#                                                                             #
# IAR ELF Linker V6.30.1.53127/W32 for ARM              09/Apr/2013  10:25:08 #
# Copyright 2007-2011 IAR Systems AB.                                         #
#                                                                             #
#    Output file  =  L:\git_workspace\YD_PRJ_NEW_20130323_git_\IAR\twrk60n512 #
#                    \Int Flash Debug\Exe\twrk60n512.out                      #
#    Map file     =  L:\git_workspace\YD_PRJ_NEW_20130323_git_\IAR\twrk60n512 #
#                    \Int Flash Debug\List\twrk60n512.map                     #
#    Command line =  "L:\git_workspace\YD_PRJ_NEW_20130323_git_\IAR\twrk60n51 #
#                    2\Int Flash Debug\Obj\DSPSPI.o"                          #
#                    "L:\git_workspace\YD_PRJ_NEW_20130323_git_\IAR\twrk60n51 #
#                    2\Int Flash Debug\Obj\DataConvert.o"                     #
#                    "L:\git_workspace\YD_PRJ_NEW_20130323_git_\IAR\twrk60n51 #
#                    2\Int Flash Debug\Obj\FTP_Task.o"                        #
#                    "L:\git_workspace\YD_PRJ_NEW_20130323_git_\IAR\twrk60n51 #
#                    2\Int Flash Debug\Obj\LCDDriver.o"                       #
#                    "L:\git_workspace\YD_PRJ_NEW_20130323_git_\IAR\twrk60n51 #
#                    2\Int Flash Debug\Obj\LCDUart.o"                         #
#                    "L:\git_workspace\YD_PRJ_NEW_20130323_git_\IAR\twrk60n51 #
#                    2\Int Flash Debug\Obj\MenuView.o"                        #
#                    "L:\git_workspace\YD_PRJ_NEW_20130323_git_\IAR\twrk60n51 #
#                    2\Int Flash Debug\Obj\SD_task.o"                         #
#                    "L:\git_workspace\YD_PRJ_NEW_20130323_git_\IAR\twrk60n51 #
#                    2\Int Flash Debug\Obj\Shell_Task.o"                      #
#                    "L:\git_workspace\YD_PRJ_NEW_20130323_git_\IAR\twrk60n51 #
#                    2\Int Flash Debug\Obj\System.o"                          #
#                    "L:\git_workspace\YD_PRJ_NEW_20130323_git_\IAR\twrk60n51 #
#                    2\Int Flash Debug\Obj\USB_File.o"                        #
#                    "L:\git_workspace\YD_PRJ_NEW_20130323_git_\IAR\twrk60n51 #
#                    2\Int Flash Debug\Obj\USB_Task.o"                        #
#                    "L:\git_workspace\YD_PRJ_NEW_20130323_git_\IAR\twrk60n51 #
#                    2\Int Flash Debug\Obj\mem_flash.o"                       #
#                    "L:\git_workspace\YD_PRJ_NEW_20130323_git_\IAR\twrk60n51 #
#                    2\Int Flash Debug\Obj\mem_ram.o"                         #
#                    "L:\git_workspace\YD_PRJ_NEW_20130323_git_\IAR\twrk60n51 #
#                    2\Int Flash Debug\Obj\pin2.o"                            #
#                    "L:\git_workspace\YD_PRJ_NEW_20130323_git_\IAR\twrk60n51 #
#                    2\Int Flash Debug\Obj\sh_cd.o"                           #
#                    "L:\git_workspace\YD_PRJ_NEW_20130323_git_\IAR\twrk60n51 #
#                    2\Int Flash Debug\Obj\sh_di.o"                           #
#                    "L:\git_workspace\YD_PRJ_NEW_20130323_git_\IAR\twrk60n51 #
#                    2\Int Flash Debug\Obj\tcpip_socket_task.o"               #
#                    "L:\git_workspace\YD_PRJ_NEW_20130323_git_\IAR\twrk60n51 #
#                    2\Int Flash Debug\Obj\usb_classes.o"                     #
#                    "L:\git_workspace\YD_PRJ_NEW_20130323_git_\IAR\twrk60n51 #
#                    2\Int Flash Debug\Obj\yada_prj.o"                        #
#                    L:\git_workspace\YD_PRJ_NEW_20130323_git_\lib\twrk60n512 #
#                    .iar\bsp\bsp_twrk60n512_130406_SPI_TX.a                  #
#                    L:\git_workspace\YD_PRJ_NEW_20130323_git_\lib\twrk60n512 #
#                    .iar\mfs\mfs_twrk60n512_d.a                              #
#                    L:\git_workspace\YD_PRJ_NEW_20130323_git_\lib\twrk60n512 #
#                    .iar\psp\psp_twrk60n512_d.a                              #
#                    L:\git_workspace\YD_PRJ_NEW_20130323_git_\lib\twrk60n512 #
#                    .iar\rtcs\rtcs_twrk60n512_d_20130105.a                   #
#                    L:\git_workspace\YD_PRJ_NEW_20130323_git_\lib\twrk60n512 #
#                    .iar\shell\shell_twrk60n512_d_20130406_wr_s.a            #
#                    L:\git_workspace\YD_PRJ_NEW_20130323_git_\lib\twrk60n512 #
#                    .iar\usb\host\usb_hdk_twrk60n512_d.a --redirect          #
#                    _Printf=_PrintfFull --redirect _Scanf=_ScanfFull -o      #
#                    "L:\git_workspace\YD_PRJ_NEW_20130323_git_\IAR\twrk60n51 #
#                    2\Int Flash Debug\Exe\twrk60n512.out" --map              #
#                    "L:\git_workspace\YD_PRJ_NEW_20130323_git_\IAR\twrk60n51 #
#                    2\Int Flash Debug\List\twrk60n512.map" --config          #
#                    L:\git_workspace\YD_PRJ_NEW_20130323_git_\IAR\..\lib\twr #
#                    k60n512.iar\bsp\intflash.icf --redirect                  #
#                    __iar_dlmalloc=malloc --redirect __iar_dlcalloc=calloc   #
#                    --redirect __iar_dlfree=free --semihosting --entry       #
#                    __iar_program_start --vfe                                #
#                                                                             #
#                                                                             #
###############################################################################

*******************************************************************************
*** RUNTIME MODEL ATTRIBUTES
***

CppFlavor                   = *
__SystemLibrary             = DLib
__dlib_jmp_buf_num_elements = 8


*******************************************************************************
*** PLACEMENT SUMMARY
***

"A1":  place at 0x00000000 { ro section .intvec, block CFMPROTROM };
"P1":  place in [from 0x00000000 to 0x0007ffff] {
          first block TEXTSECTION, ro, last block FLASHX_POOL };
"P2":  place in [from 0x1fff0000 to 0x2000fff0] { rw, last block KERNEL_DATA };

  Section            Kind        Address     Size  Object
  -------            ----        -------     ----  ------
"A1":                                       0x414
  .intvec            const    0x00000000    0x400  vectors.o [3]
  CFMPROTROM                  0x00000400     0x14  <Block>
    .cfmconfig       const    0x00000400     0x10  vectors.o [3]
    .cfmconfig       const    0x00000410      0x0  vectors.o [3]
    CFMPROTROM       const    0x00000410      0x4  <Block tail>
                            - 0x00000414    0x414

"P1":                                     0x33be4
  TEXTSECTION                 0x00000420  0x2ece4  <Block>
    .text            ro code  0x00000420     0x4c  cortex_boot.o [7]
    .text            ro code  0x0000046c      0xc  cstartup_M.o [8]
    .text            ro code  0x00000478     0x16  cmain.o [8]
    .text            ro code  0x0000048e      0xa  iar.o [3]
    .text            ro code  0x00000498     0x2c  data_init3.o [8]
    .text            ro code  0x000004c4     0x10  mqx_main.o [3]
    .text            ro code  0x000004d4      0x4  exit.o [4]
    .text            ro code  0x000004d8    0x190  init_hw.o [3]
    .text            ro code  0x00000668    0x1a8  mqx.o [7]
    .text            ro code  0x00000810      0xa  cexit.o [8]
    .text            ro code  0x0000081a     0x46  sotcp.o [9]
    .text            ro code  0x00000860    0x79c  bsp_cm.o [3]
    .text            ro code  0x00000ffc    0x538  init_gpio.o [3]
    .text            ro code  0x00001534    0x134  mem_zero.o [7]
    .text            ro code  0x00001668     0x76  ABImemcpy.o [8]
    .text            ro code  0x000016de     0x56  macnet_rejoin.o [3]
    .text            ro code  0x00001734     0xd8  mqxiinit.o [7]
    .text            ro code  0x0000180c     0x28  lwm_init.o [7]
    .text            ro code  0x00001834     0x18  lwm_gsys.o [7]
    .text            ro code  0x0000184c     0x24  lwm_size.o [7]
    .text            ro code  0x00001870    0x1c4  ta_init.o [7]
    .text            ro code  0x00001a34     0xc0  sc_irdyq.o [7]
    .text            ro code  0x00001af4     0x74  lws_crea.o [7]
    .text            ro code  0x00001b68    0x2c8  init_bsp.o [3]
    .text            ro code  0x00001e30     0x24  int_disa.o [7]
    .text            ro code  0x00001e54     0x14  exit.o [10]
    .text            ro code  0x00001e68     0x14  cm.o [3]
    .text            ro code  0x00001e7c      0xc  qu_init.o [7]
    .text            ro code  0x00001e88     0x64  lwm_crep.o [7]
    .text            ro code  0x00001eec    0x204  lwm_alli.o [7]
    .text            ro code  0x000020f0     0x34  td_serr.o [7]
    .text            ro code  0x00002124     0xd0  td_alloc.o [7]
    .text            ro code  0x000021f4     0x68  stack_bu.o [7]
    .text            ro code  0x0000225c      0x8  lwm_xfri.o [7]
    .text            ro code  0x00002264     0x18  lwm_allz.o [7]
    .text            ro code  0x0000227c     0x38  int_ena.o [7]
    .text            ro code  0x000022b4     0x3e  qu_enq.o [7]
    .text            ro code  0x000022f2     0x22  zero_init3.o [8]
    .text            ro code  0x00002314      0xc  mqx_scpu.o [7]
    .text            ro code  0x00002320     0x30  lwm_allo.o [7]
    .text            ro code  0x00002350     0x14  psp_iinit.o [7]
    .text            ro code  0x00002364     0x10  int_vtab.o [7]
    .text            ro code  0x00002374     0x10  ti_setv.o [7]
    .text            ro code  0x00002384     0xb0  int_iisr.o [7]
    .text            ro code  0x00002434     0x10  ti_sett.o [7]
    .text            ro code  0x00002444     0x10  ti_shwtt.o [7]
    .text            ro code  0x00002454     0x14  ti_shwtf.o [7]
    .text            ro code  0x00002468     0x14  kinetis_mpu.o [7]
    .text            ro code  0x0000247c     0x18  io_init.o [7]
    .text            ro code  0x00002494    0x3b4  serl_pol_kuart.o [3]
    .text            ro code  0x00002848    0x1f0  serl_int_kuart.o [3]
    .text            ro code  0x00002a38    0x86c  i2c_pol_ki2c.o [3]
    .text            ro code  0x000032a4    0x6aa  i2c_int_ki2c.o [3]
    .text            ro code  0x0000394e     0x2e  copy_init3.o [8]
    .text            ro code  0x0000397c    0x9e8  spi_pol_dspi.o [3]
    .text            ro code  0x00004364    0x7a0  spi_dma_dspi.o [3]
    .text            ro code  0x00004b04    0x28c  io_gpio.o [3]
    .text            ro code  0x00004d90    0x5ae  adc.o [3]
    .text            ro code  0x00005340    0xc76  esdhc.o [3]
    .text            ro code  0x00005fb8    0xd3c  flashx.o [3]
    .text            ro code  0x00006cf4     0x34  io_sinit.o [3]
    .text            ro code  0x00006d28     0xe0  ti_krnl.o [7]
    .text            ro code  0x00006e08     0xfc  lwm_free.o [7]
    .text            ro code  0x00006f04     0x40  qu_insrt.o [7]
    .text            ro code  0x00006f44     0x78  int_init.o [7]
    .text            ro code  0x00006fbc     0x10  int_inst.o [7]
    .text            ro code  0x00006fcc    0x53c  serl_pol.o [3]
    .text            ro code  0x00007508     0x4c  serl_mk60.o [3]
    .text            ro code  0x00007554     0x18  lwm_zsys.o [7]
    .text            ro code  0x0000756c    0x610  serl_int.o [3]
    .text            ro code  0x00007b7c     0x60  int_gdat.o [7]
    .text            ro code  0x00007bdc      0x4  int_geh.o [7]
    .text            ro code  0x00007be0     0xa0  cortex.o [7]
    .text            ro code  0x00007c80     0xf0  ev_open.o [7]
    .text            ro code  0x00007d70     0xe0  ev_set.o [7]
    .text            ro code  0x00007e50    0x170  i2c_pol.o [3]
    .text            ro code  0x00007fc0     0x38  i2c_mk60.o [3]
    .text            ro code  0x00007ff8    0x16c  i2c_int.o [3]
    .text            ro code  0x00008164    0x196  spi_pol.o [3]
    .text            ro code  0x000082fc     0x30  spi_mk60_dspi.o [3]
    .text            ro code  0x0000832c    0x1a2  spi_int.o [3]
    .text            ro code  0x000084d0     0x24  io_pntf.o [7]
    .text            ro code  0x000084f4    0x278  DSPSPI.o [1]
    .text            ro code  0x0000876c    0x994  io_gpio_kgpio.o [3]
    .text            ro code  0x00009100     0x1a  io_inst.o [7]
    .text            ro code  0x0000911a     0x3e  io_ioctl.o [7]
    .text            ro code  0x00009158    0xac0  adc_kadc.o [3]
    .text            ro code  0x00009c18    0xaf8  adt_kpdb.o [3]
    .text            ro code  0x0000a710     0x42  strcmp.o [8]
    .text            ro code  0x0000a754     0x36  strlen.o [8]
    .text            ro code  0x0000a78c     0x38  ti_delay.o [7]
    .text            ro code  0x0000a7c4    0x108  io_instx.o [7]
    .text            ro code  0x0000a8cc     0x14  esdhc_mk60.o [3]
    .text            ro code  0x0000a8e0      0xe  esdhc.o [3]
    .text            ro code  0x0000a8f0     0x78  lws_wait.o [7]
    .text            ro code  0x0000a968    0x17c  mem_copy.o [7]
    .text            ro code  0x0000aae4     0x7c  lws_post.o [7]
    .text            ro code  0x0000ab60     0xa0  io_fopen.o [7]
    .text            ro code  0x0000ac00     0x34  psp_tinm.o [7]
    .text            ro code  0x0000ac34     0x84  tq_creat.o [7]
    .text            ro code  0x0000acb8     0x80  tq_dest.o [7]
    .text            ro code  0x0000ad38     0xd8  tq_func.o [7]
    .text            ro code  0x0000ae10     0x94  na_findi.o [7]
    .text            ro code  0x0000aea4     0x48  io_ghand.o [7]
    .text            ro code  0x0000aeec    0xbd4  io_dopr.o [7]
    .text            ro code  0x0000bac0     0x34  io_fclos.o [7]
    .text            ro code  0x0000baf4     0x14  ev_creat.o [7]
    .text            ro code  0x0000bb08     0x3a  ev_all.o [7]
    .text            ro code  0x0000bb44     0x48  ev_clear.o [7]
    .text            ro code  0x0000bb8c     0x2a  strncmp.o [4]
    .text            ro code  0x0000bbb8      0x6  ABImemclr4.o [8]
    .text            ro code  0x0000bbc0     0x14  adc_mk60.o [3]
    .text            ro code  0x0000bbd4    0x132  I64DivMod.o [8]
    .text            ro code  0x0000bd08     0xd4  lwe_set.o [7]
    .text            ro code  0x0000bddc     0x84  psp_mstiq.o [7]
    .text            ro code  0x0000be60     0x48  psp_tiad.o [7]
    .text            ro code  0x0000bea8     0x88  ti_deli.o [7]
    .text            ro code  0x0000bf30     0x2e  qu_deq.o [7]
    .text            ro code  0x0000bf5e     0x2c  sc_ipq.o [7]
    .text            ro code  0x0000bf8a     0x1c  strnlen.o [7]
    .text            ro code  0x0000bfa8     0xc0  ev_creai.o [7]
    .text            ro code  0x0000c068    0x108  ev_waiti.o [7]
    .text            ro code  0x0000c170     0x32  ABImemset48.o [8]
    .text            ro code  0x0000c1a4      0x2  I64DivZer.o [8]
    .text            ro code  0x0000c1a8     0xcc  ev_comp.o [7]
    .text            ro code  0x0000c274     0x6c  strncpy.o [8]
    .text            ro code  0x0000c2e0    0x138  na_addi.o [7]
    .text            ro code  0x0000c418     0x34  ti_delun.o [7]
    .text            ro code  0x0000c44c     0x38  ti_delfo.o [7]
    .text            ro code  0x0000c484     0x7c  na_crth.o [7]
    .text            ro code  0x0000c500     0x5e  ABImemset.o [8]
    .text            ro code  0x0000c560    0x860  pow.o [5]
    .text            ro code  0x0000cdc0     0x44  xdnorm.o [5]
    .text            ro code  0x0000ce04     0x80  xdint.o [5]
    .text            ro code  0x0000ce84     0x20  DblCmpEq.o [5]
    .text            ro code  0x0000cea4      0xc  errno.o [4]
    .text            ro code  0x0000ceb0     0x2e  DblCmpGe.o [5]
    .text            ro code  0x0000cee0     0x2e  DblCmpLe.o [5]
    .text            ro code  0x0000cf10    0x1a2  DblMul.o [5]
    .text            ro code  0x0000d0b4     0xe8  DblAdd.o [5]
    .text            ro code  0x0000d19c     0x58  DblToI32.o [5]
    .text            ro code  0x0000d1f4     0x30  I32ToDbl.o [5]
    .text            ro code  0x0000d224    0x180  DblSub.o [5]
    .text            ro code  0x0000d3a4    0x246  DblDiv.o [5]
    .text            ro code  0x0000d5ec     0xa8  xlog.o [5]
    .text            ro code  0x0000d694    0x2f4  xexp.o [5]
    .text            ro code  0x0000d988      0x2  xtls.o [4]
    .text            ro code  0x0000d98c    0x11a  xdscale.o [5]
    .text            ro code  0x0000daa8    0x3e2  DataConvert.o [1]
    .text            ro code  0x0000de8c     0xfc  FltDiv.o [5]
    .text            ro code  0x0000df88     0xd8  FltMul.o [5]
    .text            ro code  0x0000e060     0x24  FltToU32.o [5]
    .text            ro code  0x0000e084     0x32  I32ToFlt.o [5]
    .text            ro code  0x0000e0b6      0x8  abs.o [4]
    .text            ro code  0x0000e0c0     0xe6  FltSub.o [5]
    .text            ro code  0x0000e1a8     0x44  FltToS32.o [5]
    .text            ro code  0x0000e1ec     0x24  FltCmpLe.o [5]
    .text            ro code  0x0000e210     0x84  FltAdd.o [5]
    .text            ro code  0x0000e294    0x320  LCDDriver.o [1]
    .text            ro code  0x0000e5b4     0x24  io_write.o [7]
    .text            ro code  0x0000e5d8     0xf4  FTP_Task.o [1]
    .text            ro code  0x0000e6cc    0x26c  rtcscmd.o [9]
    .text            ro code  0x0000e938     0x24  enaddr.o [3]
    .text            ro code  0x0000e95c    0x104  eninit.o [3]
    .text            ro code  0x0000ea60     0x5c  ifadd.o [9]
    .text            ro code  0x0000eabc    0x644  ftpd.o [9]
    .text            ro code  0x0000f100     0x88  ta_creat.o [7]
    .text            ro code  0x0000f188     0xe4  mqx_ioc.o [7]
    .text            ro code  0x0000f26c    0x1b6  rtcspart.o [9]
    .text            ro code  0x0000f424     0x2c  ms_id.o [7]
    .text            ro code  0x0000f450     0x16  ms_pool.o [7]
    .text            ro code  0x0000f468     0xa8  rtcstask.o [9]
    .text            ro code  0x0000f510     0x6c  ms_dpool.o [7]
    .text            ro code  0x0000f57c     0xcc  ms_alloc.o [7]
    .text            ro code  0x0000f648     0x58  td_get.o [7]
    .text            ro code  0x0000f6a0      0xc  ms_sendb.o [7]
    .text            ro code  0x0000f6ac     0x48  ta_rdy.o [7]
    .text            ro code  0x0000f6f4      0xc  ms_send.o [7]
    .text            ro code  0x0000f700     0x10  td_gid.o [7]
    .text            ro code  0x0000f710     0x1c  td_gerr.o [7]
    .text            ro code  0x0000f72c     0x24  td_util.o [7]
    .text            ro code  0x0000f750     0x2c  init_enet.o [3]
    .text            ro code  0x0000f77c     0x58  enutil.o [3]
    .text            ro code  0x0000f7d4     0x3c  ta_env.o [7]
    .text            ro code  0x0000f810     0x22  ta_sexit.o [7]
    .text            ro code  0x0000f834     0xb2  rtcs.o [9]
    .text            ro code  0x0000f8e8    0x3ea  io_util.o [7]
    .text            ro code  0x0000fcd4     0x44  strcpy.o [8]
    .text            ro code  0x0000fd18     0x18  io_util.o [7]
    .text            ro code  0x0000fd30      0x8  io_util.o [7]
    .text            ro code  0x0000fd38     0x7c  ta_build.o [7]
    .text            ro code  0x0000fdb4     0x18  lwm_allp.o [7]
    .text            ro code  0x0000fdcc     0x18  lwm_alzp.o [7]
    .text            ro code  0x0000fde4     0x18  lwm_gsyp.o [7]
    .text            ro code  0x0000fdfc     0x18  lwm_zsyf.o [7]
    .text            ro code  0x0000fe14     0x84  pa_creat.o [7]
    .text            ro code  0x0000fe98     0x14  pa_sallo.o [7]
    .text            ro code  0x0000feac     0x74  pa_free.o [7]
    .text            ro code  0x0000ff20     0x74  pa_dest.o [7]
    .text            ro code  0x0000ff94    0x20c  ms_pooli.o [7]
    .text            ro code  0x000101a0     0x12  ta_util.o [7]
    .text            ro code  0x000101b4     0xa2  lws_dest.o [7]
    .text            ro code  0x00010258    0x364  ms_sendi.o [7]
    .text            ro code  0x000105bc    0x12a  sockutil.o [9]
    .text            ro code  0x000106e6      0x8  io_util.o [7]
    .text            ro code  0x000106ee     0x2a  io_util.o [7]
    .text            ro code  0x00010718     0x16  io_util.o [7]
    .text            ro code  0x00010730     0x7c  pa_creai.o [7]
    .text            ro code  0x000107ac    0x118  pa_alloi.o [7]
    .text            ro code  0x000108c4    0x130  ms_comp.o [7]
    .text            ro code  0x000109f4     0x60  ms_free.o [7]
    .text            ro code  0x00010a54     0x10  io_util.o [7]
    .text            ro code  0x00010a64      0x8  io_util.o [7]
    .text            ro code  0x00010a6c      0x8  io_util.o [7]
    .text            ro code  0x00010a74     0x7c  pa_comp.o [7]
    .text            ro code  0x00010af0     0x5c  pa_extni.o [7]
    .text            ro code  0x00010b4c     0x22  io_util.o [7]
    .text            ro code  0x00010b6e     0x28  io_util.o [7]
    .text            ro code  0x00010b96     0x10  io_util.o [7]
    .text            ro code  0x00010ba8    0xa60  LCDUart.o [1]
    .text            ro code  0x00011608     0x14  ev_creaa.o [7]
    .text            ro code  0x0001161c   0x2e9c  MenuView.o [1]
    .text            ro code  0x000144b8     0x52  System.o [1]
    .text            ro code  0x0001450a      0x6  cos.o [5]
    .text            ro code  0x00014510      0x6  sin.o [5]
    .text            ro code  0x00014518     0x24  FltCmpGe.o [5]
    .text            ro code  0x0001453c     0x4e  FltToDbl.o [5]
    .text            ro code  0x0001458c    0x14c  sh_cd.o [1]
    .text            ro code  0x000146d8     0x90  sh_pwd.o [11]
    .text            ro code  0x00014768    0x220  sh_read_wk.o [11]
    .text            ro code  0x00014988    0x1f8  sh_write_binary.o [11]
    .text            ro code  0x00014b80     0xc8  sh_update.o [11]
    .text            ro code  0x00014c48     0x16  ti_get.o [7]
    .text            ro code  0x00014c60     0xe4  ti_to.o [7]
    .text            ro code  0x00014d44    0x110  sh_mkdir.o [11]
    .text            ro code  0x00014e54    0x39c  sh_search_file_1.o [11]
    .text            ro code  0x000151f0    0x1f0  xsin.o [5]
    .text            ro code  0x000153e0    0x218  sh_util.o [11]
    .text            ro code  0x000155f8    0x408  mfs_misc.o [6]
    .text            ro code  0x00015a00     0x90  io_fseek.o [7]
    .text            ro code  0x00015a90     0x16  io_feof.o [7]
    .text            ro code  0x00015aa6     0x46  io_fgetc.o [7]
    .text            ro code  0x00015aec     0x4c  ti_gett.o [7]
    .text            ro code  0x00015b38     0xbc  psp_tkti.o [7]
    .text            ro code  0x00015bf4     0x42  ti_leap.o [7]
    .text            ro code  0x00015c38    0x320  dir_read.o [6]
    .text            ro code  0x00015f58     0x26  io_spr.o [7]
    .text            ro code  0x00015f80    0x170  xquad.o [5]
    .text            ro code  0x000160f0     0x10  sh_util.o [11]
    .text            ro code  0x00016100    0x344  mfs_rw.o [6]
    .text            ro code  0x00016444     0x9e  mfs_data_sector.o [6]
    .text            ro code  0x000164e4    0x382  mfs_fat.o [6]
    .text            ro code  0x00016868    0x1a8  fmod.o [5]
    .text            ro code  0x00016a10     0x6a  io_read.o [7]
    .text            ro code  0x00016a7c     0x62  memcmp.o [8]
    .text            ro code  0x00016ae0    0x356  mfs_cluster.o [6]
    .text            ro code  0x00016e38      0xc  iarEdom.o [8]
    .text            ro code  0x00016e44     0x48  Shell_Task.o [1]
    .text            ro code  0x00016e8c    0x22c  shell.o [11]
    .text            ro code  0x000170b8     0x38  io_fflsh.o [7]
    .text            ro code  0x000170f0     0x2e  io_fgets.o [7]
    .text            ro code  0x0001711e     0x94  io_fgetl.o [7]
    .text            ro code  0x000171b2     0x2c  io_fung.o [7]
    .text            ro code  0x000171e0    0x2d0  USB_File.o [1]
    .text            ro code  0x000174b0    0x726  usbmfs.o [12]
    .text            ro code  0x00017bd8    0x5a6  part_mgr.o [6]
    .text            ro code  0x0001817e      0xe  io_ferr.o [7]
    .text            ro code  0x0001818c   0x1222  mfs_init.o [6]
    .text            ro code  0x000193b0     0x7c  io_uinst.o [7]
    .text            ro code  0x0001942c    0xb54  host_common.o [12]
    .text            ro code  0x00019f80     0x90  usb_host_msd_ufi.o [12]
    .text            ro code  0x0001a010     0x10  ti_getp.o [7]
    .text            ro code  0x0001a020     0x98  lws_wati.o [7]
    .text            ro code  0x0001a0b8     0x30  ti_delti.o [7]
    .text            ro code  0x0001a0e8     0xa2  mfs_valdev.o [6]
    .text            ro code  0x0001a18c    0x39c  mfs_open.o [6]
    .text            ro code  0x0001a528    0x4bc  mfs_create.o [6]
    .text            ro code  0x0001a9e4    0x2d0  mfs_read.o [6]
    .text            ro code  0x0001acb4    0x430  mfs_write.o [6]
    .text            ro code  0x0001b0e4    0x7f8  mfs_directory.o [6]
    .text            ro code  0x0001b8dc     0xf4  mfs_attribute.o [6]
    .text            ro code  0x0001b9d0     0xe4  mfs_time.o [6]
    .text            ro code  0x0001bab4    0x7ce  mfs_lfn.o [6]
    .text            ro code  0x0001c282    0x102  mfs_delete.o [6]
    .text            ro code  0x0001c384    0x2c0  mfs_rename.o [6]
    .text            ro code  0x0001c644    0x89c  mfs_format.o [6]
    .text            ro code  0x0001cee0     0x10  qu_util.o [7]
    .text            ro code  0x0001cef0     0x68  usb_mqx.o [12]
    .text            ro code  0x0001cf58    0x3d2  host_dev_list.o [12]
    .text            ro code  0x0001d32c    0x564  host_main.o [12]
    .text            ro code  0x0001d890    0x660  host_ch9.o [12]
    .text            ro code  0x0001def0    0x670  usb_host_msd_bo.o [12]
    .text            ro code  0x0001e560     0x36  lws_wain.o [7]
    .text            ro code  0x0001e596    0x79a  mfs_search.o [6]
    .text            ro code  0x0001ed30     0xf6  mfs_handle.o [6]
    .text            ro code  0x0001ee28    0x7f6  mfs_dir_entry.o [6]
    .text            ro code  0x0001f61e     0x20  qu_head.o [7]
    .text            ro code  0x0001f63e     0x22  qu_next.o [7]
    .text            ro code  0x0001f660    0x57c  mfs_parse.o [6]
    .text            ro code  0x0001fbdc     0x50  host_close.o [12]
    .text            ro code  0x0001fc2c     0x5a  usb_mk60.o [3]
    .text            ro code  0x0001fc86     0xa2  usb_host_msd_queue.o [12]
    .text            ro code  0x0001fd28     0x58  host_snd.o [12]
    .text            ro code  0x0001fd80     0x58  host_rcv.o [12]
    .text            ro code  0x0001fdd8     0x30  pa_sallz.o [7]
    .text            ro code  0x0001fe08     0x1e  qu_unlnk.o [7]
    .text            ro code  0x0001fe26     0x1e  strcat.o [4]
    .text            ro code  0x0001fe44    0x220  USB_Task.o [1]
    .text            ro code  0x00020064     0x86  lwe_crea.o [7]
    .text            ro code  0x000200ec     0x20  int_iunx.o [7]
    .text            ro code  0x0002010c     0x34  lwe_clr.o [7]
    .text            ro code  0x00020140     0x48  lwe_watt.o [7]
    .text            ro code  0x00020188     0x10  int_idef.o [7]
    .text            ro code  0x00020198     0xf0  lwe_waii.o [7]
    .text            ro code  0x00020288    0x16c  mem_flash.o [1]
    .text            ro code  0x000203f4     0x94  pin2.o [1]
    .text            ro code  0x00020488     0xac  tq_tsusp.o [7]
    .text            ro code  0x00020534     0x98  ta_prio.o [7]
    .text            ro code  0x000205cc     0x68  sc_sprio.o [7]
    .text            ro code  0x00020634      0x4  ta_sync.o [7]
    .text            ro code  0x00020638    0x29c  tcpip_socket_task.o [1]
    .text            ro code  0x000208d4    0x1a0  soselset.o [9]
    .text            ro code  0x00020a74     0xbc  sosel0.o [9]
    .text            ro code  0x00020b30     0xd4  timer.o [9]
    .text            ro code  0x00020c04    0x3c4  yada_prj.o [1]
    .text            ro code  0x00020fc8    0x3ec  timer_lpt.o [3]
    .text            ro code  0x000213b4     0x7c  timer_lpt_kinetis.o [3]
    .text            ro code  0x00021430     0x22  I64Shl.o [8]
    .text            ro code  0x00021454   0x12f0  ftpd_cmd.o [9]
    .text            ro code  0x00022744     0x24  ftpd_cmd.o [9]
    .text            ro code  0x00022768      0x4  strpbrk.o [4]
    .text            ro code  0x0002276c     0x18  rtcsmsec.o [9]
    .text            ro code  0x00022784     0x20  io_ftell.o [7]
    .text            ro code  0x000227a4     0x22  strpbrk.o [4]
    .text            ro code  0x000227c6     0x1a  ti_elaps.o [7]
    .text            ro code  0x000227e0     0x40  ti_elapt.o [7]
    .text            ro code  0x00022820    0x3be  ip-e.o [9]
    .text            ro code  0x00022be0    0x82c  arp.o [9]
    .text            ro code  0x0002340c     0x94  enopen.o [3]
    .text            ro code  0x000234a0     0x82  enclose.o [3]
    .text            ro code  0x00023524     0xdc  rtcsrand.o [9]
    .text            ro code  0x00023600    0x496  rtcspcb.o [9]
    .text            ro code  0x00023a96    0x162  ensend.o [3]
    .text            ro code  0x00023bf8    0x24c  iputil.o [9]
    .text            ro code  0x00023e44      0x4  proxyarp.o [9]
    .text            ro code  0x00023e48     0x3c  lws_poll.o [7]
    .text            ro code  0x00023e84    0x24c  ipradix.o [9]
    .text            ro code  0x000240d0     0x94  sh_cmdlist.o [11]
    .text            ro code  0x00024164    0x1f0  sh_copy.o [11]
    .text            ro code  0x00024354    0x118  sh_create.o [11]
    .text            ro code  0x0002446c    0x11c  sh_del.o [11]
    .text            ro code  0x00024588    0x108  sh_df.o [11]
    .text            ro code  0x00024690    0x154  sh_dir.o [11]
    .text            ro code  0x000247e4    0x1bc  sh_disect.o [11]
    .text            ro code  0x000249a0     0x68  sh_exit.o [11]
    .text            ro code  0x00024a08    0x17c  sh_format.o [11]
    .text            ro code  0x00024b84    0x108  sh_help.o [11]
    .text            ro code  0x00024c8c    0x22c  sh_read.o [11]
    .text            ro code  0x00024eb8     0x40  io_fputc.o [7]
    .text            ro code  0x00024ef8    0x188  sh_rename.o [11]
    .text            ro code  0x00025080    0x12c  sh_rmdir.o [11]
    .text            ro code  0x000251ac     0xd8  sh_sh.o [11]
    .text            ro code  0x00025284    0x130  sh_type.o [11]
    .text            ro code  0x000253b4    0x250  sh_write.o [11]
    .text            ro code  0x00025604    0xa94  khci.o [12]
    .text            ro code  0x00026098     0x92  lwmsgq.o [7]
    .text            ro code  0x0002612c    0x138  lwmsgq_recv.o [7]
    .text            ro code  0x00026264     0x70  ta_creab.o [7]
    .text            ro code  0x000262d4    0x128  lwmsgq_send.o [7]
    .text            ro code  0x000263fc    0x560  usb_host_hub_sm.o [12]
    .text            ro code  0x0002695c    0x3ae  usb_host_hub.o [12]
    .text            ro code  0x00026d0c    0x59c  sstream.o [9]
    .text            ro code  0x000272a8    0x9f6  ip.o [9]
    .text            ro code  0x00027ca0    0x76c  iproute.o [9]
    .text            ro code  0x0002840c     0x86  checksum.o [9]
    .text            ro code  0x00028492     0x44  ipsum.o [7]
    .text            ro code  0x000284d8    0x680  icmp.o [9]
    .text            ro code  0x00028b58     0x22  route.o [9]
    .text            ro code  0x00028b7c    0x19e  iplocal.o [9]
    .text            ro code  0x00028d1c    0x124  tcpip.o [9]
    .text            ro code  0x00028e40     0x16  ms_open.o [7]
    .text            ro code  0x00028e58     0x10  arpinit.o [9]
    .text            ro code  0x00028e68     0x18  bootinit.o [9]
    .text            ro code  0x00028e80     0x32  ms_recv.o [7]
    .text            ro code  0x00028eb4    0x144  ms_openi.o [7]
    .text            ro code  0x00028ff8    0x320  ms_recvi.o [7]
    .text            ro code  0x00029318     0xe8  int_unx.o [7]
    .text            ro code  0x00029400    0x3c4  tcp_clos.o [9]
    .text            ro code  0x000297c4    0x792  tcp_rcv.o [9]
    .text            ro code  0x00029f56    0x3a2  ticker.o [9]
    .text            ro code  0x0002a2f8   0x16e2  tcp.o [9]
    .text            ro code  0x0002b9da    0x12c  sosel1.o [9]
    .text            ro code  0x0002bb08    0xfa8  tcp_send.o [9]
    .text            ro code  0x0002cab0    0x412  tcp_buf.o [9]
    .text            ro code  0x0002cec4     0x18  ti_getr.o [7]
    .text            ro code  0x0002cedc    0x464  macnet_init.o [3]
    .text            ro code  0x0002d340     0x1c  macnet_mk60.o [3]
    .text            ro code  0x0002d35c    0x49e  macnet_receive.o [3]
    .text            ro code  0x0002d7fc    0x1d4  macnet_util.o [3]
    .text            ro code  0x0002d9d0    0x11a  enrecv.o [3]
    .text            ro code  0x0002daec     0x64  int_gisr.o [7]
    .text            ro code  0x0002db50    0x1e2  ta_dest.o [7]
    .text            ro code  0x0002dd34     0x6c  lwm_list.o [7]
    .text            ro code  0x0002dda0      0x2  stack_de.o [7]
    .text            ro code  0x0002dda4     0x34  int_isr.o [7]
    .text            ro code  0x0002ddd8     0x10  td_serrt.o [7]
    .text            ro code  0x0002dde8     0x40  idletask.o [7]
    .text            ro code  0x0002de28     0x60  ev_tdel.o [7]
    .text            ro code  0x0002de88     0x88  macnet_join.o [3]
    .text            ro code  0x0002df10     0xe8  macnet_mii.o [3]
    .text            ro code  0x0002dff8     0x4c  macnet_stop.o [3]
    .text            ro code  0x0002e044     0x24  ta_exit.o [7]
    .text            ro code  0x0002e068    0x31c  udp.o [9]
    .text            ro code  0x0002e384    0x4fc  flash_ftfl.o [3]
    .text            ro code  0x0002e880     0x24  flash_mk60.o [3]
    .text            ro code  0x0002e8a4     0xd8  ms_tdel.o [7]
    .text            ro code  0x0002e97c     0x98  pa_tdel.o [7]
    .text            ro code  0x0002ea14    0x104  soip.o [9]
    .text            ro code  0x0002eb18    0x1ba  ipif_add.o [9]
    .text            ro code  0x0002ecd2    0x178  phy_ks8721bl.o [3]
    .text            ro code  0x0002ee4a    0x2ba  macnet_send.o [3]
  KERNEL             ro code  0x0002f110    0x218  dispatch.o [7]
  .iar.init_table    const    0x0002f328     0x38  - Linker created -
  .rodata            const    0x0002f360      0x8  DSPSPI.o [1]
  .rodata            const    0x0002f368     0x1c  DSPSPI.o [1]
  .rodata            const    0x0002f384      0x8  DSPSPI.o [1]
  .rodata            const    0x0002f38c     0x24  DSPSPI.o [1]
  .rodata            const    0x0002f3b0     0x24  DSPSPI.o [1]
  .rodata            const    0x0002f3d4     0x24  DSPSPI.o [1]
  .rodata            const    0x0002f3f8     0x10  DSPSPI.o [1]
  .rodata            const    0x0002f408     0x1c  DSPSPI.o [1]
  .rodata            const    0x0002f424     0x18  DSPSPI.o [1]
  .rodata            const    0x0002f43c     0x1c  DSPSPI.o [1]
  .rodata            const    0x0002f458     0x18  DSPSPI.o [1]
  .rodata            const    0x0002f470      0x8  FTP_Task.o [1]
  .rodata            const    0x0002f478      0x8  FTP_Task.o [1]
  .rodata            const    0x0002f480      0x8  FTP_Task.o [1]
  .rodata            const    0x0002f488      0x4  FTP_Task.o [1]
  .rodata            const    0x0002f48c      0x8  FTP_Task.o [1]
  .rodata            const    0x0002f494      0x8  FTP_Task.o [1]
  .rodata            const    0x0002f49c      0x8  FTP_Task.o [1]
  .rodata            const    0x0002f4a4      0x8  FTP_Task.o [1]
  .rodata            const    0x0002f4ac      0x4  FTP_Task.o [1]
  .rodata            const    0x0002f4b0      0x8  FTP_Task.o [1]
  .rodata            const    0x0002f4b8      0x8  FTP_Task.o [1]
  .rodata            const    0x0002f4c0      0x8  FTP_Task.o [1]
  .rodata            const    0x0002f4c8      0x8  FTP_Task.o [1]
  .rodata            const    0x0002f4d0      0x8  FTP_Task.o [1]
  .rodata            const    0x0002f4d8      0x8  FTP_Task.o [1]
  .rodata            const    0x0002f4e0      0x4  FTP_Task.o [1]
  .rodata            const    0x0002f4e4      0x8  FTP_Task.o [1]
  .rodata            const    0x0002f4ec      0x8  FTP_Task.o [1]
  .rodata            const    0x0002f4f4      0x8  FTP_Task.o [1]
  .rodata            const    0x0002f4fc      0x8  FTP_Task.o [1]
  .rodata            const    0x0002f504      0x8  FTP_Task.o [1]
  .rodata            const    0x0002f50c      0x4  FTP_Task.o [1]
  .rodata            const    0x0002f510      0x8  FTP_Task.o [1]
  .rodata            const    0x0002f518      0x8  FTP_Task.o [1]
  .rodata            const    0x0002f520      0x8  FTP_Task.o [1]
  .rodata            const    0x0002f528      0x8  FTP_Task.o [1]
  .rodata            const    0x0002f530      0x8  FTP_Task.o [1]
  .rodata            const    0x0002f538      0x8  FTP_Task.o [1]
  .rodata            const    0x0002f540      0x8  FTP_Task.o [1]
  .rodata            const    0x0002f548      0x8  FTP_Task.o [1]
  .rodata            const    0x0002f550      0x8  FTP_Task.o [1]
  .rodata            const    0x0002f558     0x24  FTP_Task.o [1]
  .rodata            const    0x0002f57c     0x24  FTP_Task.o [1]
  .rodata            const    0x0002f5a0     0x24  FTP_Task.o [1]
  .rodata            const    0x0002f5c4     0x14  FTP_Task.o [1]
  .rodata            const    0x0002f5d8      0xc  FTP_Task.o [1]
  .rodata            const    0x0002f5e4    0x100  FTP_Task.o [1]
  .rodata            const    0x0002f6e4      0x8  LCDDriver.o [1]
  .rodata            const    0x0002f6ec      0x8  LCDUart.o [1]
  .rodata            const    0x0002f6f4      0xc  LCDUart.o [1]
  .rodata            const    0x0002f700     0x28  LCDUart.o [1]
  .rodata            const    0x0002f728     0x24  LCDUart.o [1]
  .rodata            const    0x0002f74c     0x24  LCDUart.o [1]
  .rodata            const    0x0002f770     0x1c  LCDUart.o [1]
  .rodata            const    0x0002f78c     0x10  LCDUart.o [1]
  .rodata            const    0x0002f79c     0x1c  LCDUart.o [1]
  .rodata            const    0x0002f7b8     0x18  LCDUart.o [1]
  .rodata            const    0x0002f7d0      0xc  MenuView.o [1]
  .rodata            const    0x0002f7dc     0x10  MenuView.o [1]
  .rodata            const    0x0002f7ec     0x10  MenuView.o [1]
  .rodata            const    0x0002f7fc     0x14  MenuView.o [1]
  .rodata            const    0x0002f810     0x14  MenuView.o [1]
  .rodata            const    0x0002f824     0x38  MenuView.o [1]
  .rodata            const    0x0002f85c     0x3c  MenuView.o [1]
  .rodata            const    0x0002f898      0x4  MenuView.o [1]
  .rodata            const    0x0002f89c      0x8  MenuView.o [1]
  .rodata            const    0x0002f8a4     0x24  MenuView.o [1]
  .rodata            const    0x0002f8c8     0x48  MenuView.o [1]
  .rodata            const    0x0002f910      0x8  MenuView.o [1]
  .rodata            const    0x0002f918      0x8  MenuView.o [1]
  .rodata            const    0x0002f920      0xc  MenuView.o [1]
  .rodata            const    0x0002f92c      0x8  MenuView.o [1]
  .rodata            const    0x0002f934     0x10  MenuView.o [1]
  .rodata            const    0x0002f944      0x8  MenuView.o [1]
  .rodata            const    0x0002f94c      0x8  MenuView.o [1]
  .rodata            const    0x0002f954     0x2c  MenuView.o [1]
  .rodata            const    0x0002f980     0x58  MenuView.o [1]
  .rodata            const    0x0002f9d8     0x10  MenuView.o [1]
  .rodata            const    0x0002f9e8     0x10  MenuView.o [1]
  .rodata            const    0x0002f9f8     0x24  MenuView.o [1]
  .rodata            const    0x0002fa1c      0xc  MenuView.o [1]
  .rodata            const    0x0002fa28      0x8  MenuView.o [1]
  .rodata            const    0x0002fa30     0x10  MenuView.o [1]
  .rodata            const    0x0002fa40      0x8  MenuView.o [1]
  .rodata            const    0x0002fa48      0x8  MenuView.o [1]
  .rodata            const    0x0002fa50      0x8  MenuView.o [1]
  .rodata            const    0x0002fa58      0xc  MenuView.o [1]
  .rodata            const    0x0002fa64     0x1c  MenuView.o [1]
  .rodata            const    0x0002fa80      0xc  MenuView.o [1]
  .rodata            const    0x0002fa8c      0xc  MenuView.o [1]
  .rodata            const    0x0002fa98     0x64  MenuView.o [1]
  .rodata            const    0x0002fafc      0x8  MenuView.o [1]
  .rodata            const    0x0002fb04     0x20  MenuView.o [1]
  .rodata            const    0x0002fb24     0x24  MenuView.o [1]
  .rodata            const    0x0002fb48      0x8  MenuView.o [1]
  .rodata            const    0x0002fb50      0x4  Shell_Task.o [1]
  .rodata            const    0x0002fb54      0x8  Shell_Task.o [1]
  .rodata            const    0x0002fb5c      0x8  Shell_Task.o [1]
  .rodata            const    0x0002fb64      0x4  Shell_Task.o [1]
  .rodata            const    0x0002fb68      0x8  Shell_Task.o [1]
  .rodata            const    0x0002fb70      0x4  Shell_Task.o [1]
  .rodata            const    0x0002fb74      0x4  Shell_Task.o [1]
  .rodata            const    0x0002fb78      0x8  Shell_Task.o [1]
  .rodata            const    0x0002fb80      0x8  Shell_Task.o [1]
  .rodata            const    0x0002fb88      0x8  Shell_Task.o [1]
  .rodata            const    0x0002fb90      0x8  Shell_Task.o [1]
  .rodata            const    0x0002fb98      0x4  Shell_Task.o [1]
  .rodata            const    0x0002fb9c      0x8  Shell_Task.o [1]
  .rodata            const    0x0002fba4      0x4  Shell_Task.o [1]
  .rodata            const    0x0002fba8      0x8  Shell_Task.o [1]
  .rodata            const    0x0002fbb0      0x4  Shell_Task.o [1]
  .rodata            const    0x0002fbb4      0x8  Shell_Task.o [1]
  .rodata            const    0x0002fbbc      0x8  Shell_Task.o [1]
  .rodata            const    0x0002fbc4      0x8  Shell_Task.o [1]
  .rodata            const    0x0002fbcc      0x8  Shell_Task.o [1]
  .rodata            const    0x0002fbd4     0x28  Shell_Task.o [1]
  .rodata            const    0x0002fbfc     0x24  Shell_Task.o [1]
  .rodata            const    0x0002fc20     0x24  Shell_Task.o [1]
  .rodata            const    0x0002fc44     0x20  Shell_Task.o [1]
  .rodata            const    0x0002fc64     0xb0  Shell_Task.o [1]
  .rodata            const    0x0002fd14     0x1c  USB_File.o [1]
  .rodata            const    0x0002fd30     0x4c  USB_File.o [1]
  .rodata            const    0x0002fd7c     0x34  USB_File.o [1]
  .rodata            const    0x0002fdb0     0x24  USB_File.o [1]
  .rodata            const    0x0002fdd4     0x20  USB_File.o [1]
  .rodata            const    0x0002fdf4     0x20  USB_File.o [1]
  .rodata            const    0x0002fe14     0x24  USB_File.o [1]
  .rodata            const    0x0002fe38     0x24  USB_File.o [1]
  .rodata            const    0x0002fe5c     0x2c  USB_File.o [1]
  .rodata            const    0x0002fe88     0x24  USB_File.o [1]
  .rodata            const    0x0002feac     0x20  USB_File.o [1]
  .rodata            const    0x0002fecc     0x1c  USB_File.o [1]
  .rodata            const    0x0002fee8     0x18  USB_File.o [1]
  .rodata            const    0x0002ff00     0x2c  USB_File.o [1]
  .rodata            const    0x0002ff2c     0x14  USB_File.o [1]
  .rodata            const    0x0002ff40     0x24  USB_File.o [1]
  .rodata            const    0x0002ff64     0x18  USB_File.o [1]
  .rodata            const    0x0002ff7c     0x28  USB_File.o [1]
  .rodata            const    0x0002ffa4     0x18  USB_File.o [1]
  .rodata            const    0x0002ffbc     0x2c  USB_File.o [1]
  .rodata            const    0x0002ffe8     0x18  USB_File.o [1]
  .rodata            const    0x00030000     0x30  USB_File.o [1]
  .rodata            const    0x00030030     0x14  USB_File.o [1]
  .rodata            const    0x00030044     0x1c  USB_File.o [1]
  .rodata            const    0x00030060     0x18  USB_File.o [1]
  .rodata            const    0x00030078     0x24  USB_Task.o [1]
  .rodata            const    0x0003009c     0x24  USB_Task.o [1]
  .rodata            const    0x000300c0     0x24  USB_Task.o [1]
  .rodata            const    0x000300e4      0x8  USB_Task.o [1]
  .rodata            const    0x000300ec      0x8  USB_Task.o [1]
  .rodata            const    0x000300f4      0x8  USB_Task.o [1]
  .rodata            const    0x000300fc      0x8  USB_Task.o [1]
  .rodata            const    0x00030104     0x30  USB_Task.o [1]
  .rodata            const    0x00030134      0x4  mem_flash.o [1]
  .rodata            const    0x00030138      0x8  mem_flash.o [1]
  .rodata            const    0x00030140     0x14  mem_flash.o [1]
  .rodata            const    0x00030154      0x8  mem_flash.o [1]
  .rodata            const    0x0003015c     0x18  mem_flash.o [1]
  .rodata            const    0x00030174     0x18  mem_flash.o [1]
  .rodata            const    0x0003018c     0x28  mem_flash.o [1]
  .rodata            const    0x000301b4     0x28  mem_flash.o [1]
  .rodata            const    0x000301dc     0x1c  mem_flash.o [1]
  .rodata            const    0x000301f8     0x20  mem_flash.o [1]
  .rodata            const    0x00030218     0x30  mem_flash.o [1]
  .rodata            const    0x00030248     0x1c  mem_flash.o [1]
  .rodata            const    0x00030264      0xc  pin2.o [1]
  .rodata            const    0x00030270      0xc  pin2.o [1]
  .rodata            const    0x0003027c      0x8  pin2.o [1]
  .rodata            const    0x00030284     0x28  sh_cd.o [1]
  .rodata            const    0x000302ac     0x2c  sh_cd.o [1]
  .rodata            const    0x000302d8     0x1c  sh_cd.o [1]
  .rodata            const    0x000302f4     0x20  sh_cd.o [1]
  .rodata            const    0x00030314     0x14  sh_cd.o [1]
  .rodata            const    0x00030328     0x18  sh_cd.o [1]
  .rodata            const    0x00030340     0x34  sh_cd.o [1]
  .rodata            const    0x00030374     0x28  tcpip_socket_task.o [1]
  .rodata            const    0x0003039c     0x2c  tcpip_socket_task.o [1]
  .rodata            const    0x000303c8     0x1c  tcpip_socket_task.o [1]
  .rodata            const    0x000303e4     0x28  tcpip_socket_task.o [1]
  .rodata            const    0x0003040c     0x20  tcpip_socket_task.o [1]
  .rodata            const    0x0003042c     0x14  tcpip_socket_task.o [1]
  .rodata            const    0x00030440      0x8  tcpip_socket_task.o [1]
  .rodata            const    0x00030448     0x24  tcpip_socket_task.o [1]
  .rodata            const    0x0003046c     0x10  yada_prj.o [1]
  .rodata            const    0x0003047c      0xc  yada_prj.o [1]
  .rodata            const    0x00030488      0xc  yada_prj.o [1]
  .rodata            const    0x00030494     0x10  yada_prj.o [1]
  .rodata            const    0x000304a4      0xc  yada_prj.o [1]
  .rodata            const    0x000304b0      0xc  yada_prj.o [1]
  .rodata            const    0x000304bc     0x10  yada_prj.o [1]
  .rodata            const    0x000304cc      0xc  yada_prj.o [1]
  .rodata            const    0x000304d8      0xc  yada_prj.o [1]
  .rodata            const    0x000304e4      0xc  yada_prj.o [1]
  .rodata            const    0x000304f0     0x20  yada_prj.o [1]
  .rodata            const    0x00030510     0x24  yada_prj.o [1]
  .rodata            const    0x00030534     0x24  yada_prj.o [1]
  .rodata            const    0x00030558     0x24  yada_prj.o [1]
  .rodata            const    0x0003057c      0x8  yada_prj.o [1]
  .rodata            const    0x00030584      0x8  yada_prj.o [1]
  .rodata            const    0x0003058c      0xc  yada_prj.o [1]
  .rodata            const    0x00030598    0x140  yada_prj.o [1]
  .rodata            const    0x000306d8      0x4  ftpd_cmd.o [9]
  .rodata            const    0x000306dc     0x10  ftpd_cmd.o [9]
  .rodata            const    0x000306ec      0x8  ftpd_cmd.o [9]
  .rodata            const    0x000306f4      0xc  ftpd_cmd.o [9]
  .rodata            const    0x00030700     0x14  ftpd_cmd.o [9]
  .rodata            const    0x00030714      0x8  ftpd_cmd.o [9]
  .rodata            const    0x0003071c     0x20  ftpd_cmd.o [9]
  .rodata            const    0x0003073c     0x24  ftpd_cmd.o [9]
  .rodata            const    0x00030760     0x20  ftpd_cmd.o [9]
  .rodata            const    0x00030780     0x30  ftpd_cmd.o [9]
  .rodata            const    0x000307b0     0x28  ftpd_cmd.o [9]
  .rodata            const    0x000307d8     0x24  ftpd_cmd.o [9]
  .rodata            const    0x000307fc     0x1c  ftpd_cmd.o [9]
  .rodata            const    0x00030818      0x4  ftpd.o [9]
  .rodata            const    0x0003081c      0x8  ftpd.o [9]
  .rodata            const    0x00030824      0xc  ip-e.o [9]
  .rodata            const    0x00030830      0x4  ip-e.o [9]
  .rodata            const    0x00030834      0x8  rtcscmd.o [9]
  .rodata            const    0x0003083c     0x28  sh_mkdir.o [11]
  .rodata            const    0x00030864     0x2c  sh_mkdir.o [11]
  .rodata            const    0x00030890     0x20  sh_mkdir.o [11]
  .rodata            const    0x000308b0     0x20  sh_mkdir.o [11]
  .rodata            const    0x000308d0     0x14  sh_mkdir.o [11]
  .rodata            const    0x000308e4     0x18  sh_mkdir.o [11]
  .rodata            const    0x000308fc     0x30  sh_mkdir.o [11]
  .rodata            const    0x0003092c     0x28  sh_pwd.o [11]
  .rodata            const    0x00030954     0x20  sh_pwd.o [11]
  .rodata            const    0x00030974      0x8  sh_pwd.o [11]
  .rodata            const    0x0003097c      0x8  sh_pwd.o [11]
  .rodata            const    0x00030984      0xc  sh_pwd.o [11]
  .rodata            const    0x00030990     0x28  sh_read_wk.o [11]
  .rodata            const    0x000309b8     0x18  sh_read_wk.o [11]
  .rodata            const    0x000309d0     0x20  sh_read_wk.o [11]
  .rodata            const    0x000309f0      0x8  sh_read_wk.o [11]
  .rodata            const    0x000309f8      0x8  sh_read_wk.o [11]
  .rodata            const    0x00030a00     0x1c  sh_read_wk.o [11]
  .rodata            const    0x00030a1c     0x1c  sh_read_wk.o [11]
  .rodata            const    0x00030a38     0x2c  sh_read_wk.o [11]
  .rodata            const    0x00030a64     0x14  sh_read_wk.o [11]
  .rodata            const    0x00030a78      0x8  sh_read_wk.o [11]
  .rodata            const    0x00030a80     0x20  sh_read_wk.o [11]
  .rodata            const    0x00030aa0     0x20  sh_read_wk.o [11]
  .rodata            const    0x00030ac0     0x30  sh_read_wk.o [11]
  .rodata            const    0x00030af0     0x38  sh_read_wk.o [11]
  .rodata            const    0x00030b28     0x28  sh_read_wk.o [11]
  .rodata            const    0x00030b50     0x2c  sh_read_wk.o [11]
  .rodata            const    0x00030b7c     0x34  sh_read_wk.o [11]
  .rodata            const    0x00030bb0     0x20  sh_read_wk.o [11]
  .rodata            const    0x00030bd0     0x28  sh_search_file_1.o [11]
  .rodata            const    0x00030bf8     0x20  sh_search_file_1.o [11]
  .rodata            const    0x00030c18     0x14  sh_search_file_1.o [11]
  .rodata            const    0x00030c2c     0x14  sh_search_file_1.o [11]
  .rodata            const    0x00030c40     0x20  sh_search_file_1.o [11]
  .rodata            const    0x00030c60     0x24  sh_search_file_1.o [11]
  .rodata            const    0x00030c84     0x24  sh_search_file_1.o [11]
  .rodata            const    0x00030ca8     0x14  sh_search_file_1.o [11]
  .rodata            const    0x00030cbc     0x24  sh_search_file_1.o [11]
  .rodata            const    0x00030ce0     0x30  sh_search_file_1.o [11]
  .rodata            const    0x00030d10      0x8  sh_search_file_1.o [11]
  .rodata            const    0x00030d18      0x8  sh_update.o [11]
  .rodata            const    0x00030d20     0x24  sh_update.o [11]
  .rodata            const    0x00030d44     0x28  sh_update.o [11]
  .rodata            const    0x00030d6c     0x28  sh_update.o [11]
  .rodata            const    0x00030d94     0x1c  sh_update.o [11]
  .rodata            const    0x00030db0     0x28  sh_write_binary.o [11]
  .rodata            const    0x00030dd8     0x20  sh_write_binary.o [11]
  .rodata            const    0x00030df8      0x8  sh_write_binary.o [11]
  .rodata            const    0x00030e00      0x8  sh_write_binary.o [11]
  .rodata            const    0x00030e08     0x1c  sh_write_binary.o [11]
  .rodata            const    0x00030e24     0x1c  sh_write_binary.o [11]
  .rodata            const    0x00030e40     0x2c  sh_write_binary.o [11]
  .rodata            const    0x00030e6c     0x20  sh_write_binary.o [11]
  .rodata            const    0x00030e8c     0x20  sh_write_binary.o [11]
  .rodata            const    0x00030eac     0x38  sh_write_binary.o [11]
  .rodata            const    0x00030ee4     0x3c  sh_write_binary.o [11]
  .rodata            const    0x00030f20     0x28  sh_write_binary.o [11]
  .rodata            const    0x00030f48     0x2c  sh_write_binary.o [11]
  .rodata            const    0x00030f74     0x34  sh_write_binary.o [11]
  .rodata            const    0x00030fa8     0x20  sh_write_binary.o [11]
  .rodata            const    0x00030fc8     0x1c  sh_write_binary.o [11]
  .rodata            const    0x00030fe4     0x10  mfs_misc.o [6]
  .rodata            const    0x00030ff4     0x1c  mfs_misc.o [6]
  .rodata            const    0x00031010     0x14  mfs_misc.o [6]
  .rodata            const    0x00031024     0x14  mfs_misc.o [6]
  .rodata            const    0x00031038     0x14  mfs_misc.o [6]
  .rodata            const    0x0003104c     0x14  mfs_misc.o [6]
  .rodata            const    0x00031060     0x18  mfs_misc.o [6]
  .rodata            const    0x00031078     0x24  mfs_misc.o [6]
  .rodata            const    0x0003109c     0x24  mfs_misc.o [6]
  .rodata            const    0x000310c0     0x1c  mfs_misc.o [6]
  .rodata            const    0x000310dc     0x14  mfs_misc.o [6]
  .rodata            const    0x000310f0     0x28  mfs_misc.o [6]
  .rodata            const    0x00031118     0x14  mfs_misc.o [6]
  .rodata            const    0x0003112c     0x18  mfs_misc.o [6]
  .rodata            const    0x00031144     0x10  mfs_misc.o [6]
  .rodata            const    0x00031154     0x10  mfs_misc.o [6]
  .rodata            const    0x00031164     0x18  mfs_misc.o [6]
  .rodata            const    0x0003117c     0x10  mfs_misc.o [6]
  .rodata            const    0x0003118c     0x18  mfs_misc.o [6]
  .rodata            const    0x000311a4     0x18  mfs_misc.o [6]
  .rodata            const    0x000311bc     0x10  mfs_misc.o [6]
  .rodata            const    0x000311cc     0x14  mfs_misc.o [6]
  .rodata            const    0x000311e0      0x8  mfs_misc.o [6]
  .rodata            const    0x000311e8     0x1c  mfs_misc.o [6]
  .rodata            const    0x00031204     0x14  mfs_misc.o [6]
  .rodata            const    0x00031218     0x1c  mfs_misc.o [6]
  .rodata            const    0x00031234     0x1c  mfs_misc.o [6]
  .rodata            const    0x00031250     0x18  mfs_misc.o [6]
  .rodata            const    0x00031268     0x20  mfs_misc.o [6]
  .rodata            const    0x00031288     0x10  mfs_misc.o [6]
  .rodata            const    0x00031298     0x14  mfs_misc.o [6]
  .rodata            const    0x000312ac     0x1c  mfs_misc.o [6]
  .rodata            const    0x000312c8     0x1c  mfs_misc.o [6]
  .rodata            const    0x000312e4     0x14  mfs_misc.o [6]
  .rodata            const    0x000312f8     0x18  mfs_misc.o [6]
  .rodata            const    0x00031310     0x14  mfs_misc.o [6]
  .rodata            const    0x00031324     0x14  mfs_misc.o [6]
  .rodata            const    0x00031338     0x14  shell.o [11]
  .rodata            const    0x0003134c      0xc  shell.o [11]
  .rodata            const    0x00031358     0x30  shell.o [11]
  .rodata            const    0x00031388      0xc  shell.o [11]
  .rodata            const    0x00031394      0x8  shell.o [11]
  .rodata            const    0x0003139c     0x38  shell.o [11]
  .rodata            const    0x000313d4     0x14  shell.o [11]
  .rodata            const    0x000313e8      0x8  sh_cmdlist.o [11]
  .rodata            const    0x000313f0      0xc  sh_cmdlist.o [11]
  .rodata            const    0x000313fc     0x28  sh_copy.o [11]
  .rodata            const    0x00031424     0x20  sh_copy.o [11]
  .rodata            const    0x00031444     0x2c  sh_copy.o [11]
  .rodata            const    0x00031470     0x24  sh_copy.o [11]
  .rodata            const    0x00031494     0x2c  sh_copy.o [11]
  .rodata            const    0x000314c0     0x40  sh_copy.o [11]
  .rodata            const    0x00031500     0x18  sh_copy.o [11]
  .rodata            const    0x00031518     0x1c  sh_copy.o [11]
  .rodata            const    0x00031534     0x24  sh_copy.o [11]
  .rodata            const    0x00031558     0x20  sh_copy.o [11]
  .rodata            const    0x00031578     0x28  sh_create.o [11]
  .rodata            const    0x000315a0     0x20  sh_create.o [11]
  .rodata            const    0x000315c0     0x2c  sh_create.o [11]
  .rodata            const    0x000315ec     0x20  sh_create.o [11]
  .rodata            const    0x0003160c     0x1c  sh_create.o [11]
  .rodata            const    0x00031628     0x20  sh_create.o [11]
  .rodata            const    0x00031648     0x28  sh_create.o [11]
  .rodata            const    0x00031670     0x20  sh_create.o [11]
  .rodata            const    0x00031690     0x28  sh_del.o [11]
  .rodata            const    0x000316b8     0x20  sh_del.o [11]
  .rodata            const    0x000316d8     0x2c  sh_del.o [11]
  .rodata            const    0x00031704     0x18  sh_del.o [11]
  .rodata            const    0x0003171c      0xc  sh_del.o [11]
  .rodata            const    0x00031728     0x14  sh_del.o [11]
  .rodata            const    0x0003173c     0x24  sh_del.o [11]
  .rodata            const    0x00031760     0x28  sh_df.o [11]
  .rodata            const    0x00031788     0x14  sh_df.o [11]
  .rodata            const    0x0003179c     0x18  sh_df.o [11]
  .rodata            const    0x000317b4     0x38  sh_df.o [11]
  .rodata            const    0x000317ec     0x20  sh_df.o [11]
  .rodata            const    0x0003180c     0x18  sh_df.o [11]
  .rodata            const    0x00031824     0x20  sh_df.o [11]
  .rodata            const    0x00031844      0x8  sh_df.o [11]
  .rodata            const    0x0003184c     0x28  sh_dir.o [11]
  .rodata            const    0x00031874     0x20  sh_dir.o [11]
  .rodata            const    0x00031894     0x14  sh_dir.o [11]
  .rodata            const    0x000318a8     0x24  sh_dir.o [11]
  .rodata            const    0x000318cc     0x24  sh_dir.o [11]
  .rodata            const    0x000318f0     0x1c  sh_dir.o [11]
  .rodata            const    0x0003190c     0x24  sh_dir.o [11]
  .rodata            const    0x00031930     0x24  sh_dir.o [11]
  .rodata            const    0x00031954     0x30  sh_dir.o [11]
  .rodata            const    0x00031984     0x28  sh_disect.o [11]
  .rodata            const    0x000319ac     0x18  sh_disect.o [11]
  .rodata            const    0x000319c4     0x20  sh_disect.o [11]
  .rodata            const    0x000319e4     0x28  sh_disect.o [11]
  .rodata            const    0x00031a0c     0x24  sh_disect.o [11]
  .rodata            const    0x00031a30     0x10  sh_disect.o [11]
  .rodata            const    0x00031a40      0x8  sh_disect.o [11]
  .rodata            const    0x00031a48     0x18  sh_disect.o [11]
  .rodata            const    0x00031a60     0x20  sh_disect.o [11]
  .rodata            const    0x00031a80     0x24  sh_disect.o [11]
  .rodata            const    0x00031aa4     0x24  sh_disect.o [11]
  .rodata            const    0x00031ac8      0xc  sh_exit.o [11]
  .rodata            const    0x00031ad4      0x8  sh_format.o [11]
  .rodata            const    0x00031adc      0x4  sh_format.o [11]
  .rodata            const    0x00031ae0      0x4  sh_format.o [11]
  .rodata            const    0x00031ae4      0x4  sh_format.o [11]
  .rodata            const    0x00031ae8      0x4  sh_format.o [11]
  .rodata            const    0x00031aec     0x28  sh_format.o [11]
  .rodata            const    0x00031b14     0x24  sh_format.o [11]
  .rodata            const    0x00031b38     0x10  sh_format.o [11]
  .rodata            const    0x00031b48     0x20  sh_format.o [11]
  .rodata            const    0x00031b68     0x2c  sh_format.o [11]
  .rodata            const    0x00031b94      0x8  sh_format.o [11]
  .rodata            const    0x00031b9c     0x20  sh_format.o [11]
  .rodata            const    0x00031bbc     0x28  sh_format.o [11]
  .rodata            const    0x00031be4     0x40  sh_format.o [11]
  .rodata            const    0x00031c24     0x34  sh_format.o [11]
  .rodata            const    0x00031c58     0x14  sh_format.o [11]
  .rodata            const    0x00031c6c      0x8  sh_help.o [11]
  .rodata            const    0x00031c74      0x8  sh_help.o [11]
  .rodata            const    0x00031c7c     0x18  sh_help.o [11]
  .rodata            const    0x00031c94      0x8  sh_help.o [11]
  .rodata            const    0x00031c9c     0x28  sh_help.o [11]
  .rodata            const    0x00031cc4     0x10  sh_help.o [11]
  .rodata            const    0x00031cd4     0x18  sh_help.o [11]
  .rodata            const    0x00031cec     0x28  sh_help.o [11]
  .rodata            const    0x00031d14     0x28  sh_read.o [11]
  .rodata            const    0x00031d3c     0x18  sh_read.o [11]
  .rodata            const    0x00031d54     0x20  sh_read.o [11]
  .rodata            const    0x00031d74      0x8  sh_read.o [11]
  .rodata            const    0x00031d7c      0x8  sh_read.o [11]
  .rodata            const    0x00031d84     0x1c  sh_read.o [11]
  .rodata            const    0x00031da0     0x1c  sh_read.o [11]
  .rodata            const    0x00031dbc     0x2c  sh_read.o [11]
  .rodata            const    0x00031de8     0x14  sh_read.o [11]
  .rodata            const    0x00031dfc      0x8  sh_read.o [11]
  .rodata            const    0x00031e04     0x20  sh_read.o [11]
  .rodata            const    0x00031e24     0x20  sh_read.o [11]
  .rodata            const    0x00031e44     0x30  sh_read.o [11]
  .rodata            const    0x00031e74     0x38  sh_read.o [11]
  .rodata            const    0x00031eac     0x28  sh_read.o [11]
  .rodata            const    0x00031ed4     0x2c  sh_read.o [11]
  .rodata            const    0x00031f00     0x34  sh_read.o [11]
  .rodata            const    0x00031f34     0x20  sh_read.o [11]
  .rodata            const    0x00031f54     0x28  sh_rename.o [11]
  .rodata            const    0x00031f7c     0x2c  sh_rename.o [11]
  .rodata            const    0x00031fa8     0x34  sh_rename.o [11]
  .rodata            const    0x00031fdc     0x20  sh_rename.o [11]
  .rodata            const    0x00031ffc     0x18  sh_rename.o [11]
  .rodata            const    0x00032014     0x1c  sh_rename.o [11]
  .rodata            const    0x00032030     0x20  sh_rename.o [11]
  .rodata            const    0x00032050     0x28  sh_rename.o [11]
  .rodata            const    0x00032078     0x24  sh_rename.o [11]
  .rodata            const    0x0003209c     0x28  sh_rmdir.o [11]
  .rodata            const    0x000320c4     0x2c  sh_rmdir.o [11]
  .rodata            const    0x000320f0     0x20  sh_rmdir.o [11]
  .rodata            const    0x00032110     0x20  sh_rmdir.o [11]
  .rodata            const    0x00032130     0x14  sh_rmdir.o [11]
  .rodata            const    0x00032144     0x14  sh_rmdir.o [11]
  .rodata            const    0x00032158     0x18  sh_rmdir.o [11]
  .rodata            const    0x00032170     0x30  sh_rmdir.o [11]
  .rodata            const    0x000321a0     0x28  sh_sh.o [11]
  .rodata            const    0x000321c8     0x20  sh_sh.o [11]
  .rodata            const    0x000321e8     0x10  sh_sh.o [11]
  .rodata            const    0x000321f8     0x18  sh_sh.o [11]
  .rodata            const    0x00032210     0x28  sh_sh.o [11]
  .rodata            const    0x00032238     0x20  sh_type.o [11]
  .rodata            const    0x00032258     0x2c  sh_type.o [11]
  .rodata            const    0x00032284     0x20  sh_type.o [11]
  .rodata            const    0x000322a4     0x38  sh_type.o [11]
  .rodata            const    0x000322dc     0x10  sh_type.o [11]
  .rodata            const    0x000322ec     0x18  sh_type.o [11]
  .rodata            const    0x00032304     0x28  sh_type.o [11]
  .rodata            const    0x0003232c     0x28  sh_write.o [11]
  .rodata            const    0x00032354     0x20  sh_write.o [11]
  .rodata            const    0x00032374     0x18  sh_write.o [11]
  .rodata            const    0x0003238c      0x8  sh_write.o [11]
  .rodata            const    0x00032394      0x8  sh_write.o [11]
  .rodata            const    0x0003239c     0x1c  sh_write.o [11]
  .rodata            const    0x000323b8     0x1c  sh_write.o [11]
  .rodata            const    0x000323d4     0x2c  sh_write.o [11]
  .rodata            const    0x00032400     0x20  sh_write.o [11]
  .rodata            const    0x00032420     0x20  sh_write.o [11]
  .rodata            const    0x00032440     0x30  sh_write.o [11]
  .rodata            const    0x00032470     0x38  sh_write.o [11]
  .rodata            const    0x000324a8     0x28  sh_write.o [11]
  .rodata            const    0x000324d0     0x2c  sh_write.o [11]
  .rodata            const    0x000324fc     0x34  sh_write.o [11]
  .rodata            const    0x00032530     0x20  sh_write.o [11]
  .rodata            const    0x00032550     0x20  usbmfs.o [12]
  .rodata            const    0x00032570      0xc  khci.o [12]
  .rodata            const    0x0003257c     0x38  khci.o [12]
  .rodata            const    0x000325b4     0x50  host_common.o [12]
  .rodata            const    0x00032604     0x50  usb_mqx.o [12]
  .rodata            const    0x00032654     0x50  host_main.o [12]
  .rodata            const    0x000326a4      0x8  sh_util.o [11]
  .rodata            const    0x000326ac      0x8  sh_util.o [11]
  .rodata            const    0x000326b4     0x3c  sstream.o [9]
  .rodata            const    0x000326f0     0x58  usb_host_hub.o [12]
  .rodata            const    0x00032748     0x5c  usb_host_msd_bo.o [12]
  .rodata            const    0x000327a4     0x10  timer_lpt.o [3]
  .rodata            const    0x000327b4      0xc  timer_lpt.o [3]
  .rodata            const    0x000327c0     0x18  mqx.o [7]
  .rodata            const    0x000327d8      0xc  mqx.o [7]
  .rodata            const    0x000327e4      0x4  mqx.o [7]
  .rodata            const    0x000327e8      0x4  mqx.o [7]
  .rodata            const    0x000327ec     0x14  io_dopr.o [7]
  .rodata            const    0x00032800     0x14  io_dopr.o [7]
  .rodata            const    0x00032814      0x8  init_enet.o [3]
  .rodata            const    0x0003281c     0x10  init_enet.o [3]
  .rodata            const    0x0003282c     0x24  init_enet.o [3]
  .rodata            const    0x00032850      0x8  init_enet.o [3]
  .rodata            const    0x00032858      0x8  sotcp.o [9]
  .rodata            const    0x00032860      0x4  dir_read.o [6]
  .rodata            const    0x00032864      0x4  dir_read.o [6]
  .rodata            const    0x00032868      0x4  dir_read.o [6]
  .rodata            const    0x0003286c      0x4  dir_read.o [6]
  .rodata            const    0x00032870      0x4  dir_read.o [6]
  .rodata            const    0x00032874      0x4  dir_read.o [6]
  .rodata            const    0x00032878      0x4  dir_read.o [6]
  .rodata            const    0x0003287c      0x4  dir_read.o [6]
  .rodata            const    0x00032880      0x4  dir_read.o [6]
  .rodata            const    0x00032884      0x4  dir_read.o [6]
  .rodata            const    0x00032888      0x4  dir_read.o [6]
  .rodata            const    0x0003288c      0x4  dir_read.o [6]
  .rodata            const    0x00032890     0x40  dir_read.o [6]
  .rodata            const    0x000328d0     0x14  dir_read.o [6]
  .rodata            const    0x000328e4     0x10  dir_read.o [6]
  .rodata            const    0x000328f4      0xc  dir_read.o [6]
  .rodata            const    0x00032900      0xc  dir_read.o [6]
  .rodata            const    0x0003290c      0x8  dir_read.o [6]
  .rodata            const    0x00032914      0x8  dir_read.o [6]
  .rodata            const    0x0003291c     0x30  dir_read.o [6]
  .rodata            const    0x0003294c     0x18  ftpd_msg.o [9]
  .rodata            const    0x00032964     0x1c  ftpd_msg.o [9]
  .rodata            const    0x00032980     0x34  ftpd_msg.o [9]
  .rodata            const    0x000329b4     0x30  ftpd_msg.o [9]
  .rodata            const    0x000329e4     0x10  ftpd_msg.o [9]
  .rodata            const    0x000329f4     0x14  ftpd_msg.o [9]
  .rodata            const    0x00032a08     0x14  ftpd_msg.o [9]
  .rodata            const    0x00032a1c     0x18  ftpd_msg.o [9]
  .rodata            const    0x00032a34     0x18  ftpd_msg.o [9]
  .rodata            const    0x00032a4c     0x20  ftpd_msg.o [9]
  .rodata            const    0x00032a6c     0x18  ftpd_msg.o [9]
  .rodata            const    0x00032a84     0x10  ftpd_msg.o [9]
  .rodata            const    0x00032a94     0x3c  ftpd_msg.o [9]
  .rodata            const    0x00032ad0     0x38  ftpd_msg.o [9]
  .rodata            const    0x00032b08     0x30  ftpd_msg.o [9]
  .rodata            const    0x00032b38     0x1c  ftpd_msg.o [9]
  .rodata            const    0x00032b54      0xc  ftpd_msg.o [9]
  .rodata            const    0x00032b60     0x30  ftpd_msg.o [9]
  .rodata            const    0x00032b90     0x30  ftpd_msg.o [9]
  .rodata            const    0x00032bc0     0x20  ftpd_msg.o [9]
  .rodata            const    0x00032be0     0x20  ftpd_msg.o [9]
  .rodata            const    0x00032c00     0x1c  ftpd_msg.o [9]
  .rodata            const    0x00032c1c      0xc  ftpd_msg.o [9]
  .rodata            const    0x00032c28     0x14  ftpd_msg.o [9]
  .rodata            const    0x00032c3c     0x14  ftpd_msg.o [9]
  .rodata            const    0x00032c50     0x14  ftpd_msg.o [9]
  .rodata            const    0x00032c64     0x34  ftpd_msg.o [9]
  .rodata            const    0x00032c98     0x20  ftpd_msg.o [9]
  .rodata            const    0x00032cb8     0x1c  ftpd_msg.o [9]
  .rodata            const    0x00032cd4     0x20  ftpd_msg.o [9]
  .rodata            const    0x00032cf4     0x38  ftpd_msg.o [9]
  .rodata            const    0x00032d2c      0x8  soip.o [9]
  .rodata            const    0x00032d34     0x68  ti_rom.o [7]
  .rodata            const    0x00032d9c    0x20c  ti_rom.o [7]
  .rodata            const    0x00032fa8     0x14  mfs_create.o [6]
  .rodata            const    0x00032fbc     0x14  mfs_create.o [6]
  .rodata            const    0x00032fd0     0x14  mfs_format.o [6]
  .rodata            const    0x00032fe4     0x14  mfs_format.o [6]
  .rodata            const    0x00032ff8     0x14  mfs_format.o [6]
  .rodata            const    0x0003300c     0x30  mfs_format.o [6]
  .rodata            const    0x0003303c      0x8  mfs_lfn.o [6]
  .rodata            const    0x00033044      0xc  mfs_lfn.o [6]
  .rodata            const    0x00033050     0x54  host_dev_list.o [12]
  .rodata            const    0x000330a4     0x24  host_dev_list.o [12]
  .rodata            const    0x000330c8     0x20  int_unx.o [7]
  .rodata            const    0x000330e8     0x30  int_unx.o [7]
  .rodata            const    0x00033118     0x3c  int_unx.o [7]
  .rodata            const    0x00033154     0x14  int_unx.o [7]
  .rodata            const    0x00033168     0x28  int_unx.o [7]
  .rodata            const    0x00033190     0x50  host_ch9.o [12]
  .rodata            const    0x000331e0      0x8  host_ch9.o [12]
  .rodata            const    0x000331e8     0x50  host_rcv.o [12]
  .rodata            const    0x00033238     0x50  host_snd.o [12]
  .rodata            const    0x00033288      0x4  timer_lpt_kinetis.o [3]
  .rodata            const    0x0003328c      0x4  timer_lpt_kinetis.o [3]
  .rodata            const    0x00033290      0x4  timer_lpt_kinetis.o [3]
  .rodata            const    0x00033294      0x8  init_bsp.o [3]
  .rodata            const    0x0003329c      0x8  init_bsp.o [3]
  .rodata            const    0x000332a4      0x8  init_bsp.o [3]
  .rodata            const    0x000332ac      0x8  init_bsp.o [3]
  .rodata            const    0x000332b4      0x8  init_bsp.o [3]
  .rodata            const    0x000332bc      0x8  init_bsp.o [3]
  .rodata            const    0x000332c4      0x8  init_bsp.o [3]
  .rodata            const    0x000332cc      0x8  init_bsp.o [3]
  .rodata            const    0x000332d4      0x8  init_bsp.o [3]
  .rodata            const    0x000332dc      0x8  init_bsp.o [3]
  .rodata            const    0x000332e4      0x8  init_bsp.o [3]
  .rodata            const    0x000332ec      0x8  init_bsp.o [3]
  .rodata            const    0x000332f4      0x8  init_bsp.o [3]
  .rodata            const    0x000332fc      0x8  init_bsp.o [3]
  .rodata            const    0x00033304      0x8  init_bsp.o [3]
  .rodata            const    0x0003330c      0x8  init_bsp.o [3]
  .rodata            const    0x00033314      0x8  init_bsp.o [3]
  .rodata            const    0x0003331c      0x8  init_bsp.o [3]
  .rodata            const    0x00033324      0x8  init_bsp.o [3]
  .rodata            const    0x0003332c      0x8  init_bsp.o [3]
  .rodata            const    0x00033334      0x8  init_bsp.o [3]
  .rodata            const    0x0003333c      0x8  init_bsp.o [3]
  .rodata            const    0x00033344      0x8  init_bsp.o [3]
  .rodata            const    0x0003334c      0x8  init_bsp.o [3]
  .rodata            const    0x00033354     0x10  mqxiinit.o [7]
  .rodata            const    0x00033364     0x20  macnet_init.o [3]
  .rodata            const    0x00033384     0x14  phy_ks8721bl.o [3]
  .rodata            const    0x00033398      0xc  iplocal.o [9]
  .rodata            const    0x000333a4      0x4  iplocal.o [9]
  .rodata            const    0x000333a8      0xc  rtcsinit.o [9]
  .rodata            const    0x000333b4     0x1c  init_gpio.o [3]
  .rodata            const    0x000333d0     0x1c  init_gpio.o [3]
  .rodata            const    0x000333ec      0x4  init_gpio.o [3]
  .rodata            const    0x000333f0     0x50  host_close.o [12]
  .rodata            const    0x00033440     0x1c  bsp_cm.o [3]
  .rodata            const    0x0003345c     0x78  bsp_cm.o [3]
  .rodata            const    0x000334d4     0x10  init_adc.o [3]
  .rodata            const    0x000334e4     0x18  init_adc.o [3]
  .rodata            const    0x000334fc     0x30  init_spi.o [3]
  .rodata            const    0x0003352c     0x30  init_spi.o [3]
  .rodata            const    0x0003355c     0x30  init_spi.o [3]
  .rodata            const    0x0003358c      0xc  init_esdhc.o [3]
  .rodata            const    0x00033598      0x8  init_flashx.o [3]
  .rodata            const    0x000335a0      0x8  init_flashx.o [3]
  .rodata            const    0x000335a8     0x30  init_flashx.o [3]
  .rodata            const    0x000335d8     0x20  init_flashx.o [3]
  .rodata            const    0x000335f8     0x14  init_i2c.o [3]
  .rodata            const    0x0003360c     0x20  init_sci.o [3]
  .rodata            const    0x0003362c     0x20  init_sci.o [3]
  .rodata            const    0x0003364c     0x20  init_sci.o [3]
  .rodata            const    0x0003366c     0x20  init_sci.o [3]
  .rodata            const    0x0003368c     0x20  init_sci.o [3]
  .rodata            const    0x000336ac     0x20  init_sci.o [3]
  .rodata            const    0x000336cc     0x1c  spi_dma_dspi.o [3]
  .rodata            const    0x000336e8     0x40  spi_dma_dspi.o [3]
  .rodata            const    0x00033728     0x10  spi_pol_dspi.o [3]
  .rodata            const    0x00033738     0x40  spi_pol_dspi.o [3]
  .rodata            const    0x00033778     0x10  spi_pol_dspi.o [3]
  .rodata            const    0x00033788    0x100  esdhc.o [3]
  .rodata            const    0x00033888      0xc  i2c_pol_ki2c.o [3]
  .rodata            const    0x00033894    0x100  i2c_pol_ki2c.o [3]
  .rodata            const    0x00033994      0xc  serl_int_kuart.o [3]
  .rodata            const    0x000339a0     0x40  macnet_mk60.o [3]
  .rodata            const    0x000339e0     0x30  flash_ftfl.o [3]
  .rodata            const    0x00033a10     0x20  flash_ftfl.o [3]
  .rodata            const    0x00033a30      0xc  spi_mk60_dspi.o [3]
  .rodata            const    0x00033a3c      0xc  spi_mk60_dspi.o [3]
  .rodata            const    0x00033a48     0x20  adc_kadc.o [3]
  .rodata            const    0x00033a68      0xc  io_gpio_kgpio.o [3]
  .rodata            const    0x00033a74      0xc  io_gpio_kgpio.o [3]
  .rodata            const    0x00033a80      0xc  io_gpio_kgpio.o [3]
  .rodata            const    0x00033a8c      0xc  io_gpio_kgpio.o [3]
  .rodata            const    0x00033a98     0x14  io_gpio_kgpio.o [3]
  .rodata            const    0x00033aac     0x14  io_gpio_kgpio.o [3]
  .rodata            const    0x00033ac0      0x8  io_gpio_kgpio.o [3]
  .rodata            const    0x00033ac8      0x8  io_gpio_kgpio.o [3]
  .rodata            const    0x00033ad0      0x8  adc_mk60.o [3]
  .rodata            const    0x00033ad8      0x8  mqx_init.o [3]
  .rodata            const    0x00033ae0     0x30  mqx_init.o [3]
  Initializer bytes  ro data  0x00033b10     0xb0  <for P2 mid-1>
  .rodata            const    0x00033bc0      0x2  Shell_Task.o [1]
  Initializer bytes  ro data  0x00033bc4      0x4  <for KERNEL_DATA-1>
  .rodata            const    0x00033bc8      0x1  init_flashx.o [3]
  .rodata            const    0x00033bc9      0x0  bwt_init3c.o [8]
  FLASHX_POOL                 0x00034000      0x1  <Block>
    .flashx          const    0x00034000      0x1  vectors.o [3]
    .flashx          const    0x00034001      0x0  vectors.o [3]
                            - 0x00034001  0x33be1

"P2":                                      0x1c44
[...]
_usb_host_new_tr_element
                        0x0001d70d   0x46  Code  Lc  host_main.o [12]
_usb_host_open_pipe     0x0001d677   0x96  Code  Gb  host_main.o [12]
_usb_host_open_pipe_call_interface
                        0x0001d3ed   0x20  Code  Gb  host_main.o [12]
_usb_host_open_pipe_cleanup
                        0x0001d64d   0x2a  Code  Gb  host_main.o [12]
_usb_host_recv_data     0x0001fd81   0x58  Code  Gb  host_rcv.o [12]
_usb_host_recv_data_call_interface
                        0x0001d38b   0x20  Code  Gb  host_main.o [12]
_usb_host_register_ch9_callback
                        0x0001db73   0x36  Code  Gb  host_ch9.o [12]
_usb_host_register_service
                        0x0001d5d7   0x76  Code  Gb  host_main.o [12]
_usb_host_send_call_interface
                        0x0001d34b   0x20  Code  Gb  host_main.o [12]
_usb_host_send_data     0x0001fd29   0x52  Code  Gb  host_snd.o [12]
_usb_host_send_setup    0x0001d81d   0x6a  Code  Gb  host_main.o [12]
_usb_host_send_setup_call_interface
                        0x0001d36b   0x20  Code  Gb  host_main.o [12]
_usb_host_set_up_TR     0x0001d7c1   0x5c  Code  Gb  host_main.o [12]
_usb_host_update_device_address_call_interface
                        0x0001d42d   0x20  Code  Gb  host_main.o [12]
_usb_host_update_max_packet_size_call_interface
                        0x0001d40d   0x20  Code  Gb  host_main.o [12]
_usb_hostdev_cntrl_request
                        0x0001de51   0x92  Code  Gb  host_ch9.o [12]
_usb_hostdev_free_buffer
                        0x00019517   0x6c  Code  Gb  host_common.o [12]
_usb_hostdev_get_buffer
                        0x0001949d    0xc  Code  Gb  host_common.o [12]
_usb_hostdev_get_buffer_aligned
                        0x000194a9   0x6e  Code  Gb  host_common.o [12]
_usb_hostdev_get_descriptor
                        0x000195ef  0x1ca  Code  Gb  host_common.o [12]
_usb_hostdev_select_interface
                        0x00019d5f  0x1dc  Code  Gb  host_common.o [12]
_usb_khci_add_int_tr    0x00025671   0x6c  Code  Lc  khci.o [12]
_usb_khci_atom_tr       0x00025d55  0x304  Code  Lc  khci.o [12]
_usb_khci_attach        0x000257d9   0x7c  Code  Lc  khci.o [12]
_usb_khci_bus_control   0x00025cc5    0x4  Code  Lc  khci.o [12]
_usb_khci_cancel        0x00025ca5   0x20  Code  Lc  khci.o [12]
_usb_khci_detach        0x00025899   0x2e  Code  Lc  khci.o [12]
_usb_khci_get_frame_number
                        0x00025cc9   0x10  Code  Lc  khci.o [12]
_usb_khci_get_hot_int_tr
                        0x00025713   0xc6  Code  Lc  khci.o [12]
_usb_khci_host_close_pipe
                        0x00026075   0x24  Code  Lc  khci.o [12]
_usb_khci_init          0x00025b95   0xa6  Code  Lc  khci.o [12]
_usb_khci_init_int_tr   0x0002565b   0x16  Code  Lc  khci.o [12]
_usb_khci_isr           0x00025605   0x56  Code  Lc  khci.o [12]
_usb_khci_process_tr_complete
                        0x00025cd9   0x7c  Code  Lc  khci.o [12]
_usb_khci_recv          0x00025c83   0x22  Code  Lc  khci.o [12]
_usb_khci_reset         0x00025855   0x44  Code  Lc  khci.o [12]
_usb_khci_rm_int_tr     0x000256dd   0x36  Code  Lc  khci.o [12]
_usb_khci_send          0x00025c3f   0x22  Code  Lc  khci.o [12]
_usb_khci_send_setup    0x00025c61   0x22  Code  Lc  khci.o [12]
_usb_khci_shutdown      0x00025c3b    0x4  Code  Lc  khci.o [12]
_usb_khci_task          0x000258c7  0x272  Code  Lc  khci.o [12]
_usb_khci_task_create   0x00025b39   0x5c  Code  Lc  khci.o [12]
abs                     0x0000e0b7    0x8  Code  Gb  abs.o [4]
adc_address             0x00033ad0    0x8  Data  Lc  adc_mk60.o [3]
adc_bundle              0x1fff1bbc    0x4  Data  Gb  adc_kadc.o [3]
adc_calibrate           0x00009aa7   0xaa  Code  Lc  adc_kadc.o [3]
adc_complete_isr        0x00009a89   0x1e  Code  Lc  adc_kadc.o [3]
adc_get_calibration_data
                        0x00009b51   0x64  Code  Lc  adc_kadc.o [3]
adc_internal            0x1fff1ba8   0x14  Data  Lc  adc_kadc.o [3]
adc_process_all_data    0x00009a35   0x32  Code  Gb  adc_kadc.o [3]
adc_process_data        0x00009997   0x9e  Code  Lc  adc_kadc.o [3]
adc_set_calibration_data
                        0x00009bb5   0x64  Code  Lc  adc_kadc.o [3]
adt_idelay_isr          0x0000a6a9   0x36  Code  Lc  adt_kpdb.o [3]
adt_period_prescaler    0x00009f15  0x1e0  Code  Lc  adt_kpdb.o [3]
bdt                     0x1fff0200  0x200  Data  Lc  khci.o [12]
class_interface_map     0x1fff003c   0x24  Data  Gb  usb_classes.o [1]
cos                     0x0001450b    0x6  Code  Gb  cos.o [5]
count                   0x1fff1c1c    0x1  Data  Lc  DSPSPI.o [1]
delay_ms                0x000144d9   0x16  Code  Gb  System.o [1]
delay_us                0x000144f1   0x1a  Code  Gb  System.o [1]
device                  0x1fff1ae8   0x20  Data  Gb  USB_Task.o [1]
dspi_address            0x00033a30    0xc  Data  Lc  spi_mk60_dspi.o [3]
dspi_vectors            0x00033a3c    0xc  Data  Lc  spi_mk60_dspi.o [3]
exit                    0x000004d5    0x4  Code  Gb  exit.o [4]
first_irq               0x1fff1ba4    0x4  Data  Gb  io_gpio.o [3]
flexnvm_flash_ioctl     0x0002e7e7   0x96  Code  Gb  flash_ftfl.o [3]
flexnvm_prog_part       0x0002e77f   0x40  Code  Gb  flash_ftfl.o [3]
flexnvm_read_resource   0x0002e73b   0x44  Code  Gb  flash_ftfl.o [3]
flexnvm_set_flexram     0x0002e7bf   0x28  Code  Gb  flash_ftfl.o [3]
flg_int                 0x00020ec5   0x74  Code  Gb  yada_prj.o [1]
fmod                    0x00016869         Code  Gb  fmod.o [5]
fmodl                   0x00016869         Code  Gb  fmod.o [5]
ftfl_flash_command_sequence
                        0x0002e385  0x1c4  Code  Lc  flash_ftfl.o [3]
ftfl_flash_deinit       0x0002e57d   0x22  Code  Gb  flash_ftfl.o [3]
ftfl_flash_erase_sector
                        0x0002e5c7   0xa2  Code  Gb  flash_ftfl.o [3]
ftfl_flash_init         0x0002e549   0x34  Code  Gb  flash_ftfl.o [3]
ftfl_flash_write_sector
                        0x0002e669   0xb8  Code  Gb  flash_ftfl.o [3]
ftfl_init_ram_function  0x0002e59f   0x28  Code  Gb  flash_ftfl.o [3]
ftfl_ram_function       0x0002e721   0x18  Code  Lc  flash_ftfl.o [3]
ftfl_ram_function_end   0x0002e739    0x2  Code  Lc  flash_ftfl.o [3]
ftpmsg_bad_option       0x00032b38   0x1c  Data  Gb  ftpd_msg.o [9]
ftpmsg_badcmd           0x00032a1c   0x18  Data  Gb  ftpd_msg.o [9]
ftpmsg_badport          0x00032a34   0x18  Data  Gb  ftpd_msg.o [9]
ftpmsg_banner           0x00032964   0x1c  Data  Gb  ftpd_msg.o [9]
ftpmsg_cd_error         0x00032bc0   0x20  Data  Gb  ftpd_msg.o [9]
ftpmsg_delete_error     0x00032c00   0x1c  Data  Gb  ftpd_msg.o [9]
ftpmsg_goodbye          0x00032a84   0x10  Data  Gb  ftpd_msg.o [9]
ftpmsg_help_end         0x00032b90   0x30  Data  Gb  ftpd_msg.o [9]
ftpmsg_help_start       0x00032b60   0x30  Data  Gb  ftpd_msg.o [9]
ftpmsg_logged           0x000329e4   0x10  Data  Gb  ftpd_msg.o [9]
ftpmsg_no_datacon       0x00032cd4   0x20  Data  Gb  ftpd_msg.o [9]
ftpmsg_no_file          0x00032c64   0x34  Data  Gb  ftpd_msg.o [9]
ftpmsg_no_fs            0x00032a94   0x3c  Data  Gb  ftpd_msg.o [9]
ftpmsg_no_memory        0x00032cf4   0x38  Data  Gb  ftpd_msg.o [9]
ftpmsg_ok               0x00032c1c    0xc  Data  Gb  ftpd_msg.o [9]
ftpmsg_opening_datacon  0x00032c98   0x20  Data  Gb  ftpd_msg.o [9]
ftpmsg_pasv_mode        0x00032ad0   0x38  Data  Gb  ftpd_msg.o [9]
ftpmsg_portok           0x0003294c   0x18  Data  Gb  ftpd_msg.o [9]
ftpmsg_rmdir_error      0x00032be0   0x20  Data  Gb  ftpd_msg.o [9]
ftpmsg_rxok             0x00032980   0x34  Data  Gb  ftpd_msg.o [9]
ftpmsg_site_info        0x00032b08   0x30  Data  Gb  ftpd_msg.o [9]
ftpmsg_size             0x00032a6c   0x18  Data  Gb  ftpd_msg.o [9]
ftpmsg_syst             0x00032b54    0xc  Data  Gb  ftpd_msg.o [9]
ftpmsg_tx_complete      0x00032cb8   0x1c  Data  Gb  ftpd_msg.o [9]
ftpmsg_txok             0x000329b4   0x30  Data  Gb  ftpd_msg.o [9]
ftpmsg_type_ascii       0x00032c28   0x14  Data  Gb  ftpd_msg.o [9]
ftpmsg_type_image       0x00032c3c   0x14  Data  Gb  ftpd_msg.o [9]
ftpmsg_type_unknown     0x00032c50   0x14  Data  Gb  ftpd_msg.o [9]
ftpmsg_unimp            0x00032a4c   0x20  Data  Gb  ftpd_msg.o [9]
ftpmsg_writeeof         0x00032a08   0x14  Data  Gb  ftpd_msg.o [9]
ftpmsg_writefail        0x000329f4   0x14  Data  Gb  ftpd_msg.o [9]
get_irq_mask            0x0000876d   0x2a  Code  Lc  io_gpio_kgpio.o [3]
gpio_cpu_configure      0x00008797  0x160  Code  Gb  io_gpio_kgpio.o [3]
gpio_cpu_init           0x000088f7    0xa  Code  Gb  io_gpio_kgpio.o [3]
gpio_cpu_ioctl          0x00008af5  0x4f8  Code  Gb  io_gpio_kgpio.o [3]
gpio_cpu_open           0x000089b5  0x140  Code  Gb  io_gpio_kgpio.o [3]
gpio_eport_irq          0x00008fed   0x9c  Code  Lc  io_gpio_kgpio.o [3]
gpio_global_irq_map     0x1fff1bf8   0x14  Data  Gb  io_gpio_kgpio.o [3]
gpio_global_pin_map     0x1fff1be4   0x14  Data  Gb  io_gpio_kgpio.o [3]
hub_anchor              0x1fff1b74    0x4  Data  Lc  usb_host_hub.o [12]
init_hardware           0x000005fd   0x3c  Code  Gb  init_hw.o [3]
install_isr             0x00008901   0xb4  Code  Lc  io_gpio_kgpio.o [3]
int_callback            0x00020c05   0x1e  Code  Gb  yada_prj.o [1]
internal_Pow            0x0000c561  0x3fc  Code  Lc  pow.o [5]
isalpha                 0x00010a65    0x8  Code  Gb  io_util.o [7]
isdigit                 0x000160f1   0x10  Code  Gb  sh_util.o [11]
isgraph                 0x0000fd19   0x18  Code  Gb  io_util.o [7]
isprint                 0x000106ef   0x2a  Code  Gb  io_util.o [7]
ispunct                 0x00010a6d    0x8  Code  Gb  io_util.o [7]
isupper                 0x000106e7    0x8  Code  Gb  io_util.o [7]
isxdigit                0x00022745   0x24  Code  Gb  ftpd_cmd.o [9]
kinetis_flash_invalidate_cache
                        0x0002e885   0x16  Code  Gb  flash_mk60.o [3]
linemark                0x00012961  0x176  Code  Gb  MenuView.o [1]
lnbias                  0x0000c9a0  0x420  Data  Lc  pow.o [5]
lower_hex_string        0x00032800   0x14  Data  Lc  io_dopr.o [7]
lpt_address             0x00033288    0x4  Data  Lc  timer_lpt_kinetis.o [3]
lpt_clock_source        0x00033290    0x4  Data  Lc  timer_lpt_kinetis.o [3]
lpt_vectors             0x0003328c    0x4  Data  Lc  timer_lpt_kinetis.o [3]
main                    0x000004c5   0x10  Code  Gb  mqx_main.o [3]
mass_anchor             0x1fff1b78    0x4  Data  Lc  usb_host_msd_bo.o [12]
mem_flash_app           0x00020289  0x16c  Code  Gb  mem_flash.o [1]
memcmp                  0x00016a7d         Code  Gb  memcmp.o [8]
memcpy                  0x0000a8e1    0xe  Code  Gb  esdhc.o [3]
months                  0x0003291c   0x30  Data  Lc  dir_read.o [6]
num2string              0x00014395   0xa0  Code  Gb  MenuView.o [1]
pctl_ptr_arr            0x00033aac   0x14  Data  Lc  io_gpio_kgpio.o [3]
pdb_external            0x1fff00ac    0x4  Data  Lc  adt_kpdb.o [3]
pdb_internal            0x1fff1bc0   0x24  Data  Lc  adt_kpdb.o [3]
phy_ksz8041_IF          0x00033384   0x14  Data  Gb  phy_ks8721bl.o [3]
phy_ksz8041_discover_addr
                        0x0002ecd3   0x46  Code  Lc  phy_ks8721bl.o [3]
phy_ksz8041_get_link_status
                        0x0002ee05   0x46  Code  Lc  phy_ks8721bl.o [3]
phy_ksz8041_get_speed   0x0002edbf   0x46  Code  Lc  phy_ks8721bl.o [3]
phy_ksz8041_init        0x0002ed19   0xa6  Code  Lc  phy_ks8721bl.o [3]
pipe_init_params_prototype
                        0x000330a4   0x24  Data  Lc  host_dev_list.o [12]
pow                     0x0000c991    0xe  Code  Gb  pow.o [5]
read_buffer             0x1fff0060    0x8  Data  Gb  yada_prj.o [1]
req_prototype           0x000331e0    0x8  Data  Lc  host_ch9.o [12]
reseed                  0x1fff1b8c    0x4  Data  Lc  rtcsrand.o [9]
rtcs_enet               0x00030824    0xc  Data  Lc  ip-e.o [9]
rtcs_local              0x00033398    0xc  Data  Lc  iplocal.o [9]
seed                    0x1fff1b88    0x4  Data  Lc  rtcsrand.o [9]
send_U16str             0x0000e35d   0x2e  Code  Gb  LCDDriver.o [1]
send_U8str              0x0000e32f   0x2e  Code  Gb  LCDDriver.o [1]
send_area               0x0000e307   0x28  Code  Gb  LCDDriver.o [1]
send_byte               0x0000e2b7   0x12  Code  Gb  LCDDriver.o [1]
send_end                0x0000e38b   0x14  Code  Gb  LCDDriver.o [1]
send_word               0x0000e2c9   0x2a  Code  Gb  LCDDriver.o [1]
send_xy                 0x0000e2f3   0x14  Code  Gb  LCDDriver.o [1]
sin                     0x00014511    0x6  Code  Gb  sin.o [5]
spi2_dma_int            0x000084f5   0x74  Code  Gb  DSPSPI.o [1]
spifd_2                 0x1fff19bc    0x4  Data  Gb  DSPSPI.o [1]
state                   0x1fff00a8    0x4  Data  Lc  rtcsrand.o [9]
strcat                  0x0001fe27   0x1e  Code  Gb  strcat.o [4]
strcmp                  0x0000a711         Code  Gb  strcmp.o [8]
strcpy                  0x0000fcd5         Code  Gb  strcpy.o [8]
strlen                  0x0000a755         Code  Gb  strlen.o [8]
strncmp                 0x0000bb8d   0x2a  Code  Gb  strncmp.o [4]
strncpy                 0x0000c275         Code  Gb  strncpy.o [8]
strpbrk                 0x00022769    0x4  Code  Gb  strpbrk.o [4]
systick_config          0x00001b69    0xc  Code  Gb  init_bsp.o [3]
systick_init            0x00001b75   0x34  Code  Lc  init_bsp.o [3]
tcp_socket_task         0x00020639  0x29c  Code  Gb  tcpip_socket_task.o [1]
timer_isr               0x00020c23   0x2a  Code  Lc  yada_prj.o [1]
tolower                 0x0000fd31    0x8  Code  Gb  io_util.o [7]
tr_index                0x1fff1b3c    0x4  Data  Lc  host_common.o [12]
uart_isr                0x000029ad   0x76  Code  Gb  serl_int_kuart.o [3]
uart_lcd                0x1fff19c4    0x4  Data  Gb  LCDDriver.o [1]
upper_hex_string        0x000327ec   0x14  Data  Lc  io_dopr.o [7]
usb_class_hub_clear_feature
                        0x00026b95   0x1e  Code  Gb  usb_host_hub.o [12]
usb_class_hub_clear_port_feature
                        0x00026bb3   0x24  Code  Gb  usb_host_hub.o [12]
usb_class_hub_cntrl_callback
                        0x00026a19   0x1a  Code  Gb  usb_host_hub.o [12]
usb_class_hub_cntrl_common
                        0x00026a33   0xfe  Code  Gb  usb_host_hub.o [12]
usb_class_hub_get_app   0x000269b9   0x60  Code  Gb  usb_host_hub.o [12]
usb_class_hub_get_descriptor
                        0x00026b31   0x40  Code  Gb  usb_host_hub.o [12]
usb_class_hub_get_port_status
                        0x00026bf7   0x22  Code  Gb  usb_host_hub.o [12]
usb_class_hub_get_status
                        0x00026bd7   0x20  Code  Gb  usb_host_hub.o [12]
usb_class_hub_init      0x0002695d   0x5c  Code  Gb  usb_host_hub.o [12]
usb_class_hub_int_callback
                        0x00026cf1   0x1a  Code  Gb  usb_host_hub.o [12]
usb_class_hub_set_port_feature
                        0x00026b71   0x24  Code  Gb  usb_host_hub.o [12]
usb_class_hub_wait_for_interrupt
                        0x00026c19   0xcc  Code  Gb  usb_host_hub.o [12]
usb_class_mass_call_back_cbw
                        0x0001dffd   0xa2  Code  Lc  usb_host_msd_bo.o [12]
usb_class_mass_call_back_csw
                        0x0001e175  0x12e  Code  Lc  usb_host_msd_bo.o [12]
usb_class_mass_call_back_dphase
                        0x0001e09f   0xd6  Code  Lc  usb_host_msd_bo.o [12]
usb_class_mass_clear_bulk_pipe_on_usb
                        0x0001e38d   0x7c  Code  Lc  usb_host_msd_bo.o [12]
usb_class_mass_deleteq  0x0001fccf   0x34  Code  Gb  usb_host_msd_queue.o [12]
usb_class_mass_get_pending_request
                        0x0001fd03   0x26  Code  Gb  usb_host_msd_queue.o [12]
usb_class_mass_init     0x0001def1   0x88  Code  Gb  usb_host_msd_bo.o [12]
usb_class_mass_pass_on_usb
                        0x0001e2a3   0xea  Code  Lc  usb_host_msd_bo.o [12]
usb_class_mass_q_init   0x0001fc87    0xc  Code  Gb  usb_host_msd_queue.o [12]
usb_class_mass_q_insert
                        0x0001fc93   0x3c  Code  Gb  usb_host_msd_queue.o [12]
usb_class_mass_reset_callback
                        0x0001e471   0xd0  Code  Lc  usb_host_msd_bo.o [12]
usb_class_mass_reset_recovery_on_usb
                        0x0001e409   0x68  Code  Gb  usb_host_msd_bo.o [12]
usb_class_mass_storage_device_command
                        0x0001df79   0x84  Code  Gb  usb_host_msd_bo.o [12]
usb_dev_list_attach_device
                        0x0001d10f  0x120  Code  Gb  host_dev_list.o [12]
usb_dev_list_close_pipe
                        0x0001d239   0x46  Code  Lc  host_dev_list.o [12]
usb_dev_list_close_pipe_bundle
                        0x0001d27f   0x2a  Code  Gb  host_dev_list.o [12]
usb_dev_list_detach_device
                        0x0001d2a9   0x82  Code  Gb  host_dev_list.o [12]
usb_dev_list_free_mem   0x0001cfaf   0x76  Code  Gb  host_dev_list.o [12]
usb_dev_list_free_memlist
                        0x0001cf59   0x56  Code  Gb  host_dev_list.o [12]
usb_dev_list_get_mem    0x0001d025   0xea  Code  Gb  host_dev_list.o [12]
usb_filesystem_install  0x000171e1  0x18c  Code  Gb  USB_File.o [1]
usb_filesystem_uninstall
                        0x0001736d   0xde  Code  Gb  USB_File.o [1]
usb_host_ch9_dev_req    0x0001dba9   0x8e  Code  Lc  host_ch9.o [12]
usb_host_class_intf_init
                        0x00019837   0xf8  Code  Gb  host_common.o [12]
usb_host_class_intf_validate
                        0x0001992f   0x22  Code  Gb  host_common.o [12]
usb_host_cntrl_transaction_done
                        0x0001d891  0x2e2  Code  Lc  host_ch9.o [12]
usb_host_driver_info_match
                        0x00019951   0xec  Code  Lc  host_common.o [12]
usb_host_driver_info_nonzero
                        0x00019aa7   0x4a  Code  Lc  host_common.o [12]
usb_host_driver_info_scan
                        0x00019a3d   0x6a  Code  Lc  host_common.o [12]
usb_host_hub_device_event
                        0x000263fd   0x9e  Code  Gb  usb_host_hub_sm.o [12]
usb_host_hub_device_sm  0x0002649d  0x45c  Code  Lc  usb_host_hub_sm.o [12]
usb_host_hub_int_callback
                        0x000268f9   0x60  Code  Lc  usb_host_hub_sm.o [12]
usb_host_map_class_intf
                        0x00019af1   0x3a  Code  Lc  host_common.o [12]
usb_host_mass_device_event
                        0x0001fe45   0x6e  Code  Gb  USB_Task.o [1]
usb_host_state_struct_ptr
                        0x1fff1b40    0x4  Data  Gb  host_main.o [12]
usb_hostdev_attach_detach
                        0x0001942d   0x48  Code  Gb  host_common.o [12]
usb_hostdev_delete_interface
                        0x00019b5b   0xce  Code  Gb  host_common.o [12]
usb_hostdev_get_class   0x00019583   0x6c  Code  Lc  host_common.o [12]
usb_hostdev_get_pipe_handle
                        0x000197b9   0x7e  Code  Gb  host_common.o [12]
usb_hostdev_mask_class_etc
                        0x00019c29   0x2a  Code  Lc  host_common.o [12]
usb_hostdev_open_pipe   0x00019c53  0x10c  Code  Lc  host_common.o [12]
usb_hostdev_tr_init     0x00019f3b   0x36  Code  Gb  host_common.o [12]
usb_hostdev_validate    0x00019475   0x28  Code  Gb  host_common.o [12]
usb_mass_ufi_cancel     0x0001a005    0xc  Code  Gb  usb_host_msd_ufi.o [12]
usb_mass_ufi_generic    0x00019f81   0x84  Code  Gb  usb_host_msd_ufi.o [12]


[1] = L:\git_workspace\YD_PRJ_NEW_20130323_git_\IAR\twrk60n512\Int Flash Debug\Obj
[2] = command line
[3] = bsp_twrk60n512_130406_SPI_TX.a
[4] = dl7M_tln.a
[5] = m7M_tl.a
[6] = mfs_twrk60n512_d.a
[7] = psp_twrk60n512_d.a
[8] = rt7M_tl.a
[9] = rtcs_twrk60n512_d_20130105.a
[10] = shb_l.a
[11] = shell_twrk60n512_d_20130406_wr_s.a
[12] = usb_hdk_twrk60n512_d.a

  192 264 bytes of readonly  code memory
   19 638 bytes of readonly  data memory
    8 315 bytes of readwrite data memory

Errors: none
Warnings: none
