###############################################################################
#                                                                             #
# IAR ELF Linker V6.30.1.53127/W32 for ARM              12/May/2013  20:14:05 #
# Copyright 2007-2011 IAR Systems AB.                                         #
#                                                                             #
#    Output file  =  L:\git_workspace\YD_PRJ_NEW_20130323_git_\IAR\twrk60n512 #
#                    \Int Flash Debug\Exe\twrk60n512.out                      #
#    Map file     =  L:\git_workspace\YD_PRJ_NEW_20130323_git_\IAR\twrk60n512 #
#                    \Int Flash Debug\List\twrk60n512.map                     #
#    Command line =  "L:\git_workspace\YD_PRJ_NEW_20130323_git_\IAR\twrk60n51 #
#                    2\Int Flash Debug\Obj\DSPSPI.o"                          #
#                    "L:\git_workspace\YD_PRJ_NEW_20130323_git_\IAR\twrk60n51 #
#                    2\Int Flash Debug\Obj\DataConvert.o"                     #
#                    "L:\git_workspace\YD_PRJ_NEW_20130323_git_\IAR\twrk60n51 #
#                    2\Int Flash Debug\Obj\DisTime.o"                         #
#                    "L:\git_workspace\YD_PRJ_NEW_20130323_git_\IAR\twrk60n51 #
#                    2\Int Flash Debug\Obj\FTP_Task.o"                        #
#                    "L:\git_workspace\YD_PRJ_NEW_20130323_git_\IAR\twrk60n51 #
#                    2\Int Flash Debug\Obj\LCDDriver.o"                       #
#                    "L:\git_workspace\YD_PRJ_NEW_20130323_git_\IAR\twrk60n51 #
#                    2\Int Flash Debug\Obj\LCDUart.o"                         #
#                    "L:\git_workspace\YD_PRJ_NEW_20130323_git_\IAR\twrk60n51 #
#                    2\Int Flash Debug\Obj\MenuView.o"                        #
#                    "L:\git_workspace\YD_PRJ_NEW_20130323_git_\IAR\twrk60n51 #
#                    2\Int Flash Debug\Obj\SD_task.o"                         #
#                    "L:\git_workspace\YD_PRJ_NEW_20130323_git_\IAR\twrk60n51 #
#                    2\Int Flash Debug\Obj\Shell_Task.o"                      #
#                    "L:\git_workspace\YD_PRJ_NEW_20130323_git_\IAR\twrk60n51 #
#                    2\Int Flash Debug\Obj\System.o"                          #
#                    "L:\git_workspace\YD_PRJ_NEW_20130323_git_\IAR\twrk60n51 #
#                    2\Int Flash Debug\Obj\USB_File.o"                        #
#                    "L:\git_workspace\YD_PRJ_NEW_20130323_git_\IAR\twrk60n51 #
#                    2\Int Flash Debug\Obj\USB_Task.o"                        #
#                    "L:\git_workspace\YD_PRJ_NEW_20130323_git_\IAR\twrk60n51 #
#                    2\Int Flash Debug\Obj\mem_flash.o"                       #
#                    "L:\git_workspace\YD_PRJ_NEW_20130323_git_\IAR\twrk60n51 #
#                    2\Int Flash Debug\Obj\mem_ram.o"                         #
#                    "L:\git_workspace\YD_PRJ_NEW_20130323_git_\IAR\twrk60n51 #
#                    2\Int Flash Debug\Obj\pin2.o"                            #
#                    "L:\git_workspace\YD_PRJ_NEW_20130323_git_\IAR\twrk60n51 #
#                    2\Int Flash Debug\Obj\sh_cd.o"                           #
#                    "L:\git_workspace\YD_PRJ_NEW_20130323_git_\IAR\twrk60n51 #
#                    2\Int Flash Debug\Obj\sh_di.o"                           #
#                    "L:\git_workspace\YD_PRJ_NEW_20130323_git_\IAR\twrk60n51 #
#                    2\Int Flash Debug\Obj\tcpip_socket_task.o"               #
#                    "L:\git_workspace\YD_PRJ_NEW_20130323_git_\IAR\twrk60n51 #
#                    2\Int Flash Debug\Obj\usb_classes.o"                     #
#                    "L:\git_workspace\YD_PRJ_NEW_20130323_git_\IAR\twrk60n51 #
#                    2\Int Flash Debug\Obj\yada_prj.o"                        #
#                    L:\git_workspace\YD_PRJ_NEW_20130323_git_\lib\twrk60n512 #
#                    .iar\bsp\3.8.0bsp_twrk60n512_130512.a                    #
#                    L:\git_workspace\YD_PRJ_NEW_20130323_git_\lib\twrk60n512 #
#                    .iar\mfs\mfs_twrk60n512_d.a                              #
#                    L:\git_workspace\YD_PRJ_NEW_20130323_git_\lib\twrk60n512 #
#                    .iar\psp\psp_twrk60n512_d.a                              #
#                    L:\git_workspace\YD_PRJ_NEW_20130323_git_\lib\twrk60n512 #
#                    .iar\rtcs\rtcs_twrk60n512_d_20130105.a                   #
#                    L:\git_workspace\YD_PRJ_NEW_20130323_git_\lib\twrk60n512 #
#                    .iar\shell\3.8.0shell_twrk60n512_130512.a                #
#                    L:\git_workspace\YD_PRJ_NEW_20130323_git_\lib\twrk60n512 #
#                    .iar\usb\host\usb_hdk_twrk60n512_d.a --redirect          #
#                    _Printf=_PrintfFull --redirect _Scanf=_ScanfFull -o      #
#                    "L:\git_workspace\YD_PRJ_NEW_20130323_git_\IAR\twrk60n51 #
#                    2\Int Flash Debug\Exe\twrk60n512.out" --map              #
#                    "L:\git_workspace\YD_PRJ_NEW_20130323_git_\IAR\twrk60n51 #
#                    2\Int Flash Debug\List\twrk60n512.map" --config          #
#                    L:\git_workspace\YD_PRJ_NEW_20130323_git_\IAR\..\lib\twr #
#                    k60n512.iar\bsp\intflash.icf --redirect                  #
#                    __iar_dlmalloc=malloc --redirect __iar_dlcalloc=calloc   #
#                    --redirect __iar_dlfree=free --semihosting --entry       #
#                    __iar_program_start --vfe                                #
#                                                                             #
#                                                                             #
###############################################################################

*******************************************************************************
*** RUNTIME MODEL ATTRIBUTES
***

CppFlavor                   = *
__SystemLibrary             = DLib
__dlib_jmp_buf_num_elements = 8


*******************************************************************************
*** PLACEMENT SUMMARY
***

"A1":  place at 0x00000000 { ro section .intvec, block CFMPROTROM };
"P1":  place in [from 0x00000000 to 0x0007ffff] {
          first block TEXTSECTION, ro, last block FLASHX_POOL };
"P2":  place in [from 0x1fff0000 to 0x2000fff0] { rw, last block KERNEL_DATA };

  Section            Kind        Address     Size  Object
  -------            ----        -------     ----  ------
"A1":                                       0x414
  .intvec            const    0x00000000    0x400  vectors.o [3]
  CFMPROTROM                  0x00000400     0x14  <Block>
    .cfmconfig       const    0x00000400     0x10  vectors.o [3]
    .cfmconfig       const    0x00000410      0x0  vectors.o [3]
    CFMPROTROM       const    0x00000410      0x4  <Block tail>
                            - 0x00000414    0x414

"P1":                                     0x34be4
  TEXTSECTION                 0x00000420  0x2fa08  <Block>
    .text            ro code  0x00000420     0x4c  cortex_boot.o [8]
    .text            ro code  0x0000046c      0xc  cstartup_M.o [9]
    .text            ro code  0x00000478     0x16  cmain.o [9]
    .text            ro code  0x0000048e      0xa  iar.o [3]
    .text            ro code  0x00000498     0x2c  data_init3.o [9]
    .text            ro code  0x000004c4     0x10  mqx_main.o [3]
    .text            ro code  0x000004d4      0x4  exit.o [5]
    .text            ro code  0x000004d8    0x190  init_hw.o [3]
    .text            ro code  0x00000668    0x1a8  mqx.o [8]
    .text            ro code  0x00000810      0xa  cexit.o [9]
    .text            ro code  0x0000081a     0x46  sotcp.o [10]
    .text            ro code  0x00000860    0x79c  bsp_cm.o [3]
    .text            ro code  0x00000ffc    0x550  init_gpio.o [3]
    .text            ro code  0x0000154c    0x134  mem_zero.o [8]
    .text            ro code  0x00001680     0x76  ABImemcpy.o [9]
    .text            ro code  0x000016f6     0x56  macnet_rejoin.o [3]
    .text            ro code  0x0000174c     0xd8  mqxiinit.o [8]
    .text            ro code  0x00001824     0x28  lwm_init.o [8]
    .text            ro code  0x0000184c     0x18  lwm_gsys.o [8]
    .text            ro code  0x00001864     0x24  lwm_size.o [8]
    .text            ro code  0x00001888    0x1c4  ta_init.o [8]
    .text            ro code  0x00001a4c     0xc0  sc_irdyq.o [8]
    .text            ro code  0x00001b0c     0x74  lws_crea.o [8]
    .text            ro code  0x00001b80    0x2dc  init_bsp.o [3]
    .text            ro code  0x00001e5c     0x24  int_disa.o [8]
    .text            ro code  0x00001e80     0x14  exit.o [11]
    .text            ro code  0x00001e94     0x14  cm.o [3]
    .text            ro code  0x00001ea8      0xc  qu_init.o [8]
    .text            ro code  0x00001eb4     0x64  lwm_crep.o [8]
    .text            ro code  0x00001f18    0x204  lwm_alli.o [8]
    .text            ro code  0x0000211c     0x34  td_serr.o [8]
    .text            ro code  0x00002150     0xd0  td_alloc.o [8]
    .text            ro code  0x00002220     0x68  stack_bu.o [8]
    .text            ro code  0x00002288      0x8  lwm_xfri.o [8]
    .text            ro code  0x00002290     0x18  lwm_allz.o [8]
    .text            ro code  0x000022a8     0x38  int_ena.o [8]
    .text            ro code  0x000022e0     0x3e  qu_enq.o [8]
    .text            ro code  0x0000231e     0x22  zero_init3.o [9]
    .text            ro code  0x00002340      0xc  mqx_scpu.o [8]
    .text            ro code  0x0000234c     0x30  lwm_allo.o [8]
    .text            ro code  0x0000237c     0x14  psp_iinit.o [8]
    .text            ro code  0x00002390     0x10  int_vtab.o [8]
    .text            ro code  0x000023a0     0x10  ti_setv.o [8]
    .text            ro code  0x000023b0     0xb0  int_iisr.o [8]
    .text            ro code  0x00002460     0x10  ti_sett.o [8]
    .text            ro code  0x00002470     0x10  ti_shwtt.o [8]
    .text            ro code  0x00002480     0x14  ti_shwtf.o [8]
    .text            ro code  0x00002494     0x14  kinetis_mpu.o [8]
    .text            ro code  0x000024a8     0x18  io_init.o [8]
    .text            ro code  0x000024c0    0x2dc  krtc.o [3]
    .text            ro code  0x0000279c    0x3b4  serl_pol_kuart.o [3]
    .text            ro code  0x00002b50    0x1f0  serl_int_kuart.o [3]
    .text            ro code  0x00002d40    0x86c  i2c_pol_ki2c.o [3]
    .text            ro code  0x000035ac    0x6aa  i2c_int_ki2c.o [3]
    .text            ro code  0x00003c58    0x9e8  spi_pol_dspi.o [3]
    .text            ro code  0x00004640    0x788  spi_dma_dspi.o [3]
    .text            ro code  0x00004dc8    0x28c  io_gpio.o [3]
    .text            ro code  0x00005054    0x5ae  adc.o [3]
    .text            ro code  0x00005604    0xc76  esdhc.o [3]
    .text            ro code  0x0000627c    0xd3c  flashx.o [3]
    .text            ro code  0x00006fb8     0x34  io_sinit.o [3]
    .text            ro code  0x00006fec     0xe0  ti_krnl.o [8]
    .text            ro code  0x000070cc     0xfc  lwm_free.o [8]
    .text            ro code  0x000071c8     0x40  qu_insrt.o [8]
    .text            ro code  0x00007208     0x78  int_init.o [8]
    .text            ro code  0x00007280     0x10  int_inst.o [8]
    .text            ro code  0x00007290     0x1c  td_gerr.o [8]
    .text            ro code  0x000072ac     0xa0  cortex.o [8]
    .text            ro code  0x0000734c    0x3a4  DisTime.o [1]
    .text            ro code  0x000076f0     0x24  io_pntf.o [8]
    .text            ro code  0x00007714     0xe4  ti_to.o [8]
    .text            ro code  0x000077f8    0x1a0  ti_from.o [8]
    .text            ro code  0x00007998     0x54  ti_kset.o [8]
    .text            ro code  0x000079ec     0x16  ti_get.o [8]
    .text            ro code  0x00007a04    0x53c  serl_pol.o [3]
    .text            ro code  0x00007f40     0x4c  serl_mk60.o [3]
    .text            ro code  0x00007f8c     0x18  lwm_zsys.o [8]
    .text            ro code  0x00007fa4    0x610  serl_int.o [3]
    .text            ro code  0x000085b4     0x60  int_gdat.o [8]
    .text            ro code  0x00008614      0x4  int_geh.o [8]
    .text            ro code  0x00008618     0xf0  ev_open.o [8]
    .text            ro code  0x00008708     0xe0  ev_set.o [8]
    .text            ro code  0x000087e8    0x170  i2c_pol.o [3]
    .text            ro code  0x00008958     0x38  i2c_mk60.o [3]
    .text            ro code  0x00008990    0x16c  i2c_int.o [3]
    .text            ro code  0x00008afc    0x196  spi_pol.o [3]
    .text            ro code  0x00008c94     0x30  spi_mk60_dspi.o [3]
    .text            ro code  0x00008cc4    0x1a2  spi_int.o [3]
    .text            ro code  0x00008e68    0x2c4  DSPSPI.o [1]
    .text            ro code  0x0000912c    0x994  io_gpio_kgpio.o [3]
    .text            ro code  0x00009ac0     0x1a  io_inst.o [8]
    .text            ro code  0x00009ada     0x3e  io_ioctl.o [8]
    .text            ro code  0x00009b18    0xac0  adc_kadc.o [3]
    .text            ro code  0x0000a5d8    0xaf8  adt_kpdb.o [3]
    .text            ro code  0x0000b0d0     0x42  strcmp.o [9]
    .text            ro code  0x0000b114     0x36  strlen.o [9]
    .text            ro code  0x0000b14c     0x38  ti_delay.o [8]
    .text            ro code  0x0000b184    0x108  io_instx.o [8]
    .text            ro code  0x0000b28c     0x14  esdhc_mk60.o [3]
    .text            ro code  0x0000b2a0      0xe  esdhc.o [3]
    .text            ro code  0x0000b2b0     0x78  lws_wait.o [8]
    .text            ro code  0x0000b328    0x17c  mem_copy.o [8]
    .text            ro code  0x0000b4a4     0x7c  lws_post.o [8]
    .text            ro code  0x0000b520     0xa0  io_fopen.o [8]
    .text            ro code  0x0000b5c0     0x34  psp_tinm.o [8]
    .text            ro code  0x0000b5f4    0x384  LCDDriver.o [1]
    .text            ro code  0x0000b978     0x48  io_ghand.o [8]
    .text            ro code  0x0000b9c0    0xbd4  io_dopr.o [8]
    .text            ro code  0x0000c594     0x42  ti_leap.o [8]
    .text            ro code  0x0000c5d6     0x26  psp_tiol.o [8]
    .text            ro code  0x0000c5fc     0x40  psp_tisu.o [8]
    .text            ro code  0x0000c63c     0x4c  ti_gett.o [8]
    .text            ro code  0x0000c688     0xbc  psp_tkti.o [8]
    .text            ro code  0x0000c744     0x84  tq_creat.o [8]
    .text            ro code  0x0000c7c8     0x80  tq_dest.o [8]
    .text            ro code  0x0000c848     0xd8  tq_func.o [8]
    .text            ro code  0x0000c920     0x94  na_findi.o [8]
    .text            ro code  0x0000c9b4     0x34  io_fclos.o [8]
    .text            ro code  0x0000c9e8     0x14  ev_creat.o [8]
    .text            ro code  0x0000c9fc     0x3a  ev_all.o [8]
    .text            ro code  0x0000ca38     0x48  ev_clear.o [8]
    .text            ro code  0x0000ca80     0x2a  strncmp.o [5]
    .text            ro code  0x0000caac      0x6  ABImemclr4.o [9]
    .text            ro code  0x0000cab4     0x14  adc_mk60.o [3]
    .text            ro code  0x0000cac8    0x132  I64DivMod.o [9]
    .text            ro code  0x0000cbfc     0xd4  lwe_set.o [8]
    .text            ro code  0x0000ccd0     0x84  psp_mstiq.o [8]
    .text            ro code  0x0000cd54     0x48  psp_tiad.o [8]
    .text            ro code  0x0000cd9c     0x88  ti_deli.o [8]
    .text            ro code  0x0000ce24     0x2e  qu_deq.o [8]
    .text            ro code  0x0000ce52     0x24  io_write.o [8]
    .text            ro code  0x0000ce78     0x1c  psp_seti.o [8]
    .text            ro code  0x0000ce94     0x80  psp_msti.o [8]
    .text            ro code  0x0000cf14     0x2c  sc_ipq.o [8]
    .text            ro code  0x0000cf40     0x1c  strnlen.o [8]
    .text            ro code  0x0000cf5c     0xc0  ev_creai.o [8]
    .text            ro code  0x0000d01c    0x108  ev_waiti.o [8]
    .text            ro code  0x0000d124     0x32  ABImemset48.o [9]
    .text            ro code  0x0000d158      0x2  I64DivZer.o [9]
    .text            ro code  0x0000d15c     0xcc  ev_comp.o [8]
    .text            ro code  0x0000d228     0x6c  strncpy.o [9]
    .text            ro code  0x0000d294    0x138  na_addi.o [8]
    .text            ro code  0x0000d3cc     0x34  ti_delun.o [8]
    .text            ro code  0x0000d400     0x38  ti_delfo.o [8]
    .text            ro code  0x0000d438     0x7c  na_crth.o [8]
    .text            ro code  0x0000d4b4     0x5e  ABImemset.o [9]
    .text            ro code  0x0000d514    0x490  DataConvert.o [1]
    .text            ro code  0x0000d9a4     0xfc  FltDiv.o [6]
    .text            ro code  0x0000daa0     0xd8  FltMul.o [6]
    .text            ro code  0x0000db78     0x24  FltToU32.o [6]
    .text            ro code  0x0000db9c     0x32  I32ToFlt.o [6]
    .text            ro code  0x0000dbce      0x8  abs.o [5]
    .text            ro code  0x0000dbd8     0xe6  FltSub.o [6]
    .text            ro code  0x0000dcc0     0x44  FltToS32.o [6]
    .text            ro code  0x0000dd04     0x24  FltCmpLe.o [6]
    .text            ro code  0x0000dd28     0x84  FltAdd.o [6]
    .text            ro code  0x0000ddac     0xec  FTP_Task.o [1]
    .text            ro code  0x0000de98    0x26c  rtcscmd.o [10]
    .text            ro code  0x0000e104     0x24  enaddr.o [3]
    .text            ro code  0x0000e128    0x104  eninit.o [3]
    .text            ro code  0x0000e22c     0x5c  ifadd.o [10]
    .text            ro code  0x0000e288    0x644  ftpd.o [10]
    .text            ro code  0x0000e8cc     0x88  ta_creat.o [8]
    .text            ro code  0x0000e954     0xe4  mqx_ioc.o [8]
    .text            ro code  0x0000ea38    0x1b6  rtcspart.o [10]
    .text            ro code  0x0000ebf0     0x2c  ms_id.o [8]
    .text            ro code  0x0000ec1c     0x16  ms_pool.o [8]
    .text            ro code  0x0000ec34     0xa8  rtcstask.o [10]
    .text            ro code  0x0000ecdc     0x6c  ms_dpool.o [8]
    .text            ro code  0x0000ed48     0xcc  ms_alloc.o [8]
    .text            ro code  0x0000ee14     0x58  td_get.o [8]
    .text            ro code  0x0000ee6c      0xc  ms_sendb.o [8]
    .text            ro code  0x0000ee78     0x48  ta_rdy.o [8]
    .text            ro code  0x0000eec0      0xc  ms_send.o [8]
    .text            ro code  0x0000eecc     0x10  td_gid.o [8]
    .text            ro code  0x0000eedc     0x24  td_util.o [8]
    .text            ro code  0x0000ef00     0x2c  init_enet.o [3]
    .text            ro code  0x0000ef2c     0x58  enutil.o [3]
    .text            ro code  0x0000ef84     0x3c  ta_env.o [8]
    .text            ro code  0x0000efc0     0x22  ta_sexit.o [8]
    .text            ro code  0x0000efe4     0xb2  rtcs.o [10]
    .text            ro code  0x0000f098    0x3ea  io_util.o [8]
    .text            ro code  0x0000f484     0x44  strcpy.o [9]
    .text            ro code  0x0000f4c8     0x18  io_util.o [8]
    .text            ro code  0x0000f4e0      0x8  io_util.o [8]
    .text            ro code  0x0000f4e8     0x7c  ta_build.o [8]
    .text            ro code  0x0000f564     0x18  lwm_allp.o [8]
    .text            ro code  0x0000f57c     0x18  lwm_alzp.o [8]
    .text            ro code  0x0000f594     0x18  lwm_gsyp.o [8]
    .text            ro code  0x0000f5ac     0x18  lwm_zsyf.o [8]
    .text            ro code  0x0000f5c4     0x84  pa_creat.o [8]
    .text            ro code  0x0000f648     0x14  pa_sallo.o [8]
    .text            ro code  0x0000f65c     0x74  pa_free.o [8]
    .text            ro code  0x0000f6d0     0x74  pa_dest.o [8]
    .text            ro code  0x0000f744    0x20c  ms_pooli.o [8]
    .text            ro code  0x0000f950     0x12  ta_util.o [8]
    .text            ro code  0x0000f964     0xa2  lws_dest.o [8]
    .text            ro code  0x0000fa08    0x364  ms_sendi.o [8]
    .text            ro code  0x0000fd6c    0x12a  sockutil.o [10]
    .text            ro code  0x0000fe96      0x8  io_util.o [8]
    .text            ro code  0x0000fe9e     0x2a  io_util.o [8]
    .text            ro code  0x0000fec8     0x16  io_util.o [8]
    .text            ro code  0x0000fee0     0x7c  pa_creai.o [8]
    .text            ro code  0x0000ff5c    0x118  pa_alloi.o [8]
    .text            ro code  0x00010074    0x130  ms_comp.o [8]
    .text            ro code  0x000101a4     0x60  ms_free.o [8]
    .text            ro code  0x00010204     0x10  io_util.o [8]
    .text            ro code  0x00010214      0x8  io_util.o [8]
    .text            ro code  0x0001021c      0x8  io_util.o [8]
    .text            ro code  0x00010224     0x7c  pa_comp.o [8]
    .text            ro code  0x000102a0     0x5c  pa_extni.o [8]
    .text            ro code  0x000102fc     0x22  io_util.o [8]
    .text            ro code  0x0001031e     0x28  io_util.o [8]
    .text            ro code  0x00010346     0x10  io_util.o [8]
    .text            ro code  0x00010358    0xab0  LCDUart.o [1]
    .text            ro code  0x00010e08     0x14  ev_creaa.o [8]
    .text            ro code  0x00010e1c   0x3bf8  MenuView.o [1]
    .text            ro code  0x00014a14     0x52  System.o [1]
    .text            ro code  0x00014a68     0x30  I32ToDbl.o [6]
    .text            ro code  0x00014a98    0x1a2  DblMul.o [6]
    .text            ro code  0x00014c3c    0x246  DblDiv.o [6]
    .text            ro code  0x00014e84     0x90  DblToFlt.o [6]
    .text            ro code  0x00014f14     0x4e  FltToDbl.o [6]
    .text            ro code  0x00014f62      0x6  cos.o [6]
    .text            ro code  0x00014f68     0xe8  DblAdd.o [6]
    .text            ro code  0x00015050     0x4c  DblToI32.o [6]
    .text            ro code  0x0001509c      0x6  sin.o [6]
    .text            ro code  0x000150a4    0x180  DblSub.o [6]
    .text            ro code  0x00015224     0x24  FltCmpGe.o [6]
    .text            ro code  0x00015248    0x14c  sh_cd.o [1]
    .text            ro code  0x00015394     0x90  sh_pwd.o [4]
    .text            ro code  0x00015424    0x220  sh_read_wk.o [4]
    .text            ro code  0x00015644    0x1f8  sh_write_binary.o [4]
    .text            ro code  0x0001583c     0xc8  sh_update.o [4]
    .text            ro code  0x00015904     0x26  io_spr.o [8]
    .text            ro code  0x0001592c     0xf0  sh_df_driver.o [4]
    .text            ro code  0x00015a1c    0x110  sh_mkdir.o [4]
    .text            ro code  0x00015b2c    0x39c  sh_search_file_1.o [4]
    .text            ro code  0x00015ec8    0x1f0  xsin.o [6]
    .text            ro code  0x000160b8    0x218  sh_util.o [4]
    .text            ro code  0x000162d0    0x408  mfs_misc.o [7]
    .text            ro code  0x000166d8     0x90  io_fseek.o [8]
    .text            ro code  0x00016768     0x16  io_feof.o [8]
    .text            ro code  0x0001677e     0x46  io_fgetc.o [8]
    .text            ro code  0x000167c4    0x320  dir_read.o [7]
    .text            ro code  0x00016ae4      0xc  errno.o [5]
    .text            ro code  0x00016af0    0x170  xquad.o [6]
    .text            ro code  0x00016c60     0x2e  DblCmpGe.o [6]
    .text            ro code  0x00016c90     0x2e  DblCmpLe.o [6]
    .text            ro code  0x00016cbe     0x10  sh_util.o [4]
    .text            ro code  0x00016cce    0x344  mfs_rw.o [7]
    .text            ro code  0x00017012     0x9e  mfs_data_sector.o [7]
    .text            ro code  0x000170b0    0x382  mfs_fat.o [7]
    .text            ro code  0x00017432      0x2  xtls.o [5]
    .text            ro code  0x00017434     0x80  xdint.o [6]
    .text            ro code  0x000174b4     0x20  DblCmpEq.o [6]
    .text            ro code  0x000174d4    0x1a8  fmod.o [6]
    .text            ro code  0x0001767c     0x6a  io_read.o [8]
    .text            ro code  0x000176e8     0x62  memcmp.o [9]
    .text            ro code  0x0001774c    0x356  mfs_cluster.o [7]
    .text            ro code  0x00017aa4      0xc  iarEdom.o [9]
    .text            ro code  0x00017ab0     0x48  Shell_Task.o [1]
    .text            ro code  0x00017af8    0x22c  shell.o [4]
    .text            ro code  0x00017d24     0x38  io_fflsh.o [8]
    .text            ro code  0x00017d5c     0x2e  io_fgets.o [8]
    .text            ro code  0x00017d8a     0x94  io_fgetl.o [8]
    .text            ro code  0x00017e1e     0x2c  io_fung.o [8]
    .text            ro code  0x00017e4c    0x2d0  USB_File.o [1]
    .text            ro code  0x0001811c    0x726  usbmfs.o [12]
    .text            ro code  0x00018844    0x5a6  part_mgr.o [7]
    .text            ro code  0x00018dea      0xe  io_ferr.o [8]
    .text            ro code  0x00018df8   0x1222  mfs_init.o [7]
    .text            ro code  0x0001a01c     0x7c  io_uinst.o [8]
    .text            ro code  0x0001a098    0xb54  host_common.o [12]
    .text            ro code  0x0001abec     0x90  usb_host_msd_ufi.o [12]
    .text            ro code  0x0001ac7c     0x10  ti_getp.o [8]
    .text            ro code  0x0001ac8c     0x98  lws_wati.o [8]
    .text            ro code  0x0001ad24     0x30  ti_delti.o [8]
    .text            ro code  0x0001ad54     0xa2  mfs_valdev.o [7]
    .text            ro code  0x0001adf8    0x39c  mfs_open.o [7]
    .text            ro code  0x0001b194    0x4bc  mfs_create.o [7]
    .text            ro code  0x0001b650    0x2d0  mfs_read.o [7]
    .text            ro code  0x0001b920    0x430  mfs_write.o [7]
    .text            ro code  0x0001bd50    0x7f8  mfs_directory.o [7]
    .text            ro code  0x0001c548     0xf4  mfs_attribute.o [7]
    .text            ro code  0x0001c63c     0xe4  mfs_time.o [7]
    .text            ro code  0x0001c720    0x7ce  mfs_lfn.o [7]
    .text            ro code  0x0001ceee    0x102  mfs_delete.o [7]
    .text            ro code  0x0001cff0    0x2c0  mfs_rename.o [7]
    .text            ro code  0x0001d2b0    0x89c  mfs_format.o [7]
    .text            ro code  0x0001db4c     0x10  qu_util.o [8]
    .text            ro code  0x0001db5c     0x68  usb_mqx.o [12]
    .text            ro code  0x0001dbc4    0x3d2  host_dev_list.o [12]
    .text            ro code  0x0001df98    0x564  host_main.o [12]
    .text            ro code  0x0001e4fc    0x660  host_ch9.o [12]
    .text            ro code  0x0001eb5c    0x670  usb_host_msd_bo.o [12]
    .text            ro code  0x0001f1cc     0x36  lws_wain.o [8]
    .text            ro code  0x0001f202    0x79a  mfs_search.o [7]
    .text            ro code  0x0001f99c     0xf6  mfs_handle.o [7]
    .text            ro code  0x0001fa94    0x7f6  mfs_dir_entry.o [7]
    .text            ro code  0x0002028a     0x20  qu_head.o [8]
    .text            ro code  0x000202aa     0x22  qu_next.o [8]
    .text            ro code  0x000202cc    0x57c  mfs_parse.o [7]
    .text            ro code  0x00020848     0x50  host_close.o [12]
    .text            ro code  0x00020898     0x5a  usb_mk60.o [3]
    .text            ro code  0x000208f2     0xa2  usb_host_msd_queue.o [12]
    .text            ro code  0x00020994     0x58  host_snd.o [12]
    .text            ro code  0x000209ec     0x58  host_rcv.o [12]
    .text            ro code  0x00020a44     0x30  pa_sallz.o [8]
    .text            ro code  0x00020a74     0x1e  qu_unlnk.o [8]
    .text            ro code  0x00020a92     0x1e  strcat.o [5]
    .text            ro code  0x00020ab0    0x220  USB_Task.o [1]
    .text            ro code  0x00020cd0     0x86  lwe_crea.o [8]
    .text            ro code  0x00020d58     0x20  int_iunx.o [8]
    .text            ro code  0x00020d78     0x34  lwe_clr.o [8]
    .text            ro code  0x00020dac     0x48  lwe_watt.o [8]
    .text            ro code  0x00020df4     0x10  int_idef.o [8]
    .text            ro code  0x00020e04     0xf0  lwe_waii.o [8]
    .text            ro code  0x00020ef4    0x16c  mem_flash.o [1]
    .text            ro code  0x00021060     0x94  pin2.o [1]
    .text            ro code  0x000210f4     0xac  tq_tsusp.o [8]
    .text            ro code  0x000211a0     0x98  ta_prio.o [8]
    .text            ro code  0x00021238     0x68  sc_sprio.o [8]
    .text            ro code  0x000212a0      0x4  ta_sync.o [8]
    .text            ro code  0x000212a4    0x29c  tcpip_socket_task.o [1]
    .text            ro code  0x00021540    0x1a0  soselset.o [10]
    .text            ro code  0x000216e0     0xbc  sosel0.o [10]
    .text            ro code  0x0002179c     0xd4  timer.o [10]
    .text            ro code  0x00021870    0x3dc  yada_prj.o [1]
    .text            ro code  0x00021c4c    0x3ec  timer_lpt.o [3]
    .text            ro code  0x00022038     0x7c  timer_lpt_kinetis.o [3]
    .text            ro code  0x000220b4     0x22  I64Shl.o [9]
    .text            ro code  0x000220d8   0x12f0  ftpd_cmd.o [10]
    .text            ro code  0x000233c8     0x24  ftpd_cmd.o [10]
    .text            ro code  0x000233ec      0x4  strpbrk.o [5]
    .text            ro code  0x000233f0     0x18  rtcsmsec.o [10]
    .text            ro code  0x00023408     0x20  io_ftell.o [8]
    .text            ro code  0x00023428     0x22  strpbrk.o [5]
    .text            ro code  0x0002344a     0x1a  ti_elaps.o [8]
    .text            ro code  0x00023464     0x40  ti_elapt.o [8]
    .text            ro code  0x000234a4    0x3be  ip-e.o [10]
    .text            ro code  0x00023864    0x82c  arp.o [10]
    .text            ro code  0x00024090     0x94  enopen.o [3]
    .text            ro code  0x00024124     0x82  enclose.o [3]
    .text            ro code  0x000241a8     0xdc  rtcsrand.o [10]
    .text            ro code  0x00024284    0x496  rtcspcb.o [10]
    .text            ro code  0x0002471a    0x162  ensend.o [3]
    .text            ro code  0x0002487c    0x24c  iputil.o [10]
    .text            ro code  0x00024ac8      0x4  proxyarp.o [10]
    .text            ro code  0x00024acc     0x3c  lws_poll.o [8]
    .text            ro code  0x00024b08    0x24c  ipradix.o [10]
    .text            ro code  0x00024d54     0x94  sh_cmdlist.o [4]
    .text            ro code  0x00024de8    0x1f0  sh_copy.o [4]
    .text            ro code  0x00024fd8    0x118  sh_create.o [4]
    .text            ro code  0x000250f0    0x11c  sh_del.o [4]
    .text            ro code  0x0002520c    0x108  sh_df.o [4]
    .text            ro code  0x00025314    0x154  sh_dir.o [4]
    .text            ro code  0x00025468    0x1bc  sh_disect.o [4]
    .text            ro code  0x00025624     0x68  sh_exit.o [4]
    .text            ro code  0x0002568c    0x17c  sh_format.o [4]
    .text            ro code  0x00025808    0x108  sh_help.o [4]
    .text            ro code  0x00025910    0x22c  sh_read.o [4]
    .text            ro code  0x00025b3c     0x40  io_fputc.o [8]
    .text            ro code  0x00025b7c    0x188  sh_rename.o [4]
    .text            ro code  0x00025d04    0x12c  sh_rmdir.o [4]
    .text            ro code  0x00025e30     0xd8  sh_sh.o [4]
    .text            ro code  0x00025f08    0x130  sh_type.o [4]
    .text            ro code  0x00026038    0x250  sh_write.o [4]
    .text            ro code  0x00026288    0xa94  khci.o [12]
    .text            ro code  0x00026d1c     0x92  lwmsgq.o [8]
    .text            ro code  0x00026db0    0x138  lwmsgq_recv.o [8]
    .text            ro code  0x00026ee8     0x70  ta_creab.o [8]
    .text            ro code  0x00026f58    0x128  lwmsgq_send.o [8]
    .text            ro code  0x00027080    0x560  usb_host_hub_sm.o [12]
    .text            ro code  0x000275e0    0x3ae  usb_host_hub.o [12]
    .text            ro code  0x00027990    0x59c  sstream.o [10]
    .text            ro code  0x00027f2c    0x9f6  ip.o [10]
    .text            ro code  0x00028924    0x76c  iproute.o [10]
    .text            ro code  0x00029090     0x86  checksum.o [10]
    .text            ro code  0x00029116     0x44  ipsum.o [8]
    .text            ro code  0x0002915c    0x680  icmp.o [10]
    .text            ro code  0x000297dc     0x22  route.o [10]
    .text            ro code  0x00029800    0x19e  iplocal.o [10]
    .text            ro code  0x000299a0    0x124  tcpip.o [10]
    .text            ro code  0x00029ac4     0x16  ms_open.o [8]
    .text            ro code  0x00029adc     0x10  arpinit.o [10]
    .text            ro code  0x00029aec     0x18  bootinit.o [10]
    .text            ro code  0x00029b04     0x32  ms_recv.o [8]
    .text            ro code  0x00029b38    0x144  ms_openi.o [8]
    .text            ro code  0x00029c7c    0x320  ms_recvi.o [8]
    .text            ro code  0x00029f9c     0xe8  int_unx.o [8]
    .text            ro code  0x0002a084    0x3c4  tcp_clos.o [10]
    .text            ro code  0x0002a448    0x792  tcp_rcv.o [10]
    .text            ro code  0x0002abda    0x3a2  ticker.o [10]
    .text            ro code  0x0002af7c   0x16e2  tcp.o [10]
    .text            ro code  0x0002c65e    0x12c  sosel1.o [10]
    .text            ro code  0x0002c78c    0xfa8  tcp_send.o [10]
    .text            ro code  0x0002d734    0x412  tcp_buf.o [10]
    .text            ro code  0x0002db48     0x18  ti_getr.o [8]
    .text            ro code  0x0002db60     0x34  int_isr.o [8]
    .text            ro code  0x0002db94     0x10  td_serrt.o [8]
    .text            ro code  0x0002dba4    0x464  macnet_init.o [3]
    .text            ro code  0x0002e008     0x1c  macnet_mk60.o [3]
    .text            ro code  0x0002e024    0x49e  macnet_receive.o [3]
    .text            ro code  0x0002e4c4    0x1d4  macnet_util.o [3]
    .text            ro code  0x0002e698    0x11a  enrecv.o [3]
    .text            ro code  0x0002e7b4     0x64  int_gisr.o [8]
    .text            ro code  0x0002e818    0x1e2  ta_dest.o [8]
    .text            ro code  0x0002e9fc     0x6c  lwm_list.o [8]
    .text            ro code  0x0002ea68      0x2  stack_de.o [8]
    .text            ro code  0x0002ea6c     0x40  idletask.o [8]
    .text            ro code  0x0002eaac     0x60  ev_tdel.o [8]
    .text            ro code  0x0002eb0c     0x88  macnet_join.o [3]
    .text            ro code  0x0002eb94     0xe8  macnet_mii.o [3]
    .text            ro code  0x0002ec7c     0x4c  macnet_stop.o [3]
    .text            ro code  0x0002ecc8     0x24  ta_exit.o [8]
    .text            ro code  0x0002ecec    0x31c  udp.o [10]
    .text            ro code  0x0002f008    0x4fc  flash_ftfl.o [3]
    .text            ro code  0x0002f504     0x24  flash_mk60.o [3]
    .text            ro code  0x0002f528     0xd8  ms_tdel.o [8]
    .text            ro code  0x0002f600     0x98  pa_tdel.o [8]
    .text            ro code  0x0002f698    0x104  soip.o [10]
    .text            ro code  0x0002f79c    0x1ba  ipif_add.o [10]
    .text            ro code  0x0002f956    0x178  phy_ksz8041.o [3]
    .text            ro code  0x0002face    0x2ba  macnet_send.o [3]
    .text            ro code  0x0002fd88     0xa0  packbits_init3.o [9]
  KERNEL             ro code  0x0002fe30    0x218  dispatch.o [8]
  .iar.init_table    const    0x00030048     0x48  - Linker created -
  .rodata            const    0x00030090      0x8  DSPSPI.o [1]
  .rodata            const    0x00030098     0x1c  DSPSPI.o [1]
  .rodata            const    0x000300b4     0x24  DSPSPI.o [1]
  .rodata            const    0x000300d8     0x24  DSPSPI.o [1]
  .rodata            const    0x000300fc     0x24  DSPSPI.o [1]
  .rodata            const    0x00030120     0x10  DSPSPI.o [1]
  .rodata            const    0x00030130     0x1c  DSPSPI.o [1]
  .rodata            const    0x0003014c     0x18  DSPSPI.o [1]
  .rodata            const    0x00030164     0x1c  DSPSPI.o [1]
  .rodata            const    0x00030180     0x18  DSPSPI.o [1]
  .rodata            const    0x00030198     0x1c  DisTime.o [1]
  .rodata            const    0x000301b4      0xc  DisTime.o [1]
  .rodata            const    0x000301c0     0x10  DisTime.o [1]
  .rodata            const    0x000301d0     0x34  DisTime.o [1]
  .rodata            const    0x00030204     0x38  DisTime.o [1]
  .rodata            const    0x0003023c      0x8  FTP_Task.o [1]
  .rodata            const    0x00030244      0x8  FTP_Task.o [1]
  .rodata            const    0x0003024c      0x8  FTP_Task.o [1]
  .rodata            const    0x00030254      0x4  FTP_Task.o [1]
  .rodata            const    0x00030258      0x8  FTP_Task.o [1]
  .rodata            const    0x00030260      0x8  FTP_Task.o [1]
  .rodata            const    0x00030268      0x8  FTP_Task.o [1]
  .rodata            const    0x00030270      0x8  FTP_Task.o [1]
  .rodata            const    0x00030278      0x4  FTP_Task.o [1]
  .rodata            const    0x0003027c      0x8  FTP_Task.o [1]
  .rodata            const    0x00030284      0x8  FTP_Task.o [1]
  .rodata            const    0x0003028c      0x8  FTP_Task.o [1]
  .rodata            const    0x00030294      0x8  FTP_Task.o [1]
  .rodata            const    0x0003029c      0x8  FTP_Task.o [1]
  .rodata            const    0x000302a4      0x8  FTP_Task.o [1]
  .rodata            const    0x000302ac      0x4  FTP_Task.o [1]
  .rodata            const    0x000302b0      0x8  FTP_Task.o [1]
  .rodata            const    0x000302b8      0x8  FTP_Task.o [1]
  .rodata            const    0x000302c0      0x8  FTP_Task.o [1]
  .rodata            const    0x000302c8      0x8  FTP_Task.o [1]
  .rodata            const    0x000302d0      0x8  FTP_Task.o [1]
  .rodata            const    0x000302d8      0x4  FTP_Task.o [1]
  .rodata            const    0x000302dc      0x8  FTP_Task.o [1]
  .rodata            const    0x000302e4      0x8  FTP_Task.o [1]
  .rodata            const    0x000302ec      0x8  FTP_Task.o [1]
  .rodata            const    0x000302f4      0x8  FTP_Task.o [1]
  .rodata            const    0x000302fc      0x8  FTP_Task.o [1]
  .rodata            const    0x00030304      0x8  FTP_Task.o [1]
  .rodata            const    0x0003030c      0x8  FTP_Task.o [1]
  .rodata            const    0x00030314      0x8  FTP_Task.o [1]
  .rodata            const    0x0003031c      0x8  FTP_Task.o [1]
  .rodata            const    0x00030324     0x24  FTP_Task.o [1]
  .rodata            const    0x00030348     0x24  FTP_Task.o [1]
  .rodata            const    0x0003036c     0x24  FTP_Task.o [1]
  .rodata            const    0x00030390     0x14  FTP_Task.o [1]
  .rodata            const    0x000303a4      0xc  FTP_Task.o [1]
  .rodata            const    0x000303b0    0x100  FTP_Task.o [1]
  .rodata            const    0x000304b0      0x8  LCDDriver.o [1]
  .rodata            const    0x000304b8      0x8  LCDUart.o [1]
  .rodata            const    0x000304c0      0xc  LCDUart.o [1]
  .rodata            const    0x000304cc     0x28  LCDUart.o [1]
  .rodata            const    0x000304f4     0x24  LCDUart.o [1]
  .rodata            const    0x00030518     0x24  LCDUart.o [1]
  .rodata            const    0x0003053c     0x1c  LCDUart.o [1]
  .rodata            const    0x00030558     0x10  LCDUart.o [1]
  .rodata            const    0x00030568     0x1c  LCDUart.o [1]
  .rodata            const    0x00030584     0x18  LCDUart.o [1]
  .rodata            const    0x0003059c      0xc  MenuView.o [1]
  .rodata            const    0x000305a8     0x10  MenuView.o [1]
  .rodata            const    0x000305b8     0x10  MenuView.o [1]
  .rodata            const    0x000305c8     0x14  MenuView.o [1]
  .rodata            const    0x000305dc     0x14  MenuView.o [1]
  .rodata            const    0x000305f0     0x38  MenuView.o [1]
  .rodata            const    0x00030628     0x3c  MenuView.o [1]
  .rodata            const    0x00030664      0x4  MenuView.o [1]
  .rodata            const    0x00030668      0x8  MenuView.o [1]
  .rodata            const    0x00030670     0x24  MenuView.o [1]
  .rodata            const    0x00030694     0x48  MenuView.o [1]
  .rodata            const    0x000306dc      0x8  MenuView.o [1]
  .rodata            const    0x000306e4      0x8  MenuView.o [1]
  .rodata            const    0x000306ec      0xc  MenuView.o [1]
  .rodata            const    0x000306f8      0x8  MenuView.o [1]
  .rodata            const    0x00030700     0x10  MenuView.o [1]
  .rodata            const    0x00030710      0x8  MenuView.o [1]
  .rodata            const    0x00030718      0x8  MenuView.o [1]
  .rodata            const    0x00030720     0x2c  MenuView.o [1]
  .rodata            const    0x0003074c     0x58  MenuView.o [1]
  .rodata            const    0x000307a4     0x10  MenuView.o [1]
  .rodata            const    0x000307b4     0x10  MenuView.o [1]
  .rodata            const    0x000307c4      0xc  MenuView.o [1]
  .rodata            const    0x000307d0      0xc  MenuView.o [1]
  .rodata            const    0x000307dc      0xc  MenuView.o [1]
  .rodata            const    0x000307e8     0x14  MenuView.o [1]
  .rodata            const    0x000307fc     0x24  MenuView.o [1]
  .rodata            const    0x00030820     0x70  MenuView.o [1]
  .rodata            const    0x00030890     0x38  MenuView.o [1]
  .rodata            const    0x000308c8      0xc  MenuView.o [1]
  .rodata            const    0x000308d4      0x8  MenuView.o [1]
  .rodata            const    0x000308dc      0xc  MenuView.o [1]
  .rodata            const    0x000308e8      0xc  MenuView.o [1]
  .rodata            const    0x000308f4      0x8  MenuView.o [1]
  .rodata            const    0x000308fc     0x20  MenuView.o [1]
  .rodata            const    0x0003091c     0x20  MenuView.o [1]
  .rodata            const    0x0003093c     0x24  MenuView.o [1]
  .rodata            const    0x00030960      0xc  MenuView.o [1]
  .rodata            const    0x0003096c     0x28  MenuView.o [1]
  .rodata            const    0x00030994      0xc  MenuView.o [1]
  .rodata            const    0x000309a0      0x8  MenuView.o [1]
  .rodata            const    0x000309a8      0x8  MenuView.o [1]
  .rodata            const    0x000309b0      0x8  MenuView.o [1]
  .rodata            const    0x000309b8     0x10  MenuView.o [1]
  .rodata            const    0x000309c8      0xc  MenuView.o [1]
  .rodata            const    0x000309d4      0x8  MenuView.o [1]
  .rodata            const    0x000309dc      0x8  MenuView.o [1]
  .rodata            const    0x000309e4      0x8  MenuView.o [1]
  .rodata            const    0x000309ec      0x8  MenuView.o [1]
  .rodata            const    0x000309f4      0xc  MenuView.o [1]
  .rodata            const    0x00030a00      0x8  MenuView.o [1]
  .rodata            const    0x00030a08      0x4  Shell_Task.o [1]
  .rodata            const    0x00030a0c      0x8  Shell_Task.o [1]
  .rodata            const    0x00030a14      0x8  Shell_Task.o [1]
  .rodata            const    0x00030a1c      0x4  Shell_Task.o [1]
  .rodata            const    0x00030a20      0x8  Shell_Task.o [1]
  .rodata            const    0x00030a28      0x4  Shell_Task.o [1]
  .rodata            const    0x00030a2c      0x4  Shell_Task.o [1]
  .rodata            const    0x00030a30      0x8  Shell_Task.o [1]
  .rodata            const    0x00030a38      0x8  Shell_Task.o [1]
  .rodata            const    0x00030a40      0x8  Shell_Task.o [1]
  .rodata            const    0x00030a48      0x8  Shell_Task.o [1]
  .rodata            const    0x00030a50      0x4  Shell_Task.o [1]
  .rodata            const    0x00030a54      0x8  Shell_Task.o [1]
  .rodata            const    0x00030a5c      0x4  Shell_Task.o [1]
  .rodata            const    0x00030a60      0x8  Shell_Task.o [1]
  .rodata            const    0x00030a68      0x4  Shell_Task.o [1]
  .rodata            const    0x00030a6c      0x8  Shell_Task.o [1]
  .rodata            const    0x00030a74      0x8  Shell_Task.o [1]
  .rodata            const    0x00030a7c      0x8  Shell_Task.o [1]
  .rodata            const    0x00030a84      0x8  Shell_Task.o [1]
  .rodata            const    0x00030a8c     0x28  Shell_Task.o [1]
  .rodata            const    0x00030ab4     0x24  Shell_Task.o [1]
  .rodata            const    0x00030ad8     0x24  Shell_Task.o [1]
  .rodata            const    0x00030afc     0x20  Shell_Task.o [1]
  .rodata            const    0x00030b1c     0xb0  Shell_Task.o [1]
  .rodata            const    0x00030bcc     0x1c  USB_File.o [1]
  .rodata            const    0x00030be8     0x4c  USB_File.o [1]
  .rodata            const    0x00030c34     0x34  USB_File.o [1]
  .rodata            const    0x00030c68     0x24  USB_File.o [1]
  .rodata            const    0x00030c8c     0x20  USB_File.o [1]
  .rodata            const    0x00030cac     0x20  USB_File.o [1]
  .rodata            const    0x00030ccc     0x24  USB_File.o [1]
  .rodata            const    0x00030cf0     0x24  USB_File.o [1]
  .rodata            const    0x00030d14     0x2c  USB_File.o [1]
  .rodata            const    0x00030d40     0x24  USB_File.o [1]
  .rodata            const    0x00030d64     0x20  USB_File.o [1]
  .rodata            const    0x00030d84     0x1c  USB_File.o [1]
  .rodata            const    0x00030da0     0x18  USB_File.o [1]
  .rodata            const    0x00030db8     0x2c  USB_File.o [1]
  .rodata            const    0x00030de4     0x14  USB_File.o [1]
  .rodata            const    0x00030df8     0x24  USB_File.o [1]
  .rodata            const    0x00030e1c     0x18  USB_File.o [1]
  .rodata            const    0x00030e34     0x28  USB_File.o [1]
  .rodata            const    0x00030e5c     0x18  USB_File.o [1]
  .rodata            const    0x00030e74     0x2c  USB_File.o [1]
  .rodata            const    0x00030ea0     0x18  USB_File.o [1]
  .rodata            const    0x00030eb8     0x30  USB_File.o [1]
  .rodata            const    0x00030ee8     0x14  USB_File.o [1]
  .rodata            const    0x00030efc     0x1c  USB_File.o [1]
  .rodata            const    0x00030f18     0x18  USB_File.o [1]
  .rodata            const    0x00030f30     0x24  USB_Task.o [1]
  .rodata            const    0x00030f54     0x24  USB_Task.o [1]
  .rodata            const    0x00030f78     0x24  USB_Task.o [1]
  .rodata            const    0x00030f9c      0x8  USB_Task.o [1]
  .rodata            const    0x00030fa4      0x8  USB_Task.o [1]
  .rodata            const    0x00030fac      0x8  USB_Task.o [1]
  .rodata            const    0x00030fb4      0x8  USB_Task.o [1]
  .rodata            const    0x00030fbc     0x30  USB_Task.o [1]
  .rodata            const    0x00030fec      0x4  mem_flash.o [1]
  .rodata            const    0x00030ff0      0x8  mem_flash.o [1]
  .rodata            const    0x00030ff8     0x14  mem_flash.o [1]
  .rodata            const    0x0003100c      0x8  mem_flash.o [1]
  .rodata            const    0x00031014     0x18  mem_flash.o [1]
  .rodata            const    0x0003102c     0x18  mem_flash.o [1]
  .rodata            const    0x00031044     0x28  mem_flash.o [1]
  .rodata            const    0x0003106c     0x28  mem_flash.o [1]
  .rodata            const    0x00031094     0x1c  mem_flash.o [1]
  .rodata            const    0x000310b0     0x20  mem_flash.o [1]
  .rodata            const    0x000310d0     0x30  mem_flash.o [1]
  .rodata            const    0x00031100     0x1c  mem_flash.o [1]
  .rodata            const    0x0003111c      0xc  pin2.o [1]
  .rodata            const    0x00031128      0xc  pin2.o [1]
  .rodata            const    0x00031134      0x8  pin2.o [1]
  .rodata            const    0x0003113c     0x28  sh_cd.o [1]
  .rodata            const    0x00031164     0x2c  sh_cd.o [1]
  .rodata            const    0x00031190     0x1c  sh_cd.o [1]
  .rodata            const    0x000311ac     0x20  sh_cd.o [1]
  .rodata            const    0x000311cc     0x14  sh_cd.o [1]
  .rodata            const    0x000311e0     0x18  sh_cd.o [1]
  .rodata            const    0x000311f8     0x34  sh_cd.o [1]
  .rodata            const    0x0003122c     0x28  tcpip_socket_task.o [1]
  .rodata            const    0x00031254     0x2c  tcpip_socket_task.o [1]
  .rodata            const    0x00031280     0x1c  tcpip_socket_task.o [1]
  .rodata            const    0x0003129c     0x28  tcpip_socket_task.o [1]
  .rodata            const    0x000312c4     0x20  tcpip_socket_task.o [1]
  .rodata            const    0x000312e4     0x14  tcpip_socket_task.o [1]
  .rodata            const    0x000312f8      0x8  tcpip_socket_task.o [1]
  .rodata            const    0x00031300     0x24  tcpip_socket_task.o [1]
  .rodata            const    0x00031324     0x10  yada_prj.o [1]
  .rodata            const    0x00031334      0xc  yada_prj.o [1]
  .rodata            const    0x00031340      0xc  yada_prj.o [1]
  .rodata            const    0x0003134c     0x10  yada_prj.o [1]
  .rodata            const    0x0003135c      0xc  yada_prj.o [1]
  .rodata            const    0x00031368      0xc  yada_prj.o [1]
  .rodata            const    0x00031374     0x10  yada_prj.o [1]
  .rodata            const    0x00031384      0xc  yada_prj.o [1]
  .rodata            const    0x00031390      0xc  yada_prj.o [1]
  .rodata            const    0x0003139c      0xc  yada_prj.o [1]
  .rodata            const    0x000313a8     0x20  yada_prj.o [1]
  .rodata            const    0x000313c8     0x24  yada_prj.o [1]
  .rodata            const    0x000313ec     0x24  yada_prj.o [1]
  .rodata            const    0x00031410     0x24  yada_prj.o [1]
  .rodata            const    0x00031434      0x8  yada_prj.o [1]
  .rodata            const    0x0003143c      0x8  yada_prj.o [1]
  .rodata            const    0x00031444      0xc  yada_prj.o [1]
  .rodata            const    0x00031450    0x140  yada_prj.o [1]
  .rodata            const    0x00031590     0x18  krtc.o [3]
  .rodata            const    0x000315a8     0x18  krtc.o [3]
  .rodata            const    0x000315c0      0x4  ftpd_cmd.o [10]
  .rodata            const    0x000315c4     0x10  ftpd_cmd.o [10]
  .rodata            const    0x000315d4      0x8  ftpd_cmd.o [10]
  .rodata            const    0x000315dc      0xc  ftpd_cmd.o [10]
  .rodata            const    0x000315e8     0x14  ftpd_cmd.o [10]
  .rodata            const    0x000315fc      0x8  ftpd_cmd.o [10]
  .rodata            const    0x00031604     0x20  ftpd_cmd.o [10]
  .rodata            const    0x00031624     0x24  ftpd_cmd.o [10]
  .rodata            const    0x00031648     0x20  ftpd_cmd.o [10]
  .rodata            const    0x00031668     0x30  ftpd_cmd.o [10]
  .rodata            const    0x00031698     0x28  ftpd_cmd.o [10]
  .rodata            const    0x000316c0     0x24  ftpd_cmd.o [10]
  .rodata            const    0x000316e4     0x1c  ftpd_cmd.o [10]
  .rodata            const    0x00031700      0x4  ftpd.o [10]
  .rodata            const    0x00031704      0x8  ftpd.o [10]
  .rodata            const    0x0003170c      0xc  ip-e.o [10]
  .rodata            const    0x00031718      0x4  ip-e.o [10]
  .rodata            const    0x0003171c      0x8  rtcscmd.o [10]
  .rodata            const    0x00031724     0x28  sh_df_driver.o [4]
  .rodata            const    0x0003174c     0x14  sh_df_driver.o [4]
  .rodata            const    0x00031760     0x18  sh_df_driver.o [4]
  .rodata            const    0x00031778     0x38  sh_df_driver.o [4]
  .rodata            const    0x000317b0     0x20  sh_df_driver.o [4]
  .rodata            const    0x000317d0     0x28  sh_mkdir.o [4]
  .rodata            const    0x000317f8     0x2c  sh_mkdir.o [4]
  .rodata            const    0x00031824     0x20  sh_mkdir.o [4]
  .rodata            const    0x00031844     0x20  sh_mkdir.o [4]
  .rodata            const    0x00031864     0x14  sh_mkdir.o [4]
  .rodata            const    0x00031878     0x18  sh_mkdir.o [4]
  .rodata            const    0x00031890     0x30  sh_mkdir.o [4]
  .rodata            const    0x000318c0     0x28  sh_pwd.o [4]
  .rodata            const    0x000318e8     0x20  sh_pwd.o [4]
  .rodata            const    0x00031908      0x8  sh_pwd.o [4]
  .rodata            const    0x00031910      0x8  sh_pwd.o [4]
  .rodata            const    0x00031918      0xc  sh_pwd.o [4]
  .rodata            const    0x00031924     0x28  sh_read_wk.o [4]
  .rodata            const    0x0003194c     0x18  sh_read_wk.o [4]
  .rodata            const    0x00031964     0x20  sh_read_wk.o [4]
  .rodata            const    0x00031984      0x8  sh_read_wk.o [4]
  .rodata            const    0x0003198c      0x8  sh_read_wk.o [4]
  .rodata            const    0x00031994     0x1c  sh_read_wk.o [4]
  .rodata            const    0x000319b0     0x1c  sh_read_wk.o [4]
  .rodata            const    0x000319cc     0x2c  sh_read_wk.o [4]
  .rodata            const    0x000319f8     0x14  sh_read_wk.o [4]
  .rodata            const    0x00031a0c      0x8  sh_read_wk.o [4]
  .rodata            const    0x00031a14     0x20  sh_read_wk.o [4]
  .rodata            const    0x00031a34     0x20  sh_read_wk.o [4]
  .rodata            const    0x00031a54     0x30  sh_read_wk.o [4]
  .rodata            const    0x00031a84     0x38  sh_read_wk.o [4]
  .rodata            const    0x00031abc     0x28  sh_read_wk.o [4]
  .rodata            const    0x00031ae4     0x2c  sh_read_wk.o [4]
  .rodata            const    0x00031b10     0x34  sh_read_wk.o [4]
  .rodata            const    0x00031b44     0x20  sh_read_wk.o [4]
  .rodata            const    0x00031b64     0x28  sh_search_file_1.o [4]
  .rodata            const    0x00031b8c     0x20  sh_search_file_1.o [4]
  .rodata            const    0x00031bac     0x14  sh_search_file_1.o [4]
  .rodata            const    0x00031bc0     0x14  sh_search_file_1.o [4]
  .rodata            const    0x00031bd4     0x20  sh_search_file_1.o [4]
  .rodata            const    0x00031bf4     0x24  sh_search_file_1.o [4]
  .rodata            const    0x00031c18     0x24  sh_search_file_1.o [4]
  .rodata            const    0x00031c3c     0x14  sh_search_file_1.o [4]
  .rodata            const    0x00031c50     0x24  sh_search_file_1.o [4]
  .rodata            const    0x00031c74     0x30  sh_search_file_1.o [4]
  .rodata            const    0x00031ca4      0x8  sh_search_file_1.o [4]
  .rodata            const    0x00031cac      0x8  sh_update.o [4]
  .rodata            const    0x00031cb4     0x24  sh_update.o [4]
  .rodata            const    0x00031cd8     0x28  sh_update.o [4]
  .rodata            const    0x00031d00     0x28  sh_update.o [4]
  .rodata            const    0x00031d28     0x1c  sh_update.o [4]
  .rodata            const    0x00031d44     0x28  sh_write_binary.o [4]
  .rodata            const    0x00031d6c     0x20  sh_write_binary.o [4]
  .rodata            const    0x00031d8c      0x8  sh_write_binary.o [4]
  .rodata            const    0x00031d94      0x8  sh_write_binary.o [4]
  .rodata            const    0x00031d9c     0x1c  sh_write_binary.o [4]
  .rodata            const    0x00031db8     0x1c  sh_write_binary.o [4]
  .rodata            const    0x00031dd4     0x2c  sh_write_binary.o [4]
  .rodata            const    0x00031e00     0x20  sh_write_binary.o [4]
  .rodata            const    0x00031e20     0x20  sh_write_binary.o [4]
  .rodata            const    0x00031e40     0x38  sh_write_binary.o [4]
  .rodata            const    0x00031e78     0x3c  sh_write_binary.o [4]
  .rodata            const    0x00031eb4     0x28  sh_write_binary.o [4]
  .rodata            const    0x00031edc     0x2c  sh_write_binary.o [4]
  .rodata            const    0x00031f08     0x34  sh_write_binary.o [4]
  .rodata            const    0x00031f3c     0x20  sh_write_binary.o [4]
  .rodata            const    0x00031f5c     0x1c  sh_write_binary.o [4]
  .rodata            const    0x00031f78     0x10  mfs_misc.o [7]
  .rodata            const    0x00031f88     0x1c  mfs_misc.o [7]
  .rodata            const    0x00031fa4     0x14  mfs_misc.o [7]
  .rodata            const    0x00031fb8     0x14  mfs_misc.o [7]
  .rodata            const    0x00031fcc     0x14  mfs_misc.o [7]
  .rodata            const    0x00031fe0     0x14  mfs_misc.o [7]
  .rodata            const    0x00031ff4     0x18  mfs_misc.o [7]
  .rodata            const    0x0003200c     0x24  mfs_misc.o [7]
  .rodata            const    0x00032030     0x24  mfs_misc.o [7]
  .rodata            const    0x00032054     0x1c  mfs_misc.o [7]
  .rodata            const    0x00032070     0x14  mfs_misc.o [7]
  .rodata            const    0x00032084     0x28  mfs_misc.o [7]
  .rodata            const    0x000320ac     0x14  mfs_misc.o [7]
  .rodata            const    0x000320c0     0x18  mfs_misc.o [7]
  .rodata            const    0x000320d8     0x10  mfs_misc.o [7]
  .rodata            const    0x000320e8     0x10  mfs_misc.o [7]
  .rodata            const    0x000320f8     0x18  mfs_misc.o [7]
  .rodata            const    0x00032110     0x10  mfs_misc.o [7]
  .rodata            const    0x00032120     0x18  mfs_misc.o [7]
  .rodata            const    0x00032138     0x18  mfs_misc.o [7]
  .rodata            const    0x00032150     0x10  mfs_misc.o [7]
  .rodata            const    0x00032160     0x14  mfs_misc.o [7]
  .rodata            const    0x00032174      0x8  mfs_misc.o [7]
  .rodata            const    0x0003217c     0x1c  mfs_misc.o [7]
  .rodata            const    0x00032198     0x14  mfs_misc.o [7]
  .rodata            const    0x000321ac     0x1c  mfs_misc.o [7]
  .rodata            const    0x000321c8     0x1c  mfs_misc.o [7]
  .rodata            const    0x000321e4     0x18  mfs_misc.o [7]
  .rodata            const    0x000321fc     0x20  mfs_misc.o [7]
  .rodata            const    0x0003221c     0x10  mfs_misc.o [7]
  .rodata            const    0x0003222c     0x14  mfs_misc.o [7]
  .rodata            const    0x00032240     0x1c  mfs_misc.o [7]
  .rodata            const    0x0003225c     0x1c  mfs_misc.o [7]
  .rodata            const    0x00032278     0x14  mfs_misc.o [7]
  .rodata            const    0x0003228c     0x18  mfs_misc.o [7]
  .rodata            const    0x000322a4     0x14  mfs_misc.o [7]
  .rodata            const    0x000322b8     0x14  mfs_misc.o [7]
  .rodata            const    0x000322cc     0x14  shell.o [4]
  .rodata            const    0x000322e0      0xc  shell.o [4]
  .rodata            const    0x000322ec     0x30  shell.o [4]
  .rodata            const    0x0003231c      0xc  shell.o [4]
  .rodata            const    0x00032328      0x8  shell.o [4]
  .rodata            const    0x00032330     0x38  shell.o [4]
  .rodata            const    0x00032368     0x14  shell.o [4]
  .rodata            const    0x0003237c      0x8  sh_cmdlist.o [4]
  .rodata            const    0x00032384      0xc  sh_cmdlist.o [4]
  .rodata            const    0x00032390     0x28  sh_copy.o [4]
  .rodata            const    0x000323b8     0x20  sh_copy.o [4]
  .rodata            const    0x000323d8     0x2c  sh_copy.o [4]
  .rodata            const    0x00032404     0x24  sh_copy.o [4]
  .rodata            const    0x00032428     0x2c  sh_copy.o [4]
  .rodata            const    0x00032454     0x40  sh_copy.o [4]
  .rodata            const    0x00032494     0x18  sh_copy.o [4]
  .rodata            const    0x000324ac     0x1c  sh_copy.o [4]
  .rodata            const    0x000324c8     0x24  sh_copy.o [4]
  .rodata            const    0x000324ec     0x20  sh_copy.o [4]
  .rodata            const    0x0003250c     0x28  sh_create.o [4]
  .rodata            const    0x00032534     0x20  sh_create.o [4]
  .rodata            const    0x00032554     0x2c  sh_create.o [4]
  .rodata            const    0x00032580     0x20  sh_create.o [4]
  .rodata            const    0x000325a0     0x1c  sh_create.o [4]
  .rodata            const    0x000325bc     0x20  sh_create.o [4]
  .rodata            const    0x000325dc     0x28  sh_create.o [4]
  .rodata            const    0x00032604     0x20  sh_create.o [4]
  .rodata            const    0x00032624     0x28  sh_del.o [4]
  .rodata            const    0x0003264c     0x20  sh_del.o [4]
  .rodata            const    0x0003266c     0x2c  sh_del.o [4]
  .rodata            const    0x00032698     0x18  sh_del.o [4]
  .rodata            const    0x000326b0      0xc  sh_del.o [4]
  .rodata            const    0x000326bc     0x14  sh_del.o [4]
  .rodata            const    0x000326d0     0x24  sh_del.o [4]
  .rodata            const    0x000326f4     0x28  sh_df.o [4]
  .rodata            const    0x0003271c     0x14  sh_df.o [4]
  .rodata            const    0x00032730     0x18  sh_df.o [4]
  .rodata            const    0x00032748     0x38  sh_df.o [4]
  .rodata            const    0x00032780     0x20  sh_df.o [4]
  .rodata            const    0x000327a0     0x18  sh_df.o [4]
  .rodata            const    0x000327b8     0x20  sh_df.o [4]
  .rodata            const    0x000327d8      0x8  sh_df.o [4]
  .rodata            const    0x000327e0     0x28  sh_dir.o [4]
  .rodata            const    0x00032808     0x20  sh_dir.o [4]
  .rodata            const    0x00032828     0x14  sh_dir.o [4]
  .rodata            const    0x0003283c     0x24  sh_dir.o [4]
  .rodata            const    0x00032860     0x24  sh_dir.o [4]
  .rodata            const    0x00032884     0x1c  sh_dir.o [4]
  .rodata            const    0x000328a0     0x24  sh_dir.o [4]
  .rodata            const    0x000328c4     0x24  sh_dir.o [4]
  .rodata            const    0x000328e8     0x30  sh_dir.o [4]
  .rodata            const    0x00032918     0x28  sh_disect.o [4]
  .rodata            const    0x00032940     0x18  sh_disect.o [4]
  .rodata            const    0x00032958     0x20  sh_disect.o [4]
  .rodata            const    0x00032978     0x28  sh_disect.o [4]
  .rodata            const    0x000329a0     0x24  sh_disect.o [4]
  .rodata            const    0x000329c4     0x10  sh_disect.o [4]
  .rodata            const    0x000329d4      0x8  sh_disect.o [4]
  .rodata            const    0x000329dc     0x18  sh_disect.o [4]
  .rodata            const    0x000329f4     0x20  sh_disect.o [4]
  .rodata            const    0x00032a14     0x24  sh_disect.o [4]
  .rodata            const    0x00032a38     0x24  sh_disect.o [4]
  .rodata            const    0x00032a5c      0xc  sh_exit.o [4]
  .rodata            const    0x00032a68      0x8  sh_format.o [4]
  .rodata            const    0x00032a70      0x4  sh_format.o [4]
  .rodata            const    0x00032a74      0x4  sh_format.o [4]
  .rodata            const    0x00032a78      0x4  sh_format.o [4]
  .rodata            const    0x00032a7c      0x4  sh_format.o [4]
  .rodata            const    0x00032a80     0x28  sh_format.o [4]
  .rodata            const    0x00032aa8     0x24  sh_format.o [4]
  .rodata            const    0x00032acc     0x10  sh_format.o [4]
  .rodata            const    0x00032adc     0x20  sh_format.o [4]
  .rodata            const    0x00032afc     0x2c  sh_format.o [4]
  .rodata            const    0x00032b28      0x8  sh_format.o [4]
  .rodata            const    0x00032b30     0x20  sh_format.o [4]
  .rodata            const    0x00032b50     0x28  sh_format.o [4]
  .rodata            const    0x00032b78     0x40  sh_format.o [4]
  .rodata            const    0x00032bb8     0x34  sh_format.o [4]
  .rodata            const    0x00032bec     0x14  sh_format.o [4]
  .rodata            const    0x00032c00      0x8  sh_help.o [4]
  .rodata            const    0x00032c08      0x8  sh_help.o [4]
  .rodata            const    0x00032c10     0x18  sh_help.o [4]
  .rodata            const    0x00032c28      0x8  sh_help.o [4]
  .rodata            const    0x00032c30     0x28  sh_help.o [4]
  .rodata            const    0x00032c58     0x10  sh_help.o [4]
  .rodata            const    0x00032c68     0x18  sh_help.o [4]
  .rodata            const    0x00032c80     0x28  sh_help.o [4]
  .rodata            const    0x00032ca8     0x28  sh_read.o [4]
  .rodata            const    0x00032cd0     0x18  sh_read.o [4]
  .rodata            const    0x00032ce8     0x20  sh_read.o [4]
  .rodata            const    0x00032d08      0x8  sh_read.o [4]
  .rodata            const    0x00032d10      0x8  sh_read.o [4]
  .rodata            const    0x00032d18     0x1c  sh_read.o [4]
  .rodata            const    0x00032d34     0x1c  sh_read.o [4]
  .rodata            const    0x00032d50     0x2c  sh_read.o [4]
  .rodata            const    0x00032d7c     0x14  sh_read.o [4]
  .rodata            const    0x00032d90      0x8  sh_read.o [4]
  .rodata            const    0x00032d98     0x20  sh_read.o [4]
  .rodata            const    0x00032db8     0x20  sh_read.o [4]
  .rodata            const    0x00032dd8     0x30  sh_read.o [4]
  .rodata            const    0x00032e08     0x38  sh_read.o [4]
  .rodata            const    0x00032e40     0x28  sh_read.o [4]
  .rodata            const    0x00032e68     0x2c  sh_read.o [4]
  .rodata            const    0x00032e94     0x34  sh_read.o [4]
  .rodata            const    0x00032ec8     0x20  sh_read.o [4]
  .rodata            const    0x00032ee8     0x28  sh_rename.o [4]
  .rodata            const    0x00032f10     0x2c  sh_rename.o [4]
  .rodata            const    0x00032f3c     0x34  sh_rename.o [4]
  .rodata            const    0x00032f70     0x20  sh_rename.o [4]
  .rodata            const    0x00032f90     0x18  sh_rename.o [4]
  .rodata            const    0x00032fa8     0x1c  sh_rename.o [4]
  .rodata            const    0x00032fc4     0x20  sh_rename.o [4]
  .rodata            const    0x00032fe4     0x28  sh_rename.o [4]
  .rodata            const    0x0003300c     0x24  sh_rename.o [4]
  .rodata            const    0x00033030     0x28  sh_rmdir.o [4]
  .rodata            const    0x00033058     0x2c  sh_rmdir.o [4]
  .rodata            const    0x00033084     0x20  sh_rmdir.o [4]
  .rodata            const    0x000330a4     0x20  sh_rmdir.o [4]
  .rodata            const    0x000330c4     0x14  sh_rmdir.o [4]
  .rodata            const    0x000330d8     0x14  sh_rmdir.o [4]
  .rodata            const    0x000330ec     0x18  sh_rmdir.o [4]
  .rodata            const    0x00033104     0x30  sh_rmdir.o [4]
  .rodata            const    0x00033134     0x28  sh_sh.o [4]
  .rodata            const    0x0003315c     0x20  sh_sh.o [4]
  .rodata            const    0x0003317c     0x10  sh_sh.o [4]
  .rodata            const    0x0003318c     0x18  sh_sh.o [4]
  .rodata            const    0x000331a4     0x28  sh_sh.o [4]
  .rodata            const    0x000331cc     0x20  sh_type.o [4]
  .rodata            const    0x000331ec     0x2c  sh_type.o [4]
  .rodata            const    0x00033218     0x20  sh_type.o [4]
  .rodata            const    0x00033238     0x38  sh_type.o [4]
  .rodata            const    0x00033270     0x10  sh_type.o [4]
  .rodata            const    0x00033280     0x18  sh_type.o [4]
  .rodata            const    0x00033298     0x28  sh_type.o [4]
  .rodata            const    0x000332c0     0x28  sh_write.o [4]
  .rodata            const    0x000332e8     0x20  sh_write.o [4]
  .rodata            const    0x00033308     0x18  sh_write.o [4]
  .rodata            const    0x00033320      0x8  sh_write.o [4]
  .rodata            const    0x00033328      0x8  sh_write.o [4]
  .rodata            const    0x00033330     0x1c  sh_write.o [4]
  .rodata            const    0x0003334c     0x1c  sh_write.o [4]
  .rodata            const    0x00033368     0x2c  sh_write.o [4]
  .rodata            const    0x00033394     0x20  sh_write.o [4]
  .rodata            const    0x000333b4     0x20  sh_write.o [4]
  .rodata            const    0x000333d4     0x30  sh_write.o [4]
  .rodata            const    0x00033404     0x38  sh_write.o [4]
  .rodata            const    0x0003343c     0x28  sh_write.o [4]
  .rodata            const    0x00033464     0x2c  sh_write.o [4]
  .rodata            const    0x00033490     0x34  sh_write.o [4]
  .rodata            const    0x000334c4     0x20  sh_write.o [4]
  .rodata            const    0x000334e4     0x20  usbmfs.o [12]
  .rodata            const    0x00033504      0xc  khci.o [12]
  .rodata            const    0x00033510     0x38  khci.o [12]
  .rodata            const    0x00033548     0x50  host_common.o [12]
  .rodata            const    0x00033598     0x50  usb_mqx.o [12]
  .rodata            const    0x000335e8     0x50  host_main.o [12]
  .rodata            const    0x00033638      0x8  sh_util.o [4]
  .rodata            const    0x00033640      0x8  sh_util.o [4]
  .rodata            const    0x00033648     0x3c  sstream.o [10]
  .rodata            const    0x00033684     0x58  usb_host_hub.o [12]
  .rodata            const    0x000336dc     0x5c  usb_host_msd_bo.o [12]
  .rodata            const    0x00033738     0x10  timer_lpt.o [3]
  .rodata            const    0x00033748      0xc  timer_lpt.o [3]
  .rodata            const    0x00033754     0x18  mqx.o [8]
  .rodata            const    0x0003376c      0xc  mqx.o [8]
  .rodata            const    0x00033778      0x4  mqx.o [8]
  .rodata            const    0x0003377c      0x4  mqx.o [8]
  .rodata            const    0x00033780     0x14  io_dopr.o [8]
  .rodata            const    0x00033794     0x14  io_dopr.o [8]
  .rodata            const    0x000337a8     0x1c  ti_rom.o [8]
  .rodata            const    0x000337c4     0x68  ti_rom.o [8]
  .rodata            const    0x0003382c    0x20c  ti_rom.o [8]
  .rodata            const    0x00033a38      0x8  init_enet.o [3]
  .rodata            const    0x00033a40     0x10  init_enet.o [3]
  .rodata            const    0x00033a50     0x24  init_enet.o [3]
  .rodata            const    0x00033a74      0x8  init_enet.o [3]
  .rodata            const    0x00033a7c      0x8  sotcp.o [10]
  .rodata            const    0x00033a84      0x4  dir_read.o [7]
  .rodata            const    0x00033a88      0x4  dir_read.o [7]
  .rodata            const    0x00033a8c      0x4  dir_read.o [7]
  .rodata            const    0x00033a90      0x4  dir_read.o [7]
  .rodata            const    0x00033a94      0x4  dir_read.o [7]
  .rodata            const    0x00033a98      0x4  dir_read.o [7]
  .rodata            const    0x00033a9c      0x4  dir_read.o [7]
  .rodata            const    0x00033aa0      0x4  dir_read.o [7]
  .rodata            const    0x00033aa4      0x4  dir_read.o [7]
  .rodata            const    0x00033aa8      0x4  dir_read.o [7]
  .rodata            const    0x00033aac      0x4  dir_read.o [7]
  .rodata            const    0x00033ab0      0x4  dir_read.o [7]
  .rodata            const    0x00033ab4     0x40  dir_read.o [7]
  .rodata            const    0x00033af4     0x14  dir_read.o [7]
  .rodata            const    0x00033b08     0x10  dir_read.o [7]
  .rodata            const    0x00033b18      0xc  dir_read.o [7]
  .rodata            const    0x00033b24      0xc  dir_read.o [7]
  .rodata            const    0x00033b30      0x8  dir_read.o [7]
  .rodata            const    0x00033b38      0x8  dir_read.o [7]
  .rodata            const    0x00033b40     0x30  dir_read.o [7]
  .rodata            const    0x00033b70     0x18  ftpd_msg.o [10]
  .rodata            const    0x00033b88     0x1c  ftpd_msg.o [10]
  .rodata            const    0x00033ba4     0x34  ftpd_msg.o [10]
  .rodata            const    0x00033bd8     0x30  ftpd_msg.o [10]
  .rodata            const    0x00033c08     0x10  ftpd_msg.o [10]
  .rodata            const    0x00033c18     0x14  ftpd_msg.o [10]
  .rodata            const    0x00033c2c     0x14  ftpd_msg.o [10]
  .rodata            const    0x00033c40     0x18  ftpd_msg.o [10]
  .rodata            const    0x00033c58     0x18  ftpd_msg.o [10]
  .rodata            const    0x00033c70     0x20  ftpd_msg.o [10]
  .rodata            const    0x00033c90     0x18  ftpd_msg.o [10]
  .rodata            const    0x00033ca8     0x10  ftpd_msg.o [10]
  .rodata            const    0x00033cb8     0x3c  ftpd_msg.o [10]
  .rodata            const    0x00033cf4     0x38  ftpd_msg.o [10]
  .rodata            const    0x00033d2c     0x30  ftpd_msg.o [10]
  .rodata            const    0x00033d5c     0x1c  ftpd_msg.o [10]
  .rodata            const    0x00033d78      0xc  ftpd_msg.o [10]
  .rodata            const    0x00033d84     0x30  ftpd_msg.o [10]
  .rodata            const    0x00033db4     0x30  ftpd_msg.o [10]
  .rodata            const    0x00033de4     0x20  ftpd_msg.o [10]
  .rodata            const    0x00033e04     0x20  ftpd_msg.o [10]
  .rodata            const    0x00033e24     0x1c  ftpd_msg.o [10]
  .rodata            const    0x00033e40      0xc  ftpd_msg.o [10]
  .rodata            const    0x00033e4c     0x14  ftpd_msg.o [10]
  .rodata            const    0x00033e60     0x14  ftpd_msg.o [10]
  .rodata            const    0x00033e74     0x14  ftpd_msg.o [10]
  .rodata            const    0x00033e88     0x34  ftpd_msg.o [10]
  .rodata            const    0x00033ebc     0x20  ftpd_msg.o [10]
  .rodata            const    0x00033edc     0x1c  ftpd_msg.o [10]
  .rodata            const    0x00033ef8     0x20  ftpd_msg.o [10]
  .rodata            const    0x00033f18     0x38  ftpd_msg.o [10]
  .rodata            const    0x00033f50      0x8  soip.o [10]
  .rodata            const    0x00033f58     0x14  mfs_create.o [7]
  .rodata            const    0x00033f6c     0x14  mfs_create.o [7]
  .rodata            const    0x00033f80     0x14  mfs_format.o [7]
  .rodata            const    0x00033f94     0x14  mfs_format.o [7]
  .rodata            const    0x00033fa8     0x14  mfs_format.o [7]
  .rodata            const    0x00033fbc     0x30  mfs_format.o [7]
  .rodata            const    0x00033fec      0x8  mfs_lfn.o [7]
  .rodata            const    0x00033ff4      0xc  mfs_lfn.o [7]
  .rodata            const    0x00034000     0x54  host_dev_list.o [12]
  .rodata            const    0x00034054     0x24  host_dev_list.o [12]
  .rodata            const    0x00034078     0x20  int_unx.o [8]
  .rodata            const    0x00034098     0x30  int_unx.o [8]
  .rodata            const    0x000340c8     0x3c  int_unx.o [8]
  .rodata            const    0x00034104     0x14  int_unx.o [8]
  .rodata            const    0x00034118     0x28  int_unx.o [8]
  .rodata            const    0x00034140     0x50  host_ch9.o [12]
  .rodata            const    0x00034190      0x8  host_ch9.o [12]
  .rodata            const    0x00034198     0x50  host_rcv.o [12]
  .rodata            const    0x000341e8     0x50  host_snd.o [12]
  .rodata            const    0x00034238      0x4  timer_lpt_kinetis.o [3]
  .rodata            const    0x0003423c      0x4  timer_lpt_kinetis.o [3]
  .rodata            const    0x00034240      0x4  timer_lpt_kinetis.o [3]
  .rodata            const    0x00034244      0x8  init_bsp.o [3]
  .rodata            const    0x0003424c      0x8  init_bsp.o [3]
  .rodata            const    0x00034254      0x8  init_bsp.o [3]
  .rodata            const    0x0003425c      0x8  init_bsp.o [3]
  .rodata            const    0x00034264      0x8  init_bsp.o [3]
  .rodata            const    0x0003426c      0x8  init_bsp.o [3]
  .rodata            const    0x00034274      0x8  init_bsp.o [3]
  .rodata            const    0x0003427c      0x8  init_bsp.o [3]
  .rodata            const    0x00034284      0x8  init_bsp.o [3]
  .rodata            const    0x0003428c      0x8  init_bsp.o [3]
  .rodata            const    0x00034294      0x8  init_bsp.o [3]
  .rodata            const    0x0003429c      0x8  init_bsp.o [3]
  .rodata            const    0x000342a4      0x8  init_bsp.o [3]
  .rodata            const    0x000342ac      0x8  init_bsp.o [3]
  .rodata            const    0x000342b4      0x8  init_bsp.o [3]
  .rodata            const    0x000342bc      0x8  init_bsp.o [3]
  .rodata            const    0x000342c4      0x8  init_bsp.o [3]
  .rodata            const    0x000342cc      0x8  init_bsp.o [3]
  .rodata            const    0x000342d4      0x8  init_bsp.o [3]
  .rodata            const    0x000342dc      0x8  init_bsp.o [3]
  .rodata            const    0x000342e4      0x8  init_bsp.o [3]
  .rodata            const    0x000342ec      0x8  init_bsp.o [3]
  .rodata            const    0x000342f4      0x8  init_bsp.o [3]
  .rodata            const    0x000342fc      0x8  init_bsp.o [3]
  .rodata            const    0x00034304     0x10  mqxiinit.o [8]
  .rodata            const    0x00034314     0x20  macnet_init.o [3]
  .rodata            const    0x00034334     0x14  phy_ksz8041.o [3]
  .rodata            const    0x00034348      0xc  iplocal.o [10]
  .rodata            const    0x00034354      0x4  iplocal.o [10]
  .rodata            const    0x00034358      0xc  rtcsinit.o [10]
  .rodata            const    0x00034364     0x1c  init_gpio.o [3]
  .rodata            const    0x00034380     0x1c  init_gpio.o [3]
  .rodata            const    0x0003439c      0x4  init_gpio.o [3]
  .rodata            const    0x000343a0     0x50  host_close.o [12]
  .rodata            const    0x000343f0     0x1c  bsp_cm.o [3]
  .rodata            const    0x0003440c     0x78  bsp_cm.o [3]
  .rodata            const    0x00034484     0x10  init_adc.o [3]
  .rodata            const    0x00034494     0x18  init_adc.o [3]
  .rodata            const    0x000344ac     0x30  init_spi.o [3]
  .rodata            const    0x000344dc     0x30  init_spi.o [3]
  .rodata            const    0x0003450c     0x30  init_spi.o [3]
  .rodata            const    0x0003453c      0xc  init_esdhc.o [3]
  .rodata            const    0x00034548      0x8  init_flashx.o [3]
  .rodata            const    0x00034550      0x8  init_flashx.o [3]
  .rodata            const    0x00034558     0x30  init_flashx.o [3]
  .rodata            const    0x00034588     0x20  init_flashx.o [3]
  .rodata            const    0x000345a8     0x14  init_i2c.o [3]
  .rodata            const    0x000345bc     0x20  init_sci.o [3]
  .rodata            const    0x000345dc     0x20  init_sci.o [3]
  .rodata            const    0x000345fc     0x20  init_sci.o [3]
  .rodata            const    0x0003461c     0x20  init_sci.o [3]
  .rodata            const    0x0003463c     0x20  init_sci.o [3]
  .rodata            const    0x0003465c     0x20  init_sci.o [3]
  .rodata            const    0x0003467c     0x40  spi_dma_dspi.o [3]
  .rodata            const    0x000346bc     0x10  spi_pol_dspi.o [3]
  .rodata            const    0x000346cc     0x40  spi_pol_dspi.o [3]
  .rodata            const    0x0003470c     0x10  spi_pol_dspi.o [3]
  .rodata            const    0x0003471c    0x100  esdhc.o [3]
  .rodata            const    0x0003481c      0xc  i2c_pol_ki2c.o [3]
[...]
                        0x0001e7df    0x36  Code  Gb  host_ch9.o [12]
_usb_host_register_service
                        0x0001e243    0x76  Code  Gb  host_main.o [12]
_usb_host_send_call_interface
                        0x0001dfb7    0x20  Code  Gb  host_main.o [12]
_usb_host_send_data     0x00020995    0x52  Code  Gb  host_snd.o [12]
_usb_host_send_setup    0x0001e489    0x6a  Code  Gb  host_main.o [12]
_usb_host_send_setup_call_interface
                        0x0001dfd7    0x20  Code  Gb  host_main.o [12]
_usb_host_set_up_TR     0x0001e42d    0x5c  Code  Gb  host_main.o [12]
_usb_host_update_device_address_call_interface
                        0x0001e099    0x20  Code  Gb  host_main.o [12]
_usb_host_update_max_packet_size_call_interface
                        0x0001e079    0x20  Code  Gb  host_main.o [12]
_usb_hostdev_cntrl_request
                        0x0001eabd    0x92  Code  Gb  host_ch9.o [12]
_usb_hostdev_free_buffer
                        0x0001a183    0x6c  Code  Gb  host_common.o [12]
_usb_hostdev_get_buffer
                        0x0001a109     0xc  Code  Gb  host_common.o [12]
_usb_hostdev_get_buffer_aligned
                        0x0001a115    0x6e  Code  Gb  host_common.o [12]
_usb_hostdev_get_descriptor
                        0x0001a25b   0x1ca  Code  Gb  host_common.o [12]
_usb_hostdev_select_interface
                        0x0001a9cb   0x1dc  Code  Gb  host_common.o [12]
_usb_khci_add_int_tr    0x000262f5    0x6c  Code  Lc  khci.o [12]
_usb_khci_atom_tr       0x000269d9   0x304  Code  Lc  khci.o [12]
_usb_khci_attach        0x0002645d    0x7c  Code  Lc  khci.o [12]
_usb_khci_bus_control   0x00026949     0x4  Code  Lc  khci.o [12]
_usb_khci_cancel        0x00026929    0x20  Code  Lc  khci.o [12]
_usb_khci_detach        0x0002651d    0x2e  Code  Lc  khci.o [12]
_usb_khci_get_frame_number
                        0x0002694d    0x10  Code  Lc  khci.o [12]
_usb_khci_get_hot_int_tr
                        0x00026397    0xc6  Code  Lc  khci.o [12]
_usb_khci_host_close_pipe
                        0x00026cf9    0x24  Code  Lc  khci.o [12]
_usb_khci_init          0x00026819    0xa6  Code  Lc  khci.o [12]
_usb_khci_init_int_tr   0x000262df    0x16  Code  Lc  khci.o [12]
_usb_khci_isr           0x00026289    0x56  Code  Lc  khci.o [12]
_usb_khci_process_tr_complete
                        0x0002695d    0x7c  Code  Lc  khci.o [12]
_usb_khci_recv          0x00026907    0x22  Code  Lc  khci.o [12]
_usb_khci_reset         0x000264d9    0x44  Code  Lc  khci.o [12]
_usb_khci_rm_int_tr     0x00026361    0x36  Code  Lc  khci.o [12]
_usb_khci_send          0x000268c3    0x22  Code  Lc  khci.o [12]
_usb_khci_send_setup    0x000268e5    0x22  Code  Lc  khci.o [12]
_usb_khci_shutdown      0x000268bf     0x4  Code  Lc  khci.o [12]
_usb_khci_task          0x0002654b   0x272  Code  Lc  khci.o [12]
_usb_khci_task_create   0x000267bd    0x5c  Code  Lc  khci.o [12]
abs                     0x0000dbcf     0x8  Code  Gb  abs.o [5]
adc_address             0x00034a64     0x8  Data  Lc  adc_mk60.o [3]
adc_bundle              0x1fff5f54     0x4  Data  Gb  adc_kadc.o [3]
adc_calibrate           0x0000a467    0xaa  Code  Lc  adc_kadc.o [3]
adc_complete_isr        0x0000a449    0x1e  Code  Lc  adc_kadc.o [3]
adc_get_calibration_data
                        0x0000a511    0x64  Code  Lc  adc_kadc.o [3]
adc_internal            0x1fff5f40    0x14  Data  Lc  adc_kadc.o [3]
adc_process_all_data    0x0000a3f5    0x32  Code  Gb  adc_kadc.o [3]
adc_process_data        0x0000a357    0x9e  Code  Lc  adc_kadc.o [3]
adc_set_calibration_data
                        0x0000a575    0x64  Code  Lc  adc_kadc.o [3]
adt_idelay_isr          0x0000b069    0x36  Code  Lc  adt_kpdb.o [3]
adt_period_prescaler    0x0000a8d5   0x1e0  Code  Lc  adt_kpdb.o [3]
alarm_time              0x1fff5e90     0x4  Data  Lc  krtc.o [3]
bdt                     0x1fff0200   0x200  Data  Lc  khci.o [12]
class_interface_map     0x1fff0108    0x24  Data  Gb  usb_classes.o [1]
cos                     0x00014f63     0x6  Code  Gb  cos.o [6]
count                   0x1fff5fb0     0x1  Data  Lc  DSPSPI.o [1]
delay_ms                0x00014a35    0x16  Code  Gb  System.o [1]
delay_us                0x00014a4d    0x1a  Code  Gb  System.o [1]
device                  0x1fff5e70    0x20  Data  Gb  USB_Task.o [1]
dspi_address            0x000349c4     0xc  Data  Lc  spi_mk60_dspi.o [3]
dspi_vectors            0x000349d0     0xc  Data  Lc  spi_mk60_dspi.o [3]
evntyear_old            0x1fff5fa8     0x2  Data  Gb  MenuView.o [1]
exit                    0x000004d5     0x4  Code  Gb  exit.o [5]
first_irq               0x1fff5f3c     0x4  Data  Gb  io_gpio.o [3]
flexnvm_flash_ioctl     0x0002f46b    0x96  Code  Gb  flash_ftfl.o [3]
flexnvm_prog_part       0x0002f403    0x40  Code  Gb  flash_ftfl.o [3]
flexnvm_read_resource   0x0002f3bf    0x44  Code  Gb  flash_ftfl.o [3]
flexnvm_set_flexram     0x0002f443    0x28  Code  Gb  flash_ftfl.o [3]
flg_int                 0x00014755   0x1e6  Code  Gb  MenuView.o [1]
fmod                    0x000174d5          Code  Gb  fmod.o [6]
fmodl                   0x000174d5          Code  Gb  fmod.o [6]
ftfl_flash_command_sequence
                        0x0002f009   0x1c4  Code  Lc  flash_ftfl.o [3]
ftfl_flash_deinit       0x0002f201    0x22  Code  Gb  flash_ftfl.o [3]
ftfl_flash_erase_sector
                        0x0002f24b    0xa2  Code  Gb  flash_ftfl.o [3]
ftfl_flash_init         0x0002f1cd    0x34  Code  Gb  flash_ftfl.o [3]
ftfl_flash_write_sector
                        0x0002f2ed    0xb8  Code  Gb  flash_ftfl.o [3]
ftfl_init_ram_function  0x0002f223    0x28  Code  Gb  flash_ftfl.o [3]
ftfl_ram_function       0x0002f3a5    0x18  Code  Lc  flash_ftfl.o [3]
ftfl_ram_function_end   0x0002f3bd     0x2  Code  Lc  flash_ftfl.o [3]
ftpmsg_bad_option       0x00033d5c    0x1c  Data  Gb  ftpd_msg.o [10]
ftpmsg_badcmd           0x00033c40    0x18  Data  Gb  ftpd_msg.o [10]
ftpmsg_badport          0x00033c58    0x18  Data  Gb  ftpd_msg.o [10]
ftpmsg_banner           0x00033b88    0x1c  Data  Gb  ftpd_msg.o [10]
ftpmsg_cd_error         0x00033de4    0x20  Data  Gb  ftpd_msg.o [10]
ftpmsg_delete_error     0x00033e24    0x1c  Data  Gb  ftpd_msg.o [10]
ftpmsg_goodbye          0x00033ca8    0x10  Data  Gb  ftpd_msg.o [10]
ftpmsg_help_end         0x00033db4    0x30  Data  Gb  ftpd_msg.o [10]
ftpmsg_help_start       0x00033d84    0x30  Data  Gb  ftpd_msg.o [10]
ftpmsg_logged           0x00033c08    0x10  Data  Gb  ftpd_msg.o [10]
ftpmsg_no_datacon       0x00033ef8    0x20  Data  Gb  ftpd_msg.o [10]
ftpmsg_no_file          0x00033e88    0x34  Data  Gb  ftpd_msg.o [10]
ftpmsg_no_fs            0x00033cb8    0x3c  Data  Gb  ftpd_msg.o [10]
ftpmsg_no_memory        0x00033f18    0x38  Data  Gb  ftpd_msg.o [10]
ftpmsg_ok               0x00033e40     0xc  Data  Gb  ftpd_msg.o [10]
ftpmsg_opening_datacon  0x00033ebc    0x20  Data  Gb  ftpd_msg.o [10]
ftpmsg_pasv_mode        0x00033cf4    0x38  Data  Gb  ftpd_msg.o [10]
ftpmsg_portok           0x00033b70    0x18  Data  Gb  ftpd_msg.o [10]
ftpmsg_rmdir_error      0x00033e04    0x20  Data  Gb  ftpd_msg.o [10]
ftpmsg_rxok             0x00033ba4    0x34  Data  Gb  ftpd_msg.o [10]
ftpmsg_site_info        0x00033d2c    0x30  Data  Gb  ftpd_msg.o [10]
ftpmsg_size             0x00033c90    0x18  Data  Gb  ftpd_msg.o [10]
ftpmsg_syst             0x00033d78     0xc  Data  Gb  ftpd_msg.o [10]
ftpmsg_tx_complete      0x00033edc    0x1c  Data  Gb  ftpd_msg.o [10]
ftpmsg_txok             0x00033bd8    0x30  Data  Gb  ftpd_msg.o [10]
ftpmsg_type_ascii       0x00033e4c    0x14  Data  Gb  ftpd_msg.o [10]
ftpmsg_type_image       0x00033e60    0x14  Data  Gb  ftpd_msg.o [10]
ftpmsg_type_unknown     0x00033e74    0x14  Data  Gb  ftpd_msg.o [10]
ftpmsg_unimp            0x00033c70    0x20  Data  Gb  ftpd_msg.o [10]
ftpmsg_writeeof         0x00033c2c    0x14  Data  Gb  ftpd_msg.o [10]
ftpmsg_writefail        0x00033c18    0x14  Data  Gb  ftpd_msg.o [10]
get_irq_mask            0x0000912d    0x2a  Code  Lc  io_gpio_kgpio.o [3]
gpio_cpu_configure      0x00009157   0x160  Code  Gb  io_gpio_kgpio.o [3]
gpio_cpu_init           0x000092b7     0xa  Code  Gb  io_gpio_kgpio.o [3]
gpio_cpu_ioctl          0x000094b5   0x4f8  Code  Gb  io_gpio_kgpio.o [3]
gpio_cpu_open           0x00009375   0x140  Code  Gb  io_gpio_kgpio.o [3]
gpio_eport_irq          0x000099ad    0x9c  Code  Lc  io_gpio_kgpio.o [3]
gpio_global_irq_map     0x1fff5f90    0x14  Data  Gb  io_gpio_kgpio.o [3]
gpio_global_pin_map     0x1fff5f7c    0x14  Data  Gb  io_gpio_kgpio.o [3]
hub_anchor              0x1fff5f0c     0x4  Data  Lc  usb_host_hub.o [12]
init_hardware           0x000005fd    0x3c  Code  Gb  init_hw.o [3]
install_isr             0x000092c1    0xb4  Code  Lc  io_gpio_kgpio.o [3]
int_callback            0x00021871    0x1e  Code  Gb  yada_prj.o [1]
isalpha                 0x00010215     0x8  Code  Gb  io_util.o [8]
isdigit                 0x00016cbf    0x10  Code  Gb  sh_util.o [4]
isgraph                 0x0000f4c9    0x18  Code  Gb  io_util.o [8]
isprint                 0x0000fe9f    0x2a  Code  Gb  io_util.o [8]
ispunct                 0x0001021d     0x8  Code  Gb  io_util.o [8]
isupper                 0x0000fe97     0x8  Code  Gb  io_util.o [8]
isxdigit                0x000233c9    0x24  Code  Gb  ftpd_cmd.o [10]
kinetis_flash_invalidate_cache
                        0x0002f509    0x16  Code  Gb  flash_mk60.o [3]
linemark                0x000120c9   0x176  Code  Gb  MenuView.o [1]
lower_hex_string        0x00033794    0x14  Data  Lc  io_dopr.o [8]
lpt_address             0x00034238     0x4  Data  Lc  timer_lpt_kinetis.o [3]
lpt_clock_source        0x00034240     0x4  Data  Lc  timer_lpt_kinetis.o [3]
lpt_vectors             0x0003423c     0x4  Data  Lc  timer_lpt_kinetis.o [3]
main                    0x000004c5    0x10  Code  Gb  mqx_main.o [3]
mass_anchor             0x1fff5f10     0x4  Data  Lc  usb_host_msd_bo.o [12]
mem_flash_app           0x00020ef5   0x16c  Code  Gb  mem_flash.o [1]
memcmp                  0x000176e9          Code  Gb  memcmp.o [9]
memcpy                  0x0000b2a1     0xe  Code  Gb  esdhc.o [3]
months                  0x00033b40    0x30  Data  Lc  dir_read.o [7]
pctl_ptr_arr            0x00034a40    0x14  Data  Lc  io_gpio_kgpio.o [3]
pdb_external            0x1fff0178     0x4  Data  Lc  adt_kpdb.o [3]
pdb_internal            0x1fff5f58    0x24  Data  Lc  adt_kpdb.o [3]
phy_ksz8041_IF          0x00034334    0x14  Data  Gb  phy_ksz8041.o [3]
phy_ksz8041_discover_addr
                        0x0002f957    0x46  Code  Lc  phy_ksz8041.o [3]
phy_ksz8041_get_link_status
                        0x0002fa89    0x46  Code  Lc  phy_ksz8041.o [3]
phy_ksz8041_get_speed   0x0002fa43    0x46  Code  Lc  phy_ksz8041.o [3]
phy_ksz8041_init        0x0002f99d    0xa6  Code  Lc  phy_ksz8041.o [3]
pipe_init_params_prototype
                        0x00034054    0x24  Data  Lc  host_dev_list.o [12]
print_current_time      0x0000767d    0x1e  Code  Lc  DisTime.o [1]
print_mqx_time          0x00007655    0x28  Code  Lc  DisTime.o [1]
print_rtc_time          0x0000769b    0x28  Code  Lc  DisTime.o [1]
read_buffer             0x1fff012c     0x8  Data  Gb  yada_prj.o [1]
req_prototype           0x00034190     0x8  Data  Lc  host_ch9.o [12]
reseed                  0x1fff5f24     0x4  Data  Lc  rtcsrand.o [10]
rtcs_enet               0x0003170c     0xc  Data  Lc  ip-e.o [10]
rtcs_local              0x00034348     0xc  Data  Lc  iplocal.o [10]
seed                    0x1fff5f20     0x4  Data  Lc  rtcsrand.o [10]
send_U16str             0x0000b6bd    0x2e  Code  Gb  LCDDriver.o [1]
send_U8str              0x0000b68f    0x2e  Code  Gb  LCDDriver.o [1]
send_area               0x0000b667    0x28  Code  Gb  LCDDriver.o [1]
send_byte               0x0000b617    0x12  Code  Gb  LCDDriver.o [1]
send_end                0x0000b6eb    0x14  Code  Gb  LCDDriver.o [1]
send_word               0x0000b629    0x2a  Code  Gb  LCDDriver.o [1]
send_xy                 0x0000b653    0x14  Code  Gb  LCDDriver.o [1]
sin                     0x0001509d     0x6  Code  Gb  sin.o [6]
spi2_dma_int            0x00008e69    0x74  Code  Gb  DSPSPI.o [1]
spifd_2                 0x1fff3e10     0x4  Data  Gb  DSPSPI.o [1]
state                   0x1fff0174     0x4  Data  Lc  rtcsrand.o [10]
strcat                  0x00020a93    0x1e  Code  Gb  strcat.o [5]
strcmp                  0x0000b0d1          Code  Gb  strcmp.o [9]
strcpy                  0x0000f485          Code  Gb  strcpy.o [9]
strlen                  0x0000b115          Code  Gb  strlen.o [9]
strncmp                 0x0000ca81    0x2a  Code  Gb  strncmp.o [5]
strncpy                 0x0000d229          Code  Gb  strncpy.o [9]
strpbrk                 0x000233ed     0x4  Code  Gb  strpbrk.o [5]
sw_time                 0x1fff5e94     0x4  Data  Lc  krtc.o [3]
systick_config          0x00001b81     0xc  Code  Gb  init_bsp.o [3]
systick_init            0x00001b8d    0x34  Code  Lc  init_bsp.o [3]
tcp_socket_task         0x000212a5   0x29c  Code  Gb  tcpip_socket_task.o [1]
time                    0x1fff400c     0x8  Data  Gb  MenuView.o [1]
timer_isr               0x0002188f    0x2a  Code  Lc  yada_prj.o [1]
tolower                 0x0000f4e1     0x8  Code  Gb  io_util.o [8]
tr_index                0x1fff5ed4     0x4  Data  Lc  host_common.o [12]
uart_isr                0x00002cb5    0x76  Code  Gb  serl_int_kuart.o [3]
uart_lcd                0x1fff3e14     0x4  Data  Gb  LCDDriver.o [1]
upper_hex_string        0x00033780    0x14  Data  Lc  io_dopr.o [8]
usb_class_hub_clear_feature
                        0x00027819    0x1e  Code  Gb  usb_host_hub.o [12]
usb_class_hub_clear_port_feature
                        0x00027837    0x24  Code  Gb  usb_host_hub.o [12]
usb_class_hub_cntrl_callback
                        0x0002769d    0x1a  Code  Gb  usb_host_hub.o [12]
usb_class_hub_cntrl_common
                        0x000276b7    0xfe  Code  Gb  usb_host_hub.o [12]
usb_class_hub_get_app   0x0002763d    0x60  Code  Gb  usb_host_hub.o [12]
usb_class_hub_get_descriptor
                        0x000277b5    0x40  Code  Gb  usb_host_hub.o [12]
usb_class_hub_get_port_status
                        0x0002787b    0x22  Code  Gb  usb_host_hub.o [12]
usb_class_hub_get_status
                        0x0002785b    0x20  Code  Gb  usb_host_hub.o [12]
usb_class_hub_init      0x000275e1    0x5c  Code  Gb  usb_host_hub.o [12]
usb_class_hub_int_callback
                        0x00027975    0x1a  Code  Gb  usb_host_hub.o [12]
usb_class_hub_set_port_feature
                        0x000277f5    0x24  Code  Gb  usb_host_hub.o [12]
usb_class_hub_wait_for_interrupt
                        0x0002789d    0xcc  Code  Gb  usb_host_hub.o [12]
usb_class_mass_call_back_cbw
                        0x0001ec69    0xa2  Code  Lc  usb_host_msd_bo.o [12]
usb_class_mass_call_back_csw
                        0x0001ede1   0x12e  Code  Lc  usb_host_msd_bo.o [12]
usb_class_mass_call_back_dphase
                        0x0001ed0b    0xd6  Code  Lc  usb_host_msd_bo.o [12]
usb_class_mass_clear_bulk_pipe_on_usb
                        0x0001eff9    0x7c  Code  Lc  usb_host_msd_bo.o [12]
usb_class_mass_deleteq  0x0002093b    0x34  Code  Gb  usb_host_msd_queue.o [12]
usb_class_mass_get_pending_request
                        0x0002096f    0x26  Code  Gb  usb_host_msd_queue.o [12]
usb_class_mass_init     0x0001eb5d    0x88  Code  Gb  usb_host_msd_bo.o [12]
usb_class_mass_pass_on_usb
                        0x0001ef0f    0xea  Code  Lc  usb_host_msd_bo.o [12]
usb_class_mass_q_init   0x000208f3     0xc  Code  Gb  usb_host_msd_queue.o [12]
usb_class_mass_q_insert
                        0x000208ff    0x3c  Code  Gb  usb_host_msd_queue.o [12]
usb_class_mass_reset_callback
                        0x0001f0dd    0xd0  Code  Lc  usb_host_msd_bo.o [12]
usb_class_mass_reset_recovery_on_usb
                        0x0001f075    0x68  Code  Gb  usb_host_msd_bo.o [12]
usb_class_mass_storage_device_command
                        0x0001ebe5    0x84  Code  Gb  usb_host_msd_bo.o [12]
usb_dev_list_attach_device
                        0x0001dd7b   0x120  Code  Gb  host_dev_list.o [12]
usb_dev_list_close_pipe
                        0x0001dea5    0x46  Code  Lc  host_dev_list.o [12]
usb_dev_list_close_pipe_bundle
                        0x0001deeb    0x2a  Code  Gb  host_dev_list.o [12]
usb_dev_list_detach_device
                        0x0001df15    0x82  Code  Gb  host_dev_list.o [12]
usb_dev_list_free_mem   0x0001dc1b    0x76  Code  Gb  host_dev_list.o [12]
usb_dev_list_free_memlist
                        0x0001dbc5    0x56  Code  Gb  host_dev_list.o [12]
usb_dev_list_get_mem    0x0001dc91    0xea  Code  Gb  host_dev_list.o [12]
usb_filesystem_install  0x00017e4d   0x18c  Code  Gb  USB_File.o [1]
usb_filesystem_uninstall
                        0x00017fd9    0xde  Code  Gb  USB_File.o [1]
usb_host_ch9_dev_req    0x0001e815    0x8e  Code  Lc  host_ch9.o [12]
usb_host_class_intf_init
                        0x0001a4a3    0xf8  Code  Gb  host_common.o [12]
usb_host_class_intf_validate
                        0x0001a59b    0x22  Code  Gb  host_common.o [12]
usb_host_cntrl_transaction_done
                        0x0001e4fd   0x2e2  Code  Lc  host_ch9.o [12]
usb_host_driver_info_match
                        0x0001a5bd    0xec  Code  Lc  host_common.o [12]
usb_host_driver_info_nonzero
                        0x0001a713    0x4a  Code  Lc  host_common.o [12]
usb_host_driver_info_scan
                        0x0001a6a9    0x6a  Code  Lc  host_common.o [12]
usb_host_hub_device_event
                        0x00027081    0x9e  Code  Gb  usb_host_hub_sm.o [12]
usb_host_hub_device_sm  0x00027121   0x45c  Code  Lc  usb_host_hub_sm.o [12]
usb_host_hub_int_callback
                        0x0002757d    0x60  Code  Lc  usb_host_hub_sm.o [12]
usb_host_map_class_intf
                        0x0001a75d    0x3a  Code  Lc  host_common.o [12]
usb_host_mass_device_event
                        0x00020ab1    0x6e  Code  Gb  USB_Task.o [1]
usb_host_state_struct_ptr
                        0x1fff5ed8     0x4  Data  Gb  host_main.o [12]
usb_hostdev_attach_detach
                        0x0001a099    0x48  Code  Gb  host_common.o [12]
usb_hostdev_delete_interface
                        0x0001a7c7    0xce  Code  Gb  host_common.o [12]
usb_hostdev_get_class   0x0001a1ef    0x6c  Code  Lc  host_common.o [12]
usb_hostdev_get_pipe_handle
                        0x0001a425    0x7e  Code  Gb  host_common.o [12]
usb_hostdev_mask_class_etc
                        0x0001a895    0x2a  Code  Lc  host_common.o [12]
usb_hostdev_open_pipe   0x0001a8bf   0x10c  Code  Lc  host_common.o [12]
usb_hostdev_tr_init     0x0001aba7    0x36  Code  Gb  host_common.o [12]
usb_hostdev_validate    0x0001a0e1    0x28  Code  Gb  host_common.o [12]
usb_mass_ufi_cancel     0x0001ac71     0xc  Code  Gb  usb_host_msd_ufi.o [12]
usb_mass_ufi_generic    0x0001abed    0x84  Code  Gb  usb_host_msd_ufi.o [12]
user_enables            0x1fff5e98     0x4  Data  Lc  krtc.o [3]
user_requests           0x1fff5e9c     0x4  Data  Lc  krtc.o [3]


[1] = L:\git_workspace\YD_PRJ_NEW_20130323_git_\IAR\twrk60n512\Int Flash Debug\Obj
[2] = command line
[3] = 3.8.0bsp_twrk60n512_130512.a
[4] = 3.8.0shell_twrk60n512_130512.a
[5] = dl7M_tln.a
[6] = m7M_tl.a
[7] = mfs_twrk60n512_d.a
[8] = psp_twrk60n512_d.a
[9] = rt7M_tl.a
[10] = rtcs_twrk60n512_d_20130105.a
[11] = shb_l.a
[12] = usb_hdk_twrk60n512_d.a

  195 624 bytes of readonly  code memory
   20 278 bytes of readonly  data memory
   25 723 bytes of readwrite data memory

Errors: none
Warnings: none
