###############################################################################
#                                                                             #
# IAR ELF Linker V6.30.1.53127/W32 for ARM              25/Mar/2013  21:40:34 #
# Copyright 2007-2011 IAR Systems AB.                                         #
#                                                                             #
#    Output file  =  E:\Freescale\mqx_test\YD_PRJ_NEW_20130322_newgui_\IAR\tw #
#                    rk60n512\Int Flash Debug\Exe\twrk60n512.out              #
#    Map file     =  E:\Freescale\mqx_test\YD_PRJ_NEW_20130322_newgui_\IAR\tw #
#                    rk60n512\Int Flash Debug\List\twrk60n512.map             #
#    Command line =  "E:\Freescale\mqx_test\YD_PRJ_NEW_20130322_newgui_\IAR\t #
#                    wrk60n512\Int Flash Debug\Obj\DSPSPI.o"                  #
#                    "E:\Freescale\mqx_test\YD_PRJ_NEW_20130322_newgui_\IAR\t #
#                    wrk60n512\Int Flash Debug\Obj\DataConvert.o"             #
#                    "E:\Freescale\mqx_test\YD_PRJ_NEW_20130322_newgui_\IAR\t #
#                    wrk60n512\Int Flash Debug\Obj\FTP_Task.o"                #
#                    "E:\Freescale\mqx_test\YD_PRJ_NEW_20130322_newgui_\IAR\t #
#                    wrk60n512\Int Flash Debug\Obj\LCDDriver.o"               #
#                    "E:\Freescale\mqx_test\YD_PRJ_NEW_20130322_newgui_\IAR\t #
#                    wrk60n512\Int Flash Debug\Obj\LCDUart.o"                 #
#                    "E:\Freescale\mqx_test\YD_PRJ_NEW_20130322_newgui_\IAR\t #
#                    wrk60n512\Int Flash Debug\Obj\MenuView.o"                #
#                    "E:\Freescale\mqx_test\YD_PRJ_NEW_20130322_newgui_\IAR\t #
#                    wrk60n512\Int Flash Debug\Obj\SD_task.o"                 #
#                    "E:\Freescale\mqx_test\YD_PRJ_NEW_20130322_newgui_\IAR\t #
#                    wrk60n512\Int Flash Debug\Obj\Shell_Task.o"              #
#                    "E:\Freescale\mqx_test\YD_PRJ_NEW_20130322_newgui_\IAR\t #
#                    wrk60n512\Int Flash Debug\Obj\System.o"                  #
#                    "E:\Freescale\mqx_test\YD_PRJ_NEW_20130322_newgui_\IAR\t #
#                    wrk60n512\Int Flash Debug\Obj\USB_File.o"                #
#                    "E:\Freescale\mqx_test\YD_PRJ_NEW_20130322_newgui_\IAR\t #
#                    wrk60n512\Int Flash Debug\Obj\USB_Task.o"                #
#                    "E:\Freescale\mqx_test\YD_PRJ_NEW_20130322_newgui_\IAR\t #
#                    wrk60n512\Int Flash Debug\Obj\mem_flash.o"               #
#                    "E:\Freescale\mqx_test\YD_PRJ_NEW_20130322_newgui_\IAR\t #
#                    wrk60n512\Int Flash Debug\Obj\mem_ram.o"                 #
#                    "E:\Freescale\mqx_test\YD_PRJ_NEW_20130322_newgui_\IAR\t #
#                    wrk60n512\Int Flash Debug\Obj\pin2.o"                    #
#                    "E:\Freescale\mqx_test\YD_PRJ_NEW_20130322_newgui_\IAR\t #
#                    wrk60n512\Int Flash Debug\Obj\usb_classes.o"             #
#                    "E:\Freescale\mqx_test\YD_PRJ_NEW_20130322_newgui_\IAR\t #
#                    wrk60n512\Int Flash Debug\Obj\yada_prj.o"                #
#                    E:\Freescale\mqx_test\YD_PRJ_NEW_20130322_newgui_\lib\tw #
#                    rk60n512.iar\bsp\bsp_twrk60n512_20130322_no_event.a      #
#                    E:\Freescale\mqx_test\YD_PRJ_NEW_20130322_newgui_\lib\tw #
#                    rk60n512.iar\mfs\mfs_twrk60n512_d.a                      #
#                    E:\Freescale\mqx_test\YD_PRJ_NEW_20130322_newgui_\lib\tw #
#                    rk60n512.iar\psp\psp_twrk60n512_d.a                      #
#                    E:\Freescale\mqx_test\YD_PRJ_NEW_20130322_newgui_\lib\tw #
#                    rk60n512.iar\rtcs\rtcs_twrk60n512_d_20130105.a           #
#                    E:\Freescale\mqx_test\YD_PRJ_NEW_20130322_newgui_\lib\tw #
#                    rk60n512.iar\shell\shell_twrk60n512_d_20130319.a         #
#                    E:\Freescale\mqx_test\YD_PRJ_NEW_20130322_newgui_\lib\tw #
#                    rk60n512.iar\usb\host\usb_hdk_twrk60n512_d.a --redirect  #
#                    _Printf=_PrintfFull --redirect _Scanf=_ScanfFull -o      #
#                    "E:\Freescale\mqx_test\YD_PRJ_NEW_20130322_newgui_\IAR\t #
#                    wrk60n512\Int Flash Debug\Exe\twrk60n512.out" --map      #
#                    "E:\Freescale\mqx_test\YD_PRJ_NEW_20130322_newgui_\IAR\t #
#                    wrk60n512\Int Flash Debug\List\twrk60n512.map" --config  #
#                    E:\Freescale\mqx_test\YD_PRJ_NEW_20130322_newgui_\IAR\.. #
#                    \lib\twrk60n512.iar\bsp\intflash.icf --redirect          #
#                    __iar_dlmalloc=malloc --redirect __iar_dlcalloc=calloc   #
#                    --redirect __iar_dlfree=free --semihosting --entry       #
#                    __iar_program_start --vfe                                #
#                                                                             #
#                                                                             #
###############################################################################

*******************************************************************************
*** RUNTIME MODEL ATTRIBUTES
***

CppFlavor                   = *
__SystemLibrary             = DLib
__dlib_jmp_buf_num_elements = 8


*******************************************************************************
*** PLACEMENT SUMMARY
***

"A1":  place at 0x00000000 { ro section .intvec, block CFMPROTROM };
"P1":  place in [from 0x00000000 to 0x0007ffff] {
          first block TEXTSECTION, ro, last block FLASHX_POOL };
"P2":  place in [from 0x1fff0000 to 0x2000fff0] { rw, last block KERNEL_DATA };

  Section            Kind        Address     Size  Object
  -------            ----        -------     ----  ------
"A1":                                       0x414
  .intvec            const    0x00000000    0x400  vectors.o [3]
  CFMPROTROM                  0x00000400     0x14  <Block>
    .cfmconfig       const    0x00000400     0x10  vectors.o [3]
    .cfmconfig       const    0x00000410      0x0  vectors.o [3]
    CFMPROTROM       const    0x00000410      0x4  <Block tail>
                            - 0x00000414    0x414

"P1":                                     0x313e4
  TEXTSECTION                 0x00000420  0x2c574  <Block>
    .text            ro code  0x00000420     0x4c  cortex_boot.o [7]
    .text            ro code  0x0000046c      0xc  cstartup_M.o [8]
    .text            ro code  0x00000478     0x16  cmain.o [8]
    .text            ro code  0x0000048e      0xa  iar.o [3]
    .text            ro code  0x00000498     0x2c  data_init3.o [8]
    .text            ro code  0x000004c4     0x10  mqx_main.o [3]
    .text            ro code  0x000004d4      0x4  exit.o [4]
    .text            ro code  0x000004d8    0x190  init_hw.o [3]
    .text            ro code  0x00000668    0x1a8  mqx.o [7]
    .text            ro code  0x00000810      0xa  cexit.o [8]
    .text            ro code  0x0000081a     0x46  sotcp.o [9]
    .text            ro code  0x00000860    0x79c  bsp_cm.o [3]
    .text            ro code  0x00000ffc    0x538  init_gpio.o [3]
    .text            ro code  0x00001534    0x134  mem_zero.o [7]
    .text            ro code  0x00001668     0x76  ABImemcpy.o [8]
    .text            ro code  0x000016de     0x56  macnet_rejoin.o [3]
    .text            ro code  0x00001734     0xd8  mqxiinit.o [7]
    .text            ro code  0x0000180c     0x28  lwm_init.o [7]
    .text            ro code  0x00001834     0x18  lwm_gsys.o [7]
    .text            ro code  0x0000184c     0x24  lwm_size.o [7]
    .text            ro code  0x00001870    0x1c4  ta_init.o [7]
    .text            ro code  0x00001a34     0xc0  sc_irdyq.o [7]
    .text            ro code  0x00001af4     0x74  lws_crea.o [7]
    .text            ro code  0x00001b68    0x2c8  init_bsp.o [3]
    .text            ro code  0x00001e30     0x24  int_disa.o [7]
    .text            ro code  0x00001e54     0x14  exit.o [10]
    .text            ro code  0x00001e68     0x14  cm.o [3]
    .text            ro code  0x00001e7c      0xc  qu_init.o [7]
    .text            ro code  0x00001e88     0x64  lwm_crep.o [7]
    .text            ro code  0x00001eec    0x204  lwm_alli.o [7]
    .text            ro code  0x000020f0     0x34  td_serr.o [7]
    .text            ro code  0x00002124     0xd0  td_alloc.o [7]
    .text            ro code  0x000021f4     0x68  stack_bu.o [7]
    .text            ro code  0x0000225c      0x8  lwm_xfri.o [7]
    .text            ro code  0x00002264     0x18  lwm_allz.o [7]
    .text            ro code  0x0000227c     0x38  int_ena.o [7]
    .text            ro code  0x000022b4     0x3e  qu_enq.o [7]
    .text            ro code  0x000022f2     0x22  zero_init3.o [8]
    .text            ro code  0x00002314      0xc  mqx_scpu.o [7]
    .text            ro code  0x00002320     0x30  lwm_allo.o [7]
    .text            ro code  0x00002350     0x14  psp_iinit.o [7]
    .text            ro code  0x00002364     0x10  int_vtab.o [7]
    .text            ro code  0x00002374     0x10  ti_setv.o [7]
    .text            ro code  0x00002384     0xb0  int_iisr.o [7]
    .text            ro code  0x00002434     0x10  ti_sett.o [7]
    .text            ro code  0x00002444     0x10  ti_shwtt.o [7]
    .text            ro code  0x00002454     0x14  ti_shwtf.o [7]
    .text            ro code  0x00002468     0x14  kinetis_mpu.o [7]
    .text            ro code  0x0000247c     0x18  io_init.o [7]
    .text            ro code  0x00002494    0x3b4  serl_pol_kuart.o [3]
    .text            ro code  0x00002848    0x1f0  serl_int_kuart.o [3]
    .text            ro code  0x00002a38    0x86c  i2c_pol_ki2c.o [3]
    .text            ro code  0x000032a4    0x6aa  i2c_int_ki2c.o [3]
    .text            ro code  0x0000394e     0x2e  copy_init3.o [8]
    .text            ro code  0x0000397c    0x9e8  spi_pol_dspi.o [3]
    .text            ro code  0x00004364    0x7a4  spi_dma_dspi.o [3]
    .text            ro code  0x00004b08    0x28c  io_gpio.o [3]
    .text            ro code  0x00004d94    0x5ae  adc.o [3]
    .text            ro code  0x00005344    0xc76  esdhc.o [3]
    .text            ro code  0x00005fbc    0xd3c  flashx.o [3]
    .text            ro code  0x00006cf8     0x34  io_sinit.o [3]
    .text            ro code  0x00006d2c     0xe0  ti_krnl.o [7]
    .text            ro code  0x00006e0c     0xfc  lwm_free.o [7]
    .text            ro code  0x00006f08     0x40  qu_insrt.o [7]
    .text            ro code  0x00006f48     0x78  int_init.o [7]
    .text            ro code  0x00006fc0     0x10  int_inst.o [7]
    .text            ro code  0x00006fd0    0x53c  serl_pol.o [3]
    .text            ro code  0x0000750c     0x4c  serl_mk60.o [3]
    .text            ro code  0x00007558     0x18  lwm_zsys.o [7]
    .text            ro code  0x00007570    0x610  serl_int.o [3]
    .text            ro code  0x00007b80     0x60  int_gdat.o [7]
    .text            ro code  0x00007be0      0x4  int_geh.o [7]
    .text            ro code  0x00007be4     0xa0  cortex.o [7]
    .text            ro code  0x00007c84     0xf0  ev_open.o [7]
    .text            ro code  0x00007d74     0xe0  ev_set.o [7]
    .text            ro code  0x00007e54    0x170  i2c_pol.o [3]
    .text            ro code  0x00007fc4     0x38  i2c_mk60.o [3]
    .text            ro code  0x00007ffc    0x16c  i2c_int.o [3]
    .text            ro code  0x00008168    0x196  spi_pol.o [3]
    .text            ro code  0x00008300     0x30  spi_mk60_dspi.o [3]
    .text            ro code  0x00008330    0x1a2  spi_int.o [3]
    .text            ro code  0x000084d4     0x24  io_pntf.o [7]
    .text            ro code  0x000084f8    0x2dc  DSPSPI.o [1]
    .text            ro code  0x000087d4    0x994  io_gpio_kgpio.o [3]
    .text            ro code  0x00009168     0x1a  io_inst.o [7]
    .text            ro code  0x00009182     0x3e  io_ioctl.o [7]
    .text            ro code  0x000091c0    0xac0  adc_kadc.o [3]
    .text            ro code  0x00009c80    0xaf8  adt_kpdb.o [3]
    .text            ro code  0x0000a778     0x42  strcmp.o [8]
    .text            ro code  0x0000a7bc     0x36  strlen.o [8]
    .text            ro code  0x0000a7f4     0x38  ti_delay.o [7]
    .text            ro code  0x0000a82c    0x108  io_instx.o [7]
    .text            ro code  0x0000a934     0x14  esdhc_mk60.o [3]
    .text            ro code  0x0000a948      0xe  esdhc.o [3]
    .text            ro code  0x0000a958     0x78  lws_wait.o [7]
    .text            ro code  0x0000a9d0    0x17c  mem_copy.o [7]
    .text            ro code  0x0000ab4c     0x7c  lws_post.o [7]
    .text            ro code  0x0000abc8     0xa0  io_fopen.o [7]
    .text            ro code  0x0000ac68     0x34  psp_tinm.o [7]
    .text            ro code  0x0000ac9c     0x84  tq_creat.o [7]
    .text            ro code  0x0000ad20     0x80  tq_dest.o [7]
    .text            ro code  0x0000ada0     0xd8  tq_func.o [7]
    .text            ro code  0x0000ae78     0x94  na_findi.o [7]
    .text            ro code  0x0000af0c     0x48  io_ghand.o [7]
    .text            ro code  0x0000af54    0xbd4  io_dopr.o [7]
    .text            ro code  0x0000bb28     0x34  io_fclos.o [7]
    .text            ro code  0x0000bb5c     0x14  ev_creat.o [7]
    .text            ro code  0x0000bb70     0x3a  ev_all.o [7]
    .text            ro code  0x0000bbac     0x48  ev_clear.o [7]
    .text            ro code  0x0000bbf4     0x2a  strncmp.o [4]
    .text            ro code  0x0000bc20      0x6  ABImemclr4.o [8]
    .text            ro code  0x0000bc28     0x14  adc_mk60.o [3]
    .text            ro code  0x0000bc3c    0x132  I64DivMod.o [8]
    .text            ro code  0x0000bd70     0xd4  lwe_set.o [7]
    .text            ro code  0x0000be44     0x84  psp_mstiq.o [7]
    .text            ro code  0x0000bec8     0x48  psp_tiad.o [7]
    .text            ro code  0x0000bf10     0x88  ti_deli.o [7]
    .text            ro code  0x0000bf98     0x2e  qu_deq.o [7]
    .text            ro code  0x0000bfc6     0x2c  sc_ipq.o [7]
    .text            ro code  0x0000bff2     0x1c  strnlen.o [7]
    .text            ro code  0x0000c010     0xc0  ev_creai.o [7]
    .text            ro code  0x0000c0d0    0x108  ev_waiti.o [7]
    .text            ro code  0x0000c1d8     0x32  ABImemset48.o [8]
    .text            ro code  0x0000c20c      0x2  I64DivZer.o [8]
    .text            ro code  0x0000c210     0xcc  ev_comp.o [7]
    .text            ro code  0x0000c2dc     0x6c  strncpy.o [8]
    .text            ro code  0x0000c348    0x138  na_addi.o [7]
    .text            ro code  0x0000c480     0x34  ti_delun.o [7]
    .text            ro code  0x0000c4b4     0x38  ti_delfo.o [7]
    .text            ro code  0x0000c4ec     0x7c  na_crth.o [7]
    .text            ro code  0x0000c568     0x5e  ABImemset.o [8]
    .text            ro code  0x0000c5c8    0x37c  DataConvert.o [1]
    .text            ro code  0x0000c944     0xfc  FltDiv.o [5]
    .text            ro code  0x0000ca40     0xd8  FltMul.o [5]
    .text            ro code  0x0000cb18     0x24  FltToU32.o [5]
    .text            ro code  0x0000cb3c     0x32  I32ToFlt.o [5]
    .text            ro code  0x0000cb6e      0x8  abs.o [4]
    .text            ro code  0x0000cb78     0xe6  FltSub.o [5]
    .text            ro code  0x0000cc60     0x44  FltToS32.o [5]
    .text            ro code  0x0000cca4     0x24  FltCmpLe.o [5]
    .text            ro code  0x0000ccc8     0x84  FltAdd.o [5]
    .text            ro code  0x0000cd4c    0x300  LCDDriver.o [1]
    .text            ro code  0x0000d04c     0x24  io_write.o [7]
    .text            ro code  0x0000d070     0xe8  FTP_Task.o [1]
    .text            ro code  0x0000d158    0x26c  rtcscmd.o [9]
    .text            ro code  0x0000d3c4     0x24  enaddr.o [3]
    .text            ro code  0x0000d3e8    0x104  eninit.o [3]
    .text            ro code  0x0000d4ec     0x5c  ifadd.o [9]
    .text            ro code  0x0000d548    0x644  ftpd.o [9]
    .text            ro code  0x0000db8c     0xe4  mqx_ioc.o [7]
    .text            ro code  0x0000dc70    0x1b6  rtcspart.o [9]
    .text            ro code  0x0000de28     0x2c  ms_id.o [7]
    .text            ro code  0x0000de54     0x16  ms_pool.o [7]
    .text            ro code  0x0000de6c     0xa8  rtcstask.o [9]
    .text            ro code  0x0000df14     0x6c  ms_dpool.o [7]
    .text            ro code  0x0000df80     0xcc  ms_alloc.o [7]
    .text            ro code  0x0000e04c     0x58  td_get.o [7]
    .text            ro code  0x0000e0a4      0xc  ms_sendb.o [7]
    .text            ro code  0x0000e0b0     0x48  ta_rdy.o [7]
    .text            ro code  0x0000e0f8      0xc  ms_send.o [7]
    .text            ro code  0x0000e104     0x10  td_gid.o [7]
    .text            ro code  0x0000e114     0x1c  td_gerr.o [7]
    .text            ro code  0x0000e130     0x24  td_util.o [7]
    .text            ro code  0x0000e154     0x2c  init_enet.o [3]
    .text            ro code  0x0000e180     0x58  enutil.o [3]
    .text            ro code  0x0000e1d8     0x3c  ta_env.o [7]
    .text            ro code  0x0000e214     0x22  ta_sexit.o [7]
    .text            ro code  0x0000e238     0x8a  rtcs.o [9]
    .text            ro code  0x0000e2c4    0x3ea  io_util.o [7]
    .text            ro code  0x0000e6b0     0x44  strcpy.o [8]
    .text            ro code  0x0000e6f4     0x18  sh_util.o [11]
    .text            ro code  0x0000e70c      0x8  io_util.o [7]
    .text            ro code  0x0000e714     0x18  lwm_allp.o [7]
    .text            ro code  0x0000e72c     0x18  lwm_alzp.o [7]
    .text            ro code  0x0000e744     0x18  lwm_gsyp.o [7]
    .text            ro code  0x0000e75c     0x18  lwm_zsyf.o [7]
    .text            ro code  0x0000e774     0x84  pa_creat.o [7]
    .text            ro code  0x0000e7f8     0x14  pa_sallo.o [7]
    .text            ro code  0x0000e80c     0x74  pa_free.o [7]
    .text            ro code  0x0000e880     0x74  pa_dest.o [7]
    .text            ro code  0x0000e8f4    0x20c  ms_pooli.o [7]
    .text            ro code  0x0000eb00     0x12  ta_util.o [7]
    .text            ro code  0x0000eb14     0x88  ta_creat.o [7]
    .text            ro code  0x0000eb9c     0xa2  lws_dest.o [7]
    .text            ro code  0x0000ec40    0x364  ms_sendi.o [7]
    .text            ro code  0x0000efa4    0x12a  sockutil.o [9]
    .text            ro code  0x0000f0ce      0x8  io_util.o [7]
    .text            ro code  0x0000f0d6     0x2a  sh_util.o [11]
    .text            ro code  0x0000f100     0x16  io_util.o [7]
    .text            ro code  0x0000f118     0x7c  pa_creai.o [7]
    .text            ro code  0x0000f194    0x118  pa_alloi.o [7]
    .text            ro code  0x0000f2ac    0x130  ms_comp.o [7]
    .text            ro code  0x0000f3dc     0x7c  ta_build.o [7]
    .text            ro code  0x0000f458     0x60  ms_free.o [7]
    .text            ro code  0x0000f4b8     0x10  sh_util.o [11]
    .text            ro code  0x0000f4c8      0x8  sh_util.o [11]
    .text            ro code  0x0000f4d0      0x8  sh_util.o [11]
    .text            ro code  0x0000f4d8     0x7c  pa_comp.o [7]
    .text            ro code  0x0000f554     0x5c  pa_extni.o [7]
    .text            ro code  0x0000f5b0     0x22  sh_util.o [11]
    .text            ro code  0x0000f5d2     0x28  sh_util.o [11]
    .text            ro code  0x0000f5fa     0x10  sh_util.o [11]
    .text            ro code  0x0000f60c    0xa60  LCDUart.o [1]
    .text            ro code  0x0001006c     0x14  ev_creaa.o [7]
    .text            ro code  0x00010080   0x2360  MenuView.o [1]
    .text            ro code  0x000123e0     0x52  System.o [1]
    .text            ro code  0x00012434     0x30  I32ToDbl.o [5]
    .text            ro code  0x00012464    0x1a2  DblMul.o [5]
    .text            ro code  0x00012608    0x246  DblDiv.o [5]
    .text            ro code  0x0001284e      0x6  cos.o [5]
    .text            ro code  0x00012854     0xe8  DblAdd.o [5]
    .text            ro code  0x0001293c     0x4c  DblToI32.o [5]
    .text            ro code  0x00012988      0x6  sin.o [5]
    .text            ro code  0x00012990    0x180  DblSub.o [5]
    .text            ro code  0x00012b10     0x24  FltCmpGe.o [5]
    .text            ro code  0x00012b34     0x4e  FltToDbl.o [5]
    .text            ro code  0x00012b84    0x14c  sh_cd.o [11]
    .text            ro code  0x00012cd0     0x90  sh_pwd.o [11]
    .text            ro code  0x00012d60    0x220  sh_read_wk.o [11]
    .text            ro code  0x00012f80    0x208  sh_write_binary.o [11]
    .text            ro code  0x00013188     0xc8  sh_update.o [11]
    .text            ro code  0x00013250    0x1f0  xsin.o [5]
    .text            ro code  0x00013440    0x218  sh_util.o [11]
    .text            ro code  0x00013658    0x408  mfs_misc.o [6]
    .text            ro code  0x00013a60     0x90  io_fseek.o [7]
    .text            ro code  0x00013af0     0x16  io_feof.o [7]
    .text            ro code  0x00013b06     0x46  io_fgetc.o [7]
    .text            ro code  0x00013b4c      0xc  errno.o [4]
    .text            ro code  0x00013b58    0x170  xquad.o [5]
    .text            ro code  0x00013cc8     0x2e  DblCmpGe.o [5]
    .text            ro code  0x00013cf8     0x2e  DblCmpLe.o [5]
    .text            ro code  0x00013d26     0x10  sh_util.o [11]
    .text            ro code  0x00013d36    0x344  mfs_rw.o [6]
    .text            ro code  0x0001407a     0x9e  mfs_data_sector.o [6]
    .text            ro code  0x00014118    0x382  mfs_fat.o [6]
    .text            ro code  0x0001449a      0x2  xtls.o [4]
    .text            ro code  0x0001449c     0x80  xdint.o [5]
    .text            ro code  0x0001451c     0x20  DblCmpEq.o [5]
    .text            ro code  0x0001453c    0x1a8  fmod.o [5]
    .text            ro code  0x000146e4     0x6a  io_read.o [7]
    .text            ro code  0x00014750     0x62  memcmp.o [8]
    .text            ro code  0x000147b4    0x356  mfs_cluster.o [6]
    .text            ro code  0x00014b0c      0xc  iarEdom.o [8]
    .text            ro code  0x00014b18     0x48  Shell_Task.o [1]
    .text            ro code  0x00014b60    0x22c  shell.o [11]
    .text            ro code  0x00014d8c     0x38  io_fflsh.o [7]
    .text            ro code  0x00014dc4     0x2e  io_fgets.o [7]
    .text            ro code  0x00014df2     0x94  io_fgetl.o [7]
    .text            ro code  0x00014e86     0x2c  io_fung.o [7]
    .text            ro code  0x00014eb4    0x2d0  USB_File.o [1]
    .text            ro code  0x00015184    0x726  usbmfs.o [12]
    .text            ro code  0x000158ac    0x5a6  part_mgr.o [6]
    .text            ro code  0x00015e52      0xe  io_ferr.o [7]
    .text            ro code  0x00015e60   0x1222  mfs_init.o [6]
    .text            ro code  0x00017084     0x7c  io_uinst.o [7]
    .text            ro code  0x00017100    0xb54  host_common.o [12]
    .text            ro code  0x00017c54     0x90  usb_host_msd_ufi.o [12]
    .text            ro code  0x00017ce4     0x10  ti_getp.o [7]
    .text            ro code  0x00017cf4     0x98  lws_wati.o [7]
    .text            ro code  0x00017d8c     0x30  ti_delti.o [7]
    .text            ro code  0x00017dbc     0xa2  mfs_valdev.o [6]
    .text            ro code  0x00017e60    0x39c  mfs_open.o [6]
    .text            ro code  0x000181fc    0x4bc  mfs_create.o [6]
    .text            ro code  0x000186b8    0x2d0  mfs_read.o [6]
    .text            ro code  0x00018988    0x430  mfs_write.o [6]
    .text            ro code  0x00018db8    0x7f8  mfs_directory.o [6]
    .text            ro code  0x000195b0     0xf4  mfs_attribute.o [6]
    .text            ro code  0x000196a4     0xe4  mfs_time.o [6]
    .text            ro code  0x00019788    0x7ce  mfs_lfn.o [6]
    .text            ro code  0x00019f56    0x102  mfs_delete.o [6]
    .text            ro code  0x0001a058    0x2c0  mfs_rename.o [6]
    .text            ro code  0x0001a318    0x89c  mfs_format.o [6]
    .text            ro code  0x0001abb4     0x10  qu_util.o [7]
    .text            ro code  0x0001abc4     0x68  usb_mqx.o [12]
    .text            ro code  0x0001ac2c    0x3d2  host_dev_list.o [12]
    .text            ro code  0x0001b000    0x564  host_main.o [12]
    .text            ro code  0x0001b564    0x660  host_ch9.o [12]
    .text            ro code  0x0001bbc4    0x670  usb_host_msd_bo.o [12]
    .text            ro code  0x0001c234     0x36  lws_wain.o [7]
    .text            ro code  0x0001c26a    0x79a  mfs_search.o [6]
    .text            ro code  0x0001ca04     0xf6  mfs_handle.o [6]
    .text            ro code  0x0001cafa     0x16  ti_get.o [7]
    .text            ro code  0x0001cb10     0xe4  ti_to.o [7]
    .text            ro code  0x0001cbf4    0x7f6  mfs_dir_entry.o [6]
    .text            ro code  0x0001d3ea     0x20  qu_head.o [7]
    .text            ro code  0x0001d40a     0x22  qu_next.o [7]
    .text            ro code  0x0001d42c     0x26  io_spr.o [7]
    .text            ro code  0x0001d454    0x57c  mfs_parse.o [6]
    .text            ro code  0x0001d9d0     0x50  host_close.o [12]
    .text            ro code  0x0001da20     0x5a  usb_mk60.o [3]
    .text            ro code  0x0001da7a     0xa2  usb_host_msd_queue.o [12]
    .text            ro code  0x0001db1c     0x58  host_snd.o [12]
    .text            ro code  0x0001db74     0x58  host_rcv.o [12]
    .text            ro code  0x0001dbcc     0x30  pa_sallz.o [7]
    .text            ro code  0x0001dbfc     0x1e  qu_unlnk.o [7]
    .text            ro code  0x0001dc1c     0x4c  ti_gett.o [7]
    .text            ro code  0x0001dc68     0xbc  psp_tkti.o [7]
    .text            ro code  0x0001dd24     0x42  ti_leap.o [7]
    .text            ro code  0x0001dd66     0x1e  strcat.o [4]
    .text            ro code  0x0001dd84    0x190  USB_Task.o [1]
    .text            ro code  0x0001df14     0x86  lwe_crea.o [7]
    .text            ro code  0x0001df9c     0x20  int_iunx.o [7]
    .text            ro code  0x0001dfbc     0x34  lwe_clr.o [7]
    .text            ro code  0x0001dff0     0x48  lwe_watt.o [7]
    .text            ro code  0x0001e038     0x10  int_idef.o [7]
    .text            ro code  0x0001e048     0xf0  lwe_waii.o [7]
    .text            ro code  0x0001e138    0x16c  mem_flash.o [1]
    .text            ro code  0x0001e2a4     0x94  pin2.o [1]
    .text            ro code  0x0001e338     0xac  tq_tsusp.o [7]
    .text            ro code  0x0001e3e4     0x98  ta_prio.o [7]
    .text            ro code  0x0001e47c     0x68  sc_sprio.o [7]
    .text            ro code  0x0001e4e4      0x4  ta_sync.o [7]
    .text            ro code  0x0001e4e8    0x2f8  yada_prj.o [1]
    .text            ro code  0x0001e7e0    0x110  sh_mkdir.o [11]
    .text            ro code  0x0001e8f0   0x12f0  ftpd_cmd.o [9]
    .text            ro code  0x0001fbe0     0x24  ftpd_cmd.o [9]
    .text            ro code  0x0001fc04    0x320  dir_read.o [6]
    .text            ro code  0x0001ff24      0x4  strpbrk.o [4]
    .text            ro code  0x0001ff28     0x18  rtcsmsec.o [9]
    .text            ro code  0x0001ff40     0x20  io_ftell.o [7]
    .text            ro code  0x0001ff60     0x22  strpbrk.o [4]
    .text            ro code  0x0001ff82     0x1a  ti_elaps.o [7]
    .text            ro code  0x0001ff9c     0x40  ti_elapt.o [7]
    .text            ro code  0x0001ffdc    0x3be  ip-e.o [9]
    .text            ro code  0x0002039c    0x82c  arp.o [9]
    .text            ro code  0x00020bc8     0x94  enopen.o [3]
    .text            ro code  0x00020c5c     0x82  enclose.o [3]
    .text            ro code  0x00020ce0     0xdc  rtcsrand.o [9]
    .text            ro code  0x00020dbc    0x496  rtcspcb.o [9]
    .text            ro code  0x00021252    0x162  ensend.o [3]
    .text            ro code  0x000213b4     0xd4  timer.o [9]
    .text            ro code  0x00021488    0x24c  iputil.o [9]
    .text            ro code  0x000216d4      0x4  proxyarp.o [9]
    .text            ro code  0x000216d8     0x3c  lws_poll.o [7]
    .text            ro code  0x00021714    0x24c  ipradix.o [9]
    .text            ro code  0x00021960     0x94  sh_cmdlist.o [11]
    .text            ro code  0x000219f4    0x1f0  sh_copy.o [11]
    .text            ro code  0x00021be4    0x118  sh_create.o [11]
    .text            ro code  0x00021cfc    0x11c  sh_del.o [11]
    .text            ro code  0x00021e18    0x108  sh_df.o [11]
    .text            ro code  0x00021f20    0x154  sh_dir.o [11]
    .text            ro code  0x00022074    0x1bc  sh_disect.o [11]
    .text            ro code  0x00022230     0x68  sh_exit.o [11]
    .text            ro code  0x00022298    0x17c  sh_format.o [11]
    .text            ro code  0x00022414    0x108  sh_help.o [11]
    .text            ro code  0x0002251c    0x22c  sh_read.o [11]
    .text            ro code  0x00022748     0x40  io_fputc.o [7]
    .text            ro code  0x00022788    0x188  sh_rename.o [11]
    .text            ro code  0x00022910    0x12c  sh_rmdir.o [11]
    .text            ro code  0x00022a3c     0xd8  sh_sh.o [11]
    .text            ro code  0x00022b14    0x130  sh_type.o [11]
    .text            ro code  0x00022c44    0x250  sh_write.o [11]
    .text            ro code  0x00022e94    0xa94  khci.o [12]
    .text            ro code  0x00023928     0x92  lwmsgq.o [7]
    .text            ro code  0x000239bc    0x138  lwmsgq_recv.o [7]
    .text            ro code  0x00023af4     0x70  ta_creab.o [7]
    .text            ro code  0x00023b64    0x128  lwmsgq_send.o [7]
    .text            ro code  0x00023c8c    0x560  usb_host_hub_sm.o [12]
    .text            ro code  0x000241ec    0x3ae  usb_host_hub.o [12]
    .text            ro code  0x0002459c    0x59c  sstream.o [9]
    .text            ro code  0x00024b38    0x9f6  ip.o [9]
    .text            ro code  0x00025530    0x76c  iproute.o [9]
    .text            ro code  0x00025c9c     0x86  checksum.o [9]
    .text            ro code  0x00025d22     0x44  ipsum.o [7]
    .text            ro code  0x00025d68    0x680  icmp.o [9]
    .text            ro code  0x000263e8     0x22  route.o [9]
    .text            ro code  0x0002640c    0x19e  iplocal.o [9]
    .text            ro code  0x000265ac    0x124  tcpip.o [9]
    .text            ro code  0x000266d0     0x16  ms_open.o [7]
    .text            ro code  0x000266e8     0x10  arpinit.o [9]
    .text            ro code  0x000266f8     0x18  bootinit.o [9]
    .text            ro code  0x00026710     0x32  ms_recv.o [7]
    .text            ro code  0x00026744    0x144  ms_openi.o [7]
    .text            ro code  0x00026888    0x320  ms_recvi.o [7]
    .text            ro code  0x00026ba8     0xe8  int_unx.o [7]
    .text            ro code  0x00026c90    0x464  macnet_init.o [3]
    .text            ro code  0x000270f4     0x1c  macnet_mk60.o [3]
    .text            ro code  0x00027110    0x49e  macnet_receive.o [3]
    .text            ro code  0x000275b0    0x1d4  macnet_util.o [3]
    .text            ro code  0x00027784    0x11a  enrecv.o [3]
    .text            ro code  0x000278a0     0x64  int_gisr.o [7]
    .text            ro code  0x00027904    0x3c4  tcp_clos.o [9]
    .text            ro code  0x00027cc8    0x792  tcp_rcv.o [9]
    .text            ro code  0x0002845a    0x3a2  ticker.o [9]
    .text            ro code  0x000287fc   0x16e2  tcp.o [9]
    .text            ro code  0x00029ede    0x12c  sosel1.o [9]
    .text            ro code  0x0002a00c    0xfa8  tcp_send.o [9]
    .text            ro code  0x0002afb4    0x412  tcp_buf.o [9]
    .text            ro code  0x0002b3c8     0x18  ti_getr.o [7]
    .text            ro code  0x0002b3e0    0x1e2  ta_dest.o [7]
    .text            ro code  0x0002b5c4     0x6c  lwm_list.o [7]
    .text            ro code  0x0002b630      0x2  stack_de.o [7]
    .text            ro code  0x0002b634     0x34  int_isr.o [7]
    .text            ro code  0x0002b668     0x10  td_serrt.o [7]
    .text            ro code  0x0002b678     0x40  idletask.o [7]
    .text            ro code  0x0002b6b8     0x60  ev_tdel.o [7]
    .text            ro code  0x0002b718     0x88  macnet_join.o [3]
    .text            ro code  0x0002b7a0     0xe8  macnet_mii.o [3]
    .text            ro code  0x0002b888     0x4c  macnet_stop.o [3]
    .text            ro code  0x0002b8d4     0x24  ta_exit.o [7]
    .text            ro code  0x0002b8f8    0x31c  udp.o [9]
    .text            ro code  0x0002bc14    0x4fc  flash_ftfl.o [3]
    .text            ro code  0x0002c110     0x24  flash_mk60.o [3]
    .text            ro code  0x0002c134     0xd8  ms_tdel.o [7]
    .text            ro code  0x0002c20c     0x98  pa_tdel.o [7]
    .text            ro code  0x0002c2a4    0x104  soip.o [9]
    .text            ro code  0x0002c3a8    0x1ba  ipif_add.o [9]
    .text            ro code  0x0002c562    0x178  phy_ks8721bl.o [3]
    .text            ro code  0x0002c6da    0x2ba  macnet_send.o [3]
  KERNEL             ro code  0x0002c9a0    0x218  dispatch.o [7]
  .iar.init_table    const    0x0002cbb8     0x38  - Linker created -
  .rodata            const    0x0002cbf0     0x34  DSPSPI.o [1]
  .rodata            const    0x0002cc24      0x8  DSPSPI.o [1]
  .rodata            const    0x0002cc2c     0x1c  DSPSPI.o [1]
  .rodata            const    0x0002cc48     0x10  DSPSPI.o [1]
  .rodata            const    0x0002cc58      0x8  DSPSPI.o [1]
  .rodata            const    0x0002cc60     0x34  DSPSPI.o [1]
  .rodata            const    0x0002cc94     0x24  DSPSPI.o [1]
  .rodata            const    0x0002ccb8     0x24  DSPSPI.o [1]
  .rodata            const    0x0002ccdc     0x24  DSPSPI.o [1]
  .rodata            const    0x0002cd00     0x10  DSPSPI.o [1]
  .rodata            const    0x0002cd10     0x1c  DSPSPI.o [1]
  .rodata            const    0x0002cd2c     0x18  DSPSPI.o [1]
  .rodata            const    0x0002cd44     0x1c  DSPSPI.o [1]
  .rodata            const    0x0002cd60     0x18  DSPSPI.o [1]
  .rodata            const    0x0002cd78      0x8  FTP_Task.o [1]
  .rodata            const    0x0002cd80      0x8  FTP_Task.o [1]
  .rodata            const    0x0002cd88      0x8  FTP_Task.o [1]
  .rodata            const    0x0002cd90      0x4  FTP_Task.o [1]
  .rodata            const    0x0002cd94      0x8  FTP_Task.o [1]
  .rodata            const    0x0002cd9c      0x8  FTP_Task.o [1]
  .rodata            const    0x0002cda4      0x8  FTP_Task.o [1]
  .rodata            const    0x0002cdac      0x8  FTP_Task.o [1]
  .rodata            const    0x0002cdb4      0x4  FTP_Task.o [1]
  .rodata            const    0x0002cdb8      0x8  FTP_Task.o [1]
  .rodata            const    0x0002cdc0      0x8  FTP_Task.o [1]
  .rodata            const    0x0002cdc8      0x8  FTP_Task.o [1]
  .rodata            const    0x0002cdd0      0x8  FTP_Task.o [1]
  .rodata            const    0x0002cdd8      0x8  FTP_Task.o [1]
  .rodata            const    0x0002cde0      0x8  FTP_Task.o [1]
  .rodata            const    0x0002cde8      0x4  FTP_Task.o [1]
  .rodata            const    0x0002cdec      0x8  FTP_Task.o [1]
  .rodata            const    0x0002cdf4      0x8  FTP_Task.o [1]
  .rodata            const    0x0002cdfc      0x8  FTP_Task.o [1]
  .rodata            const    0x0002ce04      0x8  FTP_Task.o [1]
  .rodata            const    0x0002ce0c      0x8  FTP_Task.o [1]
  .rodata            const    0x0002ce14      0x4  FTP_Task.o [1]
  .rodata            const    0x0002ce18      0x8  FTP_Task.o [1]
  .rodata            const    0x0002ce20      0x8  FTP_Task.o [1]
  .rodata            const    0x0002ce28      0x8  FTP_Task.o [1]
  .rodata            const    0x0002ce30      0x8  FTP_Task.o [1]
  .rodata            const    0x0002ce38      0x8  FTP_Task.o [1]
  .rodata            const    0x0002ce40      0x8  FTP_Task.o [1]
  .rodata            const    0x0002ce48      0x8  FTP_Task.o [1]
  .rodata            const    0x0002ce50      0x8  FTP_Task.o [1]
  .rodata            const    0x0002ce58      0x8  FTP_Task.o [1]
  .rodata            const    0x0002ce60     0x24  FTP_Task.o [1]
  .rodata            const    0x0002ce84     0x24  FTP_Task.o [1]
  .rodata            const    0x0002cea8     0x24  FTP_Task.o [1]
  .rodata            const    0x0002cecc     0x14  FTP_Task.o [1]
  .rodata            const    0x0002cee0      0xc  FTP_Task.o [1]
  .rodata            const    0x0002ceec    0x100  FTP_Task.o [1]
  .rodata            const    0x0002cfec      0x8  LCDDriver.o [1]
  .rodata            const    0x0002cff4      0x8  LCDUart.o [1]
  .rodata            const    0x0002cffc      0xc  LCDUart.o [1]
  .rodata            const    0x0002d008     0x28  LCDUart.o [1]
  .rodata            const    0x0002d030     0x24  LCDUart.o [1]
  .rodata            const    0x0002d054     0x24  LCDUart.o [1]
  .rodata            const    0x0002d078     0x1c  LCDUart.o [1]
  .rodata            const    0x0002d094     0x10  LCDUart.o [1]
  .rodata            const    0x0002d0a4     0x1c  LCDUart.o [1]
  .rodata            const    0x0002d0c0     0x18  LCDUart.o [1]
  .rodata            const    0x0002d0d8      0xc  MenuView.o [1]
  .rodata            const    0x0002d0e4     0x10  MenuView.o [1]
  .rodata            const    0x0002d0f4     0x10  MenuView.o [1]
  .rodata            const    0x0002d104     0x14  MenuView.o [1]
  .rodata            const    0x0002d118     0x38  MenuView.o [1]
  .rodata            const    0x0002d150      0x4  MenuView.o [1]
  .rodata            const    0x0002d154      0x8  MenuView.o [1]
  .rodata            const    0x0002d15c     0x24  MenuView.o [1]
  .rodata            const    0x0002d180     0x48  MenuView.o [1]
  .rodata            const    0x0002d1c8      0x8  MenuView.o [1]
  .rodata            const    0x0002d1d0      0x8  MenuView.o [1]
  .rodata            const    0x0002d1d8      0xc  MenuView.o [1]
  .rodata            const    0x0002d1e4      0x8  MenuView.o [1]
  .rodata            const    0x0002d1ec     0x14  MenuView.o [1]
  .rodata            const    0x0002d200     0x10  MenuView.o [1]
  .rodata            const    0x0002d210      0x8  MenuView.o [1]
  .rodata            const    0x0002d218      0x8  MenuView.o [1]
  .rodata            const    0x0002d220     0x18  MenuView.o [1]
  .rodata            const    0x0002d238     0x2c  MenuView.o [1]
  .rodata            const    0x0002d264     0x58  MenuView.o [1]
  .rodata            const    0x0002d2bc     0x10  MenuView.o [1]
  .rodata            const    0x0002d2cc      0x8  MenuView.o [1]
  .rodata            const    0x0002d2d4      0x4  Shell_Task.o [1]
  .rodata            const    0x0002d2d8      0x8  Shell_Task.o [1]
  .rodata            const    0x0002d2e0      0x8  Shell_Task.o [1]
  .rodata            const    0x0002d2e8      0x4  Shell_Task.o [1]
  .rodata            const    0x0002d2ec      0x8  Shell_Task.o [1]
  .rodata            const    0x0002d2f4      0x4  Shell_Task.o [1]
  .rodata            const    0x0002d2f8      0x4  Shell_Task.o [1]
  .rodata            const    0x0002d2fc      0x8  Shell_Task.o [1]
  .rodata            const    0x0002d304      0x8  Shell_Task.o [1]
  .rodata            const    0x0002d30c      0x8  Shell_Task.o [1]
  .rodata            const    0x0002d314      0x8  Shell_Task.o [1]
  .rodata            const    0x0002d31c      0x4  Shell_Task.o [1]
  .rodata            const    0x0002d320      0x8  Shell_Task.o [1]
  .rodata            const    0x0002d328      0x4  Shell_Task.o [1]
  .rodata            const    0x0002d32c      0x8  Shell_Task.o [1]
  .rodata            const    0x0002d334      0x4  Shell_Task.o [1]
  .rodata            const    0x0002d338      0x8  Shell_Task.o [1]
  .rodata            const    0x0002d340      0x8  Shell_Task.o [1]
  .rodata            const    0x0002d348     0x28  Shell_Task.o [1]
  .rodata            const    0x0002d370     0x24  Shell_Task.o [1]
  .rodata            const    0x0002d394     0x24  Shell_Task.o [1]
  .rodata            const    0x0002d3b8     0x20  Shell_Task.o [1]
  .rodata            const    0x0002d3d8     0xa0  Shell_Task.o [1]
  .rodata            const    0x0002d478     0x1c  USB_File.o [1]
  .rodata            const    0x0002d494     0x4c  USB_File.o [1]
  .rodata            const    0x0002d4e0     0x34  USB_File.o [1]
  .rodata            const    0x0002d514     0x24  USB_File.o [1]
  .rodata            const    0x0002d538     0x20  USB_File.o [1]
  .rodata            const    0x0002d558     0x20  USB_File.o [1]
  .rodata            const    0x0002d578     0x24  USB_File.o [1]
  .rodata            const    0x0002d59c     0x24  USB_File.o [1]
  .rodata            const    0x0002d5c0     0x2c  USB_File.o [1]
  .rodata            const    0x0002d5ec     0x24  USB_File.o [1]
  .rodata            const    0x0002d610     0x20  USB_File.o [1]
  .rodata            const    0x0002d630     0x1c  USB_File.o [1]
  .rodata            const    0x0002d64c     0x18  USB_File.o [1]
  .rodata            const    0x0002d664     0x2c  USB_File.o [1]
  .rodata            const    0x0002d690     0x14  USB_File.o [1]
  .rodata            const    0x0002d6a4     0x24  USB_File.o [1]
  .rodata            const    0x0002d6c8     0x18  USB_File.o [1]
  .rodata            const    0x0002d6e0     0x28  USB_File.o [1]
  .rodata            const    0x0002d708     0x18  USB_File.o [1]
  .rodata            const    0x0002d720     0x2c  USB_File.o [1]
  .rodata            const    0x0002d74c     0x18  USB_File.o [1]
  .rodata            const    0x0002d764     0x30  USB_File.o [1]
  .rodata            const    0x0002d794     0x14  USB_File.o [1]
  .rodata            const    0x0002d7a8     0x1c  USB_File.o [1]
  .rodata            const    0x0002d7c4     0x18  USB_File.o [1]
  .rodata            const    0x0002d7dc     0x24  USB_Task.o [1]
  .rodata            const    0x0002d800     0x24  USB_Task.o [1]
  .rodata            const    0x0002d824     0x24  USB_Task.o [1]
  .rodata            const    0x0002d848      0x8  USB_Task.o [1]
  .rodata            const    0x0002d850      0x8  USB_Task.o [1]
  .rodata            const    0x0002d858     0x30  USB_Task.o [1]
  .rodata            const    0x0002d888      0x4  mem_flash.o [1]
  .rodata            const    0x0002d88c      0x8  mem_flash.o [1]
  .rodata            const    0x0002d894     0x14  mem_flash.o [1]
  .rodata            const    0x0002d8a8      0x8  mem_flash.o [1]
  .rodata            const    0x0002d8b0     0x18  mem_flash.o [1]
  .rodata            const    0x0002d8c8     0x18  mem_flash.o [1]
  .rodata            const    0x0002d8e0     0x28  mem_flash.o [1]
  .rodata            const    0x0002d908     0x28  mem_flash.o [1]
  .rodata            const    0x0002d930     0x1c  mem_flash.o [1]
  .rodata            const    0x0002d94c     0x20  mem_flash.o [1]
  .rodata            const    0x0002d96c     0x30  mem_flash.o [1]
  .rodata            const    0x0002d99c     0x1c  mem_flash.o [1]
  .rodata            const    0x0002d9b8      0xc  pin2.o [1]
  .rodata            const    0x0002d9c4      0xc  pin2.o [1]
  .rodata            const    0x0002d9d0      0x8  pin2.o [1]
  .rodata            const    0x0002d9d8     0x10  yada_prj.o [1]
  .rodata            const    0x0002d9e8      0xc  yada_prj.o [1]
  .rodata            const    0x0002d9f4      0xc  yada_prj.o [1]
  .rodata            const    0x0002da00      0xc  yada_prj.o [1]
  .rodata            const    0x0002da0c      0xc  yada_prj.o [1]
  .rodata            const    0x0002da18     0x10  yada_prj.o [1]
  .rodata            const    0x0002da28      0xc  yada_prj.o [1]
  .rodata            const    0x0002da34      0xc  yada_prj.o [1]
  .rodata            const    0x0002da40      0xc  yada_prj.o [1]
  .rodata            const    0x0002da4c     0x20  yada_prj.o [1]
  .rodata            const    0x0002da6c     0x24  yada_prj.o [1]
  .rodata            const    0x0002da90     0x24  yada_prj.o [1]
  .rodata            const    0x0002dab4     0x24  yada_prj.o [1]
  .rodata            const    0x0002dad8      0x8  yada_prj.o [1]
  .rodata            const    0x0002dae0      0x8  yada_prj.o [1]
  .rodata            const    0x0002dae8      0x8  yada_prj.o [1]
  .rodata            const    0x0002daf0      0xc  yada_prj.o [1]
  .rodata            const    0x0002dafc    0x120  yada_prj.o [1]
  .rodata            const    0x0002dc1c      0x4  ftpd_cmd.o [9]
  .rodata            const    0x0002dc20     0x10  ftpd_cmd.o [9]
  .rodata            const    0x0002dc30      0x8  ftpd_cmd.o [9]
  .rodata            const    0x0002dc38      0xc  ftpd_cmd.o [9]
  .rodata            const    0x0002dc44     0x14  ftpd_cmd.o [9]
  .rodata            const    0x0002dc58      0x8  ftpd_cmd.o [9]
  .rodata            const    0x0002dc60     0x20  ftpd_cmd.o [9]
  .rodata            const    0x0002dc80     0x24  ftpd_cmd.o [9]
  .rodata            const    0x0002dca4     0x20  ftpd_cmd.o [9]
  .rodata            const    0x0002dcc4     0x30  ftpd_cmd.o [9]
  .rodata            const    0x0002dcf4     0x28  ftpd_cmd.o [9]
  .rodata            const    0x0002dd1c     0x24  ftpd_cmd.o [9]
  .rodata            const    0x0002dd40     0x1c  ftpd_cmd.o [9]
  .rodata            const    0x0002dd5c      0x4  ftpd.o [9]
  .rodata            const    0x0002dd60      0x8  ftpd.o [9]
  .rodata            const    0x0002dd68      0xc  ip-e.o [9]
  .rodata            const    0x0002dd74      0x4  ip-e.o [9]
  .rodata            const    0x0002dd78      0x8  rtcscmd.o [9]
  .rodata            const    0x0002dd80     0x28  sh_cd.o [11]
  .rodata            const    0x0002dda8     0x2c  sh_cd.o [11]
  .rodata            const    0x0002ddd4     0x1c  sh_cd.o [11]
  .rodata            const    0x0002ddf0     0x20  sh_cd.o [11]
  .rodata            const    0x0002de10     0x14  sh_cd.o [11]
  .rodata            const    0x0002de24     0x18  sh_cd.o [11]
  .rodata            const    0x0002de3c     0x34  sh_cd.o [11]
  .rodata            const    0x0002de70     0x28  sh_pwd.o [11]
  .rodata            const    0x0002de98     0x20  sh_pwd.o [11]
  .rodata            const    0x0002deb8      0x8  sh_pwd.o [11]
  .rodata            const    0x0002dec0      0x8  sh_pwd.o [11]
  .rodata            const    0x0002dec8      0xc  sh_pwd.o [11]
  .rodata            const    0x0002ded4     0x28  sh_read_wk.o [11]
  .rodata            const    0x0002defc     0x18  sh_read_wk.o [11]
  .rodata            const    0x0002df14     0x20  sh_read_wk.o [11]
  .rodata            const    0x0002df34      0x8  sh_read_wk.o [11]
  .rodata            const    0x0002df3c      0x8  sh_read_wk.o [11]
  .rodata            const    0x0002df44     0x1c  sh_read_wk.o [11]
  .rodata            const    0x0002df60     0x1c  sh_read_wk.o [11]
  .rodata            const    0x0002df7c     0x2c  sh_read_wk.o [11]
  .rodata            const    0x0002dfa8     0x14  sh_read_wk.o [11]
  .rodata            const    0x0002dfbc      0x8  sh_read_wk.o [11]
  .rodata            const    0x0002dfc4     0x20  sh_read_wk.o [11]
  .rodata            const    0x0002dfe4     0x20  sh_read_wk.o [11]
  .rodata            const    0x0002e004     0x30  sh_read_wk.o [11]
  .rodata            const    0x0002e034     0x38  sh_read_wk.o [11]
  .rodata            const    0x0002e06c     0x28  sh_read_wk.o [11]
  .rodata            const    0x0002e094     0x2c  sh_read_wk.o [11]
  .rodata            const    0x0002e0c0     0x34  sh_read_wk.o [11]
  .rodata            const    0x0002e0f4     0x20  sh_read_wk.o [11]
  .rodata            const    0x0002e114      0x8  sh_update.o [11]
  .rodata            const    0x0002e11c     0x24  sh_update.o [11]
  .rodata            const    0x0002e140     0x28  sh_update.o [11]
  .rodata            const    0x0002e168     0x28  sh_update.o [11]
  .rodata            const    0x0002e190     0x1c  sh_update.o [11]
  .rodata            const    0x0002e1ac     0x28  sh_write_binary.o [11]
  .rodata            const    0x0002e1d4     0x20  sh_write_binary.o [11]
  .rodata            const    0x0002e1f4      0x8  sh_write_binary.o [11]
  .rodata            const    0x0002e1fc      0x8  sh_write_binary.o [11]
  .rodata            const    0x0002e204     0x1c  sh_write_binary.o [11]
  .rodata            const    0x0002e220     0x1c  sh_write_binary.o [11]
  .rodata            const    0x0002e23c     0x2c  sh_write_binary.o [11]
  .rodata            const    0x0002e268     0x20  sh_write_binary.o [11]
  .rodata            const    0x0002e288     0x20  sh_write_binary.o [11]
  .rodata            const    0x0002e2a8     0x38  sh_write_binary.o [11]
  .rodata            const    0x0002e2e0     0x3c  sh_write_binary.o [11]
  .rodata            const    0x0002e31c     0x28  sh_write_binary.o [11]
  .rodata            const    0x0002e344     0x2c  sh_write_binary.o [11]
  .rodata            const    0x0002e370     0x34  sh_write_binary.o [11]
  .rodata            const    0x0002e3a4     0x20  sh_write_binary.o [11]
  .rodata            const    0x0002e3c4     0x1c  sh_write_binary.o [11]
  .rodata            const    0x0002e3e0     0x10  mfs_misc.o [6]
  .rodata            const    0x0002e3f0     0x1c  mfs_misc.o [6]
  .rodata            const    0x0002e40c     0x14  mfs_misc.o [6]
  .rodata            const    0x0002e420     0x14  mfs_misc.o [6]
  .rodata            const    0x0002e434     0x14  mfs_misc.o [6]
  .rodata            const    0x0002e448     0x14  mfs_misc.o [6]
  .rodata            const    0x0002e45c     0x18  mfs_misc.o [6]
  .rodata            const    0x0002e474     0x24  mfs_misc.o [6]
  .rodata            const    0x0002e498     0x24  mfs_misc.o [6]
  .rodata            const    0x0002e4bc     0x1c  mfs_misc.o [6]
  .rodata            const    0x0002e4d8     0x14  mfs_misc.o [6]
  .rodata            const    0x0002e4ec     0x28  mfs_misc.o [6]
  .rodata            const    0x0002e514     0x14  mfs_misc.o [6]
  .rodata            const    0x0002e528     0x18  mfs_misc.o [6]
  .rodata            const    0x0002e540     0x10  mfs_misc.o [6]
  .rodata            const    0x0002e550     0x10  mfs_misc.o [6]
  .rodata            const    0x0002e560     0x18  mfs_misc.o [6]
  .rodata            const    0x0002e578     0x10  mfs_misc.o [6]
  .rodata            const    0x0002e588     0x18  mfs_misc.o [6]
  .rodata            const    0x0002e5a0     0x18  mfs_misc.o [6]
  .rodata            const    0x0002e5b8     0x10  mfs_misc.o [6]
  .rodata            const    0x0002e5c8     0x14  mfs_misc.o [6]
  .rodata            const    0x0002e5dc      0x8  mfs_misc.o [6]
  .rodata            const    0x0002e5e4     0x1c  mfs_misc.o [6]
  .rodata            const    0x0002e600     0x14  mfs_misc.o [6]
  .rodata            const    0x0002e614     0x1c  mfs_misc.o [6]
  .rodata            const    0x0002e630     0x1c  mfs_misc.o [6]
  .rodata            const    0x0002e64c     0x18  mfs_misc.o [6]
  .rodata            const    0x0002e664     0x20  mfs_misc.o [6]
  .rodata            const    0x0002e684     0x10  mfs_misc.o [6]
  .rodata            const    0x0002e694     0x14  mfs_misc.o [6]
  .rodata            const    0x0002e6a8     0x1c  mfs_misc.o [6]
  .rodata            const    0x0002e6c4     0x1c  mfs_misc.o [6]
  .rodata            const    0x0002e6e0     0x14  mfs_misc.o [6]
  .rodata            const    0x0002e6f4     0x18  mfs_misc.o [6]
  .rodata            const    0x0002e70c     0x14  mfs_misc.o [6]
  .rodata            const    0x0002e720     0x14  mfs_misc.o [6]
  .rodata            const    0x0002e734     0x14  shell.o [11]
  .rodata            const    0x0002e748      0xc  shell.o [11]
  .rodata            const    0x0002e754     0x30  shell.o [11]
  .rodata            const    0x0002e784      0xc  shell.o [11]
  .rodata            const    0x0002e790      0x8  shell.o [11]
  .rodata            const    0x0002e798     0x38  shell.o [11]
  .rodata            const    0x0002e7d0     0x14  shell.o [11]
  .rodata            const    0x0002e7e4      0x8  sh_cmdlist.o [11]
  .rodata            const    0x0002e7ec      0xc  sh_cmdlist.o [11]
  .rodata            const    0x0002e7f8     0x28  sh_copy.o [11]
  .rodata            const    0x0002e820     0x20  sh_copy.o [11]
  .rodata            const    0x0002e840     0x2c  sh_copy.o [11]
  .rodata            const    0x0002e86c     0x24  sh_copy.o [11]
  .rodata            const    0x0002e890     0x2c  sh_copy.o [11]
  .rodata            const    0x0002e8bc     0x40  sh_copy.o [11]
  .rodata            const    0x0002e8fc     0x18  sh_copy.o [11]
  .rodata            const    0x0002e914     0x1c  sh_copy.o [11]
  .rodata            const    0x0002e930     0x24  sh_copy.o [11]
  .rodata            const    0x0002e954     0x20  sh_copy.o [11]
  .rodata            const    0x0002e974     0x28  sh_create.o [11]
  .rodata            const    0x0002e99c     0x20  sh_create.o [11]
  .rodata            const    0x0002e9bc     0x2c  sh_create.o [11]
  .rodata            const    0x0002e9e8     0x20  sh_create.o [11]
  .rodata            const    0x0002ea08     0x1c  sh_create.o [11]
  .rodata            const    0x0002ea24     0x20  sh_create.o [11]
  .rodata            const    0x0002ea44     0x28  sh_create.o [11]
  .rodata            const    0x0002ea6c     0x20  sh_create.o [11]
  .rodata            const    0x0002ea8c     0x28  sh_del.o [11]
  .rodata            const    0x0002eab4     0x20  sh_del.o [11]
  .rodata            const    0x0002ead4     0x2c  sh_del.o [11]
  .rodata            const    0x0002eb00     0x18  sh_del.o [11]
  .rodata            const    0x0002eb18      0xc  sh_del.o [11]
  .rodata            const    0x0002eb24     0x14  sh_del.o [11]
  .rodata            const    0x0002eb38     0x24  sh_del.o [11]
  .rodata            const    0x0002eb5c     0x28  sh_df.o [11]
  .rodata            const    0x0002eb84     0x14  sh_df.o [11]
  .rodata            const    0x0002eb98     0x18  sh_df.o [11]
  .rodata            const    0x0002ebb0     0x38  sh_df.o [11]
  .rodata            const    0x0002ebe8     0x20  sh_df.o [11]
  .rodata            const    0x0002ec08     0x18  sh_df.o [11]
  .rodata            const    0x0002ec20     0x20  sh_df.o [11]
  .rodata            const    0x0002ec40      0x8  sh_df.o [11]
  .rodata            const    0x0002ec48     0x28  sh_dir.o [11]
  .rodata            const    0x0002ec70     0x20  sh_dir.o [11]
  .rodata            const    0x0002ec90     0x14  sh_dir.o [11]
  .rodata            const    0x0002eca4     0x24  sh_dir.o [11]
  .rodata            const    0x0002ecc8     0x24  sh_dir.o [11]
  .rodata            const    0x0002ecec     0x1c  sh_dir.o [11]
  .rodata            const    0x0002ed08     0x24  sh_dir.o [11]
  .rodata            const    0x0002ed2c     0x24  sh_dir.o [11]
  .rodata            const    0x0002ed50     0x30  sh_dir.o [11]
  .rodata            const    0x0002ed80     0x28  sh_disect.o [11]
  .rodata            const    0x0002eda8     0x18  sh_disect.o [11]
  .rodata            const    0x0002edc0     0x20  sh_disect.o [11]
  .rodata            const    0x0002ede0     0x28  sh_disect.o [11]
  .rodata            const    0x0002ee08     0x24  sh_disect.o [11]
  .rodata            const    0x0002ee2c     0x10  sh_disect.o [11]
  .rodata            const    0x0002ee3c      0x8  sh_disect.o [11]
  .rodata            const    0x0002ee44     0x18  sh_disect.o [11]
  .rodata            const    0x0002ee5c     0x20  sh_disect.o [11]
  .rodata            const    0x0002ee7c     0x24  sh_disect.o [11]
  .rodata            const    0x0002eea0     0x24  sh_disect.o [11]
  .rodata            const    0x0002eec4      0xc  sh_exit.o [11]
  .rodata            const    0x0002eed0      0x8  sh_format.o [11]
  .rodata            const    0x0002eed8      0x4  sh_format.o [11]
  .rodata            const    0x0002eedc      0x4  sh_format.o [11]
  .rodata            const    0x0002eee0      0x4  sh_format.o [11]
  .rodata            const    0x0002eee4      0x4  sh_format.o [11]
  .rodata            const    0x0002eee8     0x28  sh_format.o [11]
  .rodata            const    0x0002ef10     0x24  sh_format.o [11]
  .rodata            const    0x0002ef34     0x10  sh_format.o [11]
  .rodata            const    0x0002ef44     0x20  sh_format.o [11]
  .rodata            const    0x0002ef64     0x2c  sh_format.o [11]
  .rodata            const    0x0002ef90      0x8  sh_format.o [11]
  .rodata            const    0x0002ef98     0x20  sh_format.o [11]
  .rodata            const    0x0002efb8     0x28  sh_format.o [11]
  .rodata            const    0x0002efe0     0x40  sh_format.o [11]
  .rodata            const    0x0002f020     0x34  sh_format.o [11]
  .rodata            const    0x0002f054     0x14  sh_format.o [11]
  .rodata            const    0x0002f068      0x8  sh_help.o [11]
  .rodata            const    0x0002f070      0x8  sh_help.o [11]
  .rodata            const    0x0002f078     0x18  sh_help.o [11]
  .rodata            const    0x0002f090      0x8  sh_help.o [11]
  .rodata            const    0x0002f098     0x28  sh_help.o [11]
  .rodata            const    0x0002f0c0     0x10  sh_help.o [11]
  .rodata            const    0x0002f0d0     0x18  sh_help.o [11]
  .rodata            const    0x0002f0e8     0x28  sh_help.o [11]
  .rodata            const    0x0002f110     0x28  sh_mkdir.o [11]
  .rodata            const    0x0002f138     0x2c  sh_mkdir.o [11]
  .rodata            const    0x0002f164     0x20  sh_mkdir.o [11]
  .rodata            const    0x0002f184     0x20  sh_mkdir.o [11]
  .rodata            const    0x0002f1a4     0x14  sh_mkdir.o [11]
  .rodata            const    0x0002f1b8     0x18  sh_mkdir.o [11]
  .rodata            const    0x0002f1d0     0x30  sh_mkdir.o [11]
  .rodata            const    0x0002f200     0x28  sh_read.o [11]
  .rodata            const    0x0002f228     0x18  sh_read.o [11]
  .rodata            const    0x0002f240     0x20  sh_read.o [11]
  .rodata            const    0x0002f260      0x8  sh_read.o [11]
  .rodata            const    0x0002f268      0x8  sh_read.o [11]
  .rodata            const    0x0002f270     0x1c  sh_read.o [11]
  .rodata            const    0x0002f28c     0x1c  sh_read.o [11]
  .rodata            const    0x0002f2a8     0x2c  sh_read.o [11]
  .rodata            const    0x0002f2d4     0x14  sh_read.o [11]
  .rodata            const    0x0002f2e8      0x8  sh_read.o [11]
  .rodata            const    0x0002f2f0     0x20  sh_read.o [11]
  .rodata            const    0x0002f310     0x20  sh_read.o [11]
  .rodata            const    0x0002f330     0x30  sh_read.o [11]
  .rodata            const    0x0002f360     0x38  sh_read.o [11]
  .rodata            const    0x0002f398     0x28  sh_read.o [11]
  .rodata            const    0x0002f3c0     0x2c  sh_read.o [11]
  .rodata            const    0x0002f3ec     0x34  sh_read.o [11]
  .rodata            const    0x0002f420     0x20  sh_read.o [11]
  .rodata            const    0x0002f440     0x28  sh_rename.o [11]
  .rodata            const    0x0002f468     0x2c  sh_rename.o [11]
  .rodata            const    0x0002f494     0x34  sh_rename.o [11]
  .rodata            const    0x0002f4c8     0x20  sh_rename.o [11]
  .rodata            const    0x0002f4e8     0x18  sh_rename.o [11]
  .rodata            const    0x0002f500     0x1c  sh_rename.o [11]
  .rodata            const    0x0002f51c     0x20  sh_rename.o [11]
  .rodata            const    0x0002f53c     0x28  sh_rename.o [11]
  .rodata            const    0x0002f564     0x24  sh_rename.o [11]
  .rodata            const    0x0002f588     0x28  sh_rmdir.o [11]
  .rodata            const    0x0002f5b0     0x2c  sh_rmdir.o [11]
  .rodata            const    0x0002f5dc     0x20  sh_rmdir.o [11]
  .rodata            const    0x0002f5fc     0x20  sh_rmdir.o [11]
  .rodata            const    0x0002f61c     0x14  sh_rmdir.o [11]
  .rodata            const    0x0002f630     0x14  sh_rmdir.o [11]
  .rodata            const    0x0002f644     0x18  sh_rmdir.o [11]
  .rodata            const    0x0002f65c     0x30  sh_rmdir.o [11]
  .rodata            const    0x0002f68c     0x28  sh_sh.o [11]
  .rodata            const    0x0002f6b4     0x20  sh_sh.o [11]
  .rodata            const    0x0002f6d4     0x10  sh_sh.o [11]
  .rodata            const    0x0002f6e4     0x18  sh_sh.o [11]
  .rodata            const    0x0002f6fc     0x28  sh_sh.o [11]
  .rodata            const    0x0002f724     0x20  sh_type.o [11]
  .rodata            const    0x0002f744     0x2c  sh_type.o [11]
  .rodata            const    0x0002f770     0x20  sh_type.o [11]
  .rodata            const    0x0002f790     0x38  sh_type.o [11]
  .rodata            const    0x0002f7c8     0x10  sh_type.o [11]
  .rodata            const    0x0002f7d8     0x18  sh_type.o [11]
  .rodata            const    0x0002f7f0     0x28  sh_type.o [11]
  .rodata            const    0x0002f818     0x28  sh_write.o [11]
  .rodata            const    0x0002f840     0x20  sh_write.o [11]
  .rodata            const    0x0002f860     0x18  sh_write.o [11]
  .rodata            const    0x0002f878      0x8  sh_write.o [11]
  .rodata            const    0x0002f880      0x8  sh_write.o [11]
  .rodata            const    0x0002f888     0x1c  sh_write.o [11]
  .rodata            const    0x0002f8a4     0x1c  sh_write.o [11]
  .rodata            const    0x0002f8c0     0x2c  sh_write.o [11]
  .rodata            const    0x0002f8ec     0x20  sh_write.o [11]
  .rodata            const    0x0002f90c     0x20  sh_write.o [11]
  .rodata            const    0x0002f92c     0x30  sh_write.o [11]
  .rodata            const    0x0002f95c     0x38  sh_write.o [11]
  .rodata            const    0x0002f994     0x28  sh_write.o [11]
  .rodata            const    0x0002f9bc     0x2c  sh_write.o [11]
  .rodata            const    0x0002f9e8     0x34  sh_write.o [11]
  .rodata            const    0x0002fa1c     0x20  sh_write.o [11]
  .rodata            const    0x0002fa3c     0x20  usbmfs.o [12]
  .rodata            const    0x0002fa5c      0xc  khci.o [12]
  .rodata            const    0x0002fa68     0x38  khci.o [12]
  .rodata            const    0x0002faa0     0x50  host_common.o [12]
  .rodata            const    0x0002faf0     0x50  usb_mqx.o [12]
  .rodata            const    0x0002fb40     0x50  host_main.o [12]
  .rodata            const    0x0002fb90     0x58  usb_host_hub.o [12]
  .rodata            const    0x0002fbe8     0x5c  usb_host_msd_bo.o [12]
  .rodata            const    0x0002fc44     0x18  mqx.o [7]
  .rodata            const    0x0002fc5c      0xc  mqx.o [7]
  .rodata            const    0x0002fc68      0x4  mqx.o [7]
  .rodata            const    0x0002fc6c      0x4  mqx.o [7]
  .rodata            const    0x0002fc70     0x14  io_dopr.o [7]
  .rodata            const    0x0002fc84     0x14  io_dopr.o [7]
  .rodata            const    0x0002fc98      0x8  init_enet.o [3]
  .rodata            const    0x0002fca0     0x10  init_enet.o [3]
  .rodata            const    0x0002fcb0     0x24  init_enet.o [3]
  .rodata            const    0x0002fcd4      0x8  init_enet.o [3]
  .rodata            const    0x0002fcdc     0x3c  sstream.o [9]
  .rodata            const    0x0002fd18      0x8  sotcp.o [9]
  .rodata            const    0x0002fd20      0x4  dir_read.o [6]
  .rodata            const    0x0002fd24      0x4  dir_read.o [6]
  .rodata            const    0x0002fd28      0x4  dir_read.o [6]
  .rodata            const    0x0002fd2c      0x4  dir_read.o [6]
  .rodata            const    0x0002fd30      0x4  dir_read.o [6]
  .rodata            const    0x0002fd34      0x4  dir_read.o [6]
  .rodata            const    0x0002fd38      0x4  dir_read.o [6]
  .rodata            const    0x0002fd3c      0x4  dir_read.o [6]
  .rodata            const    0x0002fd40      0x4  dir_read.o [6]
  .rodata            const    0x0002fd44      0x4  dir_read.o [6]
  .rodata            const    0x0002fd48      0x4  dir_read.o [6]
  .rodata            const    0x0002fd4c      0x4  dir_read.o [6]
  .rodata            const    0x0002fd50     0x40  dir_read.o [6]
  .rodata            const    0x0002fd90     0x14  dir_read.o [6]
  .rodata            const    0x0002fda4     0x10  dir_read.o [6]
  .rodata            const    0x0002fdb4      0xc  dir_read.o [6]
  .rodata            const    0x0002fdc0      0xc  dir_read.o [6]
  .rodata            const    0x0002fdcc      0x8  dir_read.o [6]
  .rodata            const    0x0002fdd4      0x8  dir_read.o [6]
  .rodata            const    0x0002fddc     0x30  dir_read.o [6]
  .rodata            const    0x0002fe0c     0x18  ftpd_msg.o [9]
  .rodata            const    0x0002fe24     0x1c  ftpd_msg.o [9]
  .rodata            const    0x0002fe40     0x34  ftpd_msg.o [9]
  .rodata            const    0x0002fe74     0x30  ftpd_msg.o [9]
  .rodata            const    0x0002fea4     0x10  ftpd_msg.o [9]
  .rodata            const    0x0002feb4     0x14  ftpd_msg.o [9]
  .rodata            const    0x0002fec8     0x14  ftpd_msg.o [9]
  .rodata            const    0x0002fedc     0x18  ftpd_msg.o [9]
  .rodata            const    0x0002fef4     0x18  ftpd_msg.o [9]
  .rodata            const    0x0002ff0c     0x20  ftpd_msg.o [9]
  .rodata            const    0x0002ff2c     0x18  ftpd_msg.o [9]
  .rodata            const    0x0002ff44     0x10  ftpd_msg.o [9]
  .rodata            const    0x0002ff54     0x3c  ftpd_msg.o [9]
  .rodata            const    0x0002ff90     0x38  ftpd_msg.o [9]
  .rodata            const    0x0002ffc8     0x30  ftpd_msg.o [9]
  .rodata            const    0x0002fff8     0x1c  ftpd_msg.o [9]
  .rodata            const    0x00030014      0xc  ftpd_msg.o [9]
  .rodata            const    0x00030020     0x30  ftpd_msg.o [9]
  .rodata            const    0x00030050     0x30  ftpd_msg.o [9]
  .rodata            const    0x00030080     0x20  ftpd_msg.o [9]
  .rodata            const    0x000300a0     0x20  ftpd_msg.o [9]
  .rodata            const    0x000300c0     0x1c  ftpd_msg.o [9]
  .rodata            const    0x000300dc      0xc  ftpd_msg.o [9]
  .rodata            const    0x000300e8     0x14  ftpd_msg.o [9]
  .rodata            const    0x000300fc     0x14  ftpd_msg.o [9]
  .rodata            const    0x00030110     0x14  ftpd_msg.o [9]
  .rodata            const    0x00030124     0x34  ftpd_msg.o [9]
  .rodata            const    0x00030158     0x20  ftpd_msg.o [9]
  .rodata            const    0x00030178     0x1c  ftpd_msg.o [9]
  .rodata            const    0x00030194     0x20  ftpd_msg.o [9]
  .rodata            const    0x000301b4     0x38  ftpd_msg.o [9]
  .rodata            const    0x000301ec      0x8  soip.o [9]
  .rodata            const    0x000301f4      0x8  sh_util.o [11]
  .rodata            const    0x000301fc      0x8  sh_util.o [11]
  .rodata            const    0x00030204     0x14  mfs_create.o [6]
  .rodata            const    0x00030218     0x14  mfs_create.o [6]
  .rodata            const    0x0003022c     0x14  mfs_format.o [6]
  .rodata            const    0x00030240     0x14  mfs_format.o [6]
  .rodata            const    0x00030254     0x14  mfs_format.o [6]
  .rodata            const    0x00030268     0x30  mfs_format.o [6]
  .rodata            const    0x00030298      0x8  mfs_lfn.o [6]
  .rodata            const    0x000302a0      0xc  mfs_lfn.o [6]
  .rodata            const    0x000302ac     0x54  host_dev_list.o [12]
  .rodata            const    0x00030300     0x24  host_dev_list.o [12]
  .rodata            const    0x00030324     0x20  int_unx.o [7]
  .rodata            const    0x00030344     0x30  int_unx.o [7]
  .rodata            const    0x00030374     0x3c  int_unx.o [7]
  .rodata            const    0x000303b0     0x14  int_unx.o [7]
  .rodata            const    0x000303c4     0x28  int_unx.o [7]
  .rodata            const    0x000303ec     0x50  host_ch9.o [12]
  .rodata            const    0x0003043c      0x8  host_ch9.o [12]
  .rodata            const    0x00030444     0x50  host_rcv.o [12]
  .rodata            const    0x00030494     0x50  host_snd.o [12]
  .rodata            const    0x000304e4      0x8  init_bsp.o [3]
  .rodata            const    0x000304ec      0x8  init_bsp.o [3]
  .rodata            const    0x000304f4      0x8  init_bsp.o [3]
  .rodata            const    0x000304fc      0x8  init_bsp.o [3]
  .rodata            const    0x00030504      0x8  init_bsp.o [3]
  .rodata            const    0x0003050c      0x8  init_bsp.o [3]
  .rodata            const    0x00030514      0x8  init_bsp.o [3]
  .rodata            const    0x0003051c      0x8  init_bsp.o [3]
  .rodata            const    0x00030524      0x8  init_bsp.o [3]
  .rodata            const    0x0003052c      0x8  init_bsp.o [3]
  .rodata            const    0x00030534      0x8  init_bsp.o [3]
  .rodata            const    0x0003053c      0x8  init_bsp.o [3]
  .rodata            const    0x00030544      0x8  init_bsp.o [3]
  .rodata            const    0x0003054c      0x8  init_bsp.o [3]
  .rodata            const    0x00030554      0x8  init_bsp.o [3]
  .rodata            const    0x0003055c      0x8  init_bsp.o [3]
  .rodata            const    0x00030564      0x8  init_bsp.o [3]
  .rodata            const    0x0003056c      0x8  init_bsp.o [3]
  .rodata            const    0x00030574      0x8  init_bsp.o [3]
  .rodata            const    0x0003057c      0x8  init_bsp.o [3]
  .rodata            const    0x00030584      0x8  init_bsp.o [3]
  .rodata            const    0x0003058c      0x8  init_bsp.o [3]
  .rodata            const    0x00030594      0x8  init_bsp.o [3]
  .rodata            const    0x0003059c      0x8  init_bsp.o [3]
  .rodata            const    0x000305a4     0x10  mqxiinit.o [7]
  .rodata            const    0x000305b4     0x20  macnet_init.o [3]
  .rodata            const    0x000305d4     0x14  phy_ks8721bl.o [3]
  .rodata            const    0x000305e8      0xc  iplocal.o [9]
  .rodata            const    0x000305f4      0x4  iplocal.o [9]
  .rodata            const    0x000305f8      0xc  rtcsinit.o [9]
  .rodata            const    0x00030604     0x1c  init_gpio.o [3]
  .rodata            const    0x00030620     0x1c  init_gpio.o [3]
  .rodata            const    0x0003063c      0x4  init_gpio.o [3]
  .rodata            const    0x00030640     0x50  host_close.o [12]
  .rodata            const    0x00030690     0x10  init_adc.o [3]
  .rodata            const    0x000306a0     0x18  init_adc.o [3]
  .rodata            const    0x000306b8     0x30  init_spi.o [3]
  .rodata            const    0x000306e8     0x30  init_spi.o [3]
  .rodata            const    0x00030718     0x30  init_spi.o [3]
  .rodata            const    0x00030748      0xc  init_esdhc.o [3]
  .rodata            const    0x00030754      0x8  init_flashx.o [3]
  .rodata            const    0x0003075c      0x8  init_flashx.o [3]
  .rodata            const    0x00030764     0x30  init_flashx.o [3]
  .rodata            const    0x00030794     0x20  init_flashx.o [3]
  .rodata            const    0x000307b4     0x14  init_i2c.o [3]
  .rodata            const    0x000307c8     0x1c  bsp_cm.o [3]
  .rodata            const    0x000307e4     0x78  bsp_cm.o [3]
  .rodata            const    0x0003085c     0x20  init_sci.o [3]
  .rodata            const    0x0003087c     0x20  init_sci.o [3]
  .rodata            const    0x0003089c     0x20  init_sci.o [3]
  .rodata            const    0x000308bc     0x20  init_sci.o [3]
  .rodata            const    0x000308dc     0x20  init_sci.o [3]
  .rodata            const    0x000308fc     0x20  init_sci.o [3]
  .rodata            const    0x0003091c     0x1c  spi_dma_dspi.o [3]
  .rodata            const    0x00030938     0x40  spi_dma_dspi.o [3]
  .rodata            const    0x00030978     0x10  spi_pol_dspi.o [3]
  .rodata            const    0x00030988     0x40  spi_pol_dspi.o [3]
  .rodata            const    0x000309c8     0x10  spi_pol_dspi.o [3]
  .rodata            const    0x000309d8    0x100  esdhc.o [3]
  .rodata            const    0x00030ad8      0xc  i2c_pol_ki2c.o [3]
  .rodata            const    0x00030ae4    0x100  i2c_pol_ki2c.o [3]
  .rodata            const    0x00030be4      0xc  serl_int_kuart.o [3]
  .rodata            const    0x00030bf0     0x40  macnet_mk60.o [3]
  .rodata            const    0x00030c30     0x68  ti_rom.o [7]
  .rodata            const    0x00030c98    0x20c  ti_rom.o [7]
  .rodata            const    0x00030ea4     0x30  flash_ftfl.o [3]
  .rodata            const    0x00030ed4     0x20  flash_ftfl.o [3]
  .rodata            const    0x00030ef4      0xc  spi_mk60_dspi.o [3]
  .rodata            const    0x00030f00      0xc  spi_mk60_dspi.o [3]
  .rodata            const    0x00030f0c     0x20  adc_kadc.o [3]
  .rodata            const    0x00030f2c      0xc  io_gpio_kgpio.o [3]
  .rodata            const    0x00030f38      0xc  io_gpio_kgpio.o [3]
  .rodata            const    0x00030f44      0xc  io_gpio_kgpio.o [3]
  .rodata            const    0x00030f50      0xc  io_gpio_kgpio.o [3]
  .rodata            const    0x00030f5c     0x14  io_gpio_kgpio.o [3]
  .rodata            const    0x00030f70     0x14  io_gpio_kgpio.o [3]
  .rodata            const    0x00030f84      0x8  io_gpio_kgpio.o [3]
  .rodata            const    0x00030f8c      0x8  io_gpio_kgpio.o [3]
  .rodata            const    0x00030f94      0x8  adc_mk60.o [3]
  .rodata            const    0x00030f9c      0x8  mqx_init.o [3]
  .rodata            const    0x00030fa4     0x30  mqx_init.o [3]
  Initializer bytes  ro data  0x00030fd4     0xb8  <for P2 mid-1>
  .rodata            const    0x0003108c      0x2  Shell_Task.o [1]
  Initializer bytes  ro data  0x00031090      0x4  <for KERNEL_DATA-1>
  .rodata            const    0x00031094      0x1  init_flashx.o [3]
  .rodata            const    0x00031095      0x0  bwt_init3c.o [8]
  FLASHX_POOL                 0x00031800      0x1  <Block>
    .flashx          const    0x00031800      0x1  vectors.o [3]
    .flashx          const    0x00031801      0x0  vectors.o [3]
                            - 0x00031801  0x313e1

"P2":                                      0x1b34
  P2 mid-1                    0x1fff0000     0xb8  <Init block>
    .data            inited   0x1fff0000      0x2  DSPSPI.o [1]
    .data            inited   0x1fff0004      0x4  FTP_Task.o [1]
    .data            inited   0x1fff0008     0x14  MenuView.o [1]
    .data            inited   0x1fff001c     0x28  MenuView.o [1]
    .data            inited   0x1fff0044     0x24  usb_classes.o [1]
    .data            inited   0x1fff0068      0x8  yada_prj.o [1]
    .data            inited   0x1fff0070      0x2  ftpd_cmd.o [9]
    .data            inited   0x1fff0074      0x4  ftpd.o [9]
    .data            inited   0x1fff0078      0x4  ftpd.o [9]
    .data            inited   0x1fff007c      0x4  rtcsglob.o [9]
    .data            inited   0x1fff0080      0x4  rtcsglob.o [9]
    .data            inited   0x1fff0084      0x4  rtcsglob.o [9]
    .data            inited   0x1fff0088      0x4  rtcsglob.o [9]
    .data            inited   0x1fff008c      0x4  rtcsglob.o [9]
    .data            inited   0x1fff0090      0x4  rtcsglob.o [9]
    .data            inited   0x1fff0094      0x4  rtcsglob.o [9]
    .data            inited   0x1fff0098      0x4  rtcsglob.o [9]
    .data            inited   0x1fff009c      0x4  rtcsglob.o [9]
    .data            inited   0x1fff00a0      0x4  rtcsglob.o [9]
    .data            inited   0x1fff00a4      0x4  mfs_init.o [6]
    .data            inited   0x1fff00a8      0x4  mfs_init.o [6]
    .data            inited   0x1fff00ac      0x4  mqx.o [7]
    .data            inited   0x1fff00b0      0x4  rtcsrand.o [9]
    .data            inited   0x1fff00b4      0x4  adt_kpdb.o [3]
  USB_BDT_Z          zero     0x1fff0200    0x200  khci.o [12]
  .bss               zero     0x1fff0400    0xa8c  DSPSPI.o [1]
  .bss               zero     0x1fff0e8c    0xa70  DSPSPI.o [1]
  .bss               zero     0x1fff18fc      0x4  DSPSPI.o [1]
  .bss               zero     0x1fff1900      0x4  DSPSPI.o [1]
  .bss               zero     0x1fff1904      0x4  LCDDriver.o [1]
  .bss               zero     0x1fff1908     0x14  LCDUart.o [1]
  .bss               zero     0x1fff191c     0x64  MenuView.o [1]
  .bss               zero     0x1fff1980     0x14  MenuView.o [1]
  .bss               zero     0x1fff1994     0x24  USB_Task.o [1]
  .bss               zero     0x1fff19b8     0x1c  USB_Task.o [1]
  .bss               zero     0x1fff19d4      0x4  USB_Task.o [1]
  .bss               zero     0x1fff19d8     0x20  USB_Task.o [1]
  .bss               zero     0x1fff19f8      0x4  ftpd.o [9]
  .bss               zero     0x1fff19fc      0x4  rtcsglob.o [9]
  .bss               zero     0x1fff1a00      0x4  rtcsglob.o [9]
  .bss               zero     0x1fff1a04      0x4  rtcsglob.o [9]
  .bss               zero     0x1fff1a08      0x4  rtcsglob.o [9]
  .bss               zero     0x1fff1a0c      0x4  rtcsglob.o [9]
  .bss               zero     0x1fff1a10      0x4  rtcsglob.o [9]
  .bss               zero     0x1fff1a14      0x4  rtcsglob.o [9]
  .bss               zero     0x1fff1a18      0x4  rtcsglob.o [9]
  .bss               zero     0x1fff1a1c      0x4  rtcsglob.o [9]
  .bss               zero     0x1fff1a20      0x4  mfs_init.o [6]
  .bss               zero     0x1fff1a24      0x4  mfs_init.o [6]
  .bss               zero     0x1fff1a28      0x4  host_common.o [12]
  .bss               zero     0x1fff1a2c      0x4  host_common.o [12]
  .bss               zero     0x1fff1a30      0x4  host_main.o [12]
  .bss               zero     0x1fff1a34      0x4  usb_host_hub.o [12]
  .bss               zero     0x1fff1a38      0x4  usb_host_msd_bo.o [12]
  .bss               zero     0x1fff1a3c      0x4  mqx.o [7]
  .bss               zero     0x1fff1a40      0x4  psp_mstiq.o [7]
  .bss               zero     0x1fff1a44      0x4  psp_mstiq.o [7]
  .bss               zero     0x1fff1a48     0x30  io_util.o [7]
  .bss               zero     0x1fff1a78      0x4  rtcsrand.o [9]
  .bss               zero     0x1fff1a7c      0x4  rtcsrand.o [9]
  .bss               zero     0x1fff1a80      0x4  tcpip.o [9]
  .bss               zero     0x1fff1a84      0x4  arpinit.o [9]
[...]
_usb_host_close_pipe_call_interface
                        0x0001b0a1   0x20  Code  Gb  host_main.o [12]
_usb_host_driver_info_register
                        0x000177ff   0x30  Code  Gb  host_common.o [12]
_usb_host_driver_install
                        0x0001abc5   0x60  Code  Gb  usb_mqx.o [12]
_usb_host_get_tr_element
                        0x0001b427   0x6e  Code  Gb  host_main.o [12]
_usb_host_init          0x0001b121  0x18a  Code  Gb  host_main.o [12]
_usb_host_init_call_interface
                        0x0001b001   0x1e  Code  Gb  host_main.o [12]
_usb_host_new_tr_element
                        0x0001b3e1   0x46  Code  Lc  host_main.o [12]
_usb_host_open_pipe     0x0001b34b   0x96  Code  Gb  host_main.o [12]
_usb_host_open_pipe_call_interface
                        0x0001b0c1   0x20  Code  Gb  host_main.o [12]
_usb_host_open_pipe_cleanup
                        0x0001b321   0x2a  Code  Gb  host_main.o [12]
_usb_host_recv_data     0x0001db75   0x58  Code  Gb  host_rcv.o [12]
_usb_host_recv_data_call_interface
                        0x0001b05f   0x20  Code  Gb  host_main.o [12]
_usb_host_register_ch9_callback
                        0x0001b847   0x36  Code  Gb  host_ch9.o [12]
_usb_host_register_service
                        0x0001b2ab   0x76  Code  Gb  host_main.o [12]
_usb_host_send_call_interface
                        0x0001b01f   0x20  Code  Gb  host_main.o [12]
_usb_host_send_data     0x0001db1d   0x52  Code  Gb  host_snd.o [12]
_usb_host_send_setup    0x0001b4f1   0x6a  Code  Gb  host_main.o [12]
_usb_host_send_setup_call_interface
                        0x0001b03f   0x20  Code  Gb  host_main.o [12]
_usb_host_set_up_TR     0x0001b495   0x5c  Code  Gb  host_main.o [12]
_usb_host_update_device_address_call_interface
                        0x0001b101   0x20  Code  Gb  host_main.o [12]
_usb_host_update_max_packet_size_call_interface
                        0x0001b0e1   0x20  Code  Gb  host_main.o [12]
_usb_hostdev_cntrl_request
                        0x0001bb25   0x92  Code  Gb  host_ch9.o [12]
_usb_hostdev_free_buffer
                        0x000171eb   0x6c  Code  Gb  host_common.o [12]
_usb_hostdev_get_buffer
                        0x00017171    0xc  Code  Gb  host_common.o [12]
_usb_hostdev_get_buffer_aligned
                        0x0001717d   0x6e  Code  Gb  host_common.o [12]
_usb_hostdev_get_descriptor
                        0x000172c3  0x1ca  Code  Gb  host_common.o [12]
_usb_hostdev_select_interface
                        0x00017a33  0x1dc  Code  Gb  host_common.o [12]
_usb_khci_add_int_tr    0x00022f01   0x6c  Code  Lc  khci.o [12]
_usb_khci_atom_tr       0x000235e5  0x304  Code  Lc  khci.o [12]
_usb_khci_attach        0x00023069   0x7c  Code  Lc  khci.o [12]
_usb_khci_bus_control   0x00023555    0x4  Code  Lc  khci.o [12]
_usb_khci_cancel        0x00023535   0x20  Code  Lc  khci.o [12]
_usb_khci_detach        0x00023129   0x2e  Code  Lc  khci.o [12]
_usb_khci_get_frame_number
                        0x00023559   0x10  Code  Lc  khci.o [12]
_usb_khci_get_hot_int_tr
                        0x00022fa3   0xc6  Code  Lc  khci.o [12]
_usb_khci_host_close_pipe
                        0x00023905   0x24  Code  Lc  khci.o [12]
_usb_khci_init          0x00023425   0xa6  Code  Lc  khci.o [12]
_usb_khci_init_int_tr   0x00022eeb   0x16  Code  Lc  khci.o [12]
_usb_khci_isr           0x00022e95   0x56  Code  Lc  khci.o [12]
_usb_khci_process_tr_complete
                        0x00023569   0x7c  Code  Lc  khci.o [12]
_usb_khci_recv          0x00023513   0x22  Code  Lc  khci.o [12]
_usb_khci_reset         0x000230e5   0x44  Code  Lc  khci.o [12]
_usb_khci_rm_int_tr     0x00022f6d   0x36  Code  Lc  khci.o [12]
_usb_khci_send          0x000234cf   0x22  Code  Lc  khci.o [12]
_usb_khci_send_setup    0x000234f1   0x22  Code  Lc  khci.o [12]
_usb_khci_shutdown      0x000234cb    0x4  Code  Lc  khci.o [12]
_usb_khci_task          0x00023157  0x272  Code  Lc  khci.o [12]
_usb_khci_task_create   0x000233c9   0x5c  Code  Lc  khci.o [12]
abs                     0x0000cb6f    0x8  Code  Gb  abs.o [4]
adc_address             0x00030f94    0x8  Data  Lc  adc_mk60.o [3]
adc_bundle              0x1fff1aac    0x4  Data  Gb  adc_kadc.o [3]
adc_calibrate           0x00009b0f   0xaa  Code  Lc  adc_kadc.o [3]
adc_complete_isr        0x00009af1   0x1e  Code  Lc  adc_kadc.o [3]
adc_get_calibration_data
                        0x00009bb9   0x64  Code  Lc  adc_kadc.o [3]
adc_internal            0x1fff1a98   0x14  Data  Lc  adc_kadc.o [3]
adc_process_all_data    0x00009a9d   0x32  Code  Gb  adc_kadc.o [3]
adc_process_data        0x000099ff   0x9e  Code  Lc  adc_kadc.o [3]
adc_set_calibration_data
                        0x00009c1d   0x64  Code  Lc  adc_kadc.o [3]
adt_idelay_isr          0x0000a711   0x36  Code  Lc  adt_kpdb.o [3]
adt_period_prescaler    0x00009f7d  0x1e0  Code  Lc  adt_kpdb.o [3]
bdt                     0x1fff0200  0x200  Data  Lc  khci.o [12]
class_interface_map     0x1fff0044   0x24  Data  Gb  usb_classes.o [1]
cos                     0x0001284f    0x6  Code  Gb  cos.o [5]
count                   0x1fff1b01    0x1  Data  Lc  DSPSPI.o [1]
delay_ms                0x00012401   0x16  Code  Gb  System.o [1]
delay_us                0x00012419   0x1a  Code  Gb  System.o [1]
device                  0x1fff19d8   0x20  Data  Gb  USB_Task.o [1]
dspi_address            0x00030ef4    0xc  Data  Lc  spi_mk60_dspi.o [3]
dspi_vectors            0x00030f00    0xc  Data  Lc  spi_mk60_dspi.o [3]
exit                    0x000004d5    0x4  Code  Gb  exit.o [4]
first_irq               0x1fff1a94    0x4  Data  Gb  io_gpio.o [3]
flexnvm_flash_ioctl     0x0002c077   0x96  Code  Gb  flash_ftfl.o [3]
flexnvm_prog_part       0x0002c00f   0x40  Code  Gb  flash_ftfl.o [3]
flexnvm_read_resource   0x0002bfcb   0x44  Code  Gb  flash_ftfl.o [3]
flexnvm_set_flexram     0x0002c04f   0x28  Code  Gb  flash_ftfl.o [3]
flg_int                 0x0001e6ed   0x74  Code  Gb  yada_prj.o [1]
fmod                    0x0001453d         Code  Gb  fmod.o [5]
fmodl                   0x0001453d         Code  Gb  fmod.o [5]
ftfl_flash_command_sequence
                        0x0002bc15  0x1c4  Code  Lc  flash_ftfl.o [3]
ftfl_flash_deinit       0x0002be0d   0x22  Code  Gb  flash_ftfl.o [3]
ftfl_flash_erase_sector
                        0x0002be57   0xa2  Code  Gb  flash_ftfl.o [3]
ftfl_flash_init         0x0002bdd9   0x34  Code  Gb  flash_ftfl.o [3]
ftfl_flash_write_sector
                        0x0002bef9   0xb8  Code  Gb  flash_ftfl.o [3]
ftfl_init_ram_function  0x0002be2f   0x28  Code  Gb  flash_ftfl.o [3]
ftfl_ram_function       0x0002bfb1   0x18  Code  Lc  flash_ftfl.o [3]
ftfl_ram_function_end   0x0002bfc9    0x2  Code  Lc  flash_ftfl.o [3]
ftpmsg_bad_option       0x0002fff8   0x1c  Data  Gb  ftpd_msg.o [9]
ftpmsg_badcmd           0x0002fedc   0x18  Data  Gb  ftpd_msg.o [9]
ftpmsg_badport          0x0002fef4   0x18  Data  Gb  ftpd_msg.o [9]
ftpmsg_banner           0x0002fe24   0x1c  Data  Gb  ftpd_msg.o [9]
ftpmsg_cd_error         0x00030080   0x20  Data  Gb  ftpd_msg.o [9]
ftpmsg_delete_error     0x000300c0   0x1c  Data  Gb  ftpd_msg.o [9]
ftpmsg_goodbye          0x0002ff44   0x10  Data  Gb  ftpd_msg.o [9]
ftpmsg_help_end         0x00030050   0x30  Data  Gb  ftpd_msg.o [9]
ftpmsg_help_start       0x00030020   0x30  Data  Gb  ftpd_msg.o [9]
ftpmsg_logged           0x0002fea4   0x10  Data  Gb  ftpd_msg.o [9]
ftpmsg_no_datacon       0x00030194   0x20  Data  Gb  ftpd_msg.o [9]
ftpmsg_no_file          0x00030124   0x34  Data  Gb  ftpd_msg.o [9]
ftpmsg_no_fs            0x0002ff54   0x3c  Data  Gb  ftpd_msg.o [9]
ftpmsg_no_memory        0x000301b4   0x38  Data  Gb  ftpd_msg.o [9]
ftpmsg_ok               0x000300dc    0xc  Data  Gb  ftpd_msg.o [9]
ftpmsg_opening_datacon  0x00030158   0x20  Data  Gb  ftpd_msg.o [9]
ftpmsg_pasv_mode        0x0002ff90   0x38  Data  Gb  ftpd_msg.o [9]
ftpmsg_portok           0x0002fe0c   0x18  Data  Gb  ftpd_msg.o [9]
ftpmsg_rmdir_error      0x000300a0   0x20  Data  Gb  ftpd_msg.o [9]
ftpmsg_rxok             0x0002fe40   0x34  Data  Gb  ftpd_msg.o [9]
ftpmsg_site_info        0x0002ffc8   0x30  Data  Gb  ftpd_msg.o [9]
ftpmsg_size             0x0002ff2c   0x18  Data  Gb  ftpd_msg.o [9]
ftpmsg_syst             0x00030014    0xc  Data  Gb  ftpd_msg.o [9]
ftpmsg_tx_complete      0x00030178   0x1c  Data  Gb  ftpd_msg.o [9]
ftpmsg_txok             0x0002fe74   0x30  Data  Gb  ftpd_msg.o [9]
ftpmsg_type_ascii       0x000300e8   0x14  Data  Gb  ftpd_msg.o [9]
ftpmsg_type_image       0x000300fc   0x14  Data  Gb  ftpd_msg.o [9]
ftpmsg_type_unknown     0x00030110   0x14  Data  Gb  ftpd_msg.o [9]
ftpmsg_unimp            0x0002ff0c   0x20  Data  Gb  ftpd_msg.o [9]
ftpmsg_writeeof         0x0002fec8   0x14  Data  Gb  ftpd_msg.o [9]
ftpmsg_writefail        0x0002feb4   0x14  Data  Gb  ftpd_msg.o [9]
get_irq_mask            0x000087d5   0x2a  Code  Lc  io_gpio_kgpio.o [3]
gpio_cpu_configure      0x000087ff  0x160  Code  Gb  io_gpio_kgpio.o [3]
gpio_cpu_init           0x0000895f    0xa  Code  Gb  io_gpio_kgpio.o [3]
gpio_cpu_ioctl          0x00008b5d  0x4f8  Code  Gb  io_gpio_kgpio.o [3]
gpio_cpu_open           0x00008a1d  0x140  Code  Gb  io_gpio_kgpio.o [3]
gpio_eport_irq          0x00009055   0x9c  Code  Lc  io_gpio_kgpio.o [3]
gpio_global_irq_map     0x1fff1ae8   0x14  Data  Gb  io_gpio_kgpio.o [3]
gpio_global_pin_map     0x1fff1ad4   0x14  Data  Gb  io_gpio_kgpio.o [3]
hub_anchor              0x1fff1a34    0x4  Data  Lc  usb_host_hub.o [12]
init_hardware           0x000005fd   0x3c  Code  Gb  init_hw.o [3]
install_isr             0x00008969   0xb4  Code  Lc  io_gpio_kgpio.o [3]
int_callback            0x0001e4e9   0x1a  Code  Gb  yada_prj.o [1]
isalpha                 0x0000f4c9    0x8  Code  Gb  sh_util.o [11]
isdigit                 0x00013d27   0x10  Code  Gb  sh_util.o [11]
isgraph                 0x0000e6f5   0x18  Code  Gb  sh_util.o [11]
isprint                 0x0000f0d7   0x2a  Code  Gb  sh_util.o [11]
ispunct                 0x0000f4d1    0x8  Code  Gb  sh_util.o [11]
isupper                 0x0000f0cf    0x8  Code  Gb  io_util.o [7]
isxdigit                0x0001fbe1   0x24  Code  Gb  ftpd_cmd.o [9]
kinetis_flash_invalidate_cache
                        0x0002c115   0x16  Code  Gb  flash_mk60.o [3]
linemark                0x00011479  0x166  Code  Gb  MenuView.o [1]
lower_hex_string        0x0002fc84   0x14  Data  Lc  io_dopr.o [7]
main                    0x000004c5   0x10  Code  Gb  mqx_main.o [3]
mass_anchor             0x1fff1a38    0x4  Data  Lc  usb_host_msd_bo.o [12]
mem_flash_app           0x0001e139  0x16c  Code  Gb  mem_flash.o [1]
memcmp                  0x00014751         Code  Gb  memcmp.o [8]
memcpy                  0x0000a949    0xe  Code  Gb  esdhc.o [3]
months                  0x0002fddc   0x30  Data  Lc  dir_read.o [6]
pctl_ptr_arr            0x00030f70   0x14  Data  Lc  io_gpio_kgpio.o [3]
pdb_external            0x1fff00b4    0x4  Data  Lc  adt_kpdb.o [3]
pdb_internal            0x1fff1ab0   0x24  Data  Lc  adt_kpdb.o [3]
phy_ksz8041_IF          0x000305d4   0x14  Data  Gb  phy_ks8721bl.o [3]
phy_ksz8041_discover_addr
                        0x0002c563   0x46  Code  Lc  phy_ks8721bl.o [3]
phy_ksz8041_get_link_status
                        0x0002c695   0x46  Code  Lc  phy_ks8721bl.o [3]
phy_ksz8041_get_speed   0x0002c64f   0x46  Code  Lc  phy_ks8721bl.o [3]
phy_ksz8041_init        0x0002c5a9   0xa6  Code  Lc  phy_ks8721bl.o [3]
pipe_init_params_prototype
                        0x00030300   0x24  Data  Lc  host_dev_list.o [12]
read_buffer             0x1fff0068    0x8  Data  Gb  yada_prj.o [1]
req_prototype           0x0003043c    0x8  Data  Lc  host_ch9.o [12]
reseed                  0x1fff1a7c    0x4  Data  Lc  rtcsrand.o [9]
rtcs_enet               0x0002dd68    0xc  Data  Lc  ip-e.o [9]
rtcs_local              0x000305e8    0xc  Data  Lc  iplocal.o [9]
seed                    0x1fff1a78    0x4  Data  Lc  rtcsrand.o [9]
send_U16str             0x0000ce15   0x2e  Code  Gb  LCDDriver.o [1]
send_U8str              0x0000cde7   0x2e  Code  Gb  LCDDriver.o [1]
send_area               0x0000cdbf   0x28  Code  Gb  LCDDriver.o [1]
send_byte               0x0000cd6f   0x12  Code  Gb  LCDDriver.o [1]
send_end                0x0000ce43   0x14  Code  Gb  LCDDriver.o [1]
send_word               0x0000cd81   0x2a  Code  Gb  LCDDriver.o [1]
send_xy                 0x0000cdab   0x14  Code  Gb  LCDDriver.o [1]
sin                     0x00012989    0x6  Code  Gb  sin.o [5]
spi2_dma_int            0x000084f9   0xc0  Code  Gb  DSPSPI.o [1]
spifd_2                 0x1fff1900    0x4  Data  Gb  DSPSPI.o [1]
state                   0x1fff00b0    0x4  Data  Lc  rtcsrand.o [9]
strcat                  0x0001dd67   0x1e  Code  Gb  strcat.o [4]
strcmp                  0x0000a779         Code  Gb  strcmp.o [8]
strcpy                  0x0000e6b1         Code  Gb  strcpy.o [8]
strlen                  0x0000a7bd         Code  Gb  strlen.o [8]
strncmp                 0x0000bbf5   0x2a  Code  Gb  strncmp.o [4]
strncpy                 0x0000c2dd         Code  Gb  strncpy.o [8]
strpbrk                 0x0001ff25    0x4  Code  Gb  strpbrk.o [4]
systick_config          0x00001b69    0xc  Code  Gb  init_bsp.o [3]
systick_init            0x00001b75   0x34  Code  Lc  init_bsp.o [3]
text                    0x1fff0008   0x14  Data  Gb  MenuView.o [1]
tolower                 0x0000e70d    0x8  Code  Gb  io_util.o [7]
tr_index                0x1fff1a2c    0x4  Data  Lc  host_common.o [12]
uart_isr                0x000029ad   0x76  Code  Gb  serl_int_kuart.o [3]
uart_lcd                0x1fff1904    0x4  Data  Gb  LCDDriver.o [1]
upper_hex_string        0x0002fc70   0x14  Data  Lc  io_dopr.o [7]
usb_class_hub_clear_feature
                        0x00024425   0x1e  Code  Gb  usb_host_hub.o [12]
usb_class_hub_clear_port_feature
                        0x00024443   0x24  Code  Gb  usb_host_hub.o [12]
usb_class_hub_cntrl_callback
                        0x000242a9   0x1a  Code  Gb  usb_host_hub.o [12]
usb_class_hub_cntrl_common
                        0x000242c3   0xfe  Code  Gb  usb_host_hub.o [12]
usb_class_hub_get_app   0x00024249   0x60  Code  Gb  usb_host_hub.o [12]
usb_class_hub_get_descriptor
                        0x000243c1   0x40  Code  Gb  usb_host_hub.o [12]
usb_class_hub_get_port_status
                        0x00024487   0x22  Code  Gb  usb_host_hub.o [12]
usb_class_hub_get_status
                        0x00024467   0x20  Code  Gb  usb_host_hub.o [12]
usb_class_hub_init      0x000241ed   0x5c  Code  Gb  usb_host_hub.o [12]
usb_class_hub_int_callback
                        0x00024581   0x1a  Code  Gb  usb_host_hub.o [12]
usb_class_hub_set_port_feature
                        0x00024401   0x24  Code  Gb  usb_host_hub.o [12]
usb_class_hub_wait_for_interrupt
                        0x000244a9   0xcc  Code  Gb  usb_host_hub.o [12]
usb_class_mass_call_back_cbw
                        0x0001bcd1   0xa2  Code  Lc  usb_host_msd_bo.o [12]
usb_class_mass_call_back_csw
                        0x0001be49  0x12e  Code  Lc  usb_host_msd_bo.o [12]
usb_class_mass_call_back_dphase
                        0x0001bd73   0xd6  Code  Lc  usb_host_msd_bo.o [12]
usb_class_mass_clear_bulk_pipe_on_usb
                        0x0001c061   0x7c  Code  Lc  usb_host_msd_bo.o [12]
usb_class_mass_deleteq  0x0001dac3   0x34  Code  Gb  usb_host_msd_queue.o [12]
usb_class_mass_get_pending_request
                        0x0001daf7   0x26  Code  Gb  usb_host_msd_queue.o [12]
usb_class_mass_init     0x0001bbc5   0x88  Code  Gb  usb_host_msd_bo.o [12]
usb_class_mass_pass_on_usb
                        0x0001bf77   0xea  Code  Lc  usb_host_msd_bo.o [12]
usb_class_mass_q_init   0x0001da7b    0xc  Code  Gb  usb_host_msd_queue.o [12]
usb_class_mass_q_insert
                        0x0001da87   0x3c  Code  Gb  usb_host_msd_queue.o [12]
usb_class_mass_reset_callback
                        0x0001c145   0xd0  Code  Lc  usb_host_msd_bo.o [12]
usb_class_mass_reset_recovery_on_usb
                        0x0001c0dd   0x68  Code  Gb  usb_host_msd_bo.o [12]
usb_class_mass_storage_device_command
                        0x0001bc4d   0x84  Code  Gb  usb_host_msd_bo.o [12]
usb_dev_list_attach_device
                        0x0001ade3  0x120  Code  Gb  host_dev_list.o [12]
usb_dev_list_close_pipe
                        0x0001af0d   0x46  Code  Lc  host_dev_list.o [12]
usb_dev_list_close_pipe_bundle
                        0x0001af53   0x2a  Code  Gb  host_dev_list.o [12]
usb_dev_list_detach_device
                        0x0001af7d   0x82  Code  Gb  host_dev_list.o [12]
usb_dev_list_free_mem   0x0001ac83   0x76  Code  Gb  host_dev_list.o [12]
usb_dev_list_free_memlist
                        0x0001ac2d   0x56  Code  Gb  host_dev_list.o [12]
usb_dev_list_get_mem    0x0001acf9   0xea  Code  Gb  host_dev_list.o [12]
usb_filesystem_install  0x00014eb5  0x18c  Code  Gb  USB_File.o [1]
usb_filesystem_uninstall
                        0x00015041   0xde  Code  Gb  USB_File.o [1]
usb_host_ch9_dev_req    0x0001b87d   0x8e  Code  Lc  host_ch9.o [12]
usb_host_class_intf_init
                        0x0001750b   0xf8  Code  Gb  host_common.o [12]
usb_host_class_intf_validate
                        0x00017603   0x22  Code  Gb  host_common.o [12]
usb_host_cntrl_transaction_done
                        0x0001b565  0x2e2  Code  Lc  host_ch9.o [12]
usb_host_driver_info_match
                        0x00017625   0xec  Code  Lc  host_common.o [12]
usb_host_driver_info_nonzero
                        0x0001777b   0x4a  Code  Lc  host_common.o [12]
usb_host_driver_info_scan
                        0x00017711   0x6a  Code  Lc  host_common.o [12]
usb_host_hub_device_event
                        0x00023c8d   0x9e  Code  Gb  usb_host_hub_sm.o [12]
usb_host_hub_device_sm  0x00023d2d  0x45c  Code  Lc  usb_host_hub_sm.o [12]
usb_host_hub_int_callback
                        0x00024189   0x60  Code  Lc  usb_host_hub_sm.o [12]
usb_host_map_class_intf
                        0x000177c5   0x3a  Code  Lc  host_common.o [12]
usb_host_mass_device_event
                        0x0001dd85   0x6e  Code  Gb  USB_Task.o [1]
usb_host_state_struct_ptr
                        0x1fff1a30    0x4  Data  Gb  host_main.o [12]
usb_hostdev_attach_detach
                        0x00017101   0x48  Code  Gb  host_common.o [12]
usb_hostdev_delete_interface
                        0x0001782f   0xce  Code  Gb  host_common.o [12]
usb_hostdev_get_class   0x00017257   0x6c  Code  Lc  host_common.o [12]
usb_hostdev_get_pipe_handle
                        0x0001748d   0x7e  Code  Gb  host_common.o [12]
usb_hostdev_mask_class_etc
                        0x000178fd   0x2a  Code  Lc  host_common.o [12]
usb_hostdev_open_pipe   0x00017927  0x10c  Code  Lc  host_common.o [12]
usb_hostdev_tr_init     0x00017c0f   0x36  Code  Gb  host_common.o [12]
usb_hostdev_validate    0x00017149   0x28  Code  Gb  host_common.o [12]
usb_mass_ufi_cancel     0x00017cd9    0xc  Code  Gb  usb_host_msd_ufi.o [12]
usb_mass_ufi_generic    0x00017c55   0x84  Code  Gb  usb_host_msd_ufi.o [12]


[1] = E:\Freescale\mqx_test\YD_PRJ_NEW_20130322_newgui_\IAR\twrk60n512\Int Flash Debug\Obj
[2] = command line
[3] = bsp_twrk60n512_20130322_no_event.a
[4] = dl7M_tln.a
[5] = m7M_tl.a
[6] = mfs_twrk60n512_d.a
[7] = psp_twrk60n512_d.a
[8] = rt7M_tl.a
[9] = rtcs_twrk60n512_d_20130105.a
[10] = shb_l.a
[11] = shell_twrk60n512_d_20130319.a
[12] = usb_hdk_twrk60n512_d.a

  182 168 bytes of readonly  code memory
   18 674 bytes of readonly  data memory
    8 863 bytes of readwrite data memory

Errors: none
Warnings: none
