###############################################################################
#                                                                             #
# IAR ELF Linker V6.30.1.53127/W32 for ARM              07/Apr/2013  20:39:20 #
# Copyright 2007-2011 IAR Systems AB.                                         #
#                                                                             #
#    Output file  =  E:\Freescale\mqx_test\YD_PRJ_NEW_20130323_git_\IAR\twrk6 #
#                    0n512\Int Flash Debug\Exe\twrk60n512.out                 #
#    Map file     =  E:\Freescale\mqx_test\YD_PRJ_NEW_20130323_git_\IAR\twrk6 #
#                    0n512\Int Flash Debug\List\twrk60n512.map                #
#    Command line =  "E:\Freescale\mqx_test\YD_PRJ_NEW_20130323_git_\IAR\twrk #
#                    60n512\Int Flash Debug\Obj\DSPSPI.o"                     #
#                    "E:\Freescale\mqx_test\YD_PRJ_NEW_20130323_git_\IAR\twrk #
#                    60n512\Int Flash Debug\Obj\DataConvert.o"                #
#                    "E:\Freescale\mqx_test\YD_PRJ_NEW_20130323_git_\IAR\twrk #
#                    60n512\Int Flash Debug\Obj\FTP_Task.o"                   #
#                    "E:\Freescale\mqx_test\YD_PRJ_NEW_20130323_git_\IAR\twrk #
#                    60n512\Int Flash Debug\Obj\LCDDriver.o"                  #
#                    "E:\Freescale\mqx_test\YD_PRJ_NEW_20130323_git_\IAR\twrk #
#                    60n512\Int Flash Debug\Obj\LCDUart.o"                    #
#                    "E:\Freescale\mqx_test\YD_PRJ_NEW_20130323_git_\IAR\twrk #
#                    60n512\Int Flash Debug\Obj\MenuView.o"                   #
#                    "E:\Freescale\mqx_test\YD_PRJ_NEW_20130323_git_\IAR\twrk #
#                    60n512\Int Flash Debug\Obj\SD_task.o"                    #
#                    "E:\Freescale\mqx_test\YD_PRJ_NEW_20130323_git_\IAR\twrk #
#                    60n512\Int Flash Debug\Obj\Shell_Task.o"                 #
#                    "E:\Freescale\mqx_test\YD_PRJ_NEW_20130323_git_\IAR\twrk #
#                    60n512\Int Flash Debug\Obj\System.o"                     #
#                    "E:\Freescale\mqx_test\YD_PRJ_NEW_20130323_git_\IAR\twrk #
#                    60n512\Int Flash Debug\Obj\USB_File.o"                   #
#                    "E:\Freescale\mqx_test\YD_PRJ_NEW_20130323_git_\IAR\twrk #
#                    60n512\Int Flash Debug\Obj\USB_Task.o"                   #
#                    "E:\Freescale\mqx_test\YD_PRJ_NEW_20130323_git_\IAR\twrk #
#                    60n512\Int Flash Debug\Obj\mem_flash.o"                  #
#                    "E:\Freescale\mqx_test\YD_PRJ_NEW_20130323_git_\IAR\twrk #
#                    60n512\Int Flash Debug\Obj\mem_ram.o"                    #
#                    "E:\Freescale\mqx_test\YD_PRJ_NEW_20130323_git_\IAR\twrk #
#                    60n512\Int Flash Debug\Obj\pin2.o"                       #
#                    "E:\Freescale\mqx_test\YD_PRJ_NEW_20130323_git_\IAR\twrk #
#                    60n512\Int Flash Debug\Obj\sh_cd.o"                      #
#                    "E:\Freescale\mqx_test\YD_PRJ_NEW_20130323_git_\IAR\twrk #
#                    60n512\Int Flash Debug\Obj\sh_di.o"                      #
#                    "E:\Freescale\mqx_test\YD_PRJ_NEW_20130323_git_\IAR\twrk #
#                    60n512\Int Flash Debug\Obj\tcpip_socket_task.o"          #
#                    "E:\Freescale\mqx_test\YD_PRJ_NEW_20130323_git_\IAR\twrk #
#                    60n512\Int Flash Debug\Obj\usb_classes.o"                #
#                    "E:\Freescale\mqx_test\YD_PRJ_NEW_20130323_git_\IAR\twrk #
#                    60n512\Int Flash Debug\Obj\yada_prj.o"                   #
#                    E:\Freescale\mqx_test\YD_PRJ_NEW_20130323_git_\lib\twrk6 #
#                    0n512.iar\bsp\bsp_twrk60n512_130330_no_event_lpt.a       #
#                    E:\Freescale\mqx_test\YD_PRJ_NEW_20130323_git_\lib\twrk6 #
#                    0n512.iar\mfs\mfs_twrk60n512_d.a                         #
#                    E:\Freescale\mqx_test\YD_PRJ_NEW_20130323_git_\lib\twrk6 #
#                    0n512.iar\psp\psp_twrk60n512_d.a                         #
#                    E:\Freescale\mqx_test\YD_PRJ_NEW_20130323_git_\lib\twrk6 #
#                    0n512.iar\rtcs\rtcs_twrk60n512_d_20130105.a              #
#                    E:\Freescale\mqx_test\YD_PRJ_NEW_20130323_git_\lib\twrk6 #
#                    0n512.iar\shell\shell_twrk60n512_d_20130406_wr_s.a       #
#                    E:\Freescale\mqx_test\YD_PRJ_NEW_20130323_git_\lib\twrk6 #
#                    0n512.iar\usb\host\usb_hdk_twrk60n512_d.a --redirect     #
#                    _Printf=_PrintfFull --redirect _Scanf=_ScanfFull -o      #
#                    "E:\Freescale\mqx_test\YD_PRJ_NEW_20130323_git_\IAR\twrk #
#                    60n512\Int Flash Debug\Exe\twrk60n512.out" --map         #
#                    "E:\Freescale\mqx_test\YD_PRJ_NEW_20130323_git_\IAR\twrk #
#                    60n512\Int Flash Debug\List\twrk60n512.map" --config     #
#                    E:\Freescale\mqx_test\YD_PRJ_NEW_20130323_git_\IAR\..\li #
#                    b\twrk60n512.iar\bsp\intflash.icf --redirect             #
#                    __iar_dlmalloc=malloc --redirect __iar_dlcalloc=calloc   #
#                    --redirect __iar_dlfree=free --semihosting --entry       #
#                    __iar_program_start --vfe                                #
#                                                                             #
#                                                                             #
###############################################################################

*******************************************************************************
*** RUNTIME MODEL ATTRIBUTES
***

CppFlavor                   = *
__SystemLibrary             = DLib
__dlib_jmp_buf_num_elements = 8


*******************************************************************************
*** PLACEMENT SUMMARY
***

"A1":  place at 0x00000000 { ro section .intvec, block CFMPROTROM };
"P1":  place in [from 0x00000000 to 0x0007ffff] {
          first block TEXTSECTION, ro, last block FLASHX_POOL };
"P2":  place in [from 0x1fff0000 to 0x2000fff0] { rw, last block KERNEL_DATA };

  Section            Kind        Address     Size  Object
  -------            ----        -------     ----  ------
"A1":                                       0x414
  .intvec            const    0x00000000    0x400  vectors.o [3]
  CFMPROTROM                  0x00000400     0x14  <Block>
    .cfmconfig       const    0x00000400     0x10  vectors.o [3]
    .cfmconfig       const    0x00000410      0x0  vectors.o [3]
    CFMPROTROM       const    0x00000410      0x4  <Block tail>
                            - 0x00000414    0x414

"P1":                                     0x33be4
  TEXTSECTION                 0x00000420  0x2eaa0  <Block>
    .text            ro code  0x00000420     0x4c  cortex_boot.o [7]
    .text            ro code  0x0000046c      0xc  cstartup_M.o [8]
    .text            ro code  0x00000478     0x16  cmain.o [8]
    .text            ro code  0x0000048e      0xa  iar.o [3]
    .text            ro code  0x00000498     0x2c  data_init3.o [8]
    .text            ro code  0x000004c4     0x10  mqx_main.o [3]
    .text            ro code  0x000004d4      0x4  exit.o [4]
    .text            ro code  0x000004d8    0x190  init_hw.o [3]
    .text            ro code  0x00000668    0x1a8  mqx.o [7]
    .text            ro code  0x00000810      0xa  cexit.o [8]
    .text            ro code  0x0000081a     0x46  sotcp.o [9]
    .text            ro code  0x00000860    0x79c  bsp_cm.o [3]
    .text            ro code  0x00000ffc    0x538  init_gpio.o [3]
    .text            ro code  0x00001534    0x134  mem_zero.o [7]
    .text            ro code  0x00001668     0x76  ABImemcpy.o [8]
    .text            ro code  0x000016de     0x56  macnet_rejoin.o [3]
    .text            ro code  0x00001734     0xd8  mqxiinit.o [7]
    .text            ro code  0x0000180c     0x28  lwm_init.o [7]
    .text            ro code  0x00001834     0x18  lwm_gsys.o [7]
    .text            ro code  0x0000184c     0x24  lwm_size.o [7]
    .text            ro code  0x00001870    0x1c4  ta_init.o [7]
    .text            ro code  0x00001a34     0xc0  sc_irdyq.o [7]
    .text            ro code  0x00001af4     0x74  lws_crea.o [7]
    .text            ro code  0x00001b68    0x2c8  init_bsp.o [3]
    .text            ro code  0x00001e30     0x24  int_disa.o [7]
    .text            ro code  0x00001e54     0x14  exit.o [10]
    .text            ro code  0x00001e68     0x14  cm.o [3]
    .text            ro code  0x00001e7c      0xc  qu_init.o [7]
    .text            ro code  0x00001e88     0x64  lwm_crep.o [7]
    .text            ro code  0x00001eec    0x204  lwm_alli.o [7]
    .text            ro code  0x000020f0     0x34  td_serr.o [7]
    .text            ro code  0x00002124     0xd0  td_alloc.o [7]
    .text            ro code  0x000021f4     0x68  stack_bu.o [7]
    .text            ro code  0x0000225c      0x8  lwm_xfri.o [7]
    .text            ro code  0x00002264     0x18  lwm_allz.o [7]
    .text            ro code  0x0000227c     0x38  int_ena.o [7]
    .text            ro code  0x000022b4     0x3e  qu_enq.o [7]
    .text            ro code  0x000022f2     0x22  zero_init3.o [8]
    .text            ro code  0x00002314      0xc  mqx_scpu.o [7]
    .text            ro code  0x00002320     0x30  lwm_allo.o [7]
    .text            ro code  0x00002350     0x14  psp_iinit.o [7]
    .text            ro code  0x00002364     0x10  int_vtab.o [7]
    .text            ro code  0x00002374     0x10  ti_setv.o [7]
    .text            ro code  0x00002384     0xb0  int_iisr.o [7]
    .text            ro code  0x00002434     0x10  ti_sett.o [7]
    .text            ro code  0x00002444     0x10  ti_shwtt.o [7]
    .text            ro code  0x00002454     0x14  ti_shwtf.o [7]
    .text            ro code  0x00002468     0x14  kinetis_mpu.o [7]
    .text            ro code  0x0000247c     0x18  io_init.o [7]
    .text            ro code  0x00002494    0x3b4  serl_pol_kuart.o [3]
    .text            ro code  0x00002848    0x1f0  serl_int_kuart.o [3]
    .text            ro code  0x00002a38    0x86c  i2c_pol_ki2c.o [3]
    .text            ro code  0x000032a4    0x6aa  i2c_int_ki2c.o [3]
    .text            ro code  0x0000394e     0x2e  copy_init3.o [8]
    .text            ro code  0x0000397c    0x9e8  spi_pol_dspi.o [3]
    .text            ro code  0x00004364    0x7b4  spi_dma_dspi.o [3]
    .text            ro code  0x00004b18    0x28c  io_gpio.o [3]
    .text            ro code  0x00004da4    0x5ae  adc.o [3]
    .text            ro code  0x00005354    0xc76  esdhc.o [3]
    .text            ro code  0x00005fcc    0xd3c  flashx.o [3]
    .text            ro code  0x00006d08     0x34  io_sinit.o [3]
    .text            ro code  0x00006d3c     0xe0  ti_krnl.o [7]
    .text            ro code  0x00006e1c     0xfc  lwm_free.o [7]
    .text            ro code  0x00006f18     0x40  qu_insrt.o [7]
    .text            ro code  0x00006f58     0x78  int_init.o [7]
    .text            ro code  0x00006fd0     0x10  int_inst.o [7]
    .text            ro code  0x00006fe0    0x53c  serl_pol.o [3]
    .text            ro code  0x0000751c     0x4c  serl_mk60.o [3]
    .text            ro code  0x00007568     0x18  lwm_zsys.o [7]
    .text            ro code  0x00007580    0x610  serl_int.o [3]
    .text            ro code  0x00007b90     0x60  int_gdat.o [7]
    .text            ro code  0x00007bf0      0x4  int_geh.o [7]
    .text            ro code  0x00007bf4     0xa0  cortex.o [7]
    .text            ro code  0x00007c94     0xf0  ev_open.o [7]
    .text            ro code  0x00007d84     0xe0  ev_set.o [7]
    .text            ro code  0x00007e64    0x170  i2c_pol.o [3]
    .text            ro code  0x00007fd4     0x38  i2c_mk60.o [3]
    .text            ro code  0x0000800c    0x16c  i2c_int.o [3]
    .text            ro code  0x00008178    0x196  spi_pol.o [3]
    .text            ro code  0x00008310     0x30  spi_mk60_dspi.o [3]
    .text            ro code  0x00008340    0x1a2  spi_int.o [3]
    .text            ro code  0x000084e4     0x24  io_pntf.o [7]
    .text            ro code  0x00008508    0x994  io_gpio_kgpio.o [3]
    .text            ro code  0x00008e9c     0x1a  io_inst.o [7]
    .text            ro code  0x00008eb6     0x3e  io_ioctl.o [7]
    .text            ro code  0x00008ef4    0xac0  adc_kadc.o [3]
    .text            ro code  0x000099b4    0xaf8  adt_kpdb.o [3]
    .text            ro code  0x0000a4ac     0x42  strcmp.o [8]
    .text            ro code  0x0000a4f0     0x36  strlen.o [8]
    .text            ro code  0x0000a528     0x38  ti_delay.o [7]
    .text            ro code  0x0000a560    0x108  io_instx.o [7]
    .text            ro code  0x0000a668     0x14  esdhc_mk60.o [3]
    .text            ro code  0x0000a67c      0xe  esdhc.o [3]
    .text            ro code  0x0000a68c     0x78  lws_wait.o [7]
    .text            ro code  0x0000a704    0x17c  mem_copy.o [7]
    .text            ro code  0x0000a880     0x7c  lws_post.o [7]
    .text            ro code  0x0000a8fc     0xa0  io_fopen.o [7]
    .text            ro code  0x0000a99c     0x34  psp_tinm.o [7]
    .text            ro code  0x0000a9d0     0x84  tq_creat.o [7]
    .text            ro code  0x0000aa54     0x80  tq_dest.o [7]
    .text            ro code  0x0000aad4     0xd8  tq_func.o [7]
    .text            ro code  0x0000abac     0x94  na_findi.o [7]
    .text            ro code  0x0000ac40     0x48  io_ghand.o [7]
    .text            ro code  0x0000ac88    0xbd4  io_dopr.o [7]
    .text            ro code  0x0000b85c     0x2a  strncmp.o [4]
    .text            ro code  0x0000b888      0x6  ABImemclr4.o [8]
    .text            ro code  0x0000b890     0x14  adc_mk60.o [3]
    .text            ro code  0x0000b8a4    0x132  I64DivMod.o [8]
    .text            ro code  0x0000b9d8     0xd4  lwe_set.o [7]
    .text            ro code  0x0000baac     0x84  psp_mstiq.o [7]
    .text            ro code  0x0000bb30     0x48  psp_tiad.o [7]
    .text            ro code  0x0000bb78     0x88  ti_deli.o [7]
    .text            ro code  0x0000bc00     0x2e  qu_deq.o [7]
    .text            ro code  0x0000bc2e     0x2c  sc_ipq.o [7]
    .text            ro code  0x0000bc5a     0x1c  strnlen.o [7]
    .text            ro code  0x0000bc78     0x32  ABImemset48.o [8]
    .text            ro code  0x0000bcac      0x2  I64DivZer.o [8]
    .text            ro code  0x0000bcb0    0x860  pow.o [5]
    .text            ro code  0x0000c510     0x44  xdnorm.o [5]
    .text            ro code  0x0000c554     0x80  xdint.o [5]
    .text            ro code  0x0000c5d4     0x20  DblCmpEq.o [5]
    .text            ro code  0x0000c5f4      0xc  errno.o [4]
    .text            ro code  0x0000c600     0x2e  DblCmpGe.o [5]
    .text            ro code  0x0000c630     0x2e  DblCmpLe.o [5]
    .text            ro code  0x0000c660    0x1a2  DblMul.o [5]
    .text            ro code  0x0000c804     0xe8  DblAdd.o [5]
    .text            ro code  0x0000c8ec     0x58  DblToI32.o [5]
    .text            ro code  0x0000c944     0x30  I32ToDbl.o [5]
    .text            ro code  0x0000c974    0x180  DblSub.o [5]
    .text            ro code  0x0000caf4    0x246  DblDiv.o [5]
    .text            ro code  0x0000cd3c     0xa8  xlog.o [5]
    .text            ro code  0x0000cde4    0x2f4  xexp.o [5]
    .text            ro code  0x0000d0d8      0x2  xtls.o [4]
    .text            ro code  0x0000d0dc    0x11a  xdscale.o [5]
    .text            ro code  0x0000d1f8    0x178  DSPSPI.o [1]
    .text            ro code  0x0000d370     0x14  ev_creat.o [7]
    .text            ro code  0x0000d384     0x3a  ev_all.o [7]
    .text            ro code  0x0000d3c0     0x48  ev_clear.o [7]
    .text            ro code  0x0000d408     0xc0  ev_creai.o [7]
    .text            ro code  0x0000d4c8    0x108  ev_waiti.o [7]
    .text            ro code  0x0000d5d0     0xcc  ev_comp.o [7]
    .text            ro code  0x0000d69c     0x6c  strncpy.o [8]
    .text            ro code  0x0000d708    0x138  na_addi.o [7]
    .text            ro code  0x0000d840     0x34  ti_delun.o [7]
    .text            ro code  0x0000d874     0x38  ti_delfo.o [7]
    .text            ro code  0x0000d8ac     0x7c  na_crth.o [7]
    .text            ro code  0x0000d928     0x5e  ABImemset.o [8]
    .text            ro code  0x0000d988    0x3aa  DataConvert.o [1]
    .text            ro code  0x0000dd34     0xfc  FltDiv.o [5]
    .text            ro code  0x0000de30     0xd8  FltMul.o [5]
    .text            ro code  0x0000df08     0x24  FltToU32.o [5]
    .text            ro code  0x0000df2c     0x32  I32ToFlt.o [5]
    .text            ro code  0x0000df5e      0x8  abs.o [4]
    .text            ro code  0x0000df68     0xe6  FltSub.o [5]
    .text            ro code  0x0000e050     0x44  FltToS32.o [5]
    .text            ro code  0x0000e094     0x24  FltCmpLe.o [5]
    .text            ro code  0x0000e0b8     0x84  FltAdd.o [5]
    .text            ro code  0x0000e13c    0x300  LCDDriver.o [1]
    .text            ro code  0x0000e43c     0x24  io_write.o [7]
    .text            ro code  0x0000e460     0xf4  FTP_Task.o [1]
    .text            ro code  0x0000e554    0x26c  rtcscmd.o [9]
    .text            ro code  0x0000e7c0     0x24  enaddr.o [3]
    .text            ro code  0x0000e7e4    0x104  eninit.o [3]
    .text            ro code  0x0000e8e8     0x5c  ifadd.o [9]
    .text            ro code  0x0000e944    0x644  ftpd.o [9]
    .text            ro code  0x0000ef88     0x88  ta_creat.o [7]
    .text            ro code  0x0000f010     0xe4  mqx_ioc.o [7]
    .text            ro code  0x0000f0f4    0x1b6  rtcspart.o [9]
    .text            ro code  0x0000f2ac     0x2c  ms_id.o [7]
    .text            ro code  0x0000f2d8     0x16  ms_pool.o [7]
    .text            ro code  0x0000f2f0     0xa8  rtcstask.o [9]
    .text            ro code  0x0000f398     0x6c  ms_dpool.o [7]
    .text            ro code  0x0000f404     0xcc  ms_alloc.o [7]
    .text            ro code  0x0000f4d0     0x58  td_get.o [7]
    .text            ro code  0x0000f528      0xc  ms_sendb.o [7]
    .text            ro code  0x0000f534     0x48  ta_rdy.o [7]
    .text            ro code  0x0000f57c      0xc  ms_send.o [7]
    .text            ro code  0x0000f588     0x10  td_gid.o [7]
    .text            ro code  0x0000f598     0x1c  td_gerr.o [7]
    .text            ro code  0x0000f5b4     0x24  td_util.o [7]
    .text            ro code  0x0000f5d8     0x2c  init_enet.o [3]
    .text            ro code  0x0000f604     0x58  enutil.o [3]
    .text            ro code  0x0000f65c     0x3c  ta_env.o [7]
    .text            ro code  0x0000f698     0x22  ta_sexit.o [7]
    .text            ro code  0x0000f6bc     0xb2  rtcs.o [9]
    .text            ro code  0x0000f770    0x3ea  io_util.o [7]
    .text            ro code  0x0000fb5c     0x44  strcpy.o [8]
    .text            ro code  0x0000fba0     0x18  io_util.o [7]
    .text            ro code  0x0000fbb8      0x8  io_util.o [7]
    .text            ro code  0x0000fbc0     0x7c  ta_build.o [7]
    .text            ro code  0x0000fc3c     0x18  lwm_allp.o [7]
    .text            ro code  0x0000fc54     0x18  lwm_alzp.o [7]
    .text            ro code  0x0000fc6c     0x18  lwm_gsyp.o [7]
    .text            ro code  0x0000fc84     0x18  lwm_zsyf.o [7]
    .text            ro code  0x0000fc9c     0x84  pa_creat.o [7]
    .text            ro code  0x0000fd20     0x14  pa_sallo.o [7]
    .text            ro code  0x0000fd34     0x74  pa_free.o [7]
    .text            ro code  0x0000fda8     0x74  pa_dest.o [7]
    .text            ro code  0x0000fe1c    0x20c  ms_pooli.o [7]
    .text            ro code  0x00010028     0x12  ta_util.o [7]
    .text            ro code  0x0001003c     0xa2  lws_dest.o [7]
    .text            ro code  0x000100e0    0x364  ms_sendi.o [7]
    .text            ro code  0x00010444    0x12a  sockutil.o [9]
    .text            ro code  0x0001056e      0x8  io_util.o [7]
    .text            ro code  0x00010576     0x2a  io_util.o [7]
    .text            ro code  0x000105a0     0x16  io_util.o [7]
    .text            ro code  0x000105b8     0x7c  pa_creai.o [7]
    .text            ro code  0x00010634    0x118  pa_alloi.o [7]
    .text            ro code  0x0001074c    0x130  ms_comp.o [7]
    .text            ro code  0x0001087c     0x60  ms_free.o [7]
    .text            ro code  0x000108dc     0x10  io_util.o [7]
    .text            ro code  0x000108ec      0x8  io_util.o [7]
    .text            ro code  0x000108f4      0x8  io_util.o [7]
    .text            ro code  0x000108fc     0x7c  pa_comp.o [7]
    .text            ro code  0x00010978     0x5c  pa_extni.o [7]
    .text            ro code  0x000109d4     0x22  io_util.o [7]
    .text            ro code  0x000109f6     0x28  io_util.o [7]
    .text            ro code  0x00010a1e     0x10  io_util.o [7]
    .text            ro code  0x00010a30    0xa60  LCDUart.o [1]
    .text            ro code  0x00011490     0x14  ev_creaa.o [7]
    .text            ro code  0x000114a4   0x2df4  MenuView.o [1]
    .text            ro code  0x00014298     0x52  System.o [1]
    .text            ro code  0x000142ea      0x6  cos.o [5]
    .text            ro code  0x000142f0      0x6  sin.o [5]
    .text            ro code  0x000142f8     0x24  FltCmpGe.o [5]
    .text            ro code  0x0001431c     0x4e  FltToDbl.o [5]
    .text            ro code  0x0001436c    0x14c  sh_cd.o [1]
    .text            ro code  0x000144b8     0x90  sh_pwd.o [11]
    .text            ro code  0x00014548    0x220  sh_read_wk.o [11]
    .text            ro code  0x00014768    0x1f8  sh_write_binary.o [11]
    .text            ro code  0x00014960     0xc8  sh_update.o [11]
    .text            ro code  0x00014a28     0x16  ti_get.o [7]
    .text            ro code  0x00014a40     0xe4  ti_to.o [7]
    .text            ro code  0x00014b24    0x110  sh_mkdir.o [11]
    .text            ro code  0x00014c34    0x39c  sh_search_file_1.o [11]
    .text            ro code  0x00014fd0    0x1f0  xsin.o [5]
    .text            ro code  0x000151c0    0x218  sh_util.o [11]
    .text            ro code  0x000153d8    0x408  mfs_misc.o [6]
    .text            ro code  0x000157e0     0x90  io_fseek.o [7]
    .text            ro code  0x00015870     0x16  io_feof.o [7]
    .text            ro code  0x00015886     0x46  io_fgetc.o [7]
    .text            ro code  0x000158cc     0x34  io_fclos.o [7]
    .text            ro code  0x00015900     0x4c  ti_gett.o [7]
    .text            ro code  0x0001594c     0xbc  psp_tkti.o [7]
    .text            ro code  0x00015a08     0x42  ti_leap.o [7]
    .text            ro code  0x00015a4c    0x320  dir_read.o [6]
    .text            ro code  0x00015d6c     0x26  io_spr.o [7]
    .text            ro code  0x00015d94    0x170  xquad.o [5]
    .text            ro code  0x00015f04     0x10  sh_util.o [11]
    .text            ro code  0x00015f14    0x344  mfs_rw.o [6]
    .text            ro code  0x00016258     0x9e  mfs_data_sector.o [6]
    .text            ro code  0x000162f8    0x382  mfs_fat.o [6]
    .text            ro code  0x0001667c    0x1a8  fmod.o [5]
    .text            ro code  0x00016824     0x6a  io_read.o [7]
    .text            ro code  0x00016890     0x62  memcmp.o [8]
    .text            ro code  0x000168f4    0x356  mfs_cluster.o [6]
    .text            ro code  0x00016c4c      0xc  iarEdom.o [8]
    .text            ro code  0x00016c58     0x48  Shell_Task.o [1]
    .text            ro code  0x00016ca0    0x22c  shell.o [11]
    .text            ro code  0x00016ecc     0x38  io_fflsh.o [7]
    .text            ro code  0x00016f04     0x2e  io_fgets.o [7]
    .text            ro code  0x00016f32     0x94  io_fgetl.o [7]
    .text            ro code  0x00016fc6     0x2c  io_fung.o [7]
    .text            ro code  0x00016ff4    0x2d0  USB_File.o [1]
    .text            ro code  0x000172c4    0x726  usbmfs.o [12]
    .text            ro code  0x000179ec    0x5a6  part_mgr.o [6]
    .text            ro code  0x00017f92      0xe  io_ferr.o [7]
    .text            ro code  0x00017fa0   0x1222  mfs_init.o [6]
    .text            ro code  0x000191c4     0x7c  io_uinst.o [7]
    .text            ro code  0x00019240    0xb54  host_common.o [12]
    .text            ro code  0x00019d94     0x90  usb_host_msd_ufi.o [12]
    .text            ro code  0x00019e24     0x10  ti_getp.o [7]
    .text            ro code  0x00019e34     0x98  lws_wati.o [7]
    .text            ro code  0x00019ecc     0x30  ti_delti.o [7]
    .text            ro code  0x00019efc     0xa2  mfs_valdev.o [6]
    .text            ro code  0x00019fa0    0x39c  mfs_open.o [6]
    .text            ro code  0x0001a33c    0x4bc  mfs_create.o [6]
    .text            ro code  0x0001a7f8    0x2d0  mfs_read.o [6]
    .text            ro code  0x0001aac8    0x430  mfs_write.o [6]
    .text            ro code  0x0001aef8    0x7f8  mfs_directory.o [6]
    .text            ro code  0x0001b6f0     0xf4  mfs_attribute.o [6]
    .text            ro code  0x0001b7e4     0xe4  mfs_time.o [6]
    .text            ro code  0x0001b8c8    0x7ce  mfs_lfn.o [6]
    .text            ro code  0x0001c096    0x102  mfs_delete.o [6]
    .text            ro code  0x0001c198    0x2c0  mfs_rename.o [6]
    .text            ro code  0x0001c458    0x89c  mfs_format.o [6]
    .text            ro code  0x0001ccf4     0x10  qu_util.o [7]
    .text            ro code  0x0001cd04     0x68  usb_mqx.o [12]
    .text            ro code  0x0001cd6c    0x3d2  host_dev_list.o [12]
    .text            ro code  0x0001d140    0x564  host_main.o [12]
    .text            ro code  0x0001d6a4    0x660  host_ch9.o [12]
    .text            ro code  0x0001dd04    0x670  usb_host_msd_bo.o [12]
    .text            ro code  0x0001e374     0x36  lws_wain.o [7]
    .text            ro code  0x0001e3aa    0x79a  mfs_search.o [6]
    .text            ro code  0x0001eb44     0xf6  mfs_handle.o [6]
    .text            ro code  0x0001ec3c    0x7f6  mfs_dir_entry.o [6]
    .text            ro code  0x0001f432     0x20  qu_head.o [7]
    .text            ro code  0x0001f452     0x22  qu_next.o [7]
    .text            ro code  0x0001f474    0x57c  mfs_parse.o [6]
    .text            ro code  0x0001f9f0     0x50  host_close.o [12]
    .text            ro code  0x0001fa40     0x5a  usb_mk60.o [3]
    .text            ro code  0x0001fa9a     0xa2  usb_host_msd_queue.o [12]
    .text            ro code  0x0001fb3c     0x58  host_snd.o [12]
    .text            ro code  0x0001fb94     0x58  host_rcv.o [12]
    .text            ro code  0x0001fbec     0x30  pa_sallz.o [7]
    .text            ro code  0x0001fc1c     0x1e  qu_unlnk.o [7]
    .text            ro code  0x0001fc3a     0x1e  strcat.o [4]
    .text            ro code  0x0001fc58    0x254  USB_Task.o [1]
    .text            ro code  0x0001feac     0x86  lwe_crea.o [7]
    .text            ro code  0x0001ff34     0x20  int_iunx.o [7]
    .text            ro code  0x0001ff54     0x34  lwe_clr.o [7]
    .text            ro code  0x0001ff88     0x48  lwe_watt.o [7]
    .text            ro code  0x0001ffd0     0x10  int_idef.o [7]
    .text            ro code  0x0001ffe0     0xf0  lwe_waii.o [7]
    .text            ro code  0x000200d0    0x16c  mem_flash.o [1]
    .text            ro code  0x0002023c     0x94  pin2.o [1]
    .text            ro code  0x000202d0     0xac  tq_tsusp.o [7]
    .text            ro code  0x0002037c     0x98  ta_prio.o [7]
    .text            ro code  0x00020414     0x68  sc_sprio.o [7]
    .text            ro code  0x0002047c      0x4  ta_sync.o [7]
    .text            ro code  0x00020480    0x29c  tcpip_socket_task.o [1]
    .text            ro code  0x0002071c    0x1a0  soselset.o [9]
    .text            ro code  0x000208bc     0xbc  sosel0.o [9]
    .text            ro code  0x00020978     0xd4  timer.o [9]
    .text            ro code  0x00020a4c    0x338  yada_prj.o [1]
    .text            ro code  0x00020d84    0x3ec  timer_lpt.o [3]
    .text            ro code  0x00021170     0x7c  timer_lpt_kinetis.o [3]
    .text            ro code  0x000211ec     0x22  I64Shl.o [8]
    .text            ro code  0x00021210   0x12f0  ftpd_cmd.o [9]
    .text            ro code  0x00022500     0x24  ftpd_cmd.o [9]
    .text            ro code  0x00022524      0x4  strpbrk.o [4]
    .text            ro code  0x00022528     0x18  rtcsmsec.o [9]
    .text            ro code  0x00022540     0x20  io_ftell.o [7]
    .text            ro code  0x00022560     0x22  strpbrk.o [4]
    .text            ro code  0x00022582     0x1a  ti_elaps.o [7]
    .text            ro code  0x0002259c     0x40  ti_elapt.o [7]
    .text            ro code  0x000225dc    0x3be  ip-e.o [9]
    .text            ro code  0x0002299c    0x82c  arp.o [9]
    .text            ro code  0x000231c8     0x94  enopen.o [3]
    .text            ro code  0x0002325c     0x82  enclose.o [3]
    .text            ro code  0x000232e0     0xdc  rtcsrand.o [9]
    .text            ro code  0x000233bc    0x496  rtcspcb.o [9]
    .text            ro code  0x00023852    0x162  ensend.o [3]
    .text            ro code  0x000239b4    0x24c  iputil.o [9]
    .text            ro code  0x00023c00      0x4  proxyarp.o [9]
    .text            ro code  0x00023c04     0x3c  lws_poll.o [7]
    .text            ro code  0x00023c40    0x24c  ipradix.o [9]
    .text            ro code  0x00023e8c     0x94  sh_cmdlist.o [11]
    .text            ro code  0x00023f20    0x1f0  sh_copy.o [11]
    .text            ro code  0x00024110    0x118  sh_create.o [11]
    .text            ro code  0x00024228    0x11c  sh_del.o [11]
    .text            ro code  0x00024344    0x108  sh_df.o [11]
    .text            ro code  0x0002444c    0x154  sh_dir.o [11]
    .text            ro code  0x000245a0    0x1bc  sh_disect.o [11]
    .text            ro code  0x0002475c     0x68  sh_exit.o [11]
    .text            ro code  0x000247c4    0x17c  sh_format.o [11]
    .text            ro code  0x00024940    0x108  sh_help.o [11]
    .text            ro code  0x00024a48    0x22c  sh_read.o [11]
    .text            ro code  0x00024c74     0x40  io_fputc.o [7]
    .text            ro code  0x00024cb4    0x188  sh_rename.o [11]
    .text            ro code  0x00024e3c    0x12c  sh_rmdir.o [11]
    .text            ro code  0x00024f68     0xd8  sh_sh.o [11]
    .text            ro code  0x00025040    0x130  sh_type.o [11]
    .text            ro code  0x00025170    0x250  sh_write.o [11]
    .text            ro code  0x000253c0    0xa94  khci.o [12]
    .text            ro code  0x00025e54     0x92  lwmsgq.o [7]
    .text            ro code  0x00025ee8    0x138  lwmsgq_recv.o [7]
    .text            ro code  0x00026020     0x70  ta_creab.o [7]
    .text            ro code  0x00026090    0x128  lwmsgq_send.o [7]
    .text            ro code  0x000261b8    0x560  usb_host_hub_sm.o [12]
    .text            ro code  0x00026718    0x3ae  usb_host_hub.o [12]
    .text            ro code  0x00026ac8    0x59c  sstream.o [9]
    .text            ro code  0x00027064    0x9f6  ip.o [9]
    .text            ro code  0x00027a5c    0x76c  iproute.o [9]
    .text            ro code  0x000281c8     0x86  checksum.o [9]
    .text            ro code  0x0002824e     0x44  ipsum.o [7]
    .text            ro code  0x00028294    0x680  icmp.o [9]
    .text            ro code  0x00028914     0x22  route.o [9]
    .text            ro code  0x00028938    0x19e  iplocal.o [9]
    .text            ro code  0x00028ad8    0x124  tcpip.o [9]
    .text            ro code  0x00028bfc     0x16  ms_open.o [7]
    .text            ro code  0x00028c14     0x10  arpinit.o [9]
    .text            ro code  0x00028c24     0x18  bootinit.o [9]
    .text            ro code  0x00028c3c     0x32  ms_recv.o [7]
    .text            ro code  0x00028c70    0x144  ms_openi.o [7]
    .text            ro code  0x00028db4    0x320  ms_recvi.o [7]
    .text            ro code  0x000290d4     0xe8  int_unx.o [7]
    .text            ro code  0x000291bc    0x3c4  tcp_clos.o [9]
    .text            ro code  0x00029580    0x792  tcp_rcv.o [9]
    .text            ro code  0x00029d12    0x3a2  ticker.o [9]
    .text            ro code  0x0002a0b4   0x16e2  tcp.o [9]
    .text            ro code  0x0002b796    0x12c  sosel1.o [9]
    .text            ro code  0x0002b8c4    0xfa8  tcp_send.o [9]
    .text            ro code  0x0002c86c    0x412  tcp_buf.o [9]
    .text            ro code  0x0002cc80     0x18  ti_getr.o [7]
    .text            ro code  0x0002cc98    0x464  macnet_init.o [3]
    .text            ro code  0x0002d0fc     0x1c  macnet_mk60.o [3]
    .text            ro code  0x0002d118    0x49e  macnet_receive.o [3]
    .text            ro code  0x0002d5b8    0x1d4  macnet_util.o [3]
    .text            ro code  0x0002d78c    0x11a  enrecv.o [3]
    .text            ro code  0x0002d8a8     0x64  int_gisr.o [7]
    .text            ro code  0x0002d90c    0x1e2  ta_dest.o [7]
    .text            ro code  0x0002daf0     0x6c  lwm_list.o [7]
    .text            ro code  0x0002db5c      0x2  stack_de.o [7]
    .text            ro code  0x0002db60     0x34  int_isr.o [7]
    .text            ro code  0x0002db94     0x10  td_serrt.o [7]
    .text            ro code  0x0002dba4     0x40  idletask.o [7]
    .text            ro code  0x0002dbe4     0x60  ev_tdel.o [7]
    .text            ro code  0x0002dc44     0x88  macnet_join.o [3]
    .text            ro code  0x0002dccc     0xe8  macnet_mii.o [3]
    .text            ro code  0x0002ddb4     0x4c  macnet_stop.o [3]
    .text            ro code  0x0002de00     0x24  ta_exit.o [7]
    .text            ro code  0x0002de24    0x31c  udp.o [9]
    .text            ro code  0x0002e140    0x4fc  flash_ftfl.o [3]
    .text            ro code  0x0002e63c     0x24  flash_mk60.o [3]
    .text            ro code  0x0002e660     0xd8  ms_tdel.o [7]
    .text            ro code  0x0002e738     0x98  pa_tdel.o [7]
    .text            ro code  0x0002e7d0    0x104  soip.o [9]
    .text            ro code  0x0002e8d4    0x1ba  ipif_add.o [9]
    .text            ro code  0x0002ea8e    0x178  phy_ks8721bl.o [3]
    .text            ro code  0x0002ec06    0x2ba  macnet_send.o [3]
  KERNEL             ro code  0x0002eec0    0x218  dispatch.o [7]
  .iar.init_table    const    0x0002f0d8     0x38  - Linker created -
  .rodata            const    0x0002f110      0x8  DSPSPI.o [1]
  .rodata            const    0x0002f118     0x1c  DSPSPI.o [1]
  .rodata            const    0x0002f134     0x24  DSPSPI.o [1]
  .rodata            const    0x0002f158     0x24  DSPSPI.o [1]
  .rodata            const    0x0002f17c     0x24  DSPSPI.o [1]
  .rodata            const    0x0002f1a0     0x10  DSPSPI.o [1]
  .rodata            const    0x0002f1b0     0x1c  DSPSPI.o [1]
  .rodata            const    0x0002f1cc     0x18  DSPSPI.o [1]
  .rodata            const    0x0002f1e4     0x1c  DSPSPI.o [1]
  .rodata            const    0x0002f200     0x18  DSPSPI.o [1]
  .rodata            const    0x0002f218      0x8  FTP_Task.o [1]
  .rodata            const    0x0002f220      0x8  FTP_Task.o [1]
  .rodata            const    0x0002f228      0x8  FTP_Task.o [1]
  .rodata            const    0x0002f230      0x4  FTP_Task.o [1]
  .rodata            const    0x0002f234      0x8  FTP_Task.o [1]
  .rodata            const    0x0002f23c      0x8  FTP_Task.o [1]
  .rodata            const    0x0002f244      0x8  FTP_Task.o [1]
  .rodata            const    0x0002f24c      0x8  FTP_Task.o [1]
  .rodata            const    0x0002f254      0x4  FTP_Task.o [1]
  .rodata            const    0x0002f258      0x8  FTP_Task.o [1]
  .rodata            const    0x0002f260      0x8  FTP_Task.o [1]
  .rodata            const    0x0002f268      0x8  FTP_Task.o [1]
  .rodata            const    0x0002f270      0x8  FTP_Task.o [1]
  .rodata            const    0x0002f278      0x8  FTP_Task.o [1]
  .rodata            const    0x0002f280      0x8  FTP_Task.o [1]
  .rodata            const    0x0002f288      0x4  FTP_Task.o [1]
  .rodata            const    0x0002f28c      0x8  FTP_Task.o [1]
  .rodata            const    0x0002f294      0x8  FTP_Task.o [1]
  .rodata            const    0x0002f29c      0x8  FTP_Task.o [1]
  .rodata            const    0x0002f2a4      0x8  FTP_Task.o [1]
  .rodata            const    0x0002f2ac      0x8  FTP_Task.o [1]
  .rodata            const    0x0002f2b4      0x4  FTP_Task.o [1]
  .rodata            const    0x0002f2b8      0x8  FTP_Task.o [1]
  .rodata            const    0x0002f2c0      0x8  FTP_Task.o [1]
  .rodata            const    0x0002f2c8      0x8  FTP_Task.o [1]
  .rodata            const    0x0002f2d0      0x8  FTP_Task.o [1]
  .rodata            const    0x0002f2d8      0x8  FTP_Task.o [1]
  .rodata            const    0x0002f2e0      0x8  FTP_Task.o [1]
  .rodata            const    0x0002f2e8      0x8  FTP_Task.o [1]
  .rodata            const    0x0002f2f0      0x8  FTP_Task.o [1]
  .rodata            const    0x0002f2f8      0x8  FTP_Task.o [1]
  .rodata            const    0x0002f300     0x24  FTP_Task.o [1]
  .rodata            const    0x0002f324     0x24  FTP_Task.o [1]
  .rodata            const    0x0002f348     0x24  FTP_Task.o [1]
  .rodata            const    0x0002f36c     0x14  FTP_Task.o [1]
  .rodata            const    0x0002f380      0xc  FTP_Task.o [1]
  .rodata            const    0x0002f38c    0x100  FTP_Task.o [1]
  .rodata            const    0x0002f48c      0x8  LCDDriver.o [1]
  .rodata            const    0x0002f494      0x8  LCDUart.o [1]
  .rodata            const    0x0002f49c      0xc  LCDUart.o [1]
  .rodata            const    0x0002f4a8     0x28  LCDUart.o [1]
  .rodata            const    0x0002f4d0     0x24  LCDUart.o [1]
  .rodata            const    0x0002f4f4     0x24  LCDUart.o [1]
  .rodata            const    0x0002f518     0x1c  LCDUart.o [1]
  .rodata            const    0x0002f534     0x10  LCDUart.o [1]
  .rodata            const    0x0002f544     0x1c  LCDUart.o [1]
  .rodata            const    0x0002f560     0x18  LCDUart.o [1]
  .rodata            const    0x0002f578      0xc  MenuView.o [1]
  .rodata            const    0x0002f584     0x10  MenuView.o [1]
  .rodata            const    0x0002f594     0x10  MenuView.o [1]
  .rodata            const    0x0002f5a4     0x14  MenuView.o [1]
  .rodata            const    0x0002f5b8     0x14  MenuView.o [1]
  .rodata            const    0x0002f5cc     0x38  MenuView.o [1]
  .rodata            const    0x0002f604      0x4  MenuView.o [1]
  .rodata            const    0x0002f608      0x8  MenuView.o [1]
  .rodata            const    0x0002f610     0x24  MenuView.o [1]
  .rodata            const    0x0002f634     0x48  MenuView.o [1]
  .rodata            const    0x0002f67c      0x8  MenuView.o [1]
  .rodata            const    0x0002f684      0x8  MenuView.o [1]
  .rodata            const    0x0002f68c      0xc  MenuView.o [1]
  .rodata            const    0x0002f698      0x8  MenuView.o [1]
  .rodata            const    0x0002f6a0     0x10  MenuView.o [1]
  .rodata            const    0x0002f6b0      0x8  MenuView.o [1]
  .rodata            const    0x0002f6b8      0x8  MenuView.o [1]
  .rodata            const    0x0002f6c0     0x2c  MenuView.o [1]
  .rodata            const    0x0002f6ec     0x58  MenuView.o [1]
  .rodata            const    0x0002f744     0x10  MenuView.o [1]
  .rodata            const    0x0002f754     0x10  MenuView.o [1]
  .rodata            const    0x0002f764     0x24  MenuView.o [1]
  .rodata            const    0x0002f788      0xc  MenuView.o [1]
  .rodata            const    0x0002f794      0x8  MenuView.o [1]
  .rodata            const    0x0002f79c     0x10  MenuView.o [1]
  .rodata            const    0x0002f7ac      0x8  MenuView.o [1]
  .rodata            const    0x0002f7b4      0x8  MenuView.o [1]
  .rodata            const    0x0002f7bc      0x8  MenuView.o [1]
  .rodata            const    0x0002f7c4    0x3e8  MenuView.o [1]
  .rodata            const    0x0002fbac     0x1c  MenuView.o [1]
  .rodata            const    0x0002fbc8      0xc  MenuView.o [1]
  .rodata            const    0x0002fbd4      0xc  MenuView.o [1]
  .rodata            const    0x0002fbe0      0xc  MenuView.o [1]
  .rodata            const    0x0002fbec      0x8  MenuView.o [1]
  .rodata            const    0x0002fbf4      0x8  MenuView.o [1]
  .rodata            const    0x0002fbfc      0x4  Shell_Task.o [1]
  .rodata            const    0x0002fc00      0x8  Shell_Task.o [1]
  .rodata            const    0x0002fc08      0x8  Shell_Task.o [1]
  .rodata            const    0x0002fc10      0x4  Shell_Task.o [1]
  .rodata            const    0x0002fc14      0x8  Shell_Task.o [1]
  .rodata            const    0x0002fc1c      0x4  Shell_Task.o [1]
  .rodata            const    0x0002fc20      0x4  Shell_Task.o [1]
  .rodata            const    0x0002fc24      0x8  Shell_Task.o [1]
  .rodata            const    0x0002fc2c      0x8  Shell_Task.o [1]
  .rodata            const    0x0002fc34      0x8  Shell_Task.o [1]
  .rodata            const    0x0002fc3c      0x8  Shell_Task.o [1]
  .rodata            const    0x0002fc44      0x4  Shell_Task.o [1]
  .rodata            const    0x0002fc48      0x8  Shell_Task.o [1]
  .rodata            const    0x0002fc50      0x4  Shell_Task.o [1]
  .rodata            const    0x0002fc54      0x8  Shell_Task.o [1]
  .rodata            const    0x0002fc5c      0x4  Shell_Task.o [1]
  .rodata            const    0x0002fc60      0x8  Shell_Task.o [1]
  .rodata            const    0x0002fc68      0x8  Shell_Task.o [1]
  .rodata            const    0x0002fc70      0x8  Shell_Task.o [1]
  .rodata            const    0x0002fc78      0x8  Shell_Task.o [1]
  .rodata            const    0x0002fc80     0x28  Shell_Task.o [1]
  .rodata            const    0x0002fca8     0x24  Shell_Task.o [1]
  .rodata            const    0x0002fccc     0x24  Shell_Task.o [1]
  .rodata            const    0x0002fcf0     0x20  Shell_Task.o [1]
  .rodata            const    0x0002fd10     0xb0  Shell_Task.o [1]
  .rodata            const    0x0002fdc0     0x1c  USB_File.o [1]
  .rodata            const    0x0002fddc     0x4c  USB_File.o [1]
  .rodata            const    0x0002fe28     0x34  USB_File.o [1]
  .rodata            const    0x0002fe5c     0x24  USB_File.o [1]
  .rodata            const    0x0002fe80     0x20  USB_File.o [1]
  .rodata            const    0x0002fea0     0x20  USB_File.o [1]
  .rodata            const    0x0002fec0     0x24  USB_File.o [1]
  .rodata            const    0x0002fee4     0x24  USB_File.o [1]
  .rodata            const    0x0002ff08     0x2c  USB_File.o [1]
  .rodata            const    0x0002ff34     0x24  USB_File.o [1]
  .rodata            const    0x0002ff58     0x20  USB_File.o [1]
  .rodata            const    0x0002ff78     0x1c  USB_File.o [1]
  .rodata            const    0x0002ff94     0x18  USB_File.o [1]
  .rodata            const    0x0002ffac     0x2c  USB_File.o [1]
  .rodata            const    0x0002ffd8     0x14  USB_File.o [1]
  .rodata            const    0x0002ffec     0x24  USB_File.o [1]
  .rodata            const    0x00030010     0x18  USB_File.o [1]
  .rodata            const    0x00030028     0x28  USB_File.o [1]
  .rodata            const    0x00030050     0x18  USB_File.o [1]
  .rodata            const    0x00030068     0x2c  USB_File.o [1]
  .rodata            const    0x00030094     0x18  USB_File.o [1]
  .rodata            const    0x000300ac     0x30  USB_File.o [1]
  .rodata            const    0x000300dc     0x14  USB_File.o [1]
  .rodata            const    0x000300f0     0x1c  USB_File.o [1]
  .rodata            const    0x0003010c     0x18  USB_File.o [1]
  .rodata            const    0x00030124     0x24  USB_Task.o [1]
  .rodata            const    0x00030148     0x24  USB_Task.o [1]
  .rodata            const    0x0003016c     0x24  USB_Task.o [1]
  .rodata            const    0x00030190      0x8  USB_Task.o [1]
  .rodata            const    0x00030198      0x8  USB_Task.o [1]
  .rodata            const    0x000301a0      0x8  USB_Task.o [1]
  .rodata            const    0x000301a8      0x8  USB_Task.o [1]
  .rodata            const    0x000301b0      0x8  USB_Task.o [1]
  .rodata            const    0x000301b8     0x30  USB_Task.o [1]
  .rodata            const    0x000301e8      0x4  mem_flash.o [1]
  .rodata            const    0x000301ec      0x8  mem_flash.o [1]
  .rodata            const    0x000301f4     0x14  mem_flash.o [1]
  .rodata            const    0x00030208      0x8  mem_flash.o [1]
  .rodata            const    0x00030210     0x18  mem_flash.o [1]
  .rodata            const    0x00030228     0x18  mem_flash.o [1]
  .rodata            const    0x00030240     0x28  mem_flash.o [1]
  .rodata            const    0x00030268     0x28  mem_flash.o [1]
  .rodata            const    0x00030290     0x1c  mem_flash.o [1]
  .rodata            const    0x000302ac     0x20  mem_flash.o [1]
  .rodata            const    0x000302cc     0x30  mem_flash.o [1]
  .rodata            const    0x000302fc     0x1c  mem_flash.o [1]
  .rodata            const    0x00030318      0xc  pin2.o [1]
  .rodata            const    0x00030324      0xc  pin2.o [1]
  .rodata            const    0x00030330      0x8  pin2.o [1]
  .rodata            const    0x00030338     0x28  sh_cd.o [1]
  .rodata            const    0x00030360     0x2c  sh_cd.o [1]
  .rodata            const    0x0003038c     0x1c  sh_cd.o [1]
  .rodata            const    0x000303a8     0x20  sh_cd.o [1]
  .rodata            const    0x000303c8     0x14  sh_cd.o [1]
  .rodata            const    0x000303dc     0x18  sh_cd.o [1]
  .rodata            const    0x000303f4     0x34  sh_cd.o [1]
  .rodata            const    0x00030428     0x28  tcpip_socket_task.o [1]
  .rodata            const    0x00030450     0x2c  tcpip_socket_task.o [1]
  .rodata            const    0x0003047c     0x1c  tcpip_socket_task.o [1]
  .rodata            const    0x00030498     0x28  tcpip_socket_task.o [1]
  .rodata            const    0x000304c0     0x20  tcpip_socket_task.o [1]
  .rodata            const    0x000304e0     0x14  tcpip_socket_task.o [1]
  .rodata            const    0x000304f4      0x8  tcpip_socket_task.o [1]
  .rodata            const    0x000304fc     0x24  tcpip_socket_task.o [1]
  .rodata            const    0x00030520     0x10  yada_prj.o [1]
  .rodata            const    0x00030530      0xc  yada_prj.o [1]
  .rodata            const    0x0003053c      0xc  yada_prj.o [1]
  .rodata            const    0x00030548     0x10  yada_prj.o [1]
  .rodata            const    0x00030558      0xc  yada_prj.o [1]
  .rodata            const    0x00030564      0xc  yada_prj.o [1]
  .rodata            const    0x00030570     0x10  yada_prj.o [1]
  .rodata            const    0x00030580      0xc  yada_prj.o [1]
  .rodata            const    0x0003058c      0xc  yada_prj.o [1]
  .rodata            const    0x00030598      0xc  yada_prj.o [1]
  .rodata            const    0x000305a4     0x20  yada_prj.o [1]
  .rodata            const    0x000305c4     0x24  yada_prj.o [1]
  .rodata            const    0x000305e8     0x24  yada_prj.o [1]
  .rodata            const    0x0003060c     0x24  yada_prj.o [1]
  .rodata            const    0x00030630      0x8  yada_prj.o [1]
  .rodata            const    0x00030638      0xc  yada_prj.o [1]
  .rodata            const    0x00030644    0x140  yada_prj.o [1]
  .rodata            const    0x00030784      0x4  ftpd_cmd.o [9]
  .rodata            const    0x00030788     0x10  ftpd_cmd.o [9]
  .rodata            const    0x00030798      0x8  ftpd_cmd.o [9]
  .rodata            const    0x000307a0      0xc  ftpd_cmd.o [9]
  .rodata            const    0x000307ac     0x14  ftpd_cmd.o [9]
  .rodata            const    0x000307c0      0x8  ftpd_cmd.o [9]
  .rodata            const    0x000307c8     0x20  ftpd_cmd.o [9]
  .rodata            const    0x000307e8     0x24  ftpd_cmd.o [9]
  .rodata            const    0x0003080c     0x20  ftpd_cmd.o [9]
  .rodata            const    0x0003082c     0x30  ftpd_cmd.o [9]
  .rodata            const    0x0003085c     0x28  ftpd_cmd.o [9]
  .rodata            const    0x00030884     0x24  ftpd_cmd.o [9]
  .rodata            const    0x000308a8     0x1c  ftpd_cmd.o [9]
  .rodata            const    0x000308c4      0x4  ftpd.o [9]
  .rodata            const    0x000308c8      0x8  ftpd.o [9]
  .rodata            const    0x000308d0      0xc  ip-e.o [9]
  .rodata            const    0x000308dc      0x4  ip-e.o [9]
  .rodata            const    0x000308e0      0x8  rtcscmd.o [9]
  .rodata            const    0x000308e8     0x28  sh_mkdir.o [11]
  .rodata            const    0x00030910     0x2c  sh_mkdir.o [11]
  .rodata            const    0x0003093c     0x20  sh_mkdir.o [11]
  .rodata            const    0x0003095c     0x20  sh_mkdir.o [11]
  .rodata            const    0x0003097c     0x14  sh_mkdir.o [11]
  .rodata            const    0x00030990     0x18  sh_mkdir.o [11]
  .rodata            const    0x000309a8     0x30  sh_mkdir.o [11]
  .rodata            const    0x000309d8     0x28  sh_pwd.o [11]
  .rodata            const    0x00030a00     0x20  sh_pwd.o [11]
  .rodata            const    0x00030a20      0x8  sh_pwd.o [11]
  .rodata            const    0x00030a28      0x8  sh_pwd.o [11]
  .rodata            const    0x00030a30      0xc  sh_pwd.o [11]
  .rodata            const    0x00030a3c     0x28  sh_read_wk.o [11]
  .rodata            const    0x00030a64     0x18  sh_read_wk.o [11]
  .rodata            const    0x00030a7c     0x20  sh_read_wk.o [11]
  .rodata            const    0x00030a9c      0x8  sh_read_wk.o [11]
  .rodata            const    0x00030aa4      0x8  sh_read_wk.o [11]
  .rodata            const    0x00030aac     0x1c  sh_read_wk.o [11]
  .rodata            const    0x00030ac8     0x1c  sh_read_wk.o [11]
  .rodata            const    0x00030ae4     0x2c  sh_read_wk.o [11]
  .rodata            const    0x00030b10     0x14  sh_read_wk.o [11]
  .rodata            const    0x00030b24      0x8  sh_read_wk.o [11]
  .rodata            const    0x00030b2c     0x20  sh_read_wk.o [11]
  .rodata            const    0x00030b4c     0x20  sh_read_wk.o [11]
  .rodata            const    0x00030b6c     0x30  sh_read_wk.o [11]
  .rodata            const    0x00030b9c     0x38  sh_read_wk.o [11]
  .rodata            const    0x00030bd4     0x28  sh_read_wk.o [11]
  .rodata            const    0x00030bfc     0x2c  sh_read_wk.o [11]
  .rodata            const    0x00030c28     0x34  sh_read_wk.o [11]
  .rodata            const    0x00030c5c     0x20  sh_read_wk.o [11]
  .rodata            const    0x00030c7c     0x28  sh_search_file_1.o [11]
  .rodata            const    0x00030ca4     0x20  sh_search_file_1.o [11]
  .rodata            const    0x00030cc4     0x14  sh_search_file_1.o [11]
  .rodata            const    0x00030cd8     0x14  sh_search_file_1.o [11]
  .rodata            const    0x00030cec     0x20  sh_search_file_1.o [11]
  .rodata            const    0x00030d0c     0x24  sh_search_file_1.o [11]
  .rodata            const    0x00030d30     0x24  sh_search_file_1.o [11]
  .rodata            const    0x00030d54     0x14  sh_search_file_1.o [11]
  .rodata            const    0x00030d68     0x24  sh_search_file_1.o [11]
  .rodata            const    0x00030d8c     0x30  sh_search_file_1.o [11]
  .rodata            const    0x00030dbc      0x8  sh_search_file_1.o [11]
  .rodata            const    0x00030dc4      0x8  sh_update.o [11]
  .rodata            const    0x00030dcc     0x24  sh_update.o [11]
  .rodata            const    0x00030df0     0x28  sh_update.o [11]
  .rodata            const    0x00030e18     0x28  sh_update.o [11]
  .rodata            const    0x00030e40     0x1c  sh_update.o [11]
  .rodata            const    0x00030e5c     0x28  sh_write_binary.o [11]
  .rodata            const    0x00030e84     0x20  sh_write_binary.o [11]
  .rodata            const    0x00030ea4      0x8  sh_write_binary.o [11]
  .rodata            const    0x00030eac      0x8  sh_write_binary.o [11]
  .rodata            const    0x00030eb4     0x1c  sh_write_binary.o [11]
  .rodata            const    0x00030ed0     0x1c  sh_write_binary.o [11]
  .rodata            const    0x00030eec     0x2c  sh_write_binary.o [11]
  .rodata            const    0x00030f18     0x20  sh_write_binary.o [11]
  .rodata            const    0x00030f38     0x20  sh_write_binary.o [11]
  .rodata            const    0x00030f58     0x38  sh_write_binary.o [11]
  .rodata            const    0x00030f90     0x3c  sh_write_binary.o [11]
  .rodata            const    0x00030fcc     0x28  sh_write_binary.o [11]
  .rodata            const    0x00030ff4     0x2c  sh_write_binary.o [11]
  .rodata            const    0x00031020     0x34  sh_write_binary.o [11]
  .rodata            const    0x00031054     0x20  sh_write_binary.o [11]
  .rodata            const    0x00031074     0x1c  sh_write_binary.o [11]
  .rodata            const    0x00031090     0x10  mfs_misc.o [6]
  .rodata            const    0x000310a0     0x1c  mfs_misc.o [6]
  .rodata            const    0x000310bc     0x14  mfs_misc.o [6]
  .rodata            const    0x000310d0     0x14  mfs_misc.o [6]
  .rodata            const    0x000310e4     0x14  mfs_misc.o [6]
  .rodata            const    0x000310f8     0x14  mfs_misc.o [6]
  .rodata            const    0x0003110c     0x18  mfs_misc.o [6]
  .rodata            const    0x00031124     0x24  mfs_misc.o [6]
  .rodata            const    0x00031148     0x24  mfs_misc.o [6]
  .rodata            const    0x0003116c     0x1c  mfs_misc.o [6]
  .rodata            const    0x00031188     0x14  mfs_misc.o [6]
  .rodata            const    0x0003119c     0x28  mfs_misc.o [6]
  .rodata            const    0x000311c4     0x14  mfs_misc.o [6]
  .rodata            const    0x000311d8     0x18  mfs_misc.o [6]
  .rodata            const    0x000311f0     0x10  mfs_misc.o [6]
  .rodata            const    0x00031200     0x10  mfs_misc.o [6]
  .rodata            const    0x00031210     0x18  mfs_misc.o [6]
  .rodata            const    0x00031228     0x10  mfs_misc.o [6]
  .rodata            const    0x00031238     0x18  mfs_misc.o [6]
  .rodata            const    0x00031250     0x18  mfs_misc.o [6]
  .rodata            const    0x00031268     0x10  mfs_misc.o [6]
  .rodata            const    0x00031278     0x14  mfs_misc.o [6]
  .rodata            const    0x0003128c      0x8  mfs_misc.o [6]
  .rodata            const    0x00031294     0x1c  mfs_misc.o [6]
  .rodata            const    0x000312b0     0x14  mfs_misc.o [6]
  .rodata            const    0x000312c4     0x1c  mfs_misc.o [6]
  .rodata            const    0x000312e0     0x1c  mfs_misc.o [6]
  .rodata            const    0x000312fc     0x18  mfs_misc.o [6]
  .rodata            const    0x00031314     0x20  mfs_misc.o [6]
  .rodata            const    0x00031334     0x10  mfs_misc.o [6]
  .rodata            const    0x00031344     0x14  mfs_misc.o [6]
  .rodata            const    0x00031358     0x1c  mfs_misc.o [6]
  .rodata            const    0x00031374     0x1c  mfs_misc.o [6]
  .rodata            const    0x00031390     0x14  mfs_misc.o [6]
  .rodata            const    0x000313a4     0x18  mfs_misc.o [6]
  .rodata            const    0x000313bc     0x14  mfs_misc.o [6]
  .rodata            const    0x000313d0     0x14  mfs_misc.o [6]
  .rodata            const    0x000313e4     0x14  shell.o [11]
  .rodata            const    0x000313f8      0xc  shell.o [11]
  .rodata            const    0x00031404     0x30  shell.o [11]
  .rodata            const    0x00031434      0xc  shell.o [11]
  .rodata            const    0x00031440      0x8  shell.o [11]
  .rodata            const    0x00031448     0x38  shell.o [11]
  .rodata            const    0x00031480     0x14  shell.o [11]
  .rodata            const    0x00031494      0x8  sh_cmdlist.o [11]
  .rodata            const    0x0003149c      0xc  sh_cmdlist.o [11]
  .rodata            const    0x000314a8     0x28  sh_copy.o [11]
  .rodata            const    0x000314d0     0x20  sh_copy.o [11]
  .rodata            const    0x000314f0     0x2c  sh_copy.o [11]
  .rodata            const    0x0003151c     0x24  sh_copy.o [11]
  .rodata            const    0x00031540     0x2c  sh_copy.o [11]
  .rodata            const    0x0003156c     0x40  sh_copy.o [11]
  .rodata            const    0x000315ac     0x18  sh_copy.o [11]
  .rodata            const    0x000315c4     0x1c  sh_copy.o [11]
  .rodata            const    0x000315e0     0x24  sh_copy.o [11]
  .rodata            const    0x00031604     0x20  sh_copy.o [11]
  .rodata            const    0x00031624     0x28  sh_create.o [11]
  .rodata            const    0x0003164c     0x20  sh_create.o [11]
  .rodata            const    0x0003166c     0x2c  sh_create.o [11]
  .rodata            const    0x00031698     0x20  sh_create.o [11]
  .rodata            const    0x000316b8     0x1c  sh_create.o [11]
  .rodata            const    0x000316d4     0x20  sh_create.o [11]
  .rodata            const    0x000316f4     0x28  sh_create.o [11]
  .rodata            const    0x0003171c     0x20  sh_create.o [11]
  .rodata            const    0x0003173c     0x28  sh_del.o [11]
  .rodata            const    0x00031764     0x20  sh_del.o [11]
  .rodata            const    0x00031784     0x2c  sh_del.o [11]
  .rodata            const    0x000317b0     0x18  sh_del.o [11]
  .rodata            const    0x000317c8      0xc  sh_del.o [11]
  .rodata            const    0x000317d4     0x14  sh_del.o [11]
  .rodata            const    0x000317e8     0x24  sh_del.o [11]
  .rodata            const    0x0003180c     0x28  sh_df.o [11]
  .rodata            const    0x00031834     0x14  sh_df.o [11]
  .rodata            const    0x00031848     0x18  sh_df.o [11]
  .rodata            const    0x00031860     0x38  sh_df.o [11]
  .rodata            const    0x00031898     0x20  sh_df.o [11]
  .rodata            const    0x000318b8     0x18  sh_df.o [11]
  .rodata            const    0x000318d0     0x20  sh_df.o [11]
  .rodata            const    0x000318f0      0x8  sh_df.o [11]
  .rodata            const    0x000318f8     0x28  sh_dir.o [11]
  .rodata            const    0x00031920     0x20  sh_dir.o [11]
  .rodata            const    0x00031940     0x14  sh_dir.o [11]
  .rodata            const    0x00031954     0x24  sh_dir.o [11]
  .rodata            const    0x00031978     0x24  sh_dir.o [11]
  .rodata            const    0x0003199c     0x1c  sh_dir.o [11]
  .rodata            const    0x000319b8     0x24  sh_dir.o [11]
  .rodata            const    0x000319dc     0x24  sh_dir.o [11]
  .rodata            const    0x00031a00     0x30  sh_dir.o [11]
  .rodata            const    0x00031a30     0x28  sh_disect.o [11]
  .rodata            const    0x00031a58     0x18  sh_disect.o [11]
  .rodata            const    0x00031a70     0x20  sh_disect.o [11]
  .rodata            const    0x00031a90     0x28  sh_disect.o [11]
  .rodata            const    0x00031ab8     0x24  sh_disect.o [11]
  .rodata            const    0x00031adc     0x10  sh_disect.o [11]
  .rodata            const    0x00031aec      0x8  sh_disect.o [11]
  .rodata            const    0x00031af4     0x18  sh_disect.o [11]
  .rodata            const    0x00031b0c     0x20  sh_disect.o [11]
  .rodata            const    0x00031b2c     0x24  sh_disect.o [11]
  .rodata            const    0x00031b50     0x24  sh_disect.o [11]
  .rodata            const    0x00031b74      0xc  sh_exit.o [11]
  .rodata            const    0x00031b80      0x8  sh_format.o [11]
  .rodata            const    0x00031b88      0x4  sh_format.o [11]
  .rodata            const    0x00031b8c      0x4  sh_format.o [11]
  .rodata            const    0x00031b90      0x4  sh_format.o [11]
  .rodata            const    0x00031b94      0x4  sh_format.o [11]
  .rodata            const    0x00031b98     0x28  sh_format.o [11]
  .rodata            const    0x00031bc0     0x24  sh_format.o [11]
  .rodata            const    0x00031be4     0x10  sh_format.o [11]
  .rodata            const    0x00031bf4     0x20  sh_format.o [11]
  .rodata            const    0x00031c14     0x2c  sh_format.o [11]
  .rodata            const    0x00031c40      0x8  sh_format.o [11]
  .rodata            const    0x00031c48     0x20  sh_format.o [11]
  .rodata            const    0x00031c68     0x28  sh_format.o [11]
  .rodata            const    0x00031c90     0x40  sh_format.o [11]
  .rodata            const    0x00031cd0     0x34  sh_format.o [11]
  .rodata            const    0x00031d04     0x14  sh_format.o [11]
  .rodata            const    0x00031d18      0x8  sh_help.o [11]
  .rodata            const    0x00031d20      0x8  sh_help.o [11]
  .rodata            const    0x00031d28     0x18  sh_help.o [11]
  .rodata            const    0x00031d40      0x8  sh_help.o [11]
  .rodata            const    0x00031d48     0x28  sh_help.o [11]
  .rodata            const    0x00031d70     0x10  sh_help.o [11]
  .rodata            const    0x00031d80     0x18  sh_help.o [11]
  .rodata            const    0x00031d98     0x28  sh_help.o [11]
  .rodata            const    0x00031dc0     0x28  sh_read.o [11]
  .rodata            const    0x00031de8     0x18  sh_read.o [11]
  .rodata            const    0x00031e00     0x20  sh_read.o [11]
  .rodata            const    0x00031e20      0x8  sh_read.o [11]
  .rodata            const    0x00031e28      0x8  sh_read.o [11]
  .rodata            const    0x00031e30     0x1c  sh_read.o [11]
  .rodata            const    0x00031e4c     0x1c  sh_read.o [11]
  .rodata            const    0x00031e68     0x2c  sh_read.o [11]
  .rodata            const    0x00031e94     0x14  sh_read.o [11]
  .rodata            const    0x00031ea8      0x8  sh_read.o [11]
  .rodata            const    0x00031eb0     0x20  sh_read.o [11]
  .rodata            const    0x00031ed0     0x20  sh_read.o [11]
  .rodata            const    0x00031ef0     0x30  sh_read.o [11]
  .rodata            const    0x00031f20     0x38  sh_read.o [11]
  .rodata            const    0x00031f58     0x28  sh_read.o [11]
  .rodata            const    0x00031f80     0x2c  sh_read.o [11]
  .rodata            const    0x00031fac     0x34  sh_read.o [11]
  .rodata            const    0x00031fe0     0x20  sh_read.o [11]
  .rodata            const    0x00032000     0x28  sh_rename.o [11]
  .rodata            const    0x00032028     0x2c  sh_rename.o [11]
  .rodata            const    0x00032054     0x34  sh_rename.o [11]
  .rodata            const    0x00032088     0x20  sh_rename.o [11]
  .rodata            const    0x000320a8     0x18  sh_rename.o [11]
  .rodata            const    0x000320c0     0x1c  sh_rename.o [11]
  .rodata            const    0x000320dc     0x20  sh_rename.o [11]
  .rodata            const    0x000320fc     0x28  sh_rename.o [11]
  .rodata            const    0x00032124     0x24  sh_rename.o [11]
  .rodata            const    0x00032148     0x28  sh_rmdir.o [11]
  .rodata            const    0x00032170     0x2c  sh_rmdir.o [11]
  .rodata            const    0x0003219c     0x20  sh_rmdir.o [11]
  .rodata            const    0x000321bc     0x20  sh_rmdir.o [11]
  .rodata            const    0x000321dc     0x14  sh_rmdir.o [11]
  .rodata            const    0x000321f0     0x14  sh_rmdir.o [11]
  .rodata            const    0x00032204     0x18  sh_rmdir.o [11]
  .rodata            const    0x0003221c     0x30  sh_rmdir.o [11]
  .rodata            const    0x0003224c     0x28  sh_sh.o [11]
  .rodata            const    0x00032274     0x20  sh_sh.o [11]
  .rodata            const    0x00032294     0x10  sh_sh.o [11]
  .rodata            const    0x000322a4     0x18  sh_sh.o [11]
  .rodata            const    0x000322bc     0x28  sh_sh.o [11]
  .rodata            const    0x000322e4     0x20  sh_type.o [11]
  .rodata            const    0x00032304     0x2c  sh_type.o [11]
  .rodata            const    0x00032330     0x20  sh_type.o [11]
  .rodata            const    0x00032350     0x38  sh_type.o [11]
  .rodata            const    0x00032388     0x10  sh_type.o [11]
  .rodata            const    0x00032398     0x18  sh_type.o [11]
  .rodata            const    0x000323b0     0x28  sh_type.o [11]
  .rodata            const    0x000323d8     0x28  sh_write.o [11]
  .rodata            const    0x00032400     0x20  sh_write.o [11]
  .rodata            const    0x00032420     0x18  sh_write.o [11]
  .rodata            const    0x00032438      0x8  sh_write.o [11]
  .rodata            const    0x00032440      0x8  sh_write.o [11]
  .rodata            const    0x00032448     0x1c  sh_write.o [11]
  .rodata            const    0x00032464     0x1c  sh_write.o [11]
  .rodata            const    0x00032480     0x2c  sh_write.o [11]
  .rodata            const    0x000324ac     0x20  sh_write.o [11]
  .rodata            const    0x000324cc     0x20  sh_write.o [11]
  .rodata            const    0x000324ec     0x30  sh_write.o [11]
  .rodata            const    0x0003251c     0x38  sh_write.o [11]
  .rodata            const    0x00032554     0x28  sh_write.o [11]
  .rodata            const    0x0003257c     0x2c  sh_write.o [11]
  .rodata            const    0x000325a8     0x34  sh_write.o [11]
  .rodata            const    0x000325dc     0x20  sh_write.o [11]
  .rodata            const    0x000325fc     0x20  usbmfs.o [12]
  .rodata            const    0x0003261c      0xc  khci.o [12]
  .rodata            const    0x00032628     0x38  khci.o [12]
  .rodata            const    0x00032660     0x50  host_common.o [12]
  .rodata            const    0x000326b0     0x50  usb_mqx.o [12]
  .rodata            const    0x00032700     0x50  host_main.o [12]
  .rodata            const    0x00032750      0x8  sh_util.o [11]
  .rodata            const    0x00032758      0x8  sh_util.o [11]
  .rodata            const    0x00032760     0x3c  sstream.o [9]
  .rodata            const    0x0003279c     0x58  usb_host_hub.o [12]
  .rodata            const    0x000327f4     0x5c  usb_host_msd_bo.o [12]
  .rodata            const    0x00032850     0x10  timer_lpt.o [3]
  .rodata            const    0x00032860      0xc  timer_lpt.o [3]
  .rodata            const    0x0003286c     0x18  mqx.o [7]
  .rodata            const    0x00032884      0xc  mqx.o [7]
  .rodata            const    0x00032890      0x4  mqx.o [7]
  .rodata            const    0x00032894      0x4  mqx.o [7]
  .rodata            const    0x00032898     0x14  io_dopr.o [7]
  .rodata            const    0x000328ac     0x14  io_dopr.o [7]
  .rodata            const    0x000328c0      0x8  init_enet.o [3]
  .rodata            const    0x000328c8     0x10  init_enet.o [3]
  .rodata            const    0x000328d8     0x24  init_enet.o [3]
  .rodata            const    0x000328fc      0x8  init_enet.o [3]
  .rodata            const    0x00032904      0x8  sotcp.o [9]
  .rodata            const    0x0003290c      0x4  dir_read.o [6]
  .rodata            const    0x00032910      0x4  dir_read.o [6]
  .rodata            const    0x00032914      0x4  dir_read.o [6]
  .rodata            const    0x00032918      0x4  dir_read.o [6]
  .rodata            const    0x0003291c      0x4  dir_read.o [6]
  .rodata            const    0x00032920      0x4  dir_read.o [6]
  .rodata            const    0x00032924      0x4  dir_read.o [6]
  .rodata            const    0x00032928      0x4  dir_read.o [6]
  .rodata            const    0x0003292c      0x4  dir_read.o [6]
  .rodata            const    0x00032930      0x4  dir_read.o [6]
  .rodata            const    0x00032934      0x4  dir_read.o [6]
  .rodata            const    0x00032938      0x4  dir_read.o [6]
  .rodata            const    0x0003293c     0x40  dir_read.o [6]
  .rodata            const    0x0003297c     0x14  dir_read.o [6]
  .rodata            const    0x00032990     0x10  dir_read.o [6]
  .rodata            const    0x000329a0      0xc  dir_read.o [6]
  .rodata            const    0x000329ac      0xc  dir_read.o [6]
  .rodata            const    0x000329b8      0x8  dir_read.o [6]
  .rodata            const    0x000329c0      0x8  dir_read.o [6]
  .rodata            const    0x000329c8     0x30  dir_read.o [6]
  .rodata            const    0x000329f8     0x18  ftpd_msg.o [9]
  .rodata            const    0x00032a10     0x1c  ftpd_msg.o [9]
  .rodata            const    0x00032a2c     0x34  ftpd_msg.o [9]
  .rodata            const    0x00032a60     0x30  ftpd_msg.o [9]
  .rodata            const    0x00032a90     0x10  ftpd_msg.o [9]
  .rodata            const    0x00032aa0     0x14  ftpd_msg.o [9]
  .rodata            const    0x00032ab4     0x14  ftpd_msg.o [9]
  .rodata            const    0x00032ac8     0x18  ftpd_msg.o [9]
  .rodata            const    0x00032ae0     0x18  ftpd_msg.o [9]
  .rodata            const    0x00032af8     0x20  ftpd_msg.o [9]
  .rodata            const    0x00032b18     0x18  ftpd_msg.o [9]
  .rodata            const    0x00032b30     0x10  ftpd_msg.o [9]
  .rodata            const    0x00032b40     0x3c  ftpd_msg.o [9]
  .rodata            const    0x00032b7c     0x38  ftpd_msg.o [9]
  .rodata            const    0x00032bb4     0x30  ftpd_msg.o [9]
  .rodata            const    0x00032be4     0x1c  ftpd_msg.o [9]
  .rodata            const    0x00032c00      0xc  ftpd_msg.o [9]
  .rodata            const    0x00032c0c     0x30  ftpd_msg.o [9]
  .rodata            const    0x00032c3c     0x30  ftpd_msg.o [9]
  .rodata            const    0x00032c6c     0x20  ftpd_msg.o [9]
  .rodata            const    0x00032c8c     0x20  ftpd_msg.o [9]
  .rodata            const    0x00032cac     0x1c  ftpd_msg.o [9]
  .rodata            const    0x00032cc8      0xc  ftpd_msg.o [9]
  .rodata            const    0x00032cd4     0x14  ftpd_msg.o [9]
  .rodata            const    0x00032ce8     0x14  ftpd_msg.o [9]
  .rodata            const    0x00032cfc     0x14  ftpd_msg.o [9]
  .rodata            const    0x00032d10     0x34  ftpd_msg.o [9]
  .rodata            const    0x00032d44     0x20  ftpd_msg.o [9]
  .rodata            const    0x00032d64     0x1c  ftpd_msg.o [9]
  .rodata            const    0x00032d80     0x20  ftpd_msg.o [9]
  .rodata            const    0x00032da0     0x38  ftpd_msg.o [9]
  .rodata            const    0x00032dd8      0x8  soip.o [9]
  .rodata            const    0x00032de0     0x68  ti_rom.o [7]
  .rodata            const    0x00032e48    0x20c  ti_rom.o [7]
  .rodata            const    0x00033054     0x14  mfs_create.o [6]
  .rodata            const    0x00033068     0x14  mfs_create.o [6]
  .rodata            const    0x0003307c     0x14  mfs_format.o [6]
  .rodata            const    0x00033090     0x14  mfs_format.o [6]
  .rodata            const    0x000330a4     0x14  mfs_format.o [6]
  .rodata            const    0x000330b8     0x30  mfs_format.o [6]
  .rodata            const    0x000330e8      0x8  mfs_lfn.o [6]
  .rodata            const    0x000330f0      0xc  mfs_lfn.o [6]
  .rodata            const    0x000330fc     0x54  host_dev_list.o [12]
  .rodata            const    0x00033150     0x24  host_dev_list.o [12]
  .rodata            const    0x00033174     0x20  int_unx.o [7]
  .rodata            const    0x00033194     0x30  int_unx.o [7]
  .rodata            const    0x000331c4     0x3c  int_unx.o [7]
  .rodata            const    0x00033200     0x14  int_unx.o [7]
  .rodata            const    0x00033214     0x28  int_unx.o [7]
  .rodata            const    0x0003323c     0x50  host_ch9.o [12]
  .rodata            const    0x0003328c      0x8  host_ch9.o [12]
  .rodata            const    0x00033294     0x50  host_rcv.o [12]
  .rodata            const    0x000332e4     0x50  host_snd.o [12]
  .rodata            const    0x00033334      0x4  timer_lpt_kinetis.o [3]
  .rodata            const    0x00033338      0x4  timer_lpt_kinetis.o [3]
  .rodata            const    0x0003333c      0x4  timer_lpt_kinetis.o [3]
  .rodata            const    0x00033340      0x8  init_bsp.o [3]
  .rodata            const    0x00033348      0x8  init_bsp.o [3]
  .rodata            const    0x00033350      0x8  init_bsp.o [3]
  .rodata            const    0x00033358      0x8  init_bsp.o [3]
  .rodata            const    0x00033360      0x8  init_bsp.o [3]
  .rodata            const    0x00033368      0x8  init_bsp.o [3]
  .rodata            const    0x00033370      0x8  init_bsp.o [3]
  .rodata            const    0x00033378      0x8  init_bsp.o [3]
  .rodata            const    0x00033380      0x8  init_bsp.o [3]
  .rodata            const    0x00033388      0x8  init_bsp.o [3]
  .rodata            const    0x00033390      0x8  init_bsp.o [3]
  .rodata            const    0x00033398      0x8  init_bsp.o [3]
  .rodata            const    0x000333a0      0x8  init_bsp.o [3]
  .rodata            const    0x000333a8      0x8  init_bsp.o [3]
  .rodata            const    0x000333b0      0x8  init_bsp.o [3]
  .rodata            const    0x000333b8      0x8  init_bsp.o [3]
  .rodata            const    0x000333c0      0x8  init_bsp.o [3]
  .rodata            const    0x000333c8      0x8  init_bsp.o [3]
  .rodata            const    0x000333d0      0x8  init_bsp.o [3]
  .rodata            const    0x000333d8      0x8  init_bsp.o [3]
  .rodata            const    0x000333e0      0x8  init_bsp.o [3]
  .rodata            const    0x000333e8      0x8  init_bsp.o [3]
  .rodata            const    0x000333f0      0x8  init_bsp.o [3]
  .rodata            const    0x000333f8      0x8  init_bsp.o [3]
  .rodata            const    0x00033400     0x10  mqxiinit.o [7]
  .rodata            const    0x00033410     0x20  macnet_init.o [3]
  .rodata            const    0x00033430     0x14  phy_ks8721bl.o [3]
  .rodata            const    0x00033444      0xc  iplocal.o [9]
  .rodata            const    0x00033450      0x4  iplocal.o [9]
  .rodata            const    0x00033454      0xc  rtcsinit.o [9]
  .rodata            const    0x00033460     0x1c  init_gpio.o [3]
  .rodata            const    0x0003347c     0x1c  init_gpio.o [3]
  .rodata            const    0x00033498      0x4  init_gpio.o [3]
  .rodata            const    0x0003349c     0x50  host_close.o [12]
  .rodata            const    0x000334ec     0x1c  bsp_cm.o [3]
  .rodata            const    0x00033508     0x78  bsp_cm.o [3]
  .rodata            const    0x00033580     0x10  init_adc.o [3]
  .rodata            const    0x00033590     0x18  init_adc.o [3]
  .rodata            const    0x000335a8     0x30  init_spi.o [3]
  .rodata            const    0x000335d8     0x30  init_spi.o [3]
  .rodata            const    0x00033608     0x30  init_spi.o [3]
  .rodata            const    0x00033638      0xc  init_esdhc.o [3]
  .rodata            const    0x00033644      0x8  init_flashx.o [3]
  .rodata            const    0x0003364c      0x8  init_flashx.o [3]
  .rodata            const    0x00033654     0x30  init_flashx.o [3]
  .rodata            const    0x00033684     0x20  init_flashx.o [3]
  .rodata            const    0x000336a4     0x14  init_i2c.o [3]
  .rodata            const    0x000336b8     0x20  init_sci.o [3]
  .rodata            const    0x000336d8     0x20  init_sci.o [3]
  .rodata            const    0x000336f8     0x20  init_sci.o [3]
  .rodata            const    0x00033718     0x20  init_sci.o [3]
  .rodata            const    0x00033738     0x20  init_sci.o [3]
  .rodata            const    0x00033758     0x20  init_sci.o [3]
  .rodata            const    0x00033778     0x1c  spi_dma_dspi.o [3]
  .rodata            const    0x00033794     0x10  spi_dma_dspi.o [3]
  .rodata            const    0x000337a4     0x40  spi_dma_dspi.o [3]
  .rodata            const    0x000337e4     0x10  spi_pol_dspi.o [3]
  .rodata            const    0x000337f4     0x40  spi_pol_dspi.o [3]
  .rodata            const    0x00033834     0x10  spi_pol_dspi.o [3]
  .rodata            const    0x00033844    0x100  esdhc.o [3]
  .rodata            const    0x00033944      0xc  i2c_pol_ki2c.o [3]
  .rodata            const    0x00033950    0x100  i2c_pol_ki2c.o [3]
  .rodata            const    0x00033a50      0xc  serl_int_kuart.o [3]
  .rodata            const    0x00033a5c     0x40  macnet_mk60.o [3]
  .rodata            const    0x00033a9c     0x30  flash_ftfl.o [3]
  .rodata            const    0x00033acc     0x20  flash_ftfl.o [3]
  .rodata            const    0x00033aec      0xc  spi_mk60_dspi.o [3]
  .rodata            const    0x00033af8      0xc  spi_mk60_dspi.o [3]
  .rodata            const    0x00033b04     0x20  adc_kadc.o [3]
  .rodata            const    0x00033b24      0xc  io_gpio_kgpio.o [3]
  .rodata            const    0x00033b30      0xc  io_gpio_kgpio.o [3]
  .rodata            const    0x00033b3c      0xc  io_gpio_kgpio.o [3]
  .rodata            const    0x00033b48      0xc  io_gpio_kgpio.o [3]
  .rodata            const    0x00033b54     0x14  io_gpio_kgpio.o [3]
  .rodata            const    0x00033b68     0x14  io_gpio_kgpio.o [3]
  .rodata            const    0x00033b7c      0x8  io_gpio_kgpio.o [3]
  .rodata            const    0x00033b84      0x8  io_gpio_kgpio.o [3]
  .rodata            const    0x00033b8c      0x8  adc_mk60.o [3]
  .rodata            const    0x00033b94      0x8  mqx_init.o [3]
  .rodata            const    0x00033b9c     0x30  mqx_init.o [3]
  Initializer bytes  ro data  0x00033bcc     0xb0  <for P2 mid-1>
  .rodata            const    0x00033c7c      0x2  Shell_Task.o [1]
  Initializer bytes  ro data  0x00033c80      0x4  <for KERNEL_DATA-1>
  .rodata            const    0x00033c84      0x1  init_flashx.o [3]
  .rodata            const    0x00033c85      0x0  bwt_init3c.o [8]
  FLASHX_POOL                 0x00034000      0x1  <Block>
    .flashx          const    0x00034000      0x1  vectors.o [3]
    .flashx          const    0x00034001      0x0  vectors.o [3]
                            - 0x00034001  0x33be1

"P2":                                      0x1c44
  P2 mid-1                    0x1fff0000     0xb0  <Init block>
    .data            inited   0x1fff0000      0x2  DSPSPI.o [1]
    .data            inited   0x1fff0004      0x4  FTP_Task.o [1]
[...]
_usb_host_init_call_interface
                        0x0001d141   0x1e  Code  Gb  host_main.o [12]
_usb_host_new_tr_element
                        0x0001d521   0x46  Code  Lc  host_main.o [12]
_usb_host_open_pipe     0x0001d48b   0x96  Code  Gb  host_main.o [12]
_usb_host_open_pipe_call_interface
                        0x0001d201   0x20  Code  Gb  host_main.o [12]
_usb_host_open_pipe_cleanup
                        0x0001d461   0x2a  Code  Gb  host_main.o [12]
_usb_host_recv_data     0x0001fb95   0x58  Code  Gb  host_rcv.o [12]
_usb_host_recv_data_call_interface
                        0x0001d19f   0x20  Code  Gb  host_main.o [12]
_usb_host_register_ch9_callback
                        0x0001d987   0x36  Code  Gb  host_ch9.o [12]
_usb_host_register_service
                        0x0001d3eb   0x76  Code  Gb  host_main.o [12]
_usb_host_send_call_interface
                        0x0001d15f   0x20  Code  Gb  host_main.o [12]
_usb_host_send_data     0x0001fb3d   0x52  Code  Gb  host_snd.o [12]
_usb_host_send_setup    0x0001d631   0x6a  Code  Gb  host_main.o [12]
_usb_host_send_setup_call_interface
                        0x0001d17f   0x20  Code  Gb  host_main.o [12]
_usb_host_set_up_TR     0x0001d5d5   0x5c  Code  Gb  host_main.o [12]
_usb_host_update_device_address_call_interface
                        0x0001d241   0x20  Code  Gb  host_main.o [12]
_usb_host_update_max_packet_size_call_interface
                        0x0001d221   0x20  Code  Gb  host_main.o [12]
_usb_hostdev_cntrl_request
                        0x0001dc65   0x92  Code  Gb  host_ch9.o [12]
_usb_hostdev_free_buffer
                        0x0001932b   0x6c  Code  Gb  host_common.o [12]
_usb_hostdev_get_buffer
                        0x000192b1    0xc  Code  Gb  host_common.o [12]
_usb_hostdev_get_buffer_aligned
                        0x000192bd   0x6e  Code  Gb  host_common.o [12]
_usb_hostdev_get_descriptor
                        0x00019403  0x1ca  Code  Gb  host_common.o [12]
_usb_hostdev_select_interface
                        0x00019b73  0x1dc  Code  Gb  host_common.o [12]
_usb_khci_add_int_tr    0x0002542d   0x6c  Code  Lc  khci.o [12]
_usb_khci_atom_tr       0x00025b11  0x304  Code  Lc  khci.o [12]
_usb_khci_attach        0x00025595   0x7c  Code  Lc  khci.o [12]
_usb_khci_bus_control   0x00025a81    0x4  Code  Lc  khci.o [12]
_usb_khci_cancel        0x00025a61   0x20  Code  Lc  khci.o [12]
_usb_khci_detach        0x00025655   0x2e  Code  Lc  khci.o [12]
_usb_khci_get_frame_number
                        0x00025a85   0x10  Code  Lc  khci.o [12]
_usb_khci_get_hot_int_tr
                        0x000254cf   0xc6  Code  Lc  khci.o [12]
_usb_khci_host_close_pipe
                        0x00025e31   0x24  Code  Lc  khci.o [12]
_usb_khci_init          0x00025951   0xa6  Code  Lc  khci.o [12]
_usb_khci_init_int_tr   0x00025417   0x16  Code  Lc  khci.o [12]
_usb_khci_isr           0x000253c1   0x56  Code  Lc  khci.o [12]
_usb_khci_process_tr_complete
                        0x00025a95   0x7c  Code  Lc  khci.o [12]
_usb_khci_recv          0x00025a3f   0x22  Code  Lc  khci.o [12]
_usb_khci_reset         0x00025611   0x44  Code  Lc  khci.o [12]
_usb_khci_rm_int_tr     0x00025499   0x36  Code  Lc  khci.o [12]
_usb_khci_send          0x000259fb   0x22  Code  Lc  khci.o [12]
_usb_khci_send_setup    0x00025a1d   0x22  Code  Lc  khci.o [12]
_usb_khci_shutdown      0x000259f7    0x4  Code  Lc  khci.o [12]
_usb_khci_task          0x00025683  0x272  Code  Lc  khci.o [12]
_usb_khci_task_create   0x000258f5   0x5c  Code  Lc  khci.o [12]
abs                     0x0000df5f    0x8  Code  Gb  abs.o [4]
adc_address             0x00033b8c    0x8  Data  Lc  adc_mk60.o [3]
adc_bundle              0x1fff1bb8    0x4  Data  Gb  adc_kadc.o [3]
adc_calibrate           0x00009843   0xaa  Code  Lc  adc_kadc.o [3]
adc_complete_isr        0x00009825   0x1e  Code  Lc  adc_kadc.o [3]
adc_get_calibration_data
                        0x000098ed   0x64  Code  Lc  adc_kadc.o [3]
adc_internal            0x1fff1ba4   0x14  Data  Lc  adc_kadc.o [3]
adc_process_all_data    0x000097d1   0x32  Code  Gb  adc_kadc.o [3]
adc_process_data        0x00009733   0x9e  Code  Lc  adc_kadc.o [3]
adc_set_calibration_data
                        0x00009951   0x64  Code  Lc  adc_kadc.o [3]
adt_idelay_isr          0x0000a445   0x36  Code  Lc  adt_kpdb.o [3]
adt_period_prescaler    0x00009cb1  0x1e0  Code  Lc  adt_kpdb.o [3]
bdt                     0x1fff0200  0x200  Data  Lc  khci.o [12]
class_interface_map     0x1fff003c   0x24  Data  Gb  usb_classes.o [1]
cos                     0x000142eb    0x6  Code  Gb  cos.o [5]
delay_ms                0x000142b9   0x16  Code  Gb  System.o [1]
delay_us                0x000142d1   0x1a  Code  Gb  System.o [1]
device                  0x1fff1ae4   0x20  Data  Gb  USB_Task.o [1]
dspi_address            0x00033aec    0xc  Data  Lc  spi_mk60_dspi.o [3]
dspi_vectors            0x00033af8    0xc  Data  Lc  spi_mk60_dspi.o [3]
exit                    0x000004d5    0x4  Code  Gb  exit.o [4]
first_irq               0x1fff1ba0    0x4  Data  Gb  io_gpio.o [3]
flexnvm_flash_ioctl     0x0002e5a3   0x96  Code  Gb  flash_ftfl.o [3]
flexnvm_prog_part       0x0002e53b   0x40  Code  Gb  flash_ftfl.o [3]
flexnvm_read_resource   0x0002e4f7   0x44  Code  Gb  flash_ftfl.o [3]
flexnvm_set_flexram     0x0002e57b   0x28  Code  Gb  flash_ftfl.o [3]
flg_int                 0x00020c8d   0x74  Code  Gb  yada_prj.o [1]
fmod                    0x0001667d         Code  Gb  fmod.o [5]
fmodl                   0x0001667d         Code  Gb  fmod.o [5]
ftfl_flash_command_sequence
                        0x0002e141  0x1c4  Code  Lc  flash_ftfl.o [3]
ftfl_flash_deinit       0x0002e339   0x22  Code  Gb  flash_ftfl.o [3]
ftfl_flash_erase_sector
                        0x0002e383   0xa2  Code  Gb  flash_ftfl.o [3]
ftfl_flash_init         0x0002e305   0x34  Code  Gb  flash_ftfl.o [3]
ftfl_flash_write_sector
                        0x0002e425   0xb8  Code  Gb  flash_ftfl.o [3]
ftfl_init_ram_function  0x0002e35b   0x28  Code  Gb  flash_ftfl.o [3]
ftfl_ram_function       0x0002e4dd   0x18  Code  Lc  flash_ftfl.o [3]
ftfl_ram_function_end   0x0002e4f5    0x2  Code  Lc  flash_ftfl.o [3]
ftpmsg_bad_option       0x00032be4   0x1c  Data  Gb  ftpd_msg.o [9]
ftpmsg_badcmd           0x00032ac8   0x18  Data  Gb  ftpd_msg.o [9]
ftpmsg_badport          0x00032ae0   0x18  Data  Gb  ftpd_msg.o [9]
ftpmsg_banner           0x00032a10   0x1c  Data  Gb  ftpd_msg.o [9]
ftpmsg_cd_error         0x00032c6c   0x20  Data  Gb  ftpd_msg.o [9]
ftpmsg_delete_error     0x00032cac   0x1c  Data  Gb  ftpd_msg.o [9]
ftpmsg_goodbye          0x00032b30   0x10  Data  Gb  ftpd_msg.o [9]
ftpmsg_help_end         0x00032c3c   0x30  Data  Gb  ftpd_msg.o [9]
ftpmsg_help_start       0x00032c0c   0x30  Data  Gb  ftpd_msg.o [9]
ftpmsg_logged           0x00032a90   0x10  Data  Gb  ftpd_msg.o [9]
ftpmsg_no_datacon       0x00032d80   0x20  Data  Gb  ftpd_msg.o [9]
ftpmsg_no_file          0x00032d10   0x34  Data  Gb  ftpd_msg.o [9]
ftpmsg_no_fs            0x00032b40   0x3c  Data  Gb  ftpd_msg.o [9]
ftpmsg_no_memory        0x00032da0   0x38  Data  Gb  ftpd_msg.o [9]
ftpmsg_ok               0x00032cc8    0xc  Data  Gb  ftpd_msg.o [9]
ftpmsg_opening_datacon  0x00032d44   0x20  Data  Gb  ftpd_msg.o [9]
ftpmsg_pasv_mode        0x00032b7c   0x38  Data  Gb  ftpd_msg.o [9]
ftpmsg_portok           0x000329f8   0x18  Data  Gb  ftpd_msg.o [9]
ftpmsg_rmdir_error      0x00032c8c   0x20  Data  Gb  ftpd_msg.o [9]
ftpmsg_rxok             0x00032a2c   0x34  Data  Gb  ftpd_msg.o [9]
ftpmsg_site_info        0x00032bb4   0x30  Data  Gb  ftpd_msg.o [9]
ftpmsg_size             0x00032b18   0x18  Data  Gb  ftpd_msg.o [9]
ftpmsg_syst             0x00032c00    0xc  Data  Gb  ftpd_msg.o [9]
ftpmsg_tx_complete      0x00032d64   0x1c  Data  Gb  ftpd_msg.o [9]
ftpmsg_txok             0x00032a60   0x30  Data  Gb  ftpd_msg.o [9]
ftpmsg_type_ascii       0x00032cd4   0x14  Data  Gb  ftpd_msg.o [9]
ftpmsg_type_image       0x00032ce8   0x14  Data  Gb  ftpd_msg.o [9]
ftpmsg_type_unknown     0x00032cfc   0x14  Data  Gb  ftpd_msg.o [9]
ftpmsg_unimp            0x00032af8   0x20  Data  Gb  ftpd_msg.o [9]
ftpmsg_writeeof         0x00032ab4   0x14  Data  Gb  ftpd_msg.o [9]
ftpmsg_writefail        0x00032aa0   0x14  Data  Gb  ftpd_msg.o [9]
get_irq_mask            0x00008509   0x2a  Code  Lc  io_gpio_kgpio.o [3]
gpio_cpu_configure      0x00008533  0x160  Code  Gb  io_gpio_kgpio.o [3]
gpio_cpu_init           0x00008693    0xa  Code  Gb  io_gpio_kgpio.o [3]
gpio_cpu_ioctl          0x00008891  0x4f8  Code  Gb  io_gpio_kgpio.o [3]
gpio_cpu_open           0x00008751  0x140  Code  Gb  io_gpio_kgpio.o [3]
gpio_eport_irq          0x00008d89   0x9c  Code  Lc  io_gpio_kgpio.o [3]
gpio_global_irq_map     0x1fff1bf4   0x14  Data  Gb  io_gpio_kgpio.o [3]
gpio_global_pin_map     0x1fff1be0   0x14  Data  Gb  io_gpio_kgpio.o [3]
hub_anchor              0x1fff1b70    0x4  Data  Lc  usb_host_hub.o [12]
init_hardware           0x000005fd   0x3c  Code  Gb  init_hw.o [3]
install_isr             0x0000869d   0xb4  Code  Lc  io_gpio_kgpio.o [3]
int_callback            0x00020a4d   0x1a  Code  Gb  yada_prj.o [1]
internal_Pow            0x0000bcb1  0x3fc  Code  Lc  pow.o [5]
isalpha                 0x000108ed    0x8  Code  Gb  io_util.o [7]
isdigit                 0x00015f05   0x10  Code  Gb  sh_util.o [11]
isgraph                 0x0000fba1   0x18  Code  Gb  io_util.o [7]
isprint                 0x00010577   0x2a  Code  Gb  io_util.o [7]
ispunct                 0x000108f5    0x8  Code  Gb  io_util.o [7]
isupper                 0x0001056f    0x8  Code  Gb  io_util.o [7]
isxdigit                0x00022501   0x24  Code  Gb  ftpd_cmd.o [9]
kinetis_flash_invalidate_cache
                        0x0002e641   0x16  Code  Gb  flash_mk60.o [3]
linemark                0x000128e9  0x188  Code  Gb  MenuView.o [1]
lnbias                  0x0000c0f0  0x420  Data  Lc  pow.o [5]
lower_hex_string        0x000328ac   0x14  Data  Lc  io_dopr.o [7]
lpt_address             0x00033334    0x4  Data  Lc  timer_lpt_kinetis.o [3]
lpt_clock_source        0x0003333c    0x4  Data  Lc  timer_lpt_kinetis.o [3]
lpt_vectors             0x00033338    0x4  Data  Lc  timer_lpt_kinetis.o [3]
main                    0x000004c5   0x10  Code  Gb  mqx_main.o [3]
mass_anchor             0x1fff1b74    0x4  Data  Lc  usb_host_msd_bo.o [12]
mem_flash_app           0x000200d1  0x16c  Code  Gb  mem_flash.o [1]
memcmp                  0x00016891         Code  Gb  memcmp.o [8]
memcpy                  0x0000a67d    0xe  Code  Gb  esdhc.o [3]
months                  0x000329c8   0x30  Data  Lc  dir_read.o [6]
num2string              0x00014175   0xa0  Code  Gb  MenuView.o [1]
pctl_ptr_arr            0x00033b68   0x14  Data  Lc  io_gpio_kgpio.o [3]
pdb_external            0x1fff00ac    0x4  Data  Lc  adt_kpdb.o [3]
pdb_internal            0x1fff1bbc   0x24  Data  Lc  adt_kpdb.o [3]
phy_ksz8041_IF          0x00033430   0x14  Data  Gb  phy_ks8721bl.o [3]
phy_ksz8041_discover_addr
                        0x0002ea8f   0x46  Code  Lc  phy_ks8721bl.o [3]
phy_ksz8041_get_link_status
                        0x0002ebc1   0x46  Code  Lc  phy_ks8721bl.o [3]
phy_ksz8041_get_speed   0x0002eb7b   0x46  Code  Lc  phy_ks8721bl.o [3]
phy_ksz8041_init        0x0002ead5   0xa6  Code  Lc  phy_ks8721bl.o [3]
pipe_init_params_prototype
                        0x00033150   0x24  Data  Lc  host_dev_list.o [12]
pow                     0x0000c0e1    0xe  Code  Gb  pow.o [5]
read_buffer             0x1fff0060    0x8  Data  Gb  yada_prj.o [1]
req_prototype           0x0003328c    0x8  Data  Lc  host_ch9.o [12]
reseed                  0x1fff1b88    0x4  Data  Lc  rtcsrand.o [9]
rtcs_enet               0x000308d0    0xc  Data  Lc  ip-e.o [9]
rtcs_local              0x00033444    0xc  Data  Lc  iplocal.o [9]
seed                    0x1fff1b84    0x4  Data  Lc  rtcsrand.o [9]
send_U16str             0x0000e205   0x2e  Code  Gb  LCDDriver.o [1]
send_U8str              0x0000e1d7   0x2e  Code  Gb  LCDDriver.o [1]
send_area               0x0000e1af   0x28  Code  Gb  LCDDriver.o [1]
send_byte               0x0000e15f   0x12  Code  Gb  LCDDriver.o [1]
send_end                0x0000e233   0x14  Code  Gb  LCDDriver.o [1]
send_word               0x0000e171   0x2a  Code  Gb  LCDDriver.o [1]
send_xy                 0x0000e19b   0x14  Code  Gb  LCDDriver.o [1]
sin                     0x000142f1    0x6  Code  Gb  sin.o [5]
spi2_dma_int            0x0000d1f9   0x74  Code  Gb  DSPSPI.o [1]
spifd_2                 0x1fff19bc    0x4  Data  Gb  DSPSPI.o [1]
state                   0x1fff00a8    0x4  Data  Lc  rtcsrand.o [9]
strcat                  0x0001fc3b   0x1e  Code  Gb  strcat.o [4]
strcmp                  0x0000a4ad         Code  Gb  strcmp.o [8]
strcpy                  0x0000fb5d         Code  Gb  strcpy.o [8]
strlen                  0x0000a4f1         Code  Gb  strlen.o [8]
strncmp                 0x0000b85d   0x2a  Code  Gb  strncmp.o [4]
strncpy                 0x0000d69d         Code  Gb  strncpy.o [8]
strpbrk                 0x00022525    0x4  Code  Gb  strpbrk.o [4]
systick_config          0x00001b69    0xc  Code  Gb  init_bsp.o [3]
systick_init            0x00001b75   0x34  Code  Lc  init_bsp.o [3]
tcp_socket_task         0x00020481  0x29c  Code  Gb  tcpip_socket_task.o [1]
timer_isr               0x00020a67   0x26  Code  Lc  yada_prj.o [1]
tolower                 0x0000fbb9    0x8  Code  Gb  io_util.o [7]
tr_index                0x1fff1b38    0x4  Data  Lc  host_common.o [12]
uart_isr                0x000029ad   0x76  Code  Gb  serl_int_kuart.o [3]
uart_lcd                0x1fff19c0    0x4  Data  Gb  LCDDriver.o [1]
upper_hex_string        0x00032898   0x14  Data  Lc  io_dopr.o [7]
usb_class_hub_clear_feature
                        0x00026951   0x1e  Code  Gb  usb_host_hub.o [12]
usb_class_hub_clear_port_feature
                        0x0002696f   0x24  Code  Gb  usb_host_hub.o [12]
usb_class_hub_cntrl_callback
                        0x000267d5   0x1a  Code  Gb  usb_host_hub.o [12]
usb_class_hub_cntrl_common
                        0x000267ef   0xfe  Code  Gb  usb_host_hub.o [12]
usb_class_hub_get_app   0x00026775   0x60  Code  Gb  usb_host_hub.o [12]
usb_class_hub_get_descriptor
                        0x000268ed   0x40  Code  Gb  usb_host_hub.o [12]
usb_class_hub_get_port_status
                        0x000269b3   0x22  Code  Gb  usb_host_hub.o [12]
usb_class_hub_get_status
                        0x00026993   0x20  Code  Gb  usb_host_hub.o [12]
usb_class_hub_init      0x00026719   0x5c  Code  Gb  usb_host_hub.o [12]
usb_class_hub_int_callback
                        0x00026aad   0x1a  Code  Gb  usb_host_hub.o [12]
usb_class_hub_set_port_feature
                        0x0002692d   0x24  Code  Gb  usb_host_hub.o [12]
usb_class_hub_wait_for_interrupt
                        0x000269d5   0xcc  Code  Gb  usb_host_hub.o [12]
usb_class_mass_call_back_cbw
                        0x0001de11   0xa2  Code  Lc  usb_host_msd_bo.o [12]
usb_class_mass_call_back_csw
                        0x0001df89  0x12e  Code  Lc  usb_host_msd_bo.o [12]
usb_class_mass_call_back_dphase
                        0x0001deb3   0xd6  Code  Lc  usb_host_msd_bo.o [12]
usb_class_mass_clear_bulk_pipe_on_usb
                        0x0001e1a1   0x7c  Code  Lc  usb_host_msd_bo.o [12]
usb_class_mass_deleteq  0x0001fae3   0x34  Code  Gb  usb_host_msd_queue.o [12]
usb_class_mass_get_pending_request
                        0x0001fb17   0x26  Code  Gb  usb_host_msd_queue.o [12]
usb_class_mass_init     0x0001dd05   0x88  Code  Gb  usb_host_msd_bo.o [12]
usb_class_mass_pass_on_usb
                        0x0001e0b7   0xea  Code  Lc  usb_host_msd_bo.o [12]
usb_class_mass_q_init   0x0001fa9b    0xc  Code  Gb  usb_host_msd_queue.o [12]
usb_class_mass_q_insert
                        0x0001faa7   0x3c  Code  Gb  usb_host_msd_queue.o [12]
usb_class_mass_reset_callback
                        0x0001e285   0xd0  Code  Lc  usb_host_msd_bo.o [12]
usb_class_mass_reset_recovery_on_usb
                        0x0001e21d   0x68  Code  Gb  usb_host_msd_bo.o [12]
usb_class_mass_storage_device_command
                        0x0001dd8d   0x84  Code  Gb  usb_host_msd_bo.o [12]
usb_dev_list_attach_device
                        0x0001cf23  0x120  Code  Gb  host_dev_list.o [12]
usb_dev_list_close_pipe
                        0x0001d04d   0x46  Code  Lc  host_dev_list.o [12]
usb_dev_list_close_pipe_bundle
                        0x0001d093   0x2a  Code  Gb  host_dev_list.o [12]
usb_dev_list_detach_device
                        0x0001d0bd   0x82  Code  Gb  host_dev_list.o [12]
usb_dev_list_free_mem   0x0001cdc3   0x76  Code  Gb  host_dev_list.o [12]
usb_dev_list_free_memlist
                        0x0001cd6d   0x56  Code  Gb  host_dev_list.o [12]
usb_dev_list_get_mem    0x0001ce39   0xea  Code  Gb  host_dev_list.o [12]
usb_filesystem_install  0x00016ff5  0x18c  Code  Gb  USB_File.o [1]
usb_filesystem_uninstall
                        0x00017181   0xde  Code  Gb  USB_File.o [1]
usb_host_ch9_dev_req    0x0001d9bd   0x8e  Code  Lc  host_ch9.o [12]
usb_host_class_intf_init
                        0x0001964b   0xf8  Code  Gb  host_common.o [12]
usb_host_class_intf_validate
                        0x00019743   0x22  Code  Gb  host_common.o [12]
usb_host_cntrl_transaction_done
                        0x0001d6a5  0x2e2  Code  Lc  host_ch9.o [12]
usb_host_driver_info_match
                        0x00019765   0xec  Code  Lc  host_common.o [12]
usb_host_driver_info_nonzero
                        0x000198bb   0x4a  Code  Lc  host_common.o [12]
usb_host_driver_info_scan
                        0x00019851   0x6a  Code  Lc  host_common.o [12]
usb_host_hub_device_event
                        0x000261b9   0x9e  Code  Gb  usb_host_hub_sm.o [12]
usb_host_hub_device_sm  0x00026259  0x45c  Code  Lc  usb_host_hub_sm.o [12]
usb_host_hub_int_callback
                        0x000266b5   0x60  Code  Lc  usb_host_hub_sm.o [12]
usb_host_map_class_intf
                        0x00019905   0x3a  Code  Lc  host_common.o [12]
usb_host_mass_device_event
                        0x0001fc59   0x6e  Code  Gb  USB_Task.o [1]
usb_host_state_struct_ptr
                        0x1fff1b3c    0x4  Data  Gb  host_main.o [12]
usb_hostdev_attach_detach
                        0x00019241   0x48  Code  Gb  host_common.o [12]
usb_hostdev_delete_interface
                        0x0001996f   0xce  Code  Gb  host_common.o [12]
usb_hostdev_get_class   0x00019397   0x6c  Code  Lc  host_common.o [12]
usb_hostdev_get_pipe_handle
                        0x000195cd   0x7e  Code  Gb  host_common.o [12]
usb_hostdev_mask_class_etc
                        0x00019a3d   0x2a  Code  Lc  host_common.o [12]
usb_hostdev_open_pipe   0x00019a67  0x10c  Code  Lc  host_common.o [12]
usb_hostdev_tr_init     0x00019d4f   0x36  Code  Gb  host_common.o [12]
usb_hostdev_validate    0x00019289   0x28  Code  Gb  host_common.o [12]
usb_mass_ufi_cancel     0x00019e19    0xc  Code  Gb  usb_host_msd_ufi.o [12]
usb_mass_ufi_generic    0x00019d95   0x84  Code  Gb  usb_host_msd_ufi.o [12]


[1] = E:\Freescale\mqx_test\YD_PRJ_NEW_20130323_git_\IAR\twrk60n512\Int Flash Debug\Obj
[2] = command line
[3] = bsp_twrk60n512_130330_no_event_lpt.a
[4] = dl7M_tln.a
[5] = m7M_tl.a
[6] = mfs_twrk60n512_d.a
[7] = psp_twrk60n512_d.a
[8] = rt7M_tl.a
[9] = rtcs_twrk60n512_d_20130105.a
[10] = shb_l.a
[11] = shell_twrk60n512_d_20130406_wr_s.a
[12] = usb_hdk_twrk60n512_d.a

  191 672 bytes of readonly  code memory
   20 418 bytes of readonly  data memory
    8 127 bytes of readwrite data memory

Errors: none
Warnings: none
