###############################################################################
#                                                                             #
# IAR ELF Linker V6.30.1.53127/W32 for ARM              03/Apr/2013  20:58:41 #
# Copyright 2007-2011 IAR Systems AB.                                         #
#                                                                             #
#    Output file  =  L:\git_workspace\YD_PRJ_NEW_20130323_git_\IAR\twrk60n512 #
#                    \Int Flash Debug\Exe\twrk60n512.out                      #
#    Map file     =  L:\git_workspace\YD_PRJ_NEW_20130323_git_\IAR\twrk60n512 #
#                    \Int Flash Debug\List\twrk60n512.map                     #
#    Command line =  "L:\git_workspace\YD_PRJ_NEW_20130323_git_\IAR\twrk60n51 #
#                    2\Int Flash Debug\Obj\DSPSPI.o"                          #
#                    "L:\git_workspace\YD_PRJ_NEW_20130323_git_\IAR\twrk60n51 #
#                    2\Int Flash Debug\Obj\DataConvert.o"                     #
#                    "L:\git_workspace\YD_PRJ_NEW_20130323_git_\IAR\twrk60n51 #
#                    2\Int Flash Debug\Obj\FTP_Task.o"                        #
#                    "L:\git_workspace\YD_PRJ_NEW_20130323_git_\IAR\twrk60n51 #
#                    2\Int Flash Debug\Obj\LCDDriver.o"                       #
#                    "L:\git_workspace\YD_PRJ_NEW_20130323_git_\IAR\twrk60n51 #
#                    2\Int Flash Debug\Obj\LCDUart.o"                         #
#                    "L:\git_workspace\YD_PRJ_NEW_20130323_git_\IAR\twrk60n51 #
#                    2\Int Flash Debug\Obj\MenuView.o"                        #
#                    "L:\git_workspace\YD_PRJ_NEW_20130323_git_\IAR\twrk60n51 #
#                    2\Int Flash Debug\Obj\SD_task.o"                         #
#                    "L:\git_workspace\YD_PRJ_NEW_20130323_git_\IAR\twrk60n51 #
#                    2\Int Flash Debug\Obj\Shell_Task.o"                      #
#                    "L:\git_workspace\YD_PRJ_NEW_20130323_git_\IAR\twrk60n51 #
#                    2\Int Flash Debug\Obj\System.o"                          #
#                    "L:\git_workspace\YD_PRJ_NEW_20130323_git_\IAR\twrk60n51 #
#                    2\Int Flash Debug\Obj\USB_File.o"                        #
#                    "L:\git_workspace\YD_PRJ_NEW_20130323_git_\IAR\twrk60n51 #
#                    2\Int Flash Debug\Obj\USB_Task.o"                        #
#                    "L:\git_workspace\YD_PRJ_NEW_20130323_git_\IAR\twrk60n51 #
#                    2\Int Flash Debug\Obj\mem_flash.o"                       #
#                    "L:\git_workspace\YD_PRJ_NEW_20130323_git_\IAR\twrk60n51 #
#                    2\Int Flash Debug\Obj\mem_ram.o"                         #
#                    "L:\git_workspace\YD_PRJ_NEW_20130323_git_\IAR\twrk60n51 #
#                    2\Int Flash Debug\Obj\pin2.o"                            #
#                    "L:\git_workspace\YD_PRJ_NEW_20130323_git_\IAR\twrk60n51 #
#                    2\Int Flash Debug\Obj\sh_cd.o"                           #
#                    "L:\git_workspace\YD_PRJ_NEW_20130323_git_\IAR\twrk60n51 #
#                    2\Int Flash Debug\Obj\sh_di.o"                           #
#                    "L:\git_workspace\YD_PRJ_NEW_20130323_git_\IAR\twrk60n51 #
#                    2\Int Flash Debug\Obj\tcpip_socket_task.o"               #
#                    "L:\git_workspace\YD_PRJ_NEW_20130323_git_\IAR\twrk60n51 #
#                    2\Int Flash Debug\Obj\usb_classes.o"                     #
#                    "L:\git_workspace\YD_PRJ_NEW_20130323_git_\IAR\twrk60n51 #
#                    2\Int Flash Debug\Obj\yada_prj.o"                        #
#                    L:\git_workspace\YD_PRJ_NEW_20130323_git_\lib\twrk60n512 #
#                    .iar\bsp\bsp_twrk60n512_130330_no_event_lpt.a            #
#                    L:\git_workspace\YD_PRJ_NEW_20130323_git_\lib\twrk60n512 #
#                    .iar\mfs\mfs_twrk60n512_d.a                              #
#                    L:\git_workspace\YD_PRJ_NEW_20130323_git_\lib\twrk60n512 #
#                    .iar\psp\psp_twrk60n512_d.a                              #
#                    L:\git_workspace\YD_PRJ_NEW_20130323_git_\lib\twrk60n512 #
#                    .iar\rtcs\rtcs_twrk60n512_d_20130105.a                   #
#                    L:\git_workspace\YD_PRJ_NEW_20130323_git_\lib\twrk60n512 #
#                    .iar\shell\shell_twrk60n512_d_20130401.a                 #
#                    L:\git_workspace\YD_PRJ_NEW_20130323_git_\lib\twrk60n512 #
#                    .iar\usb\host\usb_hdk_twrk60n512_d.a --redirect          #
#                    _Printf=_PrintfFull --redirect _Scanf=_ScanfFull -o      #
#                    "L:\git_workspace\YD_PRJ_NEW_20130323_git_\IAR\twrk60n51 #
#                    2\Int Flash Debug\Exe\twrk60n512.out" --map              #
#                    "L:\git_workspace\YD_PRJ_NEW_20130323_git_\IAR\twrk60n51 #
#                    2\Int Flash Debug\List\twrk60n512.map" --config          #
#                    L:\git_workspace\YD_PRJ_NEW_20130323_git_\IAR\..\lib\twr #
#                    k60n512.iar\bsp\intflash.icf --redirect                  #
#                    __iar_dlmalloc=malloc --redirect __iar_dlcalloc=calloc   #
#                    --redirect __iar_dlfree=free --semihosting --entry       #
#                    __iar_program_start --vfe                                #
#                                                                             #
#                                                                             #
###############################################################################

*******************************************************************************
*** RUNTIME MODEL ATTRIBUTES
***

CppFlavor                   = *
__SystemLibrary             = DLib
__dlib_jmp_buf_num_elements = 8


*******************************************************************************
*** PLACEMENT SUMMARY
***

"A1":  place at 0x00000000 { ro section .intvec, block CFMPROTROM };
"P1":  place in [from 0x00000000 to 0x0007ffff] {
          first block TEXTSECTION, ro, last block FLASHX_POOL };
"P2":  place in [from 0x1fff0000 to 0x2000fff0] { rw, last block KERNEL_DATA };

  Section            Kind        Address     Size  Object
  -------            ----        -------     ----  ------
"A1":                                       0x414
  .intvec            const    0x00000000    0x400  vectors.o [3]
  CFMPROTROM                  0x00000400     0x14  <Block>
    .cfmconfig       const    0x00000400     0x10  vectors.o [3]
    .cfmconfig       const    0x00000410      0x0  vectors.o [3]
    CFMPROTROM       const    0x00000410      0x4  <Block tail>
                            - 0x00000414    0x414

"P1":                                     0x333e4
  TEXTSECTION                 0x00000420  0x2e78c  <Block>
    .text            ro code  0x00000420     0x4c  cortex_boot.o [7]
    .text            ro code  0x0000046c      0xc  cstartup_M.o [8]
    .text            ro code  0x00000478     0x16  cmain.o [8]
    .text            ro code  0x0000048e      0xa  iar.o [3]
    .text            ro code  0x00000498     0x2c  data_init3.o [8]
    .text            ro code  0x000004c4     0x10  mqx_main.o [3]
    .text            ro code  0x000004d4      0x4  exit.o [4]
    .text            ro code  0x000004d8    0x190  init_hw.o [3]
    .text            ro code  0x00000668    0x1a8  mqx.o [7]
    .text            ro code  0x00000810      0xa  cexit.o [8]
    .text            ro code  0x0000081a     0x46  sotcp.o [9]
    .text            ro code  0x00000860    0x79c  bsp_cm.o [3]
    .text            ro code  0x00000ffc    0x538  init_gpio.o [3]
    .text            ro code  0x00001534    0x134  mem_zero.o [7]
    .text            ro code  0x00001668     0x76  ABImemcpy.o [8]
    .text            ro code  0x000016de     0x56  macnet_rejoin.o [3]
    .text            ro code  0x00001734     0xd8  mqxiinit.o [7]
    .text            ro code  0x0000180c     0x28  lwm_init.o [7]
    .text            ro code  0x00001834     0x18  lwm_gsys.o [7]
    .text            ro code  0x0000184c     0x24  lwm_size.o [7]
    .text            ro code  0x00001870    0x1c4  ta_init.o [7]
    .text            ro code  0x00001a34     0xc0  sc_irdyq.o [7]
    .text            ro code  0x00001af4     0x74  lws_crea.o [7]
    .text            ro code  0x00001b68    0x2c8  init_bsp.o [3]
    .text            ro code  0x00001e30     0x24  int_disa.o [7]
    .text            ro code  0x00001e54     0x14  exit.o [10]
    .text            ro code  0x00001e68     0x14  cm.o [3]
    .text            ro code  0x00001e7c      0xc  qu_init.o [7]
    .text            ro code  0x00001e88     0x64  lwm_crep.o [7]
    .text            ro code  0x00001eec    0x204  lwm_alli.o [7]
    .text            ro code  0x000020f0     0x34  td_serr.o [7]
    .text            ro code  0x00002124     0xd0  td_alloc.o [7]
    .text            ro code  0x000021f4     0x68  stack_bu.o [7]
    .text            ro code  0x0000225c      0x8  lwm_xfri.o [7]
    .text            ro code  0x00002264     0x18  lwm_allz.o [7]
    .text            ro code  0x0000227c     0x38  int_ena.o [7]
    .text            ro code  0x000022b4     0x3e  qu_enq.o [7]
    .text            ro code  0x000022f2     0x22  zero_init3.o [8]
    .text            ro code  0x00002314      0xc  mqx_scpu.o [7]
    .text            ro code  0x00002320     0x30  lwm_allo.o [7]
    .text            ro code  0x00002350     0x14  psp_iinit.o [7]
    .text            ro code  0x00002364     0x10  int_vtab.o [7]
    .text            ro code  0x00002374     0x10  ti_setv.o [7]
    .text            ro code  0x00002384     0xb0  int_iisr.o [7]
    .text            ro code  0x00002434     0x10  ti_sett.o [7]
    .text            ro code  0x00002444     0x10  ti_shwtt.o [7]
    .text            ro code  0x00002454     0x14  ti_shwtf.o [7]
    .text            ro code  0x00002468     0x14  kinetis_mpu.o [7]
    .text            ro code  0x0000247c     0x18  io_init.o [7]
    .text            ro code  0x00002494    0x3b4  serl_pol_kuart.o [3]
    .text            ro code  0x00002848    0x1f0  serl_int_kuart.o [3]
    .text            ro code  0x00002a38    0x86c  i2c_pol_ki2c.o [3]
    .text            ro code  0x000032a4    0x6aa  i2c_int_ki2c.o [3]
    .text            ro code  0x0000394e     0x2e  copy_init3.o [8]
    .text            ro code  0x0000397c    0x9e8  spi_pol_dspi.o [3]
    .text            ro code  0x00004364    0x7b4  spi_dma_dspi.o [3]
    .text            ro code  0x00004b18    0x28c  io_gpio.o [3]
    .text            ro code  0x00004da4    0x5ae  adc.o [3]
    .text            ro code  0x00005354    0xc76  esdhc.o [3]
    .text            ro code  0x00005fcc    0xd3c  flashx.o [3]
    .text            ro code  0x00006d08     0x34  io_sinit.o [3]
    .text            ro code  0x00006d3c     0xe0  ti_krnl.o [7]
    .text            ro code  0x00006e1c     0xfc  lwm_free.o [7]
    .text            ro code  0x00006f18     0x40  qu_insrt.o [7]
    .text            ro code  0x00006f58     0x78  int_init.o [7]
    .text            ro code  0x00006fd0     0x10  int_inst.o [7]
    .text            ro code  0x00006fe0    0x53c  serl_pol.o [3]
    .text            ro code  0x0000751c     0x4c  serl_mk60.o [3]
    .text            ro code  0x00007568     0x18  lwm_zsys.o [7]
    .text            ro code  0x00007580    0x610  serl_int.o [3]
    .text            ro code  0x00007b90     0x60  int_gdat.o [7]
    .text            ro code  0x00007bf0      0x4  int_geh.o [7]
    .text            ro code  0x00007bf4     0xa0  cortex.o [7]
    .text            ro code  0x00007c94     0xf0  ev_open.o [7]
    .text            ro code  0x00007d84     0xe0  ev_set.o [7]
    .text            ro code  0x00007e64    0x170  i2c_pol.o [3]
    .text            ro code  0x00007fd4     0x38  i2c_mk60.o [3]
    .text            ro code  0x0000800c    0x16c  i2c_int.o [3]
    .text            ro code  0x00008178    0x196  spi_pol.o [3]
    .text            ro code  0x00008310     0x30  spi_mk60_dspi.o [3]
    .text            ro code  0x00008340    0x1a2  spi_int.o [3]
    .text            ro code  0x000084e4     0x24  io_pntf.o [7]
    .text            ro code  0x00008508    0x994  io_gpio_kgpio.o [3]
    .text            ro code  0x00008e9c     0x1a  io_inst.o [7]
    .text            ro code  0x00008eb6     0x3e  io_ioctl.o [7]
    .text            ro code  0x00008ef4    0xac0  adc_kadc.o [3]
    .text            ro code  0x000099b4    0xaf8  adt_kpdb.o [3]
    .text            ro code  0x0000a4ac     0x42  strcmp.o [8]
    .text            ro code  0x0000a4f0     0x36  strlen.o [8]
    .text            ro code  0x0000a528     0x38  ti_delay.o [7]
    .text            ro code  0x0000a560    0x108  io_instx.o [7]
    .text            ro code  0x0000a668     0x14  esdhc_mk60.o [3]
    .text            ro code  0x0000a67c      0xe  esdhc.o [3]
    .text            ro code  0x0000a68c     0x78  lws_wait.o [7]
    .text            ro code  0x0000a704    0x17c  mem_copy.o [7]
    .text            ro code  0x0000a880     0x7c  lws_post.o [7]
    .text            ro code  0x0000a8fc     0xa0  io_fopen.o [7]
    .text            ro code  0x0000a99c     0x34  psp_tinm.o [7]
    .text            ro code  0x0000a9d0     0x84  tq_creat.o [7]
    .text            ro code  0x0000aa54     0x80  tq_dest.o [7]
    .text            ro code  0x0000aad4     0xd8  tq_func.o [7]
    .text            ro code  0x0000abac     0x94  na_findi.o [7]
    .text            ro code  0x0000ac40     0x48  io_ghand.o [7]
    .text            ro code  0x0000ac88    0xbd4  io_dopr.o [7]
    .text            ro code  0x0000b85c     0x2a  strncmp.o [4]
    .text            ro code  0x0000b888      0x6  ABImemclr4.o [8]
    .text            ro code  0x0000b890     0x14  adc_mk60.o [3]
    .text            ro code  0x0000b8a4    0x132  I64DivMod.o [8]
    .text            ro code  0x0000b9d8     0xd4  lwe_set.o [7]
    .text            ro code  0x0000baac     0x84  psp_mstiq.o [7]
    .text            ro code  0x0000bb30     0x48  psp_tiad.o [7]
    .text            ro code  0x0000bb78     0x88  ti_deli.o [7]
    .text            ro code  0x0000bc00     0x2e  qu_deq.o [7]
    .text            ro code  0x0000bc2e     0x2c  sc_ipq.o [7]
    .text            ro code  0x0000bc5a     0x1c  strnlen.o [7]
    .text            ro code  0x0000bc78     0x32  ABImemset48.o [8]
    .text            ro code  0x0000bcac      0x2  I64DivZer.o [8]
    .text            ro code  0x0000bcb0    0x860  pow.o [5]
    .text            ro code  0x0000c510     0x44  xdnorm.o [5]
    .text            ro code  0x0000c554     0x80  xdint.o [5]
    .text            ro code  0x0000c5d4     0x20  DblCmpEq.o [5]
    .text            ro code  0x0000c5f4      0xc  errno.o [4]
    .text            ro code  0x0000c600     0x2e  DblCmpGe.o [5]
    .text            ro code  0x0000c630     0x2e  DblCmpLe.o [5]
    .text            ro code  0x0000c660    0x1a2  DblMul.o [5]
    .text            ro code  0x0000c804     0xe8  DblAdd.o [5]
    .text            ro code  0x0000c8ec     0x58  DblToI32.o [5]
    .text            ro code  0x0000c944     0x30  I32ToDbl.o [5]
    .text            ro code  0x0000c974    0x180  DblSub.o [5]
    .text            ro code  0x0000caf4    0x246  DblDiv.o [5]
    .text            ro code  0x0000cd3c     0xa8  xlog.o [5]
    .text            ro code  0x0000cde4    0x2f4  xexp.o [5]
    .text            ro code  0x0000d0d8      0x2  xtls.o [4]
    .text            ro code  0x0000d0dc    0x11a  xdscale.o [5]
    .text            ro code  0x0000d1f8    0x178  DSPSPI.o [1]
    .text            ro code  0x0000d370     0x14  ev_creat.o [7]
    .text            ro code  0x0000d384     0x3a  ev_all.o [7]
    .text            ro code  0x0000d3c0     0x48  ev_clear.o [7]
    .text            ro code  0x0000d408     0xc0  ev_creai.o [7]
    .text            ro code  0x0000d4c8    0x108  ev_waiti.o [7]
    .text            ro code  0x0000d5d0     0xcc  ev_comp.o [7]
    .text            ro code  0x0000d69c     0x6c  strncpy.o [8]
    .text            ro code  0x0000d708    0x138  na_addi.o [7]
    .text            ro code  0x0000d840     0x34  ti_delun.o [7]
    .text            ro code  0x0000d874     0x38  ti_delfo.o [7]
    .text            ro code  0x0000d8ac     0x7c  na_crth.o [7]
    .text            ro code  0x0000d928     0x5e  ABImemset.o [8]
    .text            ro code  0x0000d988    0x37c  DataConvert.o [1]
    .text            ro code  0x0000dd04     0xfc  FltDiv.o [5]
    .text            ro code  0x0000de00     0xd8  FltMul.o [5]
    .text            ro code  0x0000ded8     0x24  FltToU32.o [5]
    .text            ro code  0x0000defc     0x32  I32ToFlt.o [5]
    .text            ro code  0x0000df2e      0x8  abs.o [4]
    .text            ro code  0x0000df38     0xe6  FltSub.o [5]
    .text            ro code  0x0000e020     0x44  FltToS32.o [5]
    .text            ro code  0x0000e064     0x24  FltCmpLe.o [5]
    .text            ro code  0x0000e088     0x84  FltAdd.o [5]
    .text            ro code  0x0000e10c    0x300  LCDDriver.o [1]
    .text            ro code  0x0000e40c     0x24  io_write.o [7]
    .text            ro code  0x0000e430     0xf4  FTP_Task.o [1]
    .text            ro code  0x0000e524    0x26c  rtcscmd.o [9]
    .text            ro code  0x0000e790     0x24  enaddr.o [3]
    .text            ro code  0x0000e7b4    0x104  eninit.o [3]
    .text            ro code  0x0000e8b8     0x5c  ifadd.o [9]
    .text            ro code  0x0000e914    0x644  ftpd.o [9]
    .text            ro code  0x0000ef58     0x88  ta_creat.o [7]
    .text            ro code  0x0000efe0     0xe4  mqx_ioc.o [7]
    .text            ro code  0x0000f0c4    0x1b6  rtcspart.o [9]
    .text            ro code  0x0000f27c     0x2c  ms_id.o [7]
    .text            ro code  0x0000f2a8     0x16  ms_pool.o [7]
    .text            ro code  0x0000f2c0     0xa8  rtcstask.o [9]
    .text            ro code  0x0000f368     0x6c  ms_dpool.o [7]
    .text            ro code  0x0000f3d4     0xcc  ms_alloc.o [7]
    .text            ro code  0x0000f4a0     0x58  td_get.o [7]
    .text            ro code  0x0000f4f8      0xc  ms_sendb.o [7]
    .text            ro code  0x0000f504     0x48  ta_rdy.o [7]
    .text            ro code  0x0000f54c      0xc  ms_send.o [7]
    .text            ro code  0x0000f558     0x10  td_gid.o [7]
    .text            ro code  0x0000f568     0x1c  td_gerr.o [7]
    .text            ro code  0x0000f584     0x24  td_util.o [7]
    .text            ro code  0x0000f5a8     0x2c  init_enet.o [3]
    .text            ro code  0x0000f5d4     0x58  enutil.o [3]
    .text            ro code  0x0000f62c     0x3c  ta_env.o [7]
    .text            ro code  0x0000f668     0x22  ta_sexit.o [7]
    .text            ro code  0x0000f68c     0xb2  rtcs.o [9]
    .text            ro code  0x0000f740    0x3ea  io_util.o [7]
    .text            ro code  0x0000fb2c     0x44  strcpy.o [8]
    .text            ro code  0x0000fb70     0x18  io_util.o [7]
    .text            ro code  0x0000fb88      0x8  io_util.o [7]
    .text            ro code  0x0000fb90     0x7c  ta_build.o [7]
    .text            ro code  0x0000fc0c     0x18  lwm_allp.o [7]
    .text            ro code  0x0000fc24     0x18  lwm_alzp.o [7]
    .text            ro code  0x0000fc3c     0x18  lwm_gsyp.o [7]
    .text            ro code  0x0000fc54     0x18  lwm_zsyf.o [7]
    .text            ro code  0x0000fc6c     0x84  pa_creat.o [7]
    .text            ro code  0x0000fcf0     0x14  pa_sallo.o [7]
    .text            ro code  0x0000fd04     0x74  pa_free.o [7]
    .text            ro code  0x0000fd78     0x74  pa_dest.o [7]
    .text            ro code  0x0000fdec    0x20c  ms_pooli.o [7]
    .text            ro code  0x0000fff8     0x12  ta_util.o [7]
    .text            ro code  0x0001000c     0xa2  lws_dest.o [7]
    .text            ro code  0x000100b0    0x364  ms_sendi.o [7]
    .text            ro code  0x00010414    0x12a  sockutil.o [9]
    .text            ro code  0x0001053e      0x8  io_util.o [7]
    .text            ro code  0x00010546     0x2a  io_util.o [7]
    .text            ro code  0x00010570     0x16  io_util.o [7]
    .text            ro code  0x00010588     0x7c  pa_creai.o [7]
    .text            ro code  0x00010604    0x118  pa_alloi.o [7]
    .text            ro code  0x0001071c    0x130  ms_comp.o [7]
    .text            ro code  0x0001084c     0x60  ms_free.o [7]
    .text            ro code  0x000108ac     0x10  io_util.o [7]
    .text            ro code  0x000108bc      0x8  io_util.o [7]
    .text            ro code  0x000108c4      0x8  io_util.o [7]
    .text            ro code  0x000108cc     0x7c  pa_comp.o [7]
    .text            ro code  0x00010948     0x5c  pa_extni.o [7]
    .text            ro code  0x000109a4     0x22  io_util.o [7]
    .text            ro code  0x000109c6     0x28  io_util.o [7]
    .text            ro code  0x000109ee     0x10  io_util.o [7]
    .text            ro code  0x00010a00    0xa60  LCDUart.o [1]
    .text            ro code  0x00011460     0x14  ev_creaa.o [7]
    .text            ro code  0x00011474   0x2b50  MenuView.o [1]
    .text            ro code  0x00013fc4     0x52  System.o [1]
    .text            ro code  0x00014016      0x6  cos.o [5]
    .text            ro code  0x0001401c      0x6  sin.o [5]
    .text            ro code  0x00014024     0x24  FltCmpGe.o [5]
    .text            ro code  0x00014048     0x4e  FltToDbl.o [5]
    .text            ro code  0x00014098    0x14c  sh_cd.o [1]
    .text            ro code  0x000141e4     0x90  sh_pwd.o [11]
    .text            ro code  0x00014274    0x220  sh_read_wk.o [11]
    .text            ro code  0x00014494    0x208  sh_write_binary.o [11]
    .text            ro code  0x0001469c     0xc8  sh_update.o [11]
    .text            ro code  0x00014764     0x16  ti_get.o [7]
    .text            ro code  0x0001477c     0xe4  ti_to.o [7]
    .text            ro code  0x00014860    0x110  sh_mkdir.o [11]
    .text            ro code  0x00014970    0x3bc  sh_search_file_1.o [11]
    .text            ro code  0x00014d2c    0x1f0  xsin.o [5]
    .text            ro code  0x00014f1c    0x218  sh_util.o [11]
    .text            ro code  0x00015134    0x408  mfs_misc.o [6]
    .text            ro code  0x0001553c     0x90  io_fseek.o [7]
    .text            ro code  0x000155cc     0x16  io_feof.o [7]
    .text            ro code  0x000155e2     0x46  io_fgetc.o [7]
    .text            ro code  0x00015628     0x34  io_fclos.o [7]
    .text            ro code  0x0001565c     0x4c  ti_gett.o [7]
    .text            ro code  0x000156a8     0xbc  psp_tkti.o [7]
    .text            ro code  0x00015764     0x42  ti_leap.o [7]
    .text            ro code  0x000157a8    0x320  dir_read.o [6]
    .text            ro code  0x00015ac8     0x26  io_spr.o [7]
    .text            ro code  0x00015af0    0x170  xquad.o [5]
    .text            ro code  0x00015c60     0x10  sh_util.o [11]
    .text            ro code  0x00015c70    0x344  mfs_rw.o [6]
    .text            ro code  0x00015fb4     0x9e  mfs_data_sector.o [6]
    .text            ro code  0x00016054    0x382  mfs_fat.o [6]
    .text            ro code  0x000163d8    0x1a8  fmod.o [5]
    .text            ro code  0x00016580     0x6a  io_read.o [7]
    .text            ro code  0x000165ec     0x62  memcmp.o [8]
    .text            ro code  0x00016650    0x356  mfs_cluster.o [6]
    .text            ro code  0x000169a8      0xc  iarEdom.o [8]
    .text            ro code  0x000169b4     0x48  Shell_Task.o [1]
    .text            ro code  0x000169fc    0x22c  shell.o [11]
    .text            ro code  0x00016c28     0x38  io_fflsh.o [7]
    .text            ro code  0x00016c60     0x2e  io_fgets.o [7]
    .text            ro code  0x00016c8e     0x94  io_fgetl.o [7]
    .text            ro code  0x00016d22     0x2c  io_fung.o [7]
    .text            ro code  0x00016d50    0x2d0  USB_File.o [1]
    .text            ro code  0x00017020    0x726  usbmfs.o [12]
    .text            ro code  0x00017748    0x5a6  part_mgr.o [6]
    .text            ro code  0x00017cee      0xe  io_ferr.o [7]
    .text            ro code  0x00017cfc   0x1222  mfs_init.o [6]
    .text            ro code  0x00018f20     0x7c  io_uinst.o [7]
    .text            ro code  0x00018f9c    0xb54  host_common.o [12]
    .text            ro code  0x00019af0     0x90  usb_host_msd_ufi.o [12]
    .text            ro code  0x00019b80     0x10  ti_getp.o [7]
    .text            ro code  0x00019b90     0x98  lws_wati.o [7]
    .text            ro code  0x00019c28     0x30  ti_delti.o [7]
    .text            ro code  0x00019c58     0xa2  mfs_valdev.o [6]
    .text            ro code  0x00019cfc    0x39c  mfs_open.o [6]
    .text            ro code  0x0001a098    0x4bc  mfs_create.o [6]
    .text            ro code  0x0001a554    0x2d0  mfs_read.o [6]
    .text            ro code  0x0001a824    0x430  mfs_write.o [6]
    .text            ro code  0x0001ac54    0x7f8  mfs_directory.o [6]
    .text            ro code  0x0001b44c     0xf4  mfs_attribute.o [6]
    .text            ro code  0x0001b540     0xe4  mfs_time.o [6]
    .text            ro code  0x0001b624    0x7ce  mfs_lfn.o [6]
    .text            ro code  0x0001bdf2    0x102  mfs_delete.o [6]
    .text            ro code  0x0001bef4    0x2c0  mfs_rename.o [6]
    .text            ro code  0x0001c1b4    0x89c  mfs_format.o [6]
    .text            ro code  0x0001ca50     0x10  qu_util.o [7]
    .text            ro code  0x0001ca60     0x68  usb_mqx.o [12]
    .text            ro code  0x0001cac8    0x3d2  host_dev_list.o [12]
    .text            ro code  0x0001ce9c    0x564  host_main.o [12]
    .text            ro code  0x0001d400    0x660  host_ch9.o [12]
    .text            ro code  0x0001da60    0x670  usb_host_msd_bo.o [12]
    .text            ro code  0x0001e0d0     0x36  lws_wain.o [7]
    .text            ro code  0x0001e106    0x79a  mfs_search.o [6]
    .text            ro code  0x0001e8a0     0xf6  mfs_handle.o [6]
    .text            ro code  0x0001e998    0x7f6  mfs_dir_entry.o [6]
    .text            ro code  0x0001f18e     0x20  qu_head.o [7]
    .text            ro code  0x0001f1ae     0x22  qu_next.o [7]
    .text            ro code  0x0001f1d0    0x57c  mfs_parse.o [6]
    .text            ro code  0x0001f74c     0x50  host_close.o [12]
    .text            ro code  0x0001f79c     0x5a  usb_mk60.o [3]
    .text            ro code  0x0001f7f6     0xa2  usb_host_msd_queue.o [12]
    .text            ro code  0x0001f898     0x58  host_snd.o [12]
    .text            ro code  0x0001f8f0     0x58  host_rcv.o [12]
    .text            ro code  0x0001f948     0x30  pa_sallz.o [7]
    .text            ro code  0x0001f978     0x1e  qu_unlnk.o [7]
    .text            ro code  0x0001f996     0x1e  strcat.o [4]
    .text            ro code  0x0001f9b4    0x190  USB_Task.o [1]
    .text            ro code  0x0001fb44     0x86  lwe_crea.o [7]
    .text            ro code  0x0001fbcc     0x20  int_iunx.o [7]
    .text            ro code  0x0001fbec     0x34  lwe_clr.o [7]
    .text            ro code  0x0001fc20     0x48  lwe_watt.o [7]
    .text            ro code  0x0001fc68     0x10  int_idef.o [7]
    .text            ro code  0x0001fc78     0xf0  lwe_waii.o [7]
    .text            ro code  0x0001fd68    0x16c  mem_flash.o [1]
    .text            ro code  0x0001fed4     0x94  pin2.o [1]
    .text            ro code  0x0001ff68     0xac  tq_tsusp.o [7]
    .text            ro code  0x00020014     0x98  ta_prio.o [7]
    .text            ro code  0x000200ac     0x68  sc_sprio.o [7]
    .text            ro code  0x00020114      0x4  ta_sync.o [7]
    .text            ro code  0x00020118    0x29c  tcpip_socket_task.o [1]
    .text            ro code  0x000203b4    0x1a0  soselset.o [9]
    .text            ro code  0x00020554     0xbc  sosel0.o [9]
    .text            ro code  0x00020610     0xd4  timer.o [9]
    .text            ro code  0x000206e4    0x38c  yada_prj.o [1]
    .text            ro code  0x00020a70    0x3ec  timer_lpt.o [3]
    .text            ro code  0x00020e5c     0x7c  timer_lpt_kinetis.o [3]
    .text            ro code  0x00020ed8     0x22  I64Shl.o [8]
    .text            ro code  0x00020efc   0x12f0  ftpd_cmd.o [9]
    .text            ro code  0x000221ec     0x24  ftpd_cmd.o [9]
    .text            ro code  0x00022210      0x4  strpbrk.o [4]
    .text            ro code  0x00022214     0x18  rtcsmsec.o [9]
    .text            ro code  0x0002222c     0x20  io_ftell.o [7]
    .text            ro code  0x0002224c     0x22  strpbrk.o [4]
    .text            ro code  0x0002226e     0x1a  ti_elaps.o [7]
    .text            ro code  0x00022288     0x40  ti_elapt.o [7]
    .text            ro code  0x000222c8    0x3be  ip-e.o [9]
    .text            ro code  0x00022688    0x82c  arp.o [9]
    .text            ro code  0x00022eb4     0x94  enopen.o [3]
    .text            ro code  0x00022f48     0x82  enclose.o [3]
    .text            ro code  0x00022fcc     0xdc  rtcsrand.o [9]
    .text            ro code  0x000230a8    0x496  rtcspcb.o [9]
    .text            ro code  0x0002353e    0x162  ensend.o [3]
    .text            ro code  0x000236a0    0x24c  iputil.o [9]
    .text            ro code  0x000238ec      0x4  proxyarp.o [9]
    .text            ro code  0x000238f0     0x3c  lws_poll.o [7]
    .text            ro code  0x0002392c    0x24c  ipradix.o [9]
    .text            ro code  0x00023b78     0x94  sh_cmdlist.o [11]
    .text            ro code  0x00023c0c    0x1f0  sh_copy.o [11]
    .text            ro code  0x00023dfc    0x118  sh_create.o [11]
    .text            ro code  0x00023f14    0x11c  sh_del.o [11]
    .text            ro code  0x00024030    0x108  sh_df.o [11]
    .text            ro code  0x00024138    0x154  sh_dir.o [11]
    .text            ro code  0x0002428c    0x1bc  sh_disect.o [11]
    .text            ro code  0x00024448     0x68  sh_exit.o [11]
    .text            ro code  0x000244b0    0x17c  sh_format.o [11]
    .text            ro code  0x0002462c    0x108  sh_help.o [11]
    .text            ro code  0x00024734    0x22c  sh_read.o [11]
    .text            ro code  0x00024960     0x40  io_fputc.o [7]
    .text            ro code  0x000249a0    0x188  sh_rename.o [11]
    .text            ro code  0x00024b28    0x12c  sh_rmdir.o [11]
    .text            ro code  0x00024c54     0xd8  sh_sh.o [11]
    .text            ro code  0x00024d2c    0x130  sh_type.o [11]
    .text            ro code  0x00024e5c    0x250  sh_write.o [11]
    .text            ro code  0x000250ac    0xa94  khci.o [12]
    .text            ro code  0x00025b40     0x92  lwmsgq.o [7]
    .text            ro code  0x00025bd4    0x138  lwmsgq_recv.o [7]
    .text            ro code  0x00025d0c     0x70  ta_creab.o [7]
    .text            ro code  0x00025d7c    0x128  lwmsgq_send.o [7]
    .text            ro code  0x00025ea4    0x560  usb_host_hub_sm.o [12]
    .text            ro code  0x00026404    0x3ae  usb_host_hub.o [12]
    .text            ro code  0x000267b4    0x59c  sstream.o [9]
    .text            ro code  0x00026d50    0x9f6  ip.o [9]
    .text            ro code  0x00027748    0x76c  iproute.o [9]
    .text            ro code  0x00027eb4     0x86  checksum.o [9]
    .text            ro code  0x00027f3a     0x44  ipsum.o [7]
    .text            ro code  0x00027f80    0x680  icmp.o [9]
    .text            ro code  0x00028600     0x22  route.o [9]
    .text            ro code  0x00028624    0x19e  iplocal.o [9]
    .text            ro code  0x000287c4    0x124  tcpip.o [9]
    .text            ro code  0x000288e8     0x16  ms_open.o [7]
    .text            ro code  0x00028900     0x10  arpinit.o [9]
    .text            ro code  0x00028910     0x18  bootinit.o [9]
    .text            ro code  0x00028928     0x32  ms_recv.o [7]
    .text            ro code  0x0002895c    0x144  ms_openi.o [7]
    .text            ro code  0x00028aa0    0x320  ms_recvi.o [7]
    .text            ro code  0x00028dc0     0xe8  int_unx.o [7]
    .text            ro code  0x00028ea8    0x3c4  tcp_clos.o [9]
    .text            ro code  0x0002926c    0x792  tcp_rcv.o [9]
    .text            ro code  0x000299fe    0x3a2  ticker.o [9]
    .text            ro code  0x00029da0   0x16e2  tcp.o [9]
    .text            ro code  0x0002b482    0x12c  sosel1.o [9]
    .text            ro code  0x0002b5b0    0xfa8  tcp_send.o [9]
    .text            ro code  0x0002c558    0x412  tcp_buf.o [9]
    .text            ro code  0x0002c96c     0x18  ti_getr.o [7]
    .text            ro code  0x0002c984    0x464  macnet_init.o [3]
    .text            ro code  0x0002cde8     0x1c  macnet_mk60.o [3]
    .text            ro code  0x0002ce04    0x49e  macnet_receive.o [3]
    .text            ro code  0x0002d2a4    0x1d4  macnet_util.o [3]
    .text            ro code  0x0002d478    0x11a  enrecv.o [3]
    .text            ro code  0x0002d594     0x64  int_gisr.o [7]
    .text            ro code  0x0002d5f8    0x1e2  ta_dest.o [7]
    .text            ro code  0x0002d7dc     0x6c  lwm_list.o [7]
    .text            ro code  0x0002d848      0x2  stack_de.o [7]
    .text            ro code  0x0002d84c     0x34  int_isr.o [7]
    .text            ro code  0x0002d880     0x10  td_serrt.o [7]
    .text            ro code  0x0002d890     0x40  idletask.o [7]
    .text            ro code  0x0002d8d0     0x60  ev_tdel.o [7]
    .text            ro code  0x0002d930     0x88  macnet_join.o [3]
    .text            ro code  0x0002d9b8     0xe8  macnet_mii.o [3]
    .text            ro code  0x0002daa0     0x4c  macnet_stop.o [3]
    .text            ro code  0x0002daec     0x24  ta_exit.o [7]
    .text            ro code  0x0002db10    0x31c  udp.o [9]
    .text            ro code  0x0002de2c    0x4fc  flash_ftfl.o [3]
    .text            ro code  0x0002e328     0x24  flash_mk60.o [3]
    .text            ro code  0x0002e34c     0xd8  ms_tdel.o [7]
    .text            ro code  0x0002e424     0x98  pa_tdel.o [7]
    .text            ro code  0x0002e4bc    0x104  soip.o [9]
    .text            ro code  0x0002e5c0    0x1ba  ipif_add.o [9]
    .text            ro code  0x0002e77a    0x178  phy_ks8721bl.o [3]
    .text            ro code  0x0002e8f2    0x2ba  macnet_send.o [3]
  KERNEL             ro code  0x0002ebb0    0x218  dispatch.o [7]
  .iar.init_table    const    0x0002edc8     0x38  - Linker created -
  .rodata            const    0x0002ee00      0x8  DSPSPI.o [1]
  .rodata            const    0x0002ee08     0x1c  DSPSPI.o [1]
  .rodata            const    0x0002ee24     0x24  DSPSPI.o [1]
  .rodata            const    0x0002ee48     0x24  DSPSPI.o [1]
  .rodata            const    0x0002ee6c     0x24  DSPSPI.o [1]
  .rodata            const    0x0002ee90     0x10  DSPSPI.o [1]
  .rodata            const    0x0002eea0     0x1c  DSPSPI.o [1]
  .rodata            const    0x0002eebc     0x18  DSPSPI.o [1]
  .rodata            const    0x0002eed4     0x1c  DSPSPI.o [1]
  .rodata            const    0x0002eef0     0x18  DSPSPI.o [1]
  .rodata            const    0x0002ef08      0x8  FTP_Task.o [1]
  .rodata            const    0x0002ef10      0x8  FTP_Task.o [1]
  .rodata            const    0x0002ef18      0x8  FTP_Task.o [1]
  .rodata            const    0x0002ef20      0x4  FTP_Task.o [1]
  .rodata            const    0x0002ef24      0x8  FTP_Task.o [1]
  .rodata            const    0x0002ef2c      0x8  FTP_Task.o [1]
  .rodata            const    0x0002ef34      0x8  FTP_Task.o [1]
  .rodata            const    0x0002ef3c      0x8  FTP_Task.o [1]
  .rodata            const    0x0002ef44      0x4  FTP_Task.o [1]
  .rodata            const    0x0002ef48      0x8  FTP_Task.o [1]
  .rodata            const    0x0002ef50      0x8  FTP_Task.o [1]
  .rodata            const    0x0002ef58      0x8  FTP_Task.o [1]
  .rodata            const    0x0002ef60      0x8  FTP_Task.o [1]
  .rodata            const    0x0002ef68      0x8  FTP_Task.o [1]
  .rodata            const    0x0002ef70      0x8  FTP_Task.o [1]
  .rodata            const    0x0002ef78      0x4  FTP_Task.o [1]
  .rodata            const    0x0002ef7c      0x8  FTP_Task.o [1]
  .rodata            const    0x0002ef84      0x8  FTP_Task.o [1]
  .rodata            const    0x0002ef8c      0x8  FTP_Task.o [1]
  .rodata            const    0x0002ef94      0x8  FTP_Task.o [1]
  .rodata            const    0x0002ef9c      0x8  FTP_Task.o [1]
  .rodata            const    0x0002efa4      0x4  FTP_Task.o [1]
  .rodata            const    0x0002efa8      0x8  FTP_Task.o [1]
  .rodata            const    0x0002efb0      0x8  FTP_Task.o [1]
  .rodata            const    0x0002efb8      0x8  FTP_Task.o [1]
  .rodata            const    0x0002efc0      0x8  FTP_Task.o [1]
  .rodata            const    0x0002efc8      0x8  FTP_Task.o [1]
  .rodata            const    0x0002efd0      0x8  FTP_Task.o [1]
  .rodata            const    0x0002efd8      0x8  FTP_Task.o [1]
  .rodata            const    0x0002efe0      0x8  FTP_Task.o [1]
  .rodata            const    0x0002efe8      0x8  FTP_Task.o [1]
  .rodata            const    0x0002eff0     0x24  FTP_Task.o [1]
  .rodata            const    0x0002f014     0x24  FTP_Task.o [1]
  .rodata            const    0x0002f038     0x24  FTP_Task.o [1]
  .rodata            const    0x0002f05c     0x14  FTP_Task.o [1]
  .rodata            const    0x0002f070      0xc  FTP_Task.o [1]
  .rodata            const    0x0002f07c    0x100  FTP_Task.o [1]
  .rodata            const    0x0002f17c      0x8  LCDDriver.o [1]
  .rodata            const    0x0002f184      0x8  LCDUart.o [1]
  .rodata            const    0x0002f18c      0xc  LCDUart.o [1]
  .rodata            const    0x0002f198     0x28  LCDUart.o [1]
  .rodata            const    0x0002f1c0     0x24  LCDUart.o [1]
  .rodata            const    0x0002f1e4     0x24  LCDUart.o [1]
  .rodata            const    0x0002f208     0x1c  LCDUart.o [1]
  .rodata            const    0x0002f224     0x10  LCDUart.o [1]
  .rodata            const    0x0002f234     0x1c  LCDUart.o [1]
  .rodata            const    0x0002f250     0x18  LCDUart.o [1]
  .rodata            const    0x0002f268      0xc  MenuView.o [1]
  .rodata            const    0x0002f274     0x10  MenuView.o [1]
  .rodata            const    0x0002f284     0x10  MenuView.o [1]
  .rodata            const    0x0002f294     0x14  MenuView.o [1]
  .rodata            const    0x0002f2a8     0x14  MenuView.o [1]
  .rodata            const    0x0002f2bc     0x38  MenuView.o [1]
  .rodata            const    0x0002f2f4      0x4  MenuView.o [1]
  .rodata            const    0x0002f2f8      0x8  MenuView.o [1]
  .rodata            const    0x0002f300     0x24  MenuView.o [1]
  .rodata            const    0x0002f324     0x48  MenuView.o [1]
  .rodata            const    0x0002f36c      0x8  MenuView.o [1]
  .rodata            const    0x0002f374      0x8  MenuView.o [1]
  .rodata            const    0x0002f37c      0xc  MenuView.o [1]
  .rodata            const    0x0002f388      0x8  MenuView.o [1]
  .rodata            const    0x0002f390     0x10  MenuView.o [1]
  .rodata            const    0x0002f3a0      0x8  MenuView.o [1]
  .rodata            const    0x0002f3a8      0x8  MenuView.o [1]
  .rodata            const    0x0002f3b0     0x2c  MenuView.o [1]
  .rodata            const    0x0002f3dc     0x58  MenuView.o [1]
  .rodata            const    0x0002f434     0x10  MenuView.o [1]
  .rodata            const    0x0002f444     0x10  MenuView.o [1]
  .rodata            const    0x0002f454      0xc  MenuView.o [1]
  .rodata            const    0x0002f460      0x8  MenuView.o [1]
  .rodata            const    0x0002f468      0xc  MenuView.o [1]
  .rodata            const    0x0002f474      0x8  MenuView.o [1]
  .rodata            const    0x0002f47c      0x8  MenuView.o [1]
  .rodata            const    0x0002f484      0x8  MenuView.o [1]
  .rodata            const    0x0002f48c      0xc  MenuView.o [1]
  .rodata            const    0x0002f498      0xc  MenuView.o [1]
  .rodata            const    0x0002f4a4      0x8  MenuView.o [1]
  .rodata            const    0x0002f4ac      0x4  Shell_Task.o [1]
  .rodata            const    0x0002f4b0      0x8  Shell_Task.o [1]
  .rodata            const    0x0002f4b8      0x8  Shell_Task.o [1]
  .rodata            const    0x0002f4c0      0x4  Shell_Task.o [1]
  .rodata            const    0x0002f4c4      0x8  Shell_Task.o [1]
  .rodata            const    0x0002f4cc      0x4  Shell_Task.o [1]
  .rodata            const    0x0002f4d0      0x4  Shell_Task.o [1]
  .rodata            const    0x0002f4d4      0x8  Shell_Task.o [1]
  .rodata            const    0x0002f4dc      0x8  Shell_Task.o [1]
  .rodata            const    0x0002f4e4      0x8  Shell_Task.o [1]
  .rodata            const    0x0002f4ec      0x8  Shell_Task.o [1]
  .rodata            const    0x0002f4f4      0x4  Shell_Task.o [1]
  .rodata            const    0x0002f4f8      0x8  Shell_Task.o [1]
  .rodata            const    0x0002f500      0x4  Shell_Task.o [1]
  .rodata            const    0x0002f504      0x8  Shell_Task.o [1]
  .rodata            const    0x0002f50c      0x4  Shell_Task.o [1]
  .rodata            const    0x0002f510      0x8  Shell_Task.o [1]
  .rodata            const    0x0002f518      0x8  Shell_Task.o [1]
  .rodata            const    0x0002f520      0x8  Shell_Task.o [1]
  .rodata            const    0x0002f528      0x8  Shell_Task.o [1]
  .rodata            const    0x0002f530     0x28  Shell_Task.o [1]
  .rodata            const    0x0002f558     0x24  Shell_Task.o [1]
  .rodata            const    0x0002f57c     0x24  Shell_Task.o [1]
  .rodata            const    0x0002f5a0     0x20  Shell_Task.o [1]
  .rodata            const    0x0002f5c0     0xb0  Shell_Task.o [1]
  .rodata            const    0x0002f670     0x1c  USB_File.o [1]
  .rodata            const    0x0002f68c     0x4c  USB_File.o [1]
  .rodata            const    0x0002f6d8     0x34  USB_File.o [1]
  .rodata            const    0x0002f70c     0x24  USB_File.o [1]
  .rodata            const    0x0002f730     0x20  USB_File.o [1]
  .rodata            const    0x0002f750     0x20  USB_File.o [1]
  .rodata            const    0x0002f770     0x24  USB_File.o [1]
  .rodata            const    0x0002f794     0x24  USB_File.o [1]
  .rodata            const    0x0002f7b8     0x2c  USB_File.o [1]
  .rodata            const    0x0002f7e4     0x24  USB_File.o [1]
  .rodata            const    0x0002f808     0x20  USB_File.o [1]
  .rodata            const    0x0002f828     0x1c  USB_File.o [1]
  .rodata            const    0x0002f844     0x18  USB_File.o [1]
  .rodata            const    0x0002f85c     0x2c  USB_File.o [1]
  .rodata            const    0x0002f888     0x14  USB_File.o [1]
  .rodata            const    0x0002f89c     0x24  USB_File.o [1]
  .rodata            const    0x0002f8c0     0x18  USB_File.o [1]
  .rodata            const    0x0002f8d8     0x28  USB_File.o [1]
  .rodata            const    0x0002f900     0x18  USB_File.o [1]
  .rodata            const    0x0002f918     0x2c  USB_File.o [1]
  .rodata            const    0x0002f944     0x18  USB_File.o [1]
  .rodata            const    0x0002f95c     0x30  USB_File.o [1]
  .rodata            const    0x0002f98c     0x14  USB_File.o [1]
  .rodata            const    0x0002f9a0     0x1c  USB_File.o [1]
  .rodata            const    0x0002f9bc     0x18  USB_File.o [1]
  .rodata            const    0x0002f9d4     0x24  USB_Task.o [1]
  .rodata            const    0x0002f9f8     0x24  USB_Task.o [1]
  .rodata            const    0x0002fa1c     0x24  USB_Task.o [1]
  .rodata            const    0x0002fa40      0x8  USB_Task.o [1]
  .rodata            const    0x0002fa48      0x8  USB_Task.o [1]
  .rodata            const    0x0002fa50     0x30  USB_Task.o [1]
  .rodata            const    0x0002fa80      0x4  mem_flash.o [1]
  .rodata            const    0x0002fa84      0x8  mem_flash.o [1]
  .rodata            const    0x0002fa8c     0x14  mem_flash.o [1]
  .rodata            const    0x0002faa0      0x8  mem_flash.o [1]
  .rodata            const    0x0002faa8     0x18  mem_flash.o [1]
  .rodata            const    0x0002fac0     0x18  mem_flash.o [1]
  .rodata            const    0x0002fad8     0x28  mem_flash.o [1]
  .rodata            const    0x0002fb00     0x28  mem_flash.o [1]
  .rodata            const    0x0002fb28     0x1c  mem_flash.o [1]
  .rodata            const    0x0002fb44     0x20  mem_flash.o [1]
  .rodata            const    0x0002fb64     0x30  mem_flash.o [1]
  .rodata            const    0x0002fb94     0x1c  mem_flash.o [1]
  .rodata            const    0x0002fbb0      0xc  pin2.o [1]
  .rodata            const    0x0002fbbc      0xc  pin2.o [1]
  .rodata            const    0x0002fbc8      0x8  pin2.o [1]
  .rodata            const    0x0002fbd0     0x28  sh_cd.o [1]
  .rodata            const    0x0002fbf8     0x2c  sh_cd.o [1]
  .rodata            const    0x0002fc24     0x1c  sh_cd.o [1]
  .rodata            const    0x0002fc40     0x20  sh_cd.o [1]
  .rodata            const    0x0002fc60     0x14  sh_cd.o [1]
  .rodata            const    0x0002fc74     0x18  sh_cd.o [1]
  .rodata            const    0x0002fc8c     0x34  sh_cd.o [1]
  .rodata            const    0x0002fcc0     0x28  tcpip_socket_task.o [1]
  .rodata            const    0x0002fce8     0x2c  tcpip_socket_task.o [1]
  .rodata            const    0x0002fd14     0x1c  tcpip_socket_task.o [1]
  .rodata            const    0x0002fd30     0x28  tcpip_socket_task.o [1]
  .rodata            const    0x0002fd58     0x20  tcpip_socket_task.o [1]
  .rodata            const    0x0002fd78     0x14  tcpip_socket_task.o [1]
  .rodata            const    0x0002fd8c      0x8  tcpip_socket_task.o [1]
  .rodata            const    0x0002fd94     0x24  tcpip_socket_task.o [1]
  .rodata            const    0x0002fdb8     0x10  yada_prj.o [1]
  .rodata            const    0x0002fdc8      0xc  yada_prj.o [1]
  .rodata            const    0x0002fdd4      0xc  yada_prj.o [1]
  .rodata            const    0x0002fde0     0x10  yada_prj.o [1]
  .rodata            const    0x0002fdf0      0xc  yada_prj.o [1]
  .rodata            const    0x0002fdfc      0xc  yada_prj.o [1]
  .rodata            const    0x0002fe08     0x10  yada_prj.o [1]
  .rodata            const    0x0002fe18      0xc  yada_prj.o [1]
  .rodata            const    0x0002fe24      0xc  yada_prj.o [1]
  .rodata            const    0x0002fe30      0xc  yada_prj.o [1]
  .rodata            const    0x0002fe3c     0x20  yada_prj.o [1]
  .rodata            const    0x0002fe5c     0x24  yada_prj.o [1]
  .rodata            const    0x0002fe80     0x24  yada_prj.o [1]
  .rodata            const    0x0002fea4     0x24  yada_prj.o [1]
  .rodata            const    0x0002fec8      0x8  yada_prj.o [1]
  .rodata            const    0x0002fed0      0x8  yada_prj.o [1]
  .rodata            const    0x0002fed8      0x8  yada_prj.o [1]
  .rodata            const    0x0002fee0      0x8  yada_prj.o [1]
  .rodata            const    0x0002fee8      0x8  yada_prj.o [1]
  .rodata            const    0x0002fef0      0xc  yada_prj.o [1]
  .rodata            const    0x0002fefc    0x140  yada_prj.o [1]
  .rodata            const    0x0003003c      0x4  ftpd_cmd.o [9]
  .rodata            const    0x00030040     0x10  ftpd_cmd.o [9]
  .rodata            const    0x00030050      0x8  ftpd_cmd.o [9]
  .rodata            const    0x00030058      0xc  ftpd_cmd.o [9]
  .rodata            const    0x00030064     0x14  ftpd_cmd.o [9]
  .rodata            const    0x00030078      0x8  ftpd_cmd.o [9]
  .rodata            const    0x00030080     0x20  ftpd_cmd.o [9]
  .rodata            const    0x000300a0     0x24  ftpd_cmd.o [9]
  .rodata            const    0x000300c4     0x20  ftpd_cmd.o [9]
  .rodata            const    0x000300e4     0x30  ftpd_cmd.o [9]
  .rodata            const    0x00030114     0x28  ftpd_cmd.o [9]
  .rodata            const    0x0003013c     0x24  ftpd_cmd.o [9]
  .rodata            const    0x00030160     0x1c  ftpd_cmd.o [9]
  .rodata            const    0x0003017c      0x4  ftpd.o [9]
  .rodata            const    0x00030180      0x8  ftpd.o [9]
  .rodata            const    0x00030188      0xc  ip-e.o [9]
  .rodata            const    0x00030194      0x4  ip-e.o [9]
  .rodata            const    0x00030198      0x8  rtcscmd.o [9]
  .rodata            const    0x000301a0     0x28  sh_mkdir.o [11]
  .rodata            const    0x000301c8     0x2c  sh_mkdir.o [11]
  .rodata            const    0x000301f4     0x20  sh_mkdir.o [11]
  .rodata            const    0x00030214     0x20  sh_mkdir.o [11]
  .rodata            const    0x00030234     0x14  sh_mkdir.o [11]
  .rodata            const    0x00030248     0x18  sh_mkdir.o [11]
  .rodata            const    0x00030260     0x30  sh_mkdir.o [11]
  .rodata            const    0x00030290     0x28  sh_pwd.o [11]
  .rodata            const    0x000302b8     0x20  sh_pwd.o [11]
  .rodata            const    0x000302d8      0x8  sh_pwd.o [11]
  .rodata            const    0x000302e0      0x8  sh_pwd.o [11]
  .rodata            const    0x000302e8      0xc  sh_pwd.o [11]
  .rodata            const    0x000302f4     0x28  sh_read_wk.o [11]
  .rodata            const    0x0003031c     0x18  sh_read_wk.o [11]
  .rodata            const    0x00030334     0x20  sh_read_wk.o [11]
  .rodata            const    0x00030354      0x8  sh_read_wk.o [11]
  .rodata            const    0x0003035c      0x8  sh_read_wk.o [11]
  .rodata            const    0x00030364     0x1c  sh_read_wk.o [11]
  .rodata            const    0x00030380     0x1c  sh_read_wk.o [11]
  .rodata            const    0x0003039c     0x2c  sh_read_wk.o [11]
  .rodata            const    0x000303c8     0x14  sh_read_wk.o [11]
  .rodata            const    0x000303dc      0x8  sh_read_wk.o [11]
  .rodata            const    0x000303e4     0x20  sh_read_wk.o [11]
  .rodata            const    0x00030404     0x20  sh_read_wk.o [11]
  .rodata            const    0x00030424     0x30  sh_read_wk.o [11]
  .rodata            const    0x00030454     0x38  sh_read_wk.o [11]
  .rodata            const    0x0003048c     0x28  sh_read_wk.o [11]
  .rodata            const    0x000304b4     0x2c  sh_read_wk.o [11]
  .rodata            const    0x000304e0     0x34  sh_read_wk.o [11]
  .rodata            const    0x00030514     0x20  sh_read_wk.o [11]
  .rodata            const    0x00030534     0x28  sh_search_file_1.o [11]
  .rodata            const    0x0003055c     0x20  sh_search_file_1.o [11]
  .rodata            const    0x0003057c     0x14  sh_search_file_1.o [11]
  .rodata            const    0x00030590     0x14  sh_search_file_1.o [11]
  .rodata            const    0x000305a4     0x20  sh_search_file_1.o [11]
  .rodata            const    0x000305c4     0x24  sh_search_file_1.o [11]
  .rodata            const    0x000305e8     0x24  sh_search_file_1.o [11]
  .rodata            const    0x0003060c     0x14  sh_search_file_1.o [11]
  .rodata            const    0x00030620     0x24  sh_search_file_1.o [11]
  .rodata            const    0x00030644     0x30  sh_search_file_1.o [11]
  .rodata            const    0x00030674      0x8  sh_search_file_1.o [11]
  .rodata            const    0x0003067c      0x8  sh_update.o [11]
  .rodata            const    0x00030684     0x24  sh_update.o [11]
  .rodata            const    0x000306a8     0x28  sh_update.o [11]
  .rodata            const    0x000306d0     0x28  sh_update.o [11]
  .rodata            const    0x000306f8     0x1c  sh_update.o [11]
  .rodata            const    0x00030714     0x28  sh_write_binary.o [11]
  .rodata            const    0x0003073c     0x20  sh_write_binary.o [11]
  .rodata            const    0x0003075c      0x8  sh_write_binary.o [11]
  .rodata            const    0x00030764      0x8  sh_write_binary.o [11]
  .rodata            const    0x0003076c     0x1c  sh_write_binary.o [11]
  .rodata            const    0x00030788     0x1c  sh_write_binary.o [11]
  .rodata            const    0x000307a4     0x2c  sh_write_binary.o [11]
  .rodata            const    0x000307d0     0x20  sh_write_binary.o [11]
  .rodata            const    0x000307f0     0x20  sh_write_binary.o [11]
  .rodata            const    0x00030810     0x38  sh_write_binary.o [11]
  .rodata            const    0x00030848     0x3c  sh_write_binary.o [11]
  .rodata            const    0x00030884     0x28  sh_write_binary.o [11]
  .rodata            const    0x000308ac     0x2c  sh_write_binary.o [11]
  .rodata            const    0x000308d8     0x34  sh_write_binary.o [11]
  .rodata            const    0x0003090c     0x20  sh_write_binary.o [11]
  .rodata            const    0x0003092c     0x1c  sh_write_binary.o [11]
  .rodata            const    0x00030948     0x10  mfs_misc.o [6]
  .rodata            const    0x00030958     0x1c  mfs_misc.o [6]
  .rodata            const    0x00030974     0x14  mfs_misc.o [6]
  .rodata            const    0x00030988     0x14  mfs_misc.o [6]
  .rodata            const    0x0003099c     0x14  mfs_misc.o [6]
  .rodata            const    0x000309b0     0x14  mfs_misc.o [6]
  .rodata            const    0x000309c4     0x18  mfs_misc.o [6]
  .rodata            const    0x000309dc     0x24  mfs_misc.o [6]
  .rodata            const    0x00030a00     0x24  mfs_misc.o [6]
  .rodata            const    0x00030a24     0x1c  mfs_misc.o [6]
  .rodata            const    0x00030a40     0x14  mfs_misc.o [6]
  .rodata            const    0x00030a54     0x28  mfs_misc.o [6]
  .rodata            const    0x00030a7c     0x14  mfs_misc.o [6]
  .rodata            const    0x00030a90     0x18  mfs_misc.o [6]
  .rodata            const    0x00030aa8     0x10  mfs_misc.o [6]
  .rodata            const    0x00030ab8     0x10  mfs_misc.o [6]
  .rodata            const    0x00030ac8     0x18  mfs_misc.o [6]
  .rodata            const    0x00030ae0     0x10  mfs_misc.o [6]
  .rodata            const    0x00030af0     0x18  mfs_misc.o [6]
  .rodata            const    0x00030b08     0x18  mfs_misc.o [6]
  .rodata            const    0x00030b20     0x10  mfs_misc.o [6]
  .rodata            const    0x00030b30     0x14  mfs_misc.o [6]
  .rodata            const    0x00030b44      0x8  mfs_misc.o [6]
  .rodata            const    0x00030b4c     0x1c  mfs_misc.o [6]
  .rodata            const    0x00030b68     0x14  mfs_misc.o [6]
  .rodata            const    0x00030b7c     0x1c  mfs_misc.o [6]
  .rodata            const    0x00030b98     0x1c  mfs_misc.o [6]
  .rodata            const    0x00030bb4     0x18  mfs_misc.o [6]
  .rodata            const    0x00030bcc     0x20  mfs_misc.o [6]
  .rodata            const    0x00030bec     0x10  mfs_misc.o [6]
  .rodata            const    0x00030bfc     0x14  mfs_misc.o [6]
  .rodata            const    0x00030c10     0x1c  mfs_misc.o [6]
  .rodata            const    0x00030c2c     0x1c  mfs_misc.o [6]
  .rodata            const    0x00030c48     0x14  mfs_misc.o [6]
  .rodata            const    0x00030c5c     0x18  mfs_misc.o [6]
  .rodata            const    0x00030c74     0x14  mfs_misc.o [6]
  .rodata            const    0x00030c88     0x14  mfs_misc.o [6]
  .rodata            const    0x00030c9c     0x14  shell.o [11]
  .rodata            const    0x00030cb0      0xc  shell.o [11]
  .rodata            const    0x00030cbc     0x30  shell.o [11]
  .rodata            const    0x00030cec      0xc  shell.o [11]
  .rodata            const    0x00030cf8      0x8  shell.o [11]
  .rodata            const    0x00030d00     0x38  shell.o [11]
  .rodata            const    0x00030d38     0x14  shell.o [11]
  .rodata            const    0x00030d4c      0x8  sh_cmdlist.o [11]
  .rodata            const    0x00030d54      0xc  sh_cmdlist.o [11]
  .rodata            const    0x00030d60     0x28  sh_copy.o [11]
  .rodata            const    0x00030d88     0x20  sh_copy.o [11]
  .rodata            const    0x00030da8     0x2c  sh_copy.o [11]
  .rodata            const    0x00030dd4     0x24  sh_copy.o [11]
  .rodata            const    0x00030df8     0x2c  sh_copy.o [11]
  .rodata            const    0x00030e24     0x40  sh_copy.o [11]
  .rodata            const    0x00030e64     0x18  sh_copy.o [11]
  .rodata            const    0x00030e7c     0x1c  sh_copy.o [11]
  .rodata            const    0x00030e98     0x24  sh_copy.o [11]
  .rodata            const    0x00030ebc     0x20  sh_copy.o [11]
  .rodata            const    0x00030edc     0x28  sh_create.o [11]
  .rodata            const    0x00030f04     0x20  sh_create.o [11]
  .rodata            const    0x00030f24     0x2c  sh_create.o [11]
  .rodata            const    0x00030f50     0x20  sh_create.o [11]
  .rodata            const    0x00030f70     0x1c  sh_create.o [11]
  .rodata            const    0x00030f8c     0x20  sh_create.o [11]
  .rodata            const    0x00030fac     0x28  sh_create.o [11]
  .rodata            const    0x00030fd4     0x20  sh_create.o [11]
  .rodata            const    0x00030ff4     0x28  sh_del.o [11]
  .rodata            const    0x0003101c     0x20  sh_del.o [11]
  .rodata            const    0x0003103c     0x2c  sh_del.o [11]
  .rodata            const    0x00031068     0x18  sh_del.o [11]
  .rodata            const    0x00031080      0xc  sh_del.o [11]
  .rodata            const    0x0003108c     0x14  sh_del.o [11]
  .rodata            const    0x000310a0     0x24  sh_del.o [11]
  .rodata            const    0x000310c4     0x28  sh_df.o [11]
  .rodata            const    0x000310ec     0x14  sh_df.o [11]
  .rodata            const    0x00031100     0x18  sh_df.o [11]
  .rodata            const    0x00031118     0x38  sh_df.o [11]
  .rodata            const    0x00031150     0x20  sh_df.o [11]
  .rodata            const    0x00031170     0x18  sh_df.o [11]
  .rodata            const    0x00031188     0x20  sh_df.o [11]
  .rodata            const    0x000311a8      0x8  sh_df.o [11]
  .rodata            const    0x000311b0     0x28  sh_dir.o [11]
  .rodata            const    0x000311d8     0x20  sh_dir.o [11]
  .rodata            const    0x000311f8     0x14  sh_dir.o [11]
  .rodata            const    0x0003120c     0x24  sh_dir.o [11]
  .rodata            const    0x00031230     0x24  sh_dir.o [11]
  .rodata            const    0x00031254     0x1c  sh_dir.o [11]
  .rodata            const    0x00031270     0x24  sh_dir.o [11]
  .rodata            const    0x00031294     0x24  sh_dir.o [11]
  .rodata            const    0x000312b8     0x30  sh_dir.o [11]
  .rodata            const    0x000312e8     0x28  sh_disect.o [11]
  .rodata            const    0x00031310     0x18  sh_disect.o [11]
  .rodata            const    0x00031328     0x20  sh_disect.o [11]
  .rodata            const    0x00031348     0x28  sh_disect.o [11]
  .rodata            const    0x00031370     0x24  sh_disect.o [11]
  .rodata            const    0x00031394     0x10  sh_disect.o [11]
  .rodata            const    0x000313a4      0x8  sh_disect.o [11]
  .rodata            const    0x000313ac     0x18  sh_disect.o [11]
  .rodata            const    0x000313c4     0x20  sh_disect.o [11]
  .rodata            const    0x000313e4     0x24  sh_disect.o [11]
  .rodata            const    0x00031408     0x24  sh_disect.o [11]
  .rodata            const    0x0003142c      0xc  sh_exit.o [11]
  .rodata            const    0x00031438      0x8  sh_format.o [11]
  .rodata            const    0x00031440      0x4  sh_format.o [11]
  .rodata            const    0x00031444      0x4  sh_format.o [11]
  .rodata            const    0x00031448      0x4  sh_format.o [11]
  .rodata            const    0x0003144c      0x4  sh_format.o [11]
  .rodata            const    0x00031450     0x28  sh_format.o [11]
  .rodata            const    0x00031478     0x24  sh_format.o [11]
  .rodata            const    0x0003149c     0x10  sh_format.o [11]
  .rodata            const    0x000314ac     0x20  sh_format.o [11]
  .rodata            const    0x000314cc     0x2c  sh_format.o [11]
  .rodata            const    0x000314f8      0x8  sh_format.o [11]
  .rodata            const    0x00031500     0x20  sh_format.o [11]
  .rodata            const    0x00031520     0x28  sh_format.o [11]
  .rodata            const    0x00031548     0x40  sh_format.o [11]
  .rodata            const    0x00031588     0x34  sh_format.o [11]
  .rodata            const    0x000315bc     0x14  sh_format.o [11]
  .rodata            const    0x000315d0      0x8  sh_help.o [11]
  .rodata            const    0x000315d8      0x8  sh_help.o [11]
  .rodata            const    0x000315e0     0x18  sh_help.o [11]
  .rodata            const    0x000315f8      0x8  sh_help.o [11]
  .rodata            const    0x00031600     0x28  sh_help.o [11]
  .rodata            const    0x00031628     0x10  sh_help.o [11]
  .rodata            const    0x00031638     0x18  sh_help.o [11]
  .rodata            const    0x00031650     0x28  sh_help.o [11]
  .rodata            const    0x00031678     0x28  sh_read.o [11]
  .rodata            const    0x000316a0     0x18  sh_read.o [11]
  .rodata            const    0x000316b8     0x20  sh_read.o [11]
  .rodata            const    0x000316d8      0x8  sh_read.o [11]
  .rodata            const    0x000316e0      0x8  sh_read.o [11]
  .rodata            const    0x000316e8     0x1c  sh_read.o [11]
  .rodata            const    0x00031704     0x1c  sh_read.o [11]
  .rodata            const    0x00031720     0x2c  sh_read.o [11]
  .rodata            const    0x0003174c     0x14  sh_read.o [11]
  .rodata            const    0x00031760      0x8  sh_read.o [11]
  .rodata            const    0x00031768     0x20  sh_read.o [11]
  .rodata            const    0x00031788     0x20  sh_read.o [11]
  .rodata            const    0x000317a8     0x30  sh_read.o [11]
  .rodata            const    0x000317d8     0x38  sh_read.o [11]
  .rodata            const    0x00031810     0x28  sh_read.o [11]
  .rodata            const    0x00031838     0x2c  sh_read.o [11]
  .rodata            const    0x00031864     0x34  sh_read.o [11]
  .rodata            const    0x00031898     0x20  sh_read.o [11]
  .rodata            const    0x000318b8     0x28  sh_rename.o [11]
  .rodata            const    0x000318e0     0x2c  sh_rename.o [11]
  .rodata            const    0x0003190c     0x34  sh_rename.o [11]
  .rodata            const    0x00031940     0x20  sh_rename.o [11]
  .rodata            const    0x00031960     0x18  sh_rename.o [11]
  .rodata            const    0x00031978     0x1c  sh_rename.o [11]
  .rodata            const    0x00031994     0x20  sh_rename.o [11]
  .rodata            const    0x000319b4     0x28  sh_rename.o [11]
  .rodata            const    0x000319dc     0x24  sh_rename.o [11]
  .rodata            const    0x00031a00     0x28  sh_rmdir.o [11]
  .rodata            const    0x00031a28     0x2c  sh_rmdir.o [11]
  .rodata            const    0x00031a54     0x20  sh_rmdir.o [11]
  .rodata            const    0x00031a74     0x20  sh_rmdir.o [11]
  .rodata            const    0x00031a94     0x14  sh_rmdir.o [11]
  .rodata            const    0x00031aa8     0x14  sh_rmdir.o [11]
  .rodata            const    0x00031abc     0x18  sh_rmdir.o [11]
  .rodata            const    0x00031ad4     0x30  sh_rmdir.o [11]
  .rodata            const    0x00031b04     0x28  sh_sh.o [11]
  .rodata            const    0x00031b2c     0x20  sh_sh.o [11]
  .rodata            const    0x00031b4c     0x10  sh_sh.o [11]
  .rodata            const    0x00031b5c     0x18  sh_sh.o [11]
  .rodata            const    0x00031b74     0x28  sh_sh.o [11]
  .rodata            const    0x00031b9c     0x20  sh_type.o [11]
  .rodata            const    0x00031bbc     0x2c  sh_type.o [11]
  .rodata            const    0x00031be8     0x20  sh_type.o [11]
  .rodata            const    0x00031c08     0x38  sh_type.o [11]
  .rodata            const    0x00031c40     0x10  sh_type.o [11]
  .rodata            const    0x00031c50     0x18  sh_type.o [11]
  .rodata            const    0x00031c68     0x28  sh_type.o [11]
  .rodata            const    0x00031c90     0x28  sh_write.o [11]
  .rodata            const    0x00031cb8     0x20  sh_write.o [11]
  .rodata            const    0x00031cd8     0x18  sh_write.o [11]
  .rodata            const    0x00031cf0      0x8  sh_write.o [11]
  .rodata            const    0x00031cf8      0x8  sh_write.o [11]
  .rodata            const    0x00031d00     0x1c  sh_write.o [11]
  .rodata            const    0x00031d1c     0x1c  sh_write.o [11]
  .rodata            const    0x00031d38     0x2c  sh_write.o [11]
  .rodata            const    0x00031d64     0x20  sh_write.o [11]
  .rodata            const    0x00031d84     0x20  sh_write.o [11]
  .rodata            const    0x00031da4     0x30  sh_write.o [11]
  .rodata            const    0x00031dd4     0x38  sh_write.o [11]
  .rodata            const    0x00031e0c     0x28  sh_write.o [11]
  .rodata            const    0x00031e34     0x2c  sh_write.o [11]
  .rodata            const    0x00031e60     0x34  sh_write.o [11]
  .rodata            const    0x00031e94     0x20  sh_write.o [11]
  .rodata            const    0x00031eb4     0x20  usbmfs.o [12]
  .rodata            const    0x00031ed4      0xc  khci.o [12]
  .rodata            const    0x00031ee0     0x38  khci.o [12]
  .rodata            const    0x00031f18     0x50  host_common.o [12]
  .rodata            const    0x00031f68     0x50  usb_mqx.o [12]
  .rodata            const    0x00031fb8     0x50  host_main.o [12]
  .rodata            const    0x00032008      0x8  sh_util.o [11]
  .rodata            const    0x00032010      0x8  sh_util.o [11]
  .rodata            const    0x00032018     0x3c  sstream.o [9]
  .rodata            const    0x00032054     0x58  usb_host_hub.o [12]
  .rodata            const    0x000320ac     0x5c  usb_host_msd_bo.o [12]
  .rodata            const    0x00032108     0x10  timer_lpt.o [3]
  .rodata            const    0x00032118      0xc  timer_lpt.o [3]
  .rodata            const    0x00032124     0x18  mqx.o [7]
  .rodata            const    0x0003213c      0xc  mqx.o [7]
  .rodata            const    0x00032148      0x4  mqx.o [7]
  .rodata            const    0x0003214c      0x4  mqx.o [7]
  .rodata            const    0x00032150     0x14  io_dopr.o [7]
  .rodata            const    0x00032164     0x14  io_dopr.o [7]
  .rodata            const    0x00032178      0x8  init_enet.o [3]
  .rodata            const    0x00032180     0x10  init_enet.o [3]
  .rodata            const    0x00032190     0x24  init_enet.o [3]
  .rodata            const    0x000321b4      0x8  init_enet.o [3]
  .rodata            const    0x000321bc      0x8  sotcp.o [9]
  .rodata            const    0x000321c4      0x4  dir_read.o [6]
  .rodata            const    0x000321c8      0x4  dir_read.o [6]
  .rodata            const    0x000321cc      0x4  dir_read.o [6]
  .rodata            const    0x000321d0      0x4  dir_read.o [6]
  .rodata            const    0x000321d4      0x4  dir_read.o [6]
  .rodata            const    0x000321d8      0x4  dir_read.o [6]
  .rodata            const    0x000321dc      0x4  dir_read.o [6]
  .rodata            const    0x000321e0      0x4  dir_read.o [6]
  .rodata            const    0x000321e4      0x4  dir_read.o [6]
  .rodata            const    0x000321e8      0x4  dir_read.o [6]
  .rodata            const    0x000321ec      0x4  dir_read.o [6]
  .rodata            const    0x000321f0      0x4  dir_read.o [6]
  .rodata            const    0x000321f4     0x40  dir_read.o [6]
  .rodata            const    0x00032234     0x14  dir_read.o [6]
  .rodata            const    0x00032248     0x10  dir_read.o [6]
  .rodata            const    0x00032258      0xc  dir_read.o [6]
  .rodata            const    0x00032264      0xc  dir_read.o [6]
  .rodata            const    0x00032270      0x8  dir_read.o [6]
  .rodata            const    0x00032278      0x8  dir_read.o [6]
  .rodata            const    0x00032280     0x30  dir_read.o [6]
  .rodata            const    0x000322b0     0x18  ftpd_msg.o [9]
  .rodata            const    0x000322c8     0x1c  ftpd_msg.o [9]
  .rodata            const    0x000322e4     0x34  ftpd_msg.o [9]
  .rodata            const    0x00032318     0x30  ftpd_msg.o [9]
  .rodata            const    0x00032348     0x10  ftpd_msg.o [9]
  .rodata            const    0x00032358     0x14  ftpd_msg.o [9]
  .rodata            const    0x0003236c     0x14  ftpd_msg.o [9]
  .rodata            const    0x00032380     0x18  ftpd_msg.o [9]
  .rodata            const    0x00032398     0x18  ftpd_msg.o [9]
  .rodata            const    0x000323b0     0x20  ftpd_msg.o [9]
  .rodata            const    0x000323d0     0x18  ftpd_msg.o [9]
  .rodata            const    0x000323e8     0x10  ftpd_msg.o [9]
  .rodata            const    0x000323f8     0x3c  ftpd_msg.o [9]
  .rodata            const    0x00032434     0x38  ftpd_msg.o [9]
  .rodata            const    0x0003246c     0x30  ftpd_msg.o [9]
  .rodata            const    0x0003249c     0x1c  ftpd_msg.o [9]
  .rodata            const    0x000324b8      0xc  ftpd_msg.o [9]
  .rodata            const    0x000324c4     0x30  ftpd_msg.o [9]
  .rodata            const    0x000324f4     0x30  ftpd_msg.o [9]
  .rodata            const    0x00032524     0x20  ftpd_msg.o [9]
  .rodata            const    0x00032544     0x20  ftpd_msg.o [9]
  .rodata            const    0x00032564     0x1c  ftpd_msg.o [9]
  .rodata            const    0x00032580      0xc  ftpd_msg.o [9]
  .rodata            const    0x0003258c     0x14  ftpd_msg.o [9]
  .rodata            const    0x000325a0     0x14  ftpd_msg.o [9]
  .rodata            const    0x000325b4     0x14  ftpd_msg.o [9]
  .rodata            const    0x000325c8     0x34  ftpd_msg.o [9]
  .rodata            const    0x000325fc     0x20  ftpd_msg.o [9]
  .rodata            const    0x0003261c     0x1c  ftpd_msg.o [9]
  .rodata            const    0x00032638     0x20  ftpd_msg.o [9]
  .rodata            const    0x00032658     0x38  ftpd_msg.o [9]
  .rodata            const    0x00032690      0x8  soip.o [9]
  .rodata            const    0x00032698     0x68  ti_rom.o [7]
  .rodata            const    0x00032700    0x20c  ti_rom.o [7]
  .rodata            const    0x0003290c     0x14  mfs_create.o [6]
  .rodata            const    0x00032920     0x14  mfs_create.o [6]
  .rodata            const    0x00032934     0x14  mfs_format.o [6]
  .rodata            const    0x00032948     0x14  mfs_format.o [6]
  .rodata            const    0x0003295c     0x14  mfs_format.o [6]
  .rodata            const    0x00032970     0x30  mfs_format.o [6]
  .rodata            const    0x000329a0      0x8  mfs_lfn.o [6]
  .rodata            const    0x000329a8      0xc  mfs_lfn.o [6]
  .rodata            const    0x000329b4     0x54  host_dev_list.o [12]
  .rodata            const    0x00032a08     0x24  host_dev_list.o [12]
  .rodata            const    0x00032a2c     0x20  int_unx.o [7]
  .rodata            const    0x00032a4c     0x30  int_unx.o [7]
  .rodata            const    0x00032a7c     0x3c  int_unx.o [7]
  .rodata            const    0x00032ab8     0x14  int_unx.o [7]
  .rodata            const    0x00032acc     0x28  int_unx.o [7]
  .rodata            const    0x00032af4     0x50  host_ch9.o [12]
  .rodata            const    0x00032b44      0x8  host_ch9.o [12]
  .rodata            const    0x00032b4c     0x50  host_rcv.o [12]
  .rodata            const    0x00032b9c     0x50  host_snd.o [12]
  .rodata            const    0x00032bec      0x4  timer_lpt_kinetis.o [3]
  .rodata            const    0x00032bf0      0x4  timer_lpt_kinetis.o [3]
  .rodata            const    0x00032bf4      0x4  timer_lpt_kinetis.o [3]
  .rodata            const    0x00032bf8      0x8  init_bsp.o [3]
  .rodata            const    0x00032c00      0x8  init_bsp.o [3]
  .rodata            const    0x00032c08      0x8  init_bsp.o [3]
  .rodata            const    0x00032c10      0x8  init_bsp.o [3]
  .rodata            const    0x00032c18      0x8  init_bsp.o [3]
  .rodata            const    0x00032c20      0x8  init_bsp.o [3]
  .rodata            const    0x00032c28      0x8  init_bsp.o [3]
  .rodata            const    0x00032c30      0x8  init_bsp.o [3]
  .rodata            const    0x00032c38      0x8  init_bsp.o [3]
  .rodata            const    0x00032c40      0x8  init_bsp.o [3]
  .rodata            const    0x00032c48      0x8  init_bsp.o [3]
  .rodata            const    0x00032c50      0x8  init_bsp.o [3]
  .rodata            const    0x00032c58      0x8  init_bsp.o [3]
  .rodata            const    0x00032c60      0x8  init_bsp.o [3]
  .rodata            const    0x00032c68      0x8  init_bsp.o [3]
  .rodata            const    0x00032c70      0x8  init_bsp.o [3]
  .rodata            const    0x00032c78      0x8  init_bsp.o [3]
  .rodata            const    0x00032c80      0x8  init_bsp.o [3]
  .rodata            const    0x00032c88      0x8  init_bsp.o [3]
  .rodata            const    0x00032c90      0x8  init_bsp.o [3]
  .rodata            const    0x00032c98      0x8  init_bsp.o [3]
  .rodata            const    0x00032ca0      0x8  init_bsp.o [3]
  .rodata            const    0x00032ca8      0x8  init_bsp.o [3]
  .rodata            const    0x00032cb0      0x8  init_bsp.o [3]
  .rodata            const    0x00032cb8     0x10  mqxiinit.o [7]
  .rodata            const    0x00032cc8     0x20  macnet_init.o [3]
  .rodata            const    0x00032ce8     0x14  phy_ks8721bl.o [3]
  .rodata            const    0x00032cfc      0xc  iplocal.o [9]
  .rodata            const    0x00032d08      0x4  iplocal.o [9]
  .rodata            const    0x00032d0c      0xc  rtcsinit.o [9]
  .rodata            const    0x00032d18     0x1c  init_gpio.o [3]
  .rodata            const    0x00032d34     0x1c  init_gpio.o [3]
  .rodata            const    0x00032d50      0x4  init_gpio.o [3]
  .rodata            const    0x00032d54     0x50  host_close.o [12]
  .rodata            const    0x00032da4     0x1c  bsp_cm.o [3]
  .rodata            const    0x00032dc0     0x78  bsp_cm.o [3]
  .rodata            const    0x00032e38     0x10  init_adc.o [3]
  .rodata            const    0x00032e48     0x18  init_adc.o [3]
  .rodata            const    0x00032e60     0x30  init_spi.o [3]
  .rodata            const    0x00032e90     0x30  init_spi.o [3]
  .rodata            const    0x00032ec0     0x30  init_spi.o [3]
  .rodata            const    0x00032ef0      0xc  init_esdhc.o [3]
  .rodata            const    0x00032efc      0x8  init_flashx.o [3]
  .rodata            const    0x00032f04      0x8  init_flashx.o [3]
  .rodata            const    0x00032f0c     0x30  init_flashx.o [3]
  .rodata            const    0x00032f3c     0x20  init_flashx.o [3]
  .rodata            const    0x00032f5c     0x14  init_i2c.o [3]
  .rodata            const    0x00032f70     0x20  init_sci.o [3]
  .rodata            const    0x00032f90     0x20  init_sci.o [3]
  .rodata            const    0x00032fb0     0x20  init_sci.o [3]
  .rodata            const    0x00032fd0     0x20  init_sci.o [3]
  .rodata            const    0x00032ff0     0x20  init_sci.o [3]
  .rodata            const    0x00033010     0x20  init_sci.o [3]
  .rodata            const    0x00033030     0x1c  spi_dma_dspi.o [3]
  .rodata            const    0x0003304c     0x10  spi_dma_dspi.o [3]
  .rodata            const    0x0003305c     0x40  spi_dma_dspi.o [3]
  .rodata            const    0x0003309c     0x10  spi_pol_dspi.o [3]
  .rodata            const    0x000330ac     0x40  spi_pol_dspi.o [3]
  .rodata            const    0x000330ec     0x10  spi_pol_dspi.o [3]
  .rodata            const    0x000330fc    0x100  esdhc.o [3]
  .rodata            const    0x000331fc      0xc  i2c_pol_ki2c.o [3]
  .rodata            const    0x00033208    0x100  i2c_pol_ki2c.o [3]
  .rodata            const    0x00033308      0xc  serl_int_kuart.o [3]
  .rodata            const    0x00033314     0x40  macnet_mk60.o [3]
  .rodata            const    0x00033354     0x30  flash_ftfl.o [3]
  .rodata            const    0x00033384     0x20  flash_ftfl.o [3]
  .rodata            const    0x000333a4      0xc  spi_mk60_dspi.o [3]
  .rodata            const    0x000333b0      0xc  spi_mk60_dspi.o [3]
  .rodata            const    0x000333bc     0x20  adc_kadc.o [3]
  .rodata            const    0x000333dc      0xc  io_gpio_kgpio.o [3]
  .rodata            const    0x000333e8      0xc  io_gpio_kgpio.o [3]
  .rodata            const    0x000333f4      0xc  io_gpio_kgpio.o [3]
  .rodata            const    0x00033400      0xc  io_gpio_kgpio.o [3]
  .rodata            const    0x0003340c     0x14  io_gpio_kgpio.o [3]
  .rodata            const    0x00033420     0x14  io_gpio_kgpio.o [3]
  .rodata            const    0x00033434      0x8  io_gpio_kgpio.o [3]
  .rodata            const    0x0003343c      0x8  io_gpio_kgpio.o [3]
  .rodata            const    0x00033444      0x8  adc_mk60.o [3]
  .rodata            const    0x0003344c      0x8  mqx_init.o [3]
  .rodata            const    0x00033454     0x30  mqx_init.o [3]
  Initializer bytes  ro data  0x00033484     0xa8  <for P2 mid-1>
  .rodata            const    0x0003352c      0x2  Shell_Task.o [1]
  Initializer bytes  ro data  0x00033530      0x4  <for KERNEL_DATA-1>
  .rodata            const    0x00033534      0x1  init_flashx.o [3]
  .rodata            const    0x00033535      0x0  bwt_init3c.o [8]
  FLASHX_POOL                 0x00033800      0x1  <Block>
    .flashx          const    0x00033800      0x1  vectors.o [3]
    .flashx          const    0x00033801      0x0  vectors.o [3]
                            - 0x00033801  0x333e1

"P2":                                      0x1c44
  P2 mid-1                    0x1fff0000     0xa8  <Init block>
    .data            inited   0x1fff0000      0x2  DSPSPI.o [1]
    .data            inited   0x1fff0004      0x4  FTP_Task.o [1]
    .data            inited   0x1fff0008     0x28  MenuView.o [1]
    .data            inited   0x1fff0030      0x4  MenuView.o [1]
    .data            inited   0x1fff0034     0x24  usb_classes.o [1]
    .data            inited   0x1fff0058      0x8  yada_prj.o [1]
[...]
_usb_host_new_tr_element
                        0x0001d27d   0x46  Code  Lc  host_main.o [12]
_usb_host_open_pipe     0x0001d1e7   0x96  Code  Gb  host_main.o [12]
_usb_host_open_pipe_call_interface
                        0x0001cf5d   0x20  Code  Gb  host_main.o [12]
_usb_host_open_pipe_cleanup
                        0x0001d1bd   0x2a  Code  Gb  host_main.o [12]
_usb_host_recv_data     0x0001f8f1   0x58  Code  Gb  host_rcv.o [12]
_usb_host_recv_data_call_interface
                        0x0001cefb   0x20  Code  Gb  host_main.o [12]
_usb_host_register_ch9_callback
                        0x0001d6e3   0x36  Code  Gb  host_ch9.o [12]
_usb_host_register_service
                        0x0001d147   0x76  Code  Gb  host_main.o [12]
_usb_host_send_call_interface
                        0x0001cebb   0x20  Code  Gb  host_main.o [12]
_usb_host_send_data     0x0001f899   0x52  Code  Gb  host_snd.o [12]
_usb_host_send_setup    0x0001d38d   0x6a  Code  Gb  host_main.o [12]
_usb_host_send_setup_call_interface
                        0x0001cedb   0x20  Code  Gb  host_main.o [12]
_usb_host_set_up_TR     0x0001d331   0x5c  Code  Gb  host_main.o [12]
_usb_host_update_device_address_call_interface
                        0x0001cf9d   0x20  Code  Gb  host_main.o [12]
_usb_host_update_max_packet_size_call_interface
                        0x0001cf7d   0x20  Code  Gb  host_main.o [12]
_usb_hostdev_cntrl_request
                        0x0001d9c1   0x92  Code  Gb  host_ch9.o [12]
_usb_hostdev_free_buffer
                        0x00019087   0x6c  Code  Gb  host_common.o [12]
_usb_hostdev_get_buffer
                        0x0001900d    0xc  Code  Gb  host_common.o [12]
_usb_hostdev_get_buffer_aligned
                        0x00019019   0x6e  Code  Gb  host_common.o [12]
_usb_hostdev_get_descriptor
                        0x0001915f  0x1ca  Code  Gb  host_common.o [12]
_usb_hostdev_select_interface
                        0x000198cf  0x1dc  Code  Gb  host_common.o [12]
_usb_khci_add_int_tr    0x00025119   0x6c  Code  Lc  khci.o [12]
_usb_khci_atom_tr       0x000257fd  0x304  Code  Lc  khci.o [12]
_usb_khci_attach        0x00025281   0x7c  Code  Lc  khci.o [12]
_usb_khci_bus_control   0x0002576d    0x4  Code  Lc  khci.o [12]
_usb_khci_cancel        0x0002574d   0x20  Code  Lc  khci.o [12]
_usb_khci_detach        0x00025341   0x2e  Code  Lc  khci.o [12]
_usb_khci_get_frame_number
                        0x00025771   0x10  Code  Lc  khci.o [12]
_usb_khci_get_hot_int_tr
                        0x000251bb   0xc6  Code  Lc  khci.o [12]
_usb_khci_host_close_pipe
                        0x00025b1d   0x24  Code  Lc  khci.o [12]
_usb_khci_init          0x0002563d   0xa6  Code  Lc  khci.o [12]
_usb_khci_init_int_tr   0x00025103   0x16  Code  Lc  khci.o [12]
_usb_khci_isr           0x000250ad   0x56  Code  Lc  khci.o [12]
_usb_khci_process_tr_complete
                        0x00025781   0x7c  Code  Lc  khci.o [12]
_usb_khci_recv          0x0002572b   0x22  Code  Lc  khci.o [12]
_usb_khci_reset         0x000252fd   0x44  Code  Lc  khci.o [12]
_usb_khci_rm_int_tr     0x00025185   0x36  Code  Lc  khci.o [12]
_usb_khci_send          0x000256e7   0x22  Code  Lc  khci.o [12]
_usb_khci_send_setup    0x00025709   0x22  Code  Lc  khci.o [12]
_usb_khci_shutdown      0x000256e3    0x4  Code  Lc  khci.o [12]
_usb_khci_task          0x0002536f  0x272  Code  Lc  khci.o [12]
_usb_khci_task_create   0x000255e1   0x5c  Code  Lc  khci.o [12]
abs                     0x0000df2f    0x8  Code  Gb  abs.o [4]
adc_address             0x00033444    0x8  Data  Lc  adc_mk60.o [3]
adc_bundle              0x1fff1bc8    0x4  Data  Gb  adc_kadc.o [3]
adc_calibrate           0x00009843   0xaa  Code  Lc  adc_kadc.o [3]
adc_complete_isr        0x00009825   0x1e  Code  Lc  adc_kadc.o [3]
adc_get_calibration_data
                        0x000098ed   0x64  Code  Lc  adc_kadc.o [3]
adc_internal            0x1fff1bb4   0x14  Data  Lc  adc_kadc.o [3]
adc_process_all_data    0x000097d1   0x32  Code  Gb  adc_kadc.o [3]
adc_process_data        0x00009733   0x9e  Code  Lc  adc_kadc.o [3]
adc_set_calibration_data
                        0x00009951   0x64  Code  Lc  adc_kadc.o [3]
adt_idelay_isr          0x0000a445   0x36  Code  Lc  adt_kpdb.o [3]
adt_period_prescaler    0x00009cb1  0x1e0  Code  Lc  adt_kpdb.o [3]
bdt                     0x1fff0200  0x200  Data  Lc  khci.o [12]
class_interface_map     0x1fff0034   0x24  Data  Gb  usb_classes.o [1]
cos                     0x00014017    0x6  Code  Gb  cos.o [5]
delay_ms                0x00013fe5   0x16  Code  Gb  System.o [1]
delay_us                0x00013ffd   0x1a  Code  Gb  System.o [1]
device                  0x1fff1af0   0x20  Data  Gb  USB_Task.o [1]
dir_ptr_g               0x1fff1b38    0x4  Data  Gb  sh_search_file_1.o [11]
dspi_address            0x000333a4    0xc  Data  Lc  spi_mk60_dspi.o [3]
dspi_vectors            0x000333b0    0xc  Data  Lc  spi_mk60_dspi.o [3]
exit                    0x000004d5    0x4  Code  Gb  exit.o [4]
first_irq               0x1fff1bb0    0x4  Data  Gb  io_gpio.o [3]
flexnvm_flash_ioctl     0x0002e28f   0x96  Code  Gb  flash_ftfl.o [3]
flexnvm_prog_part       0x0002e227   0x40  Code  Gb  flash_ftfl.o [3]
flexnvm_read_resource   0x0002e1e3   0x44  Code  Gb  flash_ftfl.o [3]
flexnvm_set_flexram     0x0002e267   0x28  Code  Gb  flash_ftfl.o [3]
flg_int                 0x0002096d   0x74  Code  Gb  yada_prj.o [1]
fmod                    0x000163d9         Code  Gb  fmod.o [5]
fmodl                   0x000163d9         Code  Gb  fmod.o [5]
ftfl_flash_command_sequence
                        0x0002de2d  0x1c4  Code  Lc  flash_ftfl.o [3]
ftfl_flash_deinit       0x0002e025   0x22  Code  Gb  flash_ftfl.o [3]
ftfl_flash_erase_sector
                        0x0002e06f   0xa2  Code  Gb  flash_ftfl.o [3]
ftfl_flash_init         0x0002dff1   0x34  Code  Gb  flash_ftfl.o [3]
ftfl_flash_write_sector
                        0x0002e111   0xb8  Code  Gb  flash_ftfl.o [3]
ftfl_init_ram_function  0x0002e047   0x28  Code  Gb  flash_ftfl.o [3]
ftfl_ram_function       0x0002e1c9   0x18  Code  Lc  flash_ftfl.o [3]
ftfl_ram_function_end   0x0002e1e1    0x2  Code  Lc  flash_ftfl.o [3]
ftpmsg_bad_option       0x0003249c   0x1c  Data  Gb  ftpd_msg.o [9]
ftpmsg_badcmd           0x00032380   0x18  Data  Gb  ftpd_msg.o [9]
ftpmsg_badport          0x00032398   0x18  Data  Gb  ftpd_msg.o [9]
ftpmsg_banner           0x000322c8   0x1c  Data  Gb  ftpd_msg.o [9]
ftpmsg_cd_error         0x00032524   0x20  Data  Gb  ftpd_msg.o [9]
ftpmsg_delete_error     0x00032564   0x1c  Data  Gb  ftpd_msg.o [9]
ftpmsg_goodbye          0x000323e8   0x10  Data  Gb  ftpd_msg.o [9]
ftpmsg_help_end         0x000324f4   0x30  Data  Gb  ftpd_msg.o [9]
ftpmsg_help_start       0x000324c4   0x30  Data  Gb  ftpd_msg.o [9]
ftpmsg_logged           0x00032348   0x10  Data  Gb  ftpd_msg.o [9]
ftpmsg_no_datacon       0x00032638   0x20  Data  Gb  ftpd_msg.o [9]
ftpmsg_no_file          0x000325c8   0x34  Data  Gb  ftpd_msg.o [9]
ftpmsg_no_fs            0x000323f8   0x3c  Data  Gb  ftpd_msg.o [9]
ftpmsg_no_memory        0x00032658   0x38  Data  Gb  ftpd_msg.o [9]
ftpmsg_ok               0x00032580    0xc  Data  Gb  ftpd_msg.o [9]
ftpmsg_opening_datacon  0x000325fc   0x20  Data  Gb  ftpd_msg.o [9]
ftpmsg_pasv_mode        0x00032434   0x38  Data  Gb  ftpd_msg.o [9]
ftpmsg_portok           0x000322b0   0x18  Data  Gb  ftpd_msg.o [9]
ftpmsg_rmdir_error      0x00032544   0x20  Data  Gb  ftpd_msg.o [9]
ftpmsg_rxok             0x000322e4   0x34  Data  Gb  ftpd_msg.o [9]
ftpmsg_site_info        0x0003246c   0x30  Data  Gb  ftpd_msg.o [9]
ftpmsg_size             0x000323d0   0x18  Data  Gb  ftpd_msg.o [9]
ftpmsg_syst             0x000324b8    0xc  Data  Gb  ftpd_msg.o [9]
ftpmsg_tx_complete      0x0003261c   0x1c  Data  Gb  ftpd_msg.o [9]
ftpmsg_txok             0x00032318   0x30  Data  Gb  ftpd_msg.o [9]
ftpmsg_type_ascii       0x0003258c   0x14  Data  Gb  ftpd_msg.o [9]
ftpmsg_type_image       0x000325a0   0x14  Data  Gb  ftpd_msg.o [9]
ftpmsg_type_unknown     0x000325b4   0x14  Data  Gb  ftpd_msg.o [9]
ftpmsg_unimp            0x000323b0   0x20  Data  Gb  ftpd_msg.o [9]
ftpmsg_writeeof         0x0003236c   0x14  Data  Gb  ftpd_msg.o [9]
ftpmsg_writefail        0x00032358   0x14  Data  Gb  ftpd_msg.o [9]
get_irq_mask            0x00008509   0x2a  Code  Lc  io_gpio_kgpio.o [3]
gpio_cpu_configure      0x00008533  0x160  Code  Gb  io_gpio_kgpio.o [3]
gpio_cpu_init           0x00008693    0xa  Code  Gb  io_gpio_kgpio.o [3]
gpio_cpu_ioctl          0x00008891  0x4f8  Code  Gb  io_gpio_kgpio.o [3]
gpio_cpu_open           0x00008751  0x140  Code  Gb  io_gpio_kgpio.o [3]
gpio_eport_irq          0x00008d89   0x9c  Code  Lc  io_gpio_kgpio.o [3]
gpio_global_irq_map     0x1fff1c04   0x14  Data  Gb  io_gpio_kgpio.o [3]
gpio_global_pin_map     0x1fff1bf0   0x14  Data  Gb  io_gpio_kgpio.o [3]
hub_anchor              0x1fff1b80    0x4  Data  Lc  usb_host_hub.o [12]
init_hardware           0x000005fd   0x3c  Code  Gb  init_hw.o [3]
install_isr             0x0000869d   0xb4  Code  Lc  io_gpio_kgpio.o [3]
int_callback            0x000206e5   0x1a  Code  Gb  yada_prj.o [1]
internal_Pow            0x0000bcb1  0x3fc  Code  Lc  pow.o [5]
isalpha                 0x000108bd    0x8  Code  Gb  io_util.o [7]
isdigit                 0x00015c61   0x10  Code  Gb  sh_util.o [11]
isgraph                 0x0000fb71   0x18  Code  Gb  io_util.o [7]
isprint                 0x00010547   0x2a  Code  Gb  io_util.o [7]
ispunct                 0x000108c5    0x8  Code  Gb  io_util.o [7]
isupper                 0x0001053f    0x8  Code  Gb  io_util.o [7]
isxdigit                0x000221ed   0x24  Code  Gb  ftpd_cmd.o [9]
kinetis_flash_invalidate_cache
                        0x0002e32d   0x16  Code  Gb  flash_mk60.o [3]
linemark                0x000128b9  0x166  Code  Gb  MenuView.o [1]
lnbias                  0x0000c0f0  0x420  Data  Lc  pow.o [5]
lower_hex_string        0x00032164   0x14  Data  Lc  io_dopr.o [7]
lpt_address             0x00032bec    0x4  Data  Lc  timer_lpt_kinetis.o [3]
lpt_clock_source        0x00032bf4    0x4  Data  Lc  timer_lpt_kinetis.o [3]
lpt_vectors             0x00032bf0    0x4  Data  Lc  timer_lpt_kinetis.o [3]
main                    0x000004c5   0x10  Code  Gb  mqx_main.o [3]
mass_anchor             0x1fff1b84    0x4  Data  Lc  usb_host_msd_bo.o [12]
mem_flash_app           0x0001fd69  0x16c  Code  Gb  mem_flash.o [1]
memcmp                  0x000165ed         Code  Gb  memcmp.o [8]
memcpy                  0x0000a67d    0xe  Code  Gb  esdhc.o [3]
months                  0x00032280   0x30  Data  Lc  dir_read.o [6]
num2string              0x00013eb5   0x96  Code  Gb  MenuView.o [1]
pctl_ptr_arr            0x00033420   0x14  Data  Lc  io_gpio_kgpio.o [3]
pdb_external            0x1fff00a4    0x4  Data  Lc  adt_kpdb.o [3]
pdb_internal            0x1fff1bcc   0x24  Data  Lc  adt_kpdb.o [3]
phy_ksz8041_IF          0x00032ce8   0x14  Data  Gb  phy_ks8721bl.o [3]
phy_ksz8041_discover_addr
                        0x0002e77b   0x46  Code  Lc  phy_ks8721bl.o [3]
phy_ksz8041_get_link_status
                        0x0002e8ad   0x46  Code  Lc  phy_ks8721bl.o [3]
phy_ksz8041_get_speed   0x0002e867   0x46  Code  Lc  phy_ks8721bl.o [3]
phy_ksz8041_init        0x0002e7c1   0xa6  Code  Lc  phy_ks8721bl.o [3]
pipe_init_params_prototype
                        0x00032a08   0x24  Data  Lc  host_dev_list.o [12]
pow                     0x0000c0e1    0xe  Code  Gb  pow.o [5]
read_buffer             0x1fff0058    0x8  Data  Gb  yada_prj.o [1]
req_prototype           0x00032b44    0x8  Data  Lc  host_ch9.o [12]
reseed                  0x1fff1b98    0x4  Data  Lc  rtcsrand.o [9]
rtcs_enet               0x00030188    0xc  Data  Lc  ip-e.o [9]
rtcs_local              0x00032cfc    0xc  Data  Lc  iplocal.o [9]
seed                    0x1fff1b94    0x4  Data  Lc  rtcsrand.o [9]
send_U16str             0x0000e1d5   0x2e  Code  Gb  LCDDriver.o [1]
send_U8str              0x0000e1a7   0x2e  Code  Gb  LCDDriver.o [1]
send_area               0x0000e17f   0x28  Code  Gb  LCDDriver.o [1]
send_byte               0x0000e12f   0x12  Code  Gb  LCDDriver.o [1]
send_end                0x0000e203   0x14  Code  Gb  LCDDriver.o [1]
send_word               0x0000e141   0x2a  Code  Gb  LCDDriver.o [1]
send_xy                 0x0000e16b   0x14  Code  Gb  LCDDriver.o [1]
sin                     0x0001401d    0x6  Code  Gb  sin.o [5]
spi2_dma_int            0x0000d1f9   0x74  Code  Gb  DSPSPI.o [1]
spifd_2                 0x1fff19bc    0x4  Data  Gb  DSPSPI.o [1]
state                   0x1fff00a0    0x4  Data  Lc  rtcsrand.o [9]
strcat                  0x0001f997   0x1e  Code  Gb  strcat.o [4]
strcmp                  0x0000a4ad         Code  Gb  strcmp.o [8]
strcpy                  0x0000fb2d         Code  Gb  strcpy.o [8]
strlen                  0x0000a4f1         Code  Gb  strlen.o [8]
strncmp                 0x0000b85d   0x2a  Code  Gb  strncmp.o [4]
strncpy                 0x0000d69d         Code  Gb  strncpy.o [8]
strpbrk                 0x00022211    0x4  Code  Gb  strpbrk.o [4]
systick_config          0x00001b69    0xc  Code  Gb  init_bsp.o [3]
systick_init            0x00001b75   0x34  Code  Lc  init_bsp.o [3]
tcp_socket_task         0x00020119  0x29c  Code  Gb  tcpip_socket_task.o [1]
timer_isr               0x000206ff   0x26  Code  Lc  yada_prj.o [1]
tolower                 0x0000fb89    0x8  Code  Gb  io_util.o [7]
tr_index                0x1fff1b48    0x4  Data  Lc  host_common.o [12]
uart_isr                0x000029ad   0x76  Code  Gb  serl_int_kuart.o [3]
uart_lcd                0x1fff19c0    0x4  Data  Gb  LCDDriver.o [1]
upper_hex_string        0x00032150   0x14  Data  Lc  io_dopr.o [7]
usb_class_hub_clear_feature
                        0x0002663d   0x1e  Code  Gb  usb_host_hub.o [12]
usb_class_hub_clear_port_feature
                        0x0002665b   0x24  Code  Gb  usb_host_hub.o [12]
usb_class_hub_cntrl_callback
                        0x000264c1   0x1a  Code  Gb  usb_host_hub.o [12]
usb_class_hub_cntrl_common
                        0x000264db   0xfe  Code  Gb  usb_host_hub.o [12]
usb_class_hub_get_app   0x00026461   0x60  Code  Gb  usb_host_hub.o [12]
usb_class_hub_get_descriptor
                        0x000265d9   0x40  Code  Gb  usb_host_hub.o [12]
usb_class_hub_get_port_status
                        0x0002669f   0x22  Code  Gb  usb_host_hub.o [12]
usb_class_hub_get_status
                        0x0002667f   0x20  Code  Gb  usb_host_hub.o [12]
usb_class_hub_init      0x00026405   0x5c  Code  Gb  usb_host_hub.o [12]
usb_class_hub_int_callback
                        0x00026799   0x1a  Code  Gb  usb_host_hub.o [12]
usb_class_hub_set_port_feature
                        0x00026619   0x24  Code  Gb  usb_host_hub.o [12]
usb_class_hub_wait_for_interrupt
                        0x000266c1   0xcc  Code  Gb  usb_host_hub.o [12]
usb_class_mass_call_back_cbw
                        0x0001db6d   0xa2  Code  Lc  usb_host_msd_bo.o [12]
usb_class_mass_call_back_csw
                        0x0001dce5  0x12e  Code  Lc  usb_host_msd_bo.o [12]
usb_class_mass_call_back_dphase
                        0x0001dc0f   0xd6  Code  Lc  usb_host_msd_bo.o [12]
usb_class_mass_clear_bulk_pipe_on_usb
                        0x0001defd   0x7c  Code  Lc  usb_host_msd_bo.o [12]
usb_class_mass_deleteq  0x0001f83f   0x34  Code  Gb  usb_host_msd_queue.o [12]
usb_class_mass_get_pending_request
                        0x0001f873   0x26  Code  Gb  usb_host_msd_queue.o [12]
usb_class_mass_init     0x0001da61   0x88  Code  Gb  usb_host_msd_bo.o [12]
usb_class_mass_pass_on_usb
                        0x0001de13   0xea  Code  Lc  usb_host_msd_bo.o [12]
usb_class_mass_q_init   0x0001f7f7    0xc  Code  Gb  usb_host_msd_queue.o [12]
usb_class_mass_q_insert
                        0x0001f803   0x3c  Code  Gb  usb_host_msd_queue.o [12]
usb_class_mass_reset_callback
                        0x0001dfe1   0xd0  Code  Lc  usb_host_msd_bo.o [12]
usb_class_mass_reset_recovery_on_usb
                        0x0001df79   0x68  Code  Gb  usb_host_msd_bo.o [12]
usb_class_mass_storage_device_command
                        0x0001dae9   0x84  Code  Gb  usb_host_msd_bo.o [12]
usb_dev_list_attach_device
                        0x0001cc7f  0x120  Code  Gb  host_dev_list.o [12]
usb_dev_list_close_pipe
                        0x0001cda9   0x46  Code  Lc  host_dev_list.o [12]
usb_dev_list_close_pipe_bundle
                        0x0001cdef   0x2a  Code  Gb  host_dev_list.o [12]
usb_dev_list_detach_device
                        0x0001ce19   0x82  Code  Gb  host_dev_list.o [12]
usb_dev_list_free_mem   0x0001cb1f   0x76  Code  Gb  host_dev_list.o [12]
usb_dev_list_free_memlist
                        0x0001cac9   0x56  Code  Gb  host_dev_list.o [12]
usb_dev_list_get_mem    0x0001cb95   0xea  Code  Gb  host_dev_list.o [12]
usb_filesystem_install  0x00016d51  0x18c  Code  Gb  USB_File.o [1]
usb_filesystem_uninstall
                        0x00016edd   0xde  Code  Gb  USB_File.o [1]
usb_host_ch9_dev_req    0x0001d719   0x8e  Code  Lc  host_ch9.o [12]
usb_host_class_intf_init
                        0x000193a7   0xf8  Code  Gb  host_common.o [12]
usb_host_class_intf_validate
                        0x0001949f   0x22  Code  Gb  host_common.o [12]
usb_host_cntrl_transaction_done
                        0x0001d401  0x2e2  Code  Lc  host_ch9.o [12]
usb_host_driver_info_match
                        0x000194c1   0xec  Code  Lc  host_common.o [12]
usb_host_driver_info_nonzero
                        0x00019617   0x4a  Code  Lc  host_common.o [12]
usb_host_driver_info_scan
                        0x000195ad   0x6a  Code  Lc  host_common.o [12]
usb_host_hub_device_event
                        0x00025ea5   0x9e  Code  Gb  usb_host_hub_sm.o [12]
usb_host_hub_device_sm  0x00025f45  0x45c  Code  Lc  usb_host_hub_sm.o [12]
usb_host_hub_int_callback
                        0x000263a1   0x60  Code  Lc  usb_host_hub_sm.o [12]
usb_host_map_class_intf
                        0x00019661   0x3a  Code  Lc  host_common.o [12]
usb_host_mass_device_event
                        0x0001f9b5   0x6e  Code  Gb  USB_Task.o [1]
usb_host_state_struct_ptr
                        0x1fff1b4c    0x4  Data  Gb  host_main.o [12]
usb_hostdev_attach_detach
                        0x00018f9d   0x48  Code  Gb  host_common.o [12]
usb_hostdev_delete_interface
                        0x000196cb   0xce  Code  Gb  host_common.o [12]
usb_hostdev_get_class   0x000190f3   0x6c  Code  Lc  host_common.o [12]
usb_hostdev_get_pipe_handle
                        0x00019329   0x7e  Code  Gb  host_common.o [12]
usb_hostdev_mask_class_etc
                        0x00019799   0x2a  Code  Lc  host_common.o [12]
usb_hostdev_open_pipe   0x000197c3  0x10c  Code  Lc  host_common.o [12]
usb_hostdev_tr_init     0x00019aab   0x36  Code  Gb  host_common.o [12]
usb_hostdev_validate    0x00018fe5   0x28  Code  Gb  host_common.o [12]
usb_mass_ufi_cancel     0x00019b75    0xc  Code  Gb  usb_host_msd_ufi.o [12]
usb_mass_ufi_generic    0x00019af1   0x84  Code  Gb  usb_host_msd_ufi.o [12]


[1] = L:\git_workspace\YD_PRJ_NEW_20130323_git_\IAR\twrk60n512\Int Flash Debug\Obj
[2] = command line
[3] = bsp_twrk60n512_130330_no_event_lpt.a
[4] = dl7M_tln.a
[5] = m7M_tl.a
[6] = mfs_twrk60n512_d.a
[7] = psp_twrk60n512_d.a
[8] = rt7M_tl.a
[9] = rtcs_twrk60n512_d_20130105.a
[10] = shb_l.a
[11] = shell_twrk60n512_d_20130401.a
[12] = usb_hdk_twrk60n512_d.a

  190 888 bytes of readonly  code memory
   19 330 bytes of readonly  data memory
    7 951 bytes of readwrite data memory

Errors: none
Warnings: none
