###############################################################################
#                                                                             #
# IAR ELF Linker V6.30.1.53127/W32 for ARM              03/Apr/2013  23:04:34 #
# Copyright 2007-2011 IAR Systems AB.                                         #
#                                                                             #
#    Output file  =  L:\git_workspace\YD_PRJ_NEW_20130323_git_\IAR\twrk60n512 #
#                    \Int Flash Debug\Exe\twrk60n512.out                      #
#    Map file     =  L:\git_workspace\YD_PRJ_NEW_20130323_git_\IAR\twrk60n512 #
#                    \Int Flash Debug\List\twrk60n512.map                     #
#    Command line =  "L:\git_workspace\YD_PRJ_NEW_20130323_git_\IAR\twrk60n51 #
#                    2\Int Flash Debug\Obj\DSPSPI.o"                          #
#                    "L:\git_workspace\YD_PRJ_NEW_20130323_git_\IAR\twrk60n51 #
#                    2\Int Flash Debug\Obj\DataConvert.o"                     #
#                    "L:\git_workspace\YD_PRJ_NEW_20130323_git_\IAR\twrk60n51 #
#                    2\Int Flash Debug\Obj\FTP_Task.o"                        #
#                    "L:\git_workspace\YD_PRJ_NEW_20130323_git_\IAR\twrk60n51 #
#                    2\Int Flash Debug\Obj\LCDDriver.o"                       #
#                    "L:\git_workspace\YD_PRJ_NEW_20130323_git_\IAR\twrk60n51 #
#                    2\Int Flash Debug\Obj\LCDUart.o"                         #
#                    "L:\git_workspace\YD_PRJ_NEW_20130323_git_\IAR\twrk60n51 #
#                    2\Int Flash Debug\Obj\MenuView.o"                        #
#                    "L:\git_workspace\YD_PRJ_NEW_20130323_git_\IAR\twrk60n51 #
#                    2\Int Flash Debug\Obj\SD_task.o"                         #
#                    "L:\git_workspace\YD_PRJ_NEW_20130323_git_\IAR\twrk60n51 #
#                    2\Int Flash Debug\Obj\Shell_Task.o"                      #
#                    "L:\git_workspace\YD_PRJ_NEW_20130323_git_\IAR\twrk60n51 #
#                    2\Int Flash Debug\Obj\System.o"                          #
#                    "L:\git_workspace\YD_PRJ_NEW_20130323_git_\IAR\twrk60n51 #
#                    2\Int Flash Debug\Obj\USB_File.o"                        #
#                    "L:\git_workspace\YD_PRJ_NEW_20130323_git_\IAR\twrk60n51 #
#                    2\Int Flash Debug\Obj\USB_Task.o"                        #
#                    "L:\git_workspace\YD_PRJ_NEW_20130323_git_\IAR\twrk60n51 #
#                    2\Int Flash Debug\Obj\mem_flash.o"                       #
#                    "L:\git_workspace\YD_PRJ_NEW_20130323_git_\IAR\twrk60n51 #
#                    2\Int Flash Debug\Obj\mem_ram.o"                         #
#                    "L:\git_workspace\YD_PRJ_NEW_20130323_git_\IAR\twrk60n51 #
#                    2\Int Flash Debug\Obj\pin2.o"                            #
#                    "L:\git_workspace\YD_PRJ_NEW_20130323_git_\IAR\twrk60n51 #
#                    2\Int Flash Debug\Obj\sh_cd.o"                           #
#                    "L:\git_workspace\YD_PRJ_NEW_20130323_git_\IAR\twrk60n51 #
#                    2\Int Flash Debug\Obj\sh_di.o"                           #
#                    "L:\git_workspace\YD_PRJ_NEW_20130323_git_\IAR\twrk60n51 #
#                    2\Int Flash Debug\Obj\tcpip_socket_task.o"               #
#                    "L:\git_workspace\YD_PRJ_NEW_20130323_git_\IAR\twrk60n51 #
#                    2\Int Flash Debug\Obj\usb_classes.o"                     #
#                    "L:\git_workspace\YD_PRJ_NEW_20130323_git_\IAR\twrk60n51 #
#                    2\Int Flash Debug\Obj\yada_prj.o"                        #
#                    L:\git_workspace\YD_PRJ_NEW_20130323_git_\lib\twrk60n512 #
#                    .iar\bsp\bsp_twrk60n512_130330_no_event_lpt.a            #
#                    L:\git_workspace\YD_PRJ_NEW_20130323_git_\lib\twrk60n512 #
#                    .iar\mfs\mfs_twrk60n512_d.a                              #
#                    L:\git_workspace\YD_PRJ_NEW_20130323_git_\lib\twrk60n512 #
#                    .iar\psp\psp_twrk60n512_d.a                              #
#                    L:\git_workspace\YD_PRJ_NEW_20130323_git_\lib\twrk60n512 #
#                    .iar\rtcs\rtcs_twrk60n512_d_20130105.a                   #
#                    L:\git_workspace\YD_PRJ_NEW_20130323_git_\lib\twrk60n512 #
#                    .iar\shell\shell_twrk60n512_d_20130401.a                 #
#                    L:\git_workspace\YD_PRJ_NEW_20130323_git_\lib\twrk60n512 #
#                    .iar\usb\host\usb_hdk_twrk60n512_d.a --redirect          #
#                    _Printf=_PrintfFull --redirect _Scanf=_ScanfFull -o      #
#                    "L:\git_workspace\YD_PRJ_NEW_20130323_git_\IAR\twrk60n51 #
#                    2\Int Flash Debug\Exe\twrk60n512.out" --map              #
#                    "L:\git_workspace\YD_PRJ_NEW_20130323_git_\IAR\twrk60n51 #
#                    2\Int Flash Debug\List\twrk60n512.map" --config          #
#                    L:\git_workspace\YD_PRJ_NEW_20130323_git_\IAR\..\lib\twr #
#                    k60n512.iar\bsp\intflash.icf --redirect                  #
#                    __iar_dlmalloc=malloc --redirect __iar_dlcalloc=calloc   #
#                    --redirect __iar_dlfree=free --semihosting --entry       #
#                    __iar_program_start --vfe                                #
#                                                                             #
#                                                                             #
###############################################################################

*******************************************************************************
*** RUNTIME MODEL ATTRIBUTES
***

CppFlavor                   = *
__SystemLibrary             = DLib
__dlib_jmp_buf_num_elements = 8


*******************************************************************************
*** PLACEMENT SUMMARY
***

"A1":  place at 0x00000000 { ro section .intvec, block CFMPROTROM };
"P1":  place in [from 0x00000000 to 0x0007ffff] {
          first block TEXTSECTION, ro, last block FLASHX_POOL };
"P2":  place in [from 0x1fff0000 to 0x2000fff0] { rw, last block KERNEL_DATA };

  Section            Kind        Address     Size  Object
  -------            ----        -------     ----  ------
"A1":                                       0x414
  .intvec            const    0x00000000    0x400  vectors.o [3]
  CFMPROTROM                  0x00000400     0x14  <Block>
    .cfmconfig       const    0x00000400     0x10  vectors.o [3]
    .cfmconfig       const    0x00000410      0x0  vectors.o [3]
    CFMPROTROM       const    0x00000410      0x4  <Block tail>
                            - 0x00000414    0x414

"P1":                                     0x333e4
  TEXTSECTION                 0x00000420  0x2e9ec  <Block>
    .text            ro code  0x00000420     0x4c  cortex_boot.o [7]
    .text            ro code  0x0000046c      0xc  cstartup_M.o [8]
    .text            ro code  0x00000478     0x16  cmain.o [8]
    .text            ro code  0x0000048e      0xa  iar.o [3]
    .text            ro code  0x00000498     0x2c  data_init3.o [8]
    .text            ro code  0x000004c4     0x10  mqx_main.o [3]
    .text            ro code  0x000004d4      0x4  exit.o [4]
    .text            ro code  0x000004d8    0x190  init_hw.o [3]
    .text            ro code  0x00000668    0x1a8  mqx.o [7]
    .text            ro code  0x00000810      0xa  cexit.o [8]
    .text            ro code  0x0000081a     0x46  sotcp.o [9]
    .text            ro code  0x00000860    0x79c  bsp_cm.o [3]
    .text            ro code  0x00000ffc    0x538  init_gpio.o [3]
    .text            ro code  0x00001534    0x134  mem_zero.o [7]
    .text            ro code  0x00001668     0x76  ABImemcpy.o [8]
    .text            ro code  0x000016de     0x56  macnet_rejoin.o [3]
    .text            ro code  0x00001734     0xd8  mqxiinit.o [7]
    .text            ro code  0x0000180c     0x28  lwm_init.o [7]
    .text            ro code  0x00001834     0x18  lwm_gsys.o [7]
    .text            ro code  0x0000184c     0x24  lwm_size.o [7]
    .text            ro code  0x00001870    0x1c4  ta_init.o [7]
    .text            ro code  0x00001a34     0xc0  sc_irdyq.o [7]
    .text            ro code  0x00001af4     0x74  lws_crea.o [7]
    .text            ro code  0x00001b68    0x2c8  init_bsp.o [3]
    .text            ro code  0x00001e30     0x24  int_disa.o [7]
    .text            ro code  0x00001e54     0x14  exit.o [10]
    .text            ro code  0x00001e68     0x14  cm.o [3]
    .text            ro code  0x00001e7c      0xc  qu_init.o [7]
    .text            ro code  0x00001e88     0x64  lwm_crep.o [7]
    .text            ro code  0x00001eec    0x204  lwm_alli.o [7]
    .text            ro code  0x000020f0     0x34  td_serr.o [7]
    .text            ro code  0x00002124     0xd0  td_alloc.o [7]
    .text            ro code  0x000021f4     0x68  stack_bu.o [7]
    .text            ro code  0x0000225c      0x8  lwm_xfri.o [7]
    .text            ro code  0x00002264     0x18  lwm_allz.o [7]
    .text            ro code  0x0000227c     0x38  int_ena.o [7]
    .text            ro code  0x000022b4     0x3e  qu_enq.o [7]
    .text            ro code  0x000022f2     0x22  zero_init3.o [8]
    .text            ro code  0x00002314      0xc  mqx_scpu.o [7]
    .text            ro code  0x00002320     0x30  lwm_allo.o [7]
    .text            ro code  0x00002350     0x14  psp_iinit.o [7]
    .text            ro code  0x00002364     0x10  int_vtab.o [7]
    .text            ro code  0x00002374     0x10  ti_setv.o [7]
    .text            ro code  0x00002384     0xb0  int_iisr.o [7]
    .text            ro code  0x00002434     0x10  ti_sett.o [7]
    .text            ro code  0x00002444     0x10  ti_shwtt.o [7]
    .text            ro code  0x00002454     0x14  ti_shwtf.o [7]
    .text            ro code  0x00002468     0x14  kinetis_mpu.o [7]
    .text            ro code  0x0000247c     0x18  io_init.o [7]
    .text            ro code  0x00002494    0x3b4  serl_pol_kuart.o [3]
    .text            ro code  0x00002848    0x1f0  serl_int_kuart.o [3]
    .text            ro code  0x00002a38    0x86c  i2c_pol_ki2c.o [3]
    .text            ro code  0x000032a4    0x6aa  i2c_int_ki2c.o [3]
    .text            ro code  0x0000394e     0x2e  copy_init3.o [8]
    .text            ro code  0x0000397c    0x9e8  spi_pol_dspi.o [3]
    .text            ro code  0x00004364    0x7b4  spi_dma_dspi.o [3]
    .text            ro code  0x00004b18    0x28c  io_gpio.o [3]
    .text            ro code  0x00004da4    0x5ae  adc.o [3]
    .text            ro code  0x00005354    0xc76  esdhc.o [3]
    .text            ro code  0x00005fcc    0xd3c  flashx.o [3]
    .text            ro code  0x00006d08     0x34  io_sinit.o [3]
    .text            ro code  0x00006d3c     0xe0  ti_krnl.o [7]
    .text            ro code  0x00006e1c     0xfc  lwm_free.o [7]
    .text            ro code  0x00006f18     0x40  qu_insrt.o [7]
    .text            ro code  0x00006f58     0x78  int_init.o [7]
    .text            ro code  0x00006fd0     0x10  int_inst.o [7]
    .text            ro code  0x00006fe0    0x53c  serl_pol.o [3]
    .text            ro code  0x0000751c     0x4c  serl_mk60.o [3]
    .text            ro code  0x00007568     0x18  lwm_zsys.o [7]
    .text            ro code  0x00007580    0x610  serl_int.o [3]
    .text            ro code  0x00007b90     0x60  int_gdat.o [7]
    .text            ro code  0x00007bf0      0x4  int_geh.o [7]
    .text            ro code  0x00007bf4     0xa0  cortex.o [7]
    .text            ro code  0x00007c94     0xf0  ev_open.o [7]
    .text            ro code  0x00007d84     0xe0  ev_set.o [7]
    .text            ro code  0x00007e64    0x170  i2c_pol.o [3]
    .text            ro code  0x00007fd4     0x38  i2c_mk60.o [3]
    .text            ro code  0x0000800c    0x16c  i2c_int.o [3]
    .text            ro code  0x00008178    0x196  spi_pol.o [3]
    .text            ro code  0x00008310     0x30  spi_mk60_dspi.o [3]
    .text            ro code  0x00008340    0x1a2  spi_int.o [3]
    .text            ro code  0x000084e4     0x24  io_pntf.o [7]
    .text            ro code  0x00008508    0x994  io_gpio_kgpio.o [3]
    .text            ro code  0x00008e9c     0x1a  io_inst.o [7]
    .text            ro code  0x00008eb6     0x3e  io_ioctl.o [7]
    .text            ro code  0x00008ef4    0xac0  adc_kadc.o [3]
    .text            ro code  0x000099b4    0xaf8  adt_kpdb.o [3]
    .text            ro code  0x0000a4ac     0x42  strcmp.o [8]
    .text            ro code  0x0000a4f0     0x36  strlen.o [8]
    .text            ro code  0x0000a528     0x38  ti_delay.o [7]
    .text            ro code  0x0000a560    0x108  io_instx.o [7]
    .text            ro code  0x0000a668     0x14  esdhc_mk60.o [3]
    .text            ro code  0x0000a67c      0xe  esdhc.o [3]
    .text            ro code  0x0000a68c     0x78  lws_wait.o [7]
    .text            ro code  0x0000a704    0x17c  mem_copy.o [7]
    .text            ro code  0x0000a880     0x7c  lws_post.o [7]
    .text            ro code  0x0000a8fc     0xa0  io_fopen.o [7]
    .text            ro code  0x0000a99c     0x34  psp_tinm.o [7]
    .text            ro code  0x0000a9d0     0x84  tq_creat.o [7]
    .text            ro code  0x0000aa54     0x80  tq_dest.o [7]
    .text            ro code  0x0000aad4     0xd8  tq_func.o [7]
    .text            ro code  0x0000abac     0x94  na_findi.o [7]
    .text            ro code  0x0000ac40     0x48  io_ghand.o [7]
    .text            ro code  0x0000ac88    0xbd4  io_dopr.o [7]
    .text            ro code  0x0000b85c     0x2a  strncmp.o [4]
    .text            ro code  0x0000b888      0x6  ABImemclr4.o [8]
    .text            ro code  0x0000b890     0x14  adc_mk60.o [3]
    .text            ro code  0x0000b8a4    0x132  I64DivMod.o [8]
    .text            ro code  0x0000b9d8     0xd4  lwe_set.o [7]
    .text            ro code  0x0000baac     0x84  psp_mstiq.o [7]
    .text            ro code  0x0000bb30     0x48  psp_tiad.o [7]
    .text            ro code  0x0000bb78     0x88  ti_deli.o [7]
    .text            ro code  0x0000bc00     0x2e  qu_deq.o [7]
    .text            ro code  0x0000bc2e     0x2c  sc_ipq.o [7]
    .text            ro code  0x0000bc5a     0x1c  strnlen.o [7]
    .text            ro code  0x0000bc78     0x32  ABImemset48.o [8]
    .text            ro code  0x0000bcac      0x2  I64DivZer.o [8]
    .text            ro code  0x0000bcb0    0x860  pow.o [5]
    .text            ro code  0x0000c510     0x44  xdnorm.o [5]
    .text            ro code  0x0000c554     0x80  xdint.o [5]
    .text            ro code  0x0000c5d4     0x20  DblCmpEq.o [5]
    .text            ro code  0x0000c5f4      0xc  errno.o [4]
    .text            ro code  0x0000c600     0x2e  DblCmpGe.o [5]
    .text            ro code  0x0000c630     0x2e  DblCmpLe.o [5]
    .text            ro code  0x0000c660    0x1a2  DblMul.o [5]
    .text            ro code  0x0000c804     0xe8  DblAdd.o [5]
    .text            ro code  0x0000c8ec     0x58  DblToI32.o [5]
    .text            ro code  0x0000c944     0x30  I32ToDbl.o [5]
    .text            ro code  0x0000c974    0x180  DblSub.o [5]
    .text            ro code  0x0000caf4    0x246  DblDiv.o [5]
    .text            ro code  0x0000cd3c     0xa8  xlog.o [5]
    .text            ro code  0x0000cde4    0x2f4  xexp.o [5]
    .text            ro code  0x0000d0d8      0x2  xtls.o [4]
    .text            ro code  0x0000d0dc    0x11a  xdscale.o [5]
    .text            ro code  0x0000d1f8    0x178  DSPSPI.o [1]
    .text            ro code  0x0000d370     0x14  ev_creat.o [7]
    .text            ro code  0x0000d384     0x3a  ev_all.o [7]
    .text            ro code  0x0000d3c0     0x48  ev_clear.o [7]
    .text            ro code  0x0000d408     0xc0  ev_creai.o [7]
    .text            ro code  0x0000d4c8    0x108  ev_waiti.o [7]
    .text            ro code  0x0000d5d0     0xcc  ev_comp.o [7]
    .text            ro code  0x0000d69c     0x6c  strncpy.o [8]
    .text            ro code  0x0000d708    0x138  na_addi.o [7]
    .text            ro code  0x0000d840     0x34  ti_delun.o [7]
    .text            ro code  0x0000d874     0x38  ti_delfo.o [7]
    .text            ro code  0x0000d8ac     0x7c  na_crth.o [7]
    .text            ro code  0x0000d928     0x5e  ABImemset.o [8]
    .text            ro code  0x0000d988    0x37c  DataConvert.o [1]
    .text            ro code  0x0000dd04     0xfc  FltDiv.o [5]
    .text            ro code  0x0000de00     0xd8  FltMul.o [5]
    .text            ro code  0x0000ded8     0x24  FltToU32.o [5]
    .text            ro code  0x0000defc     0x32  I32ToFlt.o [5]
    .text            ro code  0x0000df2e      0x8  abs.o [4]
    .text            ro code  0x0000df38     0xe6  FltSub.o [5]
    .text            ro code  0x0000e020     0x44  FltToS32.o [5]
    .text            ro code  0x0000e064     0x24  FltCmpLe.o [5]
    .text            ro code  0x0000e088     0x84  FltAdd.o [5]
    .text            ro code  0x0000e10c    0x300  LCDDriver.o [1]
    .text            ro code  0x0000e40c     0x24  io_write.o [7]
    .text            ro code  0x0000e430     0xf4  FTP_Task.o [1]
    .text            ro code  0x0000e524    0x26c  rtcscmd.o [9]
    .text            ro code  0x0000e790     0x24  enaddr.o [3]
    .text            ro code  0x0000e7b4    0x104  eninit.o [3]
    .text            ro code  0x0000e8b8     0x5c  ifadd.o [9]
    .text            ro code  0x0000e914    0x644  ftpd.o [9]
    .text            ro code  0x0000ef58     0x88  ta_creat.o [7]
    .text            ro code  0x0000efe0     0xe4  mqx_ioc.o [7]
    .text            ro code  0x0000f0c4    0x1b6  rtcspart.o [9]
    .text            ro code  0x0000f27c     0x2c  ms_id.o [7]
    .text            ro code  0x0000f2a8     0x16  ms_pool.o [7]
    .text            ro code  0x0000f2c0     0xa8  rtcstask.o [9]
    .text            ro code  0x0000f368     0x6c  ms_dpool.o [7]
    .text            ro code  0x0000f3d4     0xcc  ms_alloc.o [7]
    .text            ro code  0x0000f4a0     0x58  td_get.o [7]
    .text            ro code  0x0000f4f8      0xc  ms_sendb.o [7]
    .text            ro code  0x0000f504     0x48  ta_rdy.o [7]
    .text            ro code  0x0000f54c      0xc  ms_send.o [7]
    .text            ro code  0x0000f558     0x10  td_gid.o [7]
    .text            ro code  0x0000f568     0x1c  td_gerr.o [7]
    .text            ro code  0x0000f584     0x24  td_util.o [7]
    .text            ro code  0x0000f5a8     0x2c  init_enet.o [3]
    .text            ro code  0x0000f5d4     0x58  enutil.o [3]
    .text            ro code  0x0000f62c     0x3c  ta_env.o [7]
    .text            ro code  0x0000f668     0x22  ta_sexit.o [7]
    .text            ro code  0x0000f68c     0xb2  rtcs.o [9]
    .text            ro code  0x0000f740    0x3ea  io_util.o [7]
    .text            ro code  0x0000fb2c     0x44  strcpy.o [8]
    .text            ro code  0x0000fb70     0x18  io_util.o [7]
    .text            ro code  0x0000fb88      0x8  io_util.o [7]
    .text            ro code  0x0000fb90     0x7c  ta_build.o [7]
    .text            ro code  0x0000fc0c     0x18  lwm_allp.o [7]
    .text            ro code  0x0000fc24     0x18  lwm_alzp.o [7]
    .text            ro code  0x0000fc3c     0x18  lwm_gsyp.o [7]
    .text            ro code  0x0000fc54     0x18  lwm_zsyf.o [7]
    .text            ro code  0x0000fc6c     0x84  pa_creat.o [7]
    .text            ro code  0x0000fcf0     0x14  pa_sallo.o [7]
    .text            ro code  0x0000fd04     0x74  pa_free.o [7]
    .text            ro code  0x0000fd78     0x74  pa_dest.o [7]
    .text            ro code  0x0000fdec    0x20c  ms_pooli.o [7]
    .text            ro code  0x0000fff8     0x12  ta_util.o [7]
    .text            ro code  0x0001000c     0xa2  lws_dest.o [7]
    .text            ro code  0x000100b0    0x364  ms_sendi.o [7]
    .text            ro code  0x00010414    0x12a  sockutil.o [9]
    .text            ro code  0x0001053e      0x8  io_util.o [7]
    .text            ro code  0x00010546     0x2a  io_util.o [7]
    .text            ro code  0x00010570     0x16  io_util.o [7]
    .text            ro code  0x00010588     0x7c  pa_creai.o [7]
    .text            ro code  0x00010604    0x118  pa_alloi.o [7]
    .text            ro code  0x0001071c    0x130  ms_comp.o [7]
    .text            ro code  0x0001084c     0x60  ms_free.o [7]
    .text            ro code  0x000108ac     0x10  io_util.o [7]
    .text            ro code  0x000108bc      0x8  io_util.o [7]
    .text            ro code  0x000108c4      0x8  io_util.o [7]
    .text            ro code  0x000108cc     0x7c  pa_comp.o [7]
    .text            ro code  0x00010948     0x5c  pa_extni.o [7]
    .text            ro code  0x000109a4     0x22  io_util.o [7]
    .text            ro code  0x000109c6     0x28  io_util.o [7]
    .text            ro code  0x000109ee     0x10  io_util.o [7]
    .text            ro code  0x00010a00    0xa60  LCDUart.o [1]
    .text            ro code  0x00011460     0x14  ev_creaa.o [7]
    .text            ro code  0x00011474   0x2d54  MenuView.o [1]
    .text            ro code  0x000141c8     0x52  System.o [1]
    .text            ro code  0x0001421a      0x6  cos.o [5]
    .text            ro code  0x00014220      0x6  sin.o [5]
    .text            ro code  0x00014228     0x24  FltCmpGe.o [5]
    .text            ro code  0x0001424c     0x4e  FltToDbl.o [5]
    .text            ro code  0x0001429c    0x14c  sh_cd.o [1]
    .text            ro code  0x000143e8     0x90  sh_pwd.o [11]
    .text            ro code  0x00014478    0x220  sh_read_wk.o [11]
    .text            ro code  0x00014698    0x208  sh_write_binary.o [11]
    .text            ro code  0x000148a0     0xc8  sh_update.o [11]
    .text            ro code  0x00014968     0x16  ti_get.o [7]
    .text            ro code  0x00014980     0xe4  ti_to.o [7]
    .text            ro code  0x00014a64    0x110  sh_mkdir.o [11]
    .text            ro code  0x00014b74    0x3bc  sh_search_file_1.o [11]
    .text            ro code  0x00014f30    0x1f0  xsin.o [5]
    .text            ro code  0x00015120    0x218  sh_util.o [11]
    .text            ro code  0x00015338    0x408  mfs_misc.o [6]
    .text            ro code  0x00015740     0x90  io_fseek.o [7]
    .text            ro code  0x000157d0     0x16  io_feof.o [7]
    .text            ro code  0x000157e6     0x46  io_fgetc.o [7]
    .text            ro code  0x0001582c     0x34  io_fclos.o [7]
    .text            ro code  0x00015860     0x4c  ti_gett.o [7]
    .text            ro code  0x000158ac     0xbc  psp_tkti.o [7]
    .text            ro code  0x00015968     0x42  ti_leap.o [7]
    .text            ro code  0x000159ac    0x320  dir_read.o [6]
    .text            ro code  0x00015ccc     0x26  io_spr.o [7]
    .text            ro code  0x00015cf4    0x170  xquad.o [5]
    .text            ro code  0x00015e64     0x10  sh_util.o [11]
    .text            ro code  0x00015e74    0x344  mfs_rw.o [6]
    .text            ro code  0x000161b8     0x9e  mfs_data_sector.o [6]
    .text            ro code  0x00016258    0x382  mfs_fat.o [6]
    .text            ro code  0x000165dc    0x1a8  fmod.o [5]
    .text            ro code  0x00016784     0x6a  io_read.o [7]
    .text            ro code  0x000167f0     0x62  memcmp.o [8]
    .text            ro code  0x00016854    0x356  mfs_cluster.o [6]
    .text            ro code  0x00016bac      0xc  iarEdom.o [8]
    .text            ro code  0x00016bb8     0x48  Shell_Task.o [1]
    .text            ro code  0x00016c00    0x22c  shell.o [11]
    .text            ro code  0x00016e2c     0x38  io_fflsh.o [7]
    .text            ro code  0x00016e64     0x2e  io_fgets.o [7]
    .text            ro code  0x00016e92     0x94  io_fgetl.o [7]
    .text            ro code  0x00016f26     0x2c  io_fung.o [7]
    .text            ro code  0x00016f54    0x2d0  USB_File.o [1]
    .text            ro code  0x00017224    0x726  usbmfs.o [12]
    .text            ro code  0x0001794c    0x5a6  part_mgr.o [6]
    .text            ro code  0x00017ef2      0xe  io_ferr.o [7]
    .text            ro code  0x00017f00   0x1222  mfs_init.o [6]
    .text            ro code  0x00019124     0x7c  io_uinst.o [7]
    .text            ro code  0x000191a0    0xb54  host_common.o [12]
    .text            ro code  0x00019cf4     0x90  usb_host_msd_ufi.o [12]
    .text            ro code  0x00019d84     0x10  ti_getp.o [7]
    .text            ro code  0x00019d94     0x98  lws_wati.o [7]
    .text            ro code  0x00019e2c     0x30  ti_delti.o [7]
    .text            ro code  0x00019e5c     0xa2  mfs_valdev.o [6]
    .text            ro code  0x00019f00    0x39c  mfs_open.o [6]
    .text            ro code  0x0001a29c    0x4bc  mfs_create.o [6]
    .text            ro code  0x0001a758    0x2d0  mfs_read.o [6]
    .text            ro code  0x0001aa28    0x430  mfs_write.o [6]
    .text            ro code  0x0001ae58    0x7f8  mfs_directory.o [6]
    .text            ro code  0x0001b650     0xf4  mfs_attribute.o [6]
    .text            ro code  0x0001b744     0xe4  mfs_time.o [6]
    .text            ro code  0x0001b828    0x7ce  mfs_lfn.o [6]
    .text            ro code  0x0001bff6    0x102  mfs_delete.o [6]
    .text            ro code  0x0001c0f8    0x2c0  mfs_rename.o [6]
    .text            ro code  0x0001c3b8    0x89c  mfs_format.o [6]
    .text            ro code  0x0001cc54     0x10  qu_util.o [7]
    .text            ro code  0x0001cc64     0x68  usb_mqx.o [12]
    .text            ro code  0x0001cccc    0x3d2  host_dev_list.o [12]
    .text            ro code  0x0001d0a0    0x564  host_main.o [12]
    .text            ro code  0x0001d604    0x660  host_ch9.o [12]
    .text            ro code  0x0001dc64    0x670  usb_host_msd_bo.o [12]
    .text            ro code  0x0001e2d4     0x36  lws_wain.o [7]
    .text            ro code  0x0001e30a    0x79a  mfs_search.o [6]
    .text            ro code  0x0001eaa4     0xf6  mfs_handle.o [6]
    .text            ro code  0x0001eb9c    0x7f6  mfs_dir_entry.o [6]
    .text            ro code  0x0001f392     0x20  qu_head.o [7]
    .text            ro code  0x0001f3b2     0x22  qu_next.o [7]
    .text            ro code  0x0001f3d4    0x57c  mfs_parse.o [6]
    .text            ro code  0x0001f950     0x50  host_close.o [12]
    .text            ro code  0x0001f9a0     0x5a  usb_mk60.o [3]
    .text            ro code  0x0001f9fa     0xa2  usb_host_msd_queue.o [12]
    .text            ro code  0x0001fa9c     0x58  host_snd.o [12]
    .text            ro code  0x0001faf4     0x58  host_rcv.o [12]
    .text            ro code  0x0001fb4c     0x30  pa_sallz.o [7]
    .text            ro code  0x0001fb7c     0x1e  qu_unlnk.o [7]
    .text            ro code  0x0001fb9a     0x1e  strcat.o [4]
    .text            ro code  0x0001fbb8    0x190  USB_Task.o [1]
    .text            ro code  0x0001fd48     0x86  lwe_crea.o [7]
    .text            ro code  0x0001fdd0     0x20  int_iunx.o [7]
    .text            ro code  0x0001fdf0     0x34  lwe_clr.o [7]
    .text            ro code  0x0001fe24     0x48  lwe_watt.o [7]
    .text            ro code  0x0001fe6c     0x10  int_idef.o [7]
    .text            ro code  0x0001fe7c     0xf0  lwe_waii.o [7]
    .text            ro code  0x0001ff6c    0x16c  mem_flash.o [1]
    .text            ro code  0x000200d8     0x94  pin2.o [1]
    .text            ro code  0x0002016c     0xac  tq_tsusp.o [7]
    .text            ro code  0x00020218     0x98  ta_prio.o [7]
    .text            ro code  0x000202b0     0x68  sc_sprio.o [7]
    .text            ro code  0x00020318      0x4  ta_sync.o [7]
    .text            ro code  0x0002031c    0x29c  tcpip_socket_task.o [1]
    .text            ro code  0x000205b8    0x1a0  soselset.o [9]
    .text            ro code  0x00020758     0xbc  sosel0.o [9]
    .text            ro code  0x00020814     0xd4  timer.o [9]
    .text            ro code  0x000208e8    0x3e8  yada_prj.o [1]
    .text            ro code  0x00020cd0    0x3ec  timer_lpt.o [3]
    .text            ro code  0x000210bc     0x7c  timer_lpt_kinetis.o [3]
    .text            ro code  0x00021138     0x22  I64Shl.o [8]
    .text            ro code  0x0002115c   0x12f0  ftpd_cmd.o [9]
    .text            ro code  0x0002244c     0x24  ftpd_cmd.o [9]
    .text            ro code  0x00022470      0x4  strpbrk.o [4]
    .text            ro code  0x00022474     0x18  rtcsmsec.o [9]
    .text            ro code  0x0002248c     0x20  io_ftell.o [7]
    .text            ro code  0x000224ac     0x22  strpbrk.o [4]
    .text            ro code  0x000224ce     0x1a  ti_elaps.o [7]
    .text            ro code  0x000224e8     0x40  ti_elapt.o [7]
    .text            ro code  0x00022528    0x3be  ip-e.o [9]
    .text            ro code  0x000228e8    0x82c  arp.o [9]
    .text            ro code  0x00023114     0x94  enopen.o [3]
    .text            ro code  0x000231a8     0x82  enclose.o [3]
    .text            ro code  0x0002322c     0xdc  rtcsrand.o [9]
    .text            ro code  0x00023308    0x496  rtcspcb.o [9]
    .text            ro code  0x0002379e    0x162  ensend.o [3]
    .text            ro code  0x00023900    0x24c  iputil.o [9]
    .text            ro code  0x00023b4c      0x4  proxyarp.o [9]
    .text            ro code  0x00023b50     0x3c  lws_poll.o [7]
    .text            ro code  0x00023b8c    0x24c  ipradix.o [9]
    .text            ro code  0x00023dd8     0x94  sh_cmdlist.o [11]
    .text            ro code  0x00023e6c    0x1f0  sh_copy.o [11]
    .text            ro code  0x0002405c    0x118  sh_create.o [11]
    .text            ro code  0x00024174    0x11c  sh_del.o [11]
    .text            ro code  0x00024290    0x108  sh_df.o [11]
    .text            ro code  0x00024398    0x154  sh_dir.o [11]
    .text            ro code  0x000244ec    0x1bc  sh_disect.o [11]
    .text            ro code  0x000246a8     0x68  sh_exit.o [11]
    .text            ro code  0x00024710    0x17c  sh_format.o [11]
    .text            ro code  0x0002488c    0x108  sh_help.o [11]
    .text            ro code  0x00024994    0x22c  sh_read.o [11]
    .text            ro code  0x00024bc0     0x40  io_fputc.o [7]
    .text            ro code  0x00024c00    0x188  sh_rename.o [11]
    .text            ro code  0x00024d88    0x12c  sh_rmdir.o [11]
    .text            ro code  0x00024eb4     0xd8  sh_sh.o [11]
    .text            ro code  0x00024f8c    0x130  sh_type.o [11]
    .text            ro code  0x000250bc    0x250  sh_write.o [11]
    .text            ro code  0x0002530c    0xa94  khci.o [12]
    .text            ro code  0x00025da0     0x92  lwmsgq.o [7]
    .text            ro code  0x00025e34    0x138  lwmsgq_recv.o [7]
    .text            ro code  0x00025f6c     0x70  ta_creab.o [7]
    .text            ro code  0x00025fdc    0x128  lwmsgq_send.o [7]
    .text            ro code  0x00026104    0x560  usb_host_hub_sm.o [12]
    .text            ro code  0x00026664    0x3ae  usb_host_hub.o [12]
    .text            ro code  0x00026a14    0x59c  sstream.o [9]
    .text            ro code  0x00026fb0    0x9f6  ip.o [9]
    .text            ro code  0x000279a8    0x76c  iproute.o [9]
    .text            ro code  0x00028114     0x86  checksum.o [9]
    .text            ro code  0x0002819a     0x44  ipsum.o [7]
    .text            ro code  0x000281e0    0x680  icmp.o [9]
    .text            ro code  0x00028860     0x22  route.o [9]
    .text            ro code  0x00028884    0x19e  iplocal.o [9]
    .text            ro code  0x00028a24    0x124  tcpip.o [9]
    .text            ro code  0x00028b48     0x16  ms_open.o [7]
    .text            ro code  0x00028b60     0x10  arpinit.o [9]
    .text            ro code  0x00028b70     0x18  bootinit.o [9]
    .text            ro code  0x00028b88     0x32  ms_recv.o [7]
    .text            ro code  0x00028bbc    0x144  ms_openi.o [7]
    .text            ro code  0x00028d00    0x320  ms_recvi.o [7]
    .text            ro code  0x00029020     0xe8  int_unx.o [7]
    .text            ro code  0x00029108    0x3c4  tcp_clos.o [9]
    .text            ro code  0x000294cc    0x792  tcp_rcv.o [9]
    .text            ro code  0x00029c5e    0x3a2  ticker.o [9]
    .text            ro code  0x0002a000   0x16e2  tcp.o [9]
    .text            ro code  0x0002b6e2    0x12c  sosel1.o [9]
    .text            ro code  0x0002b810    0xfa8  tcp_send.o [9]
    .text            ro code  0x0002c7b8    0x412  tcp_buf.o [9]
    .text            ro code  0x0002cbcc     0x18  ti_getr.o [7]
    .text            ro code  0x0002cbe4    0x464  macnet_init.o [3]
    .text            ro code  0x0002d048     0x1c  macnet_mk60.o [3]
    .text            ro code  0x0002d064    0x49e  macnet_receive.o [3]
    .text            ro code  0x0002d504    0x1d4  macnet_util.o [3]
    .text            ro code  0x0002d6d8    0x11a  enrecv.o [3]
    .text            ro code  0x0002d7f4     0x64  int_gisr.o [7]
    .text            ro code  0x0002d858    0x1e2  ta_dest.o [7]
    .text            ro code  0x0002da3c     0x6c  lwm_list.o [7]
    .text            ro code  0x0002daa8      0x2  stack_de.o [7]
    .text            ro code  0x0002daac     0x34  int_isr.o [7]
    .text            ro code  0x0002dae0     0x10  td_serrt.o [7]
    .text            ro code  0x0002daf0     0x40  idletask.o [7]
    .text            ro code  0x0002db30     0x60  ev_tdel.o [7]
    .text            ro code  0x0002db90     0x88  macnet_join.o [3]
    .text            ro code  0x0002dc18     0xe8  macnet_mii.o [3]
    .text            ro code  0x0002dd00     0x4c  macnet_stop.o [3]
    .text            ro code  0x0002dd4c     0x24  ta_exit.o [7]
    .text            ro code  0x0002dd70    0x31c  udp.o [9]
    .text            ro code  0x0002e08c    0x4fc  flash_ftfl.o [3]
    .text            ro code  0x0002e588     0x24  flash_mk60.o [3]
    .text            ro code  0x0002e5ac     0xd8  ms_tdel.o [7]
    .text            ro code  0x0002e684     0x98  pa_tdel.o [7]
    .text            ro code  0x0002e71c    0x104  soip.o [9]
    .text            ro code  0x0002e820    0x1ba  ipif_add.o [9]
    .text            ro code  0x0002e9da    0x178  phy_ks8721bl.o [3]
    .text            ro code  0x0002eb52    0x2ba  macnet_send.o [3]
  KERNEL             ro code  0x0002ee10    0x218  dispatch.o [7]
  .iar.init_table    const    0x0002f028     0x38  - Linker created -
  .rodata            const    0x0002f060      0x8  DSPSPI.o [1]
  .rodata            const    0x0002f068     0x1c  DSPSPI.o [1]
  .rodata            const    0x0002f084     0x24  DSPSPI.o [1]
  .rodata            const    0x0002f0a8     0x24  DSPSPI.o [1]
  .rodata            const    0x0002f0cc     0x24  DSPSPI.o [1]
  .rodata            const    0x0002f0f0     0x10  DSPSPI.o [1]
  .rodata            const    0x0002f100     0x1c  DSPSPI.o [1]
  .rodata            const    0x0002f11c     0x18  DSPSPI.o [1]
  .rodata            const    0x0002f134     0x1c  DSPSPI.o [1]
  .rodata            const    0x0002f150     0x18  DSPSPI.o [1]
  .rodata            const    0x0002f168      0x8  FTP_Task.o [1]
  .rodata            const    0x0002f170      0x8  FTP_Task.o [1]
  .rodata            const    0x0002f178      0x8  FTP_Task.o [1]
  .rodata            const    0x0002f180      0x4  FTP_Task.o [1]
  .rodata            const    0x0002f184      0x8  FTP_Task.o [1]
  .rodata            const    0x0002f18c      0x8  FTP_Task.o [1]
  .rodata            const    0x0002f194      0x8  FTP_Task.o [1]
  .rodata            const    0x0002f19c      0x8  FTP_Task.o [1]
  .rodata            const    0x0002f1a4      0x4  FTP_Task.o [1]
  .rodata            const    0x0002f1a8      0x8  FTP_Task.o [1]
  .rodata            const    0x0002f1b0      0x8  FTP_Task.o [1]
  .rodata            const    0x0002f1b8      0x8  FTP_Task.o [1]
  .rodata            const    0x0002f1c0      0x8  FTP_Task.o [1]
  .rodata            const    0x0002f1c8      0x8  FTP_Task.o [1]
  .rodata            const    0x0002f1d0      0x8  FTP_Task.o [1]
  .rodata            const    0x0002f1d8      0x4  FTP_Task.o [1]
  .rodata            const    0x0002f1dc      0x8  FTP_Task.o [1]
  .rodata            const    0x0002f1e4      0x8  FTP_Task.o [1]
  .rodata            const    0x0002f1ec      0x8  FTP_Task.o [1]
  .rodata            const    0x0002f1f4      0x8  FTP_Task.o [1]
  .rodata            const    0x0002f1fc      0x8  FTP_Task.o [1]
  .rodata            const    0x0002f204      0x4  FTP_Task.o [1]
  .rodata            const    0x0002f208      0x8  FTP_Task.o [1]
  .rodata            const    0x0002f210      0x8  FTP_Task.o [1]
  .rodata            const    0x0002f218      0x8  FTP_Task.o [1]
  .rodata            const    0x0002f220      0x8  FTP_Task.o [1]
  .rodata            const    0x0002f228      0x8  FTP_Task.o [1]
  .rodata            const    0x0002f230      0x8  FTP_Task.o [1]
  .rodata            const    0x0002f238      0x8  FTP_Task.o [1]
  .rodata            const    0x0002f240      0x8  FTP_Task.o [1]
  .rodata            const    0x0002f248      0x8  FTP_Task.o [1]
  .rodata            const    0x0002f250     0x24  FTP_Task.o [1]
  .rodata            const    0x0002f274     0x24  FTP_Task.o [1]
  .rodata            const    0x0002f298     0x24  FTP_Task.o [1]
  .rodata            const    0x0002f2bc     0x14  FTP_Task.o [1]
  .rodata            const    0x0002f2d0      0xc  FTP_Task.o [1]
  .rodata            const    0x0002f2dc    0x100  FTP_Task.o [1]
  .rodata            const    0x0002f3dc      0x8  LCDDriver.o [1]
  .rodata            const    0x0002f3e4      0x8  LCDUart.o [1]
  .rodata            const    0x0002f3ec      0xc  LCDUart.o [1]
  .rodata            const    0x0002f3f8     0x28  LCDUart.o [1]
  .rodata            const    0x0002f420     0x24  LCDUart.o [1]
  .rodata            const    0x0002f444     0x24  LCDUart.o [1]
  .rodata            const    0x0002f468     0x1c  LCDUart.o [1]
  .rodata            const    0x0002f484     0x10  LCDUart.o [1]
  .rodata            const    0x0002f494     0x1c  LCDUart.o [1]
  .rodata            const    0x0002f4b0     0x18  LCDUart.o [1]
  .rodata            const    0x0002f4c8      0xc  MenuView.o [1]
  .rodata            const    0x0002f4d4     0x10  MenuView.o [1]
  .rodata            const    0x0002f4e4     0x10  MenuView.o [1]
  .rodata            const    0x0002f4f4     0x14  MenuView.o [1]
  .rodata            const    0x0002f508     0x14  MenuView.o [1]
  .rodata            const    0x0002f51c     0x38  MenuView.o [1]
  .rodata            const    0x0002f554      0x4  MenuView.o [1]
  .rodata            const    0x0002f558      0x8  MenuView.o [1]
  .rodata            const    0x0002f560     0x24  MenuView.o [1]
  .rodata            const    0x0002f584     0x48  MenuView.o [1]
  .rodata            const    0x0002f5cc      0x8  MenuView.o [1]
  .rodata            const    0x0002f5d4      0x8  MenuView.o [1]
  .rodata            const    0x0002f5dc      0xc  MenuView.o [1]
  .rodata            const    0x0002f5e8      0x8  MenuView.o [1]
  .rodata            const    0x0002f5f0     0x10  MenuView.o [1]
  .rodata            const    0x0002f600      0x8  MenuView.o [1]
  .rodata            const    0x0002f608      0x8  MenuView.o [1]
  .rodata            const    0x0002f610     0x2c  MenuView.o [1]
  .rodata            const    0x0002f63c     0x58  MenuView.o [1]
  .rodata            const    0x0002f694     0x10  MenuView.o [1]
  .rodata            const    0x0002f6a4     0x10  MenuView.o [1]
  .rodata            const    0x0002f6b4      0xc  MenuView.o [1]
  .rodata            const    0x0002f6c0      0x8  MenuView.o [1]
  .rodata            const    0x0002f6c8     0x10  MenuView.o [1]
  .rodata            const    0x0002f6d8      0x8  MenuView.o [1]
  .rodata            const    0x0002f6e0      0x8  MenuView.o [1]
  .rodata            const    0x0002f6e8      0x8  MenuView.o [1]
  .rodata            const    0x0002f6f0      0xc  MenuView.o [1]
  .rodata            const    0x0002f6fc      0xc  MenuView.o [1]
  .rodata            const    0x0002f708      0xc  MenuView.o [1]
  .rodata            const    0x0002f714      0xc  MenuView.o [1]
  .rodata            const    0x0002f720      0x8  MenuView.o [1]
  .rodata            const    0x0002f728      0x8  MenuView.o [1]
  .rodata            const    0x0002f730      0x4  Shell_Task.o [1]
  .rodata            const    0x0002f734      0x8  Shell_Task.o [1]
  .rodata            const    0x0002f73c      0x8  Shell_Task.o [1]
  .rodata            const    0x0002f744      0x4  Shell_Task.o [1]
  .rodata            const    0x0002f748      0x8  Shell_Task.o [1]
  .rodata            const    0x0002f750      0x4  Shell_Task.o [1]
  .rodata            const    0x0002f754      0x4  Shell_Task.o [1]
  .rodata            const    0x0002f758      0x8  Shell_Task.o [1]
  .rodata            const    0x0002f760      0x8  Shell_Task.o [1]
  .rodata            const    0x0002f768      0x8  Shell_Task.o [1]
  .rodata            const    0x0002f770      0x8  Shell_Task.o [1]
  .rodata            const    0x0002f778      0x4  Shell_Task.o [1]
  .rodata            const    0x0002f77c      0x8  Shell_Task.o [1]
  .rodata            const    0x0002f784      0x4  Shell_Task.o [1]
  .rodata            const    0x0002f788      0x8  Shell_Task.o [1]
  .rodata            const    0x0002f790      0x4  Shell_Task.o [1]
  .rodata            const    0x0002f794      0x8  Shell_Task.o [1]
  .rodata            const    0x0002f79c      0x8  Shell_Task.o [1]
  .rodata            const    0x0002f7a4      0x8  Shell_Task.o [1]
  .rodata            const    0x0002f7ac      0x8  Shell_Task.o [1]
  .rodata            const    0x0002f7b4     0x28  Shell_Task.o [1]
  .rodata            const    0x0002f7dc     0x24  Shell_Task.o [1]
  .rodata            const    0x0002f800     0x24  Shell_Task.o [1]
  .rodata            const    0x0002f824     0x20  Shell_Task.o [1]
  .rodata            const    0x0002f844     0xb0  Shell_Task.o [1]
  .rodata            const    0x0002f8f4     0x1c  USB_File.o [1]
  .rodata            const    0x0002f910     0x4c  USB_File.o [1]
  .rodata            const    0x0002f95c     0x34  USB_File.o [1]
  .rodata            const    0x0002f990     0x24  USB_File.o [1]
  .rodata            const    0x0002f9b4     0x20  USB_File.o [1]
  .rodata            const    0x0002f9d4     0x20  USB_File.o [1]
  .rodata            const    0x0002f9f4     0x24  USB_File.o [1]
  .rodata            const    0x0002fa18     0x24  USB_File.o [1]
  .rodata            const    0x0002fa3c     0x2c  USB_File.o [1]
  .rodata            const    0x0002fa68     0x24  USB_File.o [1]
  .rodata            const    0x0002fa8c     0x20  USB_File.o [1]
  .rodata            const    0x0002faac     0x1c  USB_File.o [1]
  .rodata            const    0x0002fac8     0x18  USB_File.o [1]
  .rodata            const    0x0002fae0     0x2c  USB_File.o [1]
  .rodata            const    0x0002fb0c     0x14  USB_File.o [1]
  .rodata            const    0x0002fb20     0x24  USB_File.o [1]
  .rodata            const    0x0002fb44     0x18  USB_File.o [1]
  .rodata            const    0x0002fb5c     0x28  USB_File.o [1]
  .rodata            const    0x0002fb84     0x18  USB_File.o [1]
  .rodata            const    0x0002fb9c     0x2c  USB_File.o [1]
  .rodata            const    0x0002fbc8     0x18  USB_File.o [1]
  .rodata            const    0x0002fbe0     0x30  USB_File.o [1]
  .rodata            const    0x0002fc10     0x14  USB_File.o [1]
  .rodata            const    0x0002fc24     0x1c  USB_File.o [1]
  .rodata            const    0x0002fc40     0x18  USB_File.o [1]
  .rodata            const    0x0002fc58     0x24  USB_Task.o [1]
  .rodata            const    0x0002fc7c     0x24  USB_Task.o [1]
  .rodata            const    0x0002fca0     0x24  USB_Task.o [1]
  .rodata            const    0x0002fcc4      0x8  USB_Task.o [1]
  .rodata            const    0x0002fccc      0x8  USB_Task.o [1]
  .rodata            const    0x0002fcd4     0x30  USB_Task.o [1]
  .rodata            const    0x0002fd04      0x4  mem_flash.o [1]
  .rodata            const    0x0002fd08      0x8  mem_flash.o [1]
  .rodata            const    0x0002fd10     0x14  mem_flash.o [1]
  .rodata            const    0x0002fd24      0x8  mem_flash.o [1]
  .rodata            const    0x0002fd2c     0x18  mem_flash.o [1]
  .rodata            const    0x0002fd44     0x18  mem_flash.o [1]
  .rodata            const    0x0002fd5c     0x28  mem_flash.o [1]
  .rodata            const    0x0002fd84     0x28  mem_flash.o [1]
  .rodata            const    0x0002fdac     0x1c  mem_flash.o [1]
  .rodata            const    0x0002fdc8     0x20  mem_flash.o [1]
  .rodata            const    0x0002fde8     0x30  mem_flash.o [1]
  .rodata            const    0x0002fe18     0x1c  mem_flash.o [1]
  .rodata            const    0x0002fe34      0xc  pin2.o [1]
  .rodata            const    0x0002fe40      0xc  pin2.o [1]
  .rodata            const    0x0002fe4c      0x8  pin2.o [1]
  .rodata            const    0x0002fe54     0x28  sh_cd.o [1]
  .rodata            const    0x0002fe7c     0x2c  sh_cd.o [1]
  .rodata            const    0x0002fea8     0x1c  sh_cd.o [1]
  .rodata            const    0x0002fec4     0x20  sh_cd.o [1]
  .rodata            const    0x0002fee4     0x14  sh_cd.o [1]
  .rodata            const    0x0002fef8     0x18  sh_cd.o [1]
  .rodata            const    0x0002ff10     0x34  sh_cd.o [1]
  .rodata            const    0x0002ff44     0x28  tcpip_socket_task.o [1]
  .rodata            const    0x0002ff6c     0x2c  tcpip_socket_task.o [1]
  .rodata            const    0x0002ff98     0x1c  tcpip_socket_task.o [1]
  .rodata            const    0x0002ffb4     0x28  tcpip_socket_task.o [1]
  .rodata            const    0x0002ffdc     0x20  tcpip_socket_task.o [1]
  .rodata            const    0x0002fffc     0x14  tcpip_socket_task.o [1]
  .rodata            const    0x00030010      0x8  tcpip_socket_task.o [1]
  .rodata            const    0x00030018     0x24  tcpip_socket_task.o [1]
  .rodata            const    0x0003003c     0x10  yada_prj.o [1]
  .rodata            const    0x0003004c      0xc  yada_prj.o [1]
  .rodata            const    0x00030058      0xc  yada_prj.o [1]
  .rodata            const    0x00030064     0x10  yada_prj.o [1]
  .rodata            const    0x00030074      0xc  yada_prj.o [1]
  .rodata            const    0x00030080      0xc  yada_prj.o [1]
  .rodata            const    0x0003008c     0x10  yada_prj.o [1]
  .rodata            const    0x0003009c      0xc  yada_prj.o [1]
  .rodata            const    0x000300a8      0xc  yada_prj.o [1]
  .rodata            const    0x000300b4      0xc  yada_prj.o [1]
  .rodata            const    0x000300c0     0x20  yada_prj.o [1]
  .rodata            const    0x000300e0     0x24  yada_prj.o [1]
  .rodata            const    0x00030104     0x24  yada_prj.o [1]
  .rodata            const    0x00030128     0x24  yada_prj.o [1]
  .rodata            const    0x0003014c      0x8  yada_prj.o [1]
  .rodata            const    0x00030154      0x8  yada_prj.o [1]
  .rodata            const    0x0003015c      0x8  yada_prj.o [1]
  .rodata            const    0x00030164      0x8  yada_prj.o [1]
  .rodata            const    0x0003016c      0x8  yada_prj.o [1]
  .rodata            const    0x00030174      0xc  yada_prj.o [1]
  .rodata            const    0x00030180    0x140  yada_prj.o [1]
  .rodata            const    0x000302c0      0x4  ftpd_cmd.o [9]
  .rodata            const    0x000302c4     0x10  ftpd_cmd.o [9]
  .rodata            const    0x000302d4      0x8  ftpd_cmd.o [9]
  .rodata            const    0x000302dc      0xc  ftpd_cmd.o [9]
  .rodata            const    0x000302e8     0x14  ftpd_cmd.o [9]
  .rodata            const    0x000302fc      0x8  ftpd_cmd.o [9]
  .rodata            const    0x00030304     0x20  ftpd_cmd.o [9]
  .rodata            const    0x00030324     0x24  ftpd_cmd.o [9]
  .rodata            const    0x00030348     0x20  ftpd_cmd.o [9]
  .rodata            const    0x00030368     0x30  ftpd_cmd.o [9]
  .rodata            const    0x00030398     0x28  ftpd_cmd.o [9]
  .rodata            const    0x000303c0     0x24  ftpd_cmd.o [9]
  .rodata            const    0x000303e4     0x1c  ftpd_cmd.o [9]
  .rodata            const    0x00030400      0x4  ftpd.o [9]
  .rodata            const    0x00030404      0x8  ftpd.o [9]
  .rodata            const    0x0003040c      0xc  ip-e.o [9]
  .rodata            const    0x00030418      0x4  ip-e.o [9]
  .rodata            const    0x0003041c      0x8  rtcscmd.o [9]
  .rodata            const    0x00030424     0x28  sh_mkdir.o [11]
  .rodata            const    0x0003044c     0x2c  sh_mkdir.o [11]
  .rodata            const    0x00030478     0x20  sh_mkdir.o [11]
  .rodata            const    0x00030498     0x20  sh_mkdir.o [11]
  .rodata            const    0x000304b8     0x14  sh_mkdir.o [11]
  .rodata            const    0x000304cc     0x18  sh_mkdir.o [11]
  .rodata            const    0x000304e4     0x30  sh_mkdir.o [11]
  .rodata            const    0x00030514     0x28  sh_pwd.o [11]
  .rodata            const    0x0003053c     0x20  sh_pwd.o [11]
  .rodata            const    0x0003055c      0x8  sh_pwd.o [11]
  .rodata            const    0x00030564      0x8  sh_pwd.o [11]
  .rodata            const    0x0003056c      0xc  sh_pwd.o [11]
  .rodata            const    0x00030578     0x28  sh_read_wk.o [11]
  .rodata            const    0x000305a0     0x18  sh_read_wk.o [11]
  .rodata            const    0x000305b8     0x20  sh_read_wk.o [11]
  .rodata            const    0x000305d8      0x8  sh_read_wk.o [11]
  .rodata            const    0x000305e0      0x8  sh_read_wk.o [11]
  .rodata            const    0x000305e8     0x1c  sh_read_wk.o [11]
  .rodata            const    0x00030604     0x1c  sh_read_wk.o [11]
  .rodata            const    0x00030620     0x2c  sh_read_wk.o [11]
  .rodata            const    0x0003064c     0x14  sh_read_wk.o [11]
  .rodata            const    0x00030660      0x8  sh_read_wk.o [11]
  .rodata            const    0x00030668     0x20  sh_read_wk.o [11]
  .rodata            const    0x00030688     0x20  sh_read_wk.o [11]
  .rodata            const    0x000306a8     0x30  sh_read_wk.o [11]
  .rodata            const    0x000306d8     0x38  sh_read_wk.o [11]
  .rodata            const    0x00030710     0x28  sh_read_wk.o [11]
  .rodata            const    0x00030738     0x2c  sh_read_wk.o [11]
  .rodata            const    0x00030764     0x34  sh_read_wk.o [11]
  .rodata            const    0x00030798     0x20  sh_read_wk.o [11]
  .rodata            const    0x000307b8     0x28  sh_search_file_1.o [11]
  .rodata            const    0x000307e0     0x20  sh_search_file_1.o [11]
  .rodata            const    0x00030800     0x14  sh_search_file_1.o [11]
  .rodata            const    0x00030814     0x14  sh_search_file_1.o [11]
  .rodata            const    0x00030828     0x20  sh_search_file_1.o [11]
  .rodata            const    0x00030848     0x24  sh_search_file_1.o [11]
  .rodata            const    0x0003086c     0x24  sh_search_file_1.o [11]
  .rodata            const    0x00030890     0x14  sh_search_file_1.o [11]
  .rodata            const    0x000308a4     0x24  sh_search_file_1.o [11]
  .rodata            const    0x000308c8     0x30  sh_search_file_1.o [11]
  .rodata            const    0x000308f8      0x8  sh_search_file_1.o [11]
  .rodata            const    0x00030900      0x8  sh_update.o [11]
  .rodata            const    0x00030908     0x24  sh_update.o [11]
  .rodata            const    0x0003092c     0x28  sh_update.o [11]
  .rodata            const    0x00030954     0x28  sh_update.o [11]
  .rodata            const    0x0003097c     0x1c  sh_update.o [11]
  .rodata            const    0x00030998     0x28  sh_write_binary.o [11]
  .rodata            const    0x000309c0     0x20  sh_write_binary.o [11]
  .rodata            const    0x000309e0      0x8  sh_write_binary.o [11]
  .rodata            const    0x000309e8      0x8  sh_write_binary.o [11]
  .rodata            const    0x000309f0     0x1c  sh_write_binary.o [11]
  .rodata            const    0x00030a0c     0x1c  sh_write_binary.o [11]
  .rodata            const    0x00030a28     0x2c  sh_write_binary.o [11]
  .rodata            const    0x00030a54     0x20  sh_write_binary.o [11]
  .rodata            const    0x00030a74     0x20  sh_write_binary.o [11]
  .rodata            const    0x00030a94     0x38  sh_write_binary.o [11]
  .rodata            const    0x00030acc     0x3c  sh_write_binary.o [11]
  .rodata            const    0x00030b08     0x28  sh_write_binary.o [11]
  .rodata            const    0x00030b30     0x2c  sh_write_binary.o [11]
  .rodata            const    0x00030b5c     0x34  sh_write_binary.o [11]
  .rodata            const    0x00030b90     0x20  sh_write_binary.o [11]
  .rodata            const    0x00030bb0     0x1c  sh_write_binary.o [11]
  .rodata            const    0x00030bcc     0x10  mfs_misc.o [6]
  .rodata            const    0x00030bdc     0x1c  mfs_misc.o [6]
  .rodata            const    0x00030bf8     0x14  mfs_misc.o [6]
  .rodata            const    0x00030c0c     0x14  mfs_misc.o [6]
  .rodata            const    0x00030c20     0x14  mfs_misc.o [6]
  .rodata            const    0x00030c34     0x14  mfs_misc.o [6]
  .rodata            const    0x00030c48     0x18  mfs_misc.o [6]
  .rodata            const    0x00030c60     0x24  mfs_misc.o [6]
  .rodata            const    0x00030c84     0x24  mfs_misc.o [6]
  .rodata            const    0x00030ca8     0x1c  mfs_misc.o [6]
  .rodata            const    0x00030cc4     0x14  mfs_misc.o [6]
  .rodata            const    0x00030cd8     0x28  mfs_misc.o [6]
  .rodata            const    0x00030d00     0x14  mfs_misc.o [6]
  .rodata            const    0x00030d14     0x18  mfs_misc.o [6]
  .rodata            const    0x00030d2c     0x10  mfs_misc.o [6]
  .rodata            const    0x00030d3c     0x10  mfs_misc.o [6]
  .rodata            const    0x00030d4c     0x18  mfs_misc.o [6]
  .rodata            const    0x00030d64     0x10  mfs_misc.o [6]
  .rodata            const    0x00030d74     0x18  mfs_misc.o [6]
  .rodata            const    0x00030d8c     0x18  mfs_misc.o [6]
  .rodata            const    0x00030da4     0x10  mfs_misc.o [6]
  .rodata            const    0x00030db4     0x14  mfs_misc.o [6]
  .rodata            const    0x00030dc8      0x8  mfs_misc.o [6]
  .rodata            const    0x00030dd0     0x1c  mfs_misc.o [6]
  .rodata            const    0x00030dec     0x14  mfs_misc.o [6]
  .rodata            const    0x00030e00     0x1c  mfs_misc.o [6]
  .rodata            const    0x00030e1c     0x1c  mfs_misc.o [6]
  .rodata            const    0x00030e38     0x18  mfs_misc.o [6]
  .rodata            const    0x00030e50     0x20  mfs_misc.o [6]
  .rodata            const    0x00030e70     0x10  mfs_misc.o [6]
  .rodata            const    0x00030e80     0x14  mfs_misc.o [6]
  .rodata            const    0x00030e94     0x1c  mfs_misc.o [6]
  .rodata            const    0x00030eb0     0x1c  mfs_misc.o [6]
  .rodata            const    0x00030ecc     0x14  mfs_misc.o [6]
  .rodata            const    0x00030ee0     0x18  mfs_misc.o [6]
  .rodata            const    0x00030ef8     0x14  mfs_misc.o [6]
  .rodata            const    0x00030f0c     0x14  mfs_misc.o [6]
  .rodata            const    0x00030f20     0x14  shell.o [11]
  .rodata            const    0x00030f34      0xc  shell.o [11]
  .rodata            const    0x00030f40     0x30  shell.o [11]
  .rodata            const    0x00030f70      0xc  shell.o [11]
  .rodata            const    0x00030f7c      0x8  shell.o [11]
  .rodata            const    0x00030f84     0x38  shell.o [11]
  .rodata            const    0x00030fbc     0x14  shell.o [11]
  .rodata            const    0x00030fd0      0x8  sh_cmdlist.o [11]
  .rodata            const    0x00030fd8      0xc  sh_cmdlist.o [11]
  .rodata            const    0x00030fe4     0x28  sh_copy.o [11]
  .rodata            const    0x0003100c     0x20  sh_copy.o [11]
  .rodata            const    0x0003102c     0x2c  sh_copy.o [11]
  .rodata            const    0x00031058     0x24  sh_copy.o [11]
  .rodata            const    0x0003107c     0x2c  sh_copy.o [11]
  .rodata            const    0x000310a8     0x40  sh_copy.o [11]
  .rodata            const    0x000310e8     0x18  sh_copy.o [11]
  .rodata            const    0x00031100     0x1c  sh_copy.o [11]
  .rodata            const    0x0003111c     0x24  sh_copy.o [11]
  .rodata            const    0x00031140     0x20  sh_copy.o [11]
  .rodata            const    0x00031160     0x28  sh_create.o [11]
  .rodata            const    0x00031188     0x20  sh_create.o [11]
  .rodata            const    0x000311a8     0x2c  sh_create.o [11]
  .rodata            const    0x000311d4     0x20  sh_create.o [11]
  .rodata            const    0x000311f4     0x1c  sh_create.o [11]
  .rodata            const    0x00031210     0x20  sh_create.o [11]
  .rodata            const    0x00031230     0x28  sh_create.o [11]
  .rodata            const    0x00031258     0x20  sh_create.o [11]
  .rodata            const    0x00031278     0x28  sh_del.o [11]
  .rodata            const    0x000312a0     0x20  sh_del.o [11]
  .rodata            const    0x000312c0     0x2c  sh_del.o [11]
  .rodata            const    0x000312ec     0x18  sh_del.o [11]
  .rodata            const    0x00031304      0xc  sh_del.o [11]
  .rodata            const    0x00031310     0x14  sh_del.o [11]
  .rodata            const    0x00031324     0x24  sh_del.o [11]
  .rodata            const    0x00031348     0x28  sh_df.o [11]
  .rodata            const    0x00031370     0x14  sh_df.o [11]
  .rodata            const    0x00031384     0x18  sh_df.o [11]
  .rodata            const    0x0003139c     0x38  sh_df.o [11]
  .rodata            const    0x000313d4     0x20  sh_df.o [11]
  .rodata            const    0x000313f4     0x18  sh_df.o [11]
  .rodata            const    0x0003140c     0x20  sh_df.o [11]
  .rodata            const    0x0003142c      0x8  sh_df.o [11]
  .rodata            const    0x00031434     0x28  sh_dir.o [11]
  .rodata            const    0x0003145c     0x20  sh_dir.o [11]
  .rodata            const    0x0003147c     0x14  sh_dir.o [11]
  .rodata            const    0x00031490     0x24  sh_dir.o [11]
  .rodata            const    0x000314b4     0x24  sh_dir.o [11]
  .rodata            const    0x000314d8     0x1c  sh_dir.o [11]
  .rodata            const    0x000314f4     0x24  sh_dir.o [11]
  .rodata            const    0x00031518     0x24  sh_dir.o [11]
  .rodata            const    0x0003153c     0x30  sh_dir.o [11]
  .rodata            const    0x0003156c     0x28  sh_disect.o [11]
  .rodata            const    0x00031594     0x18  sh_disect.o [11]
  .rodata            const    0x000315ac     0x20  sh_disect.o [11]
  .rodata            const    0x000315cc     0x28  sh_disect.o [11]
  .rodata            const    0x000315f4     0x24  sh_disect.o [11]
  .rodata            const    0x00031618     0x10  sh_disect.o [11]
  .rodata            const    0x00031628      0x8  sh_disect.o [11]
  .rodata            const    0x00031630     0x18  sh_disect.o [11]
  .rodata            const    0x00031648     0x20  sh_disect.o [11]
  .rodata            const    0x00031668     0x24  sh_disect.o [11]
  .rodata            const    0x0003168c     0x24  sh_disect.o [11]
  .rodata            const    0x000316b0      0xc  sh_exit.o [11]
  .rodata            const    0x000316bc      0x8  sh_format.o [11]
  .rodata            const    0x000316c4      0x4  sh_format.o [11]
  .rodata            const    0x000316c8      0x4  sh_format.o [11]
  .rodata            const    0x000316cc      0x4  sh_format.o [11]
  .rodata            const    0x000316d0      0x4  sh_format.o [11]
  .rodata            const    0x000316d4     0x28  sh_format.o [11]
  .rodata            const    0x000316fc     0x24  sh_format.o [11]
  .rodata            const    0x00031720     0x10  sh_format.o [11]
  .rodata            const    0x00031730     0x20  sh_format.o [11]
  .rodata            const    0x00031750     0x2c  sh_format.o [11]
  .rodata            const    0x0003177c      0x8  sh_format.o [11]
  .rodata            const    0x00031784     0x20  sh_format.o [11]
  .rodata            const    0x000317a4     0x28  sh_format.o [11]
  .rodata            const    0x000317cc     0x40  sh_format.o [11]
  .rodata            const    0x0003180c     0x34  sh_format.o [11]
  .rodata            const    0x00031840     0x14  sh_format.o [11]
  .rodata            const    0x00031854      0x8  sh_help.o [11]
  .rodata            const    0x0003185c      0x8  sh_help.o [11]
  .rodata            const    0x00031864     0x18  sh_help.o [11]
  .rodata            const    0x0003187c      0x8  sh_help.o [11]
  .rodata            const    0x00031884     0x28  sh_help.o [11]
  .rodata            const    0x000318ac     0x10  sh_help.o [11]
  .rodata            const    0x000318bc     0x18  sh_help.o [11]
  .rodata            const    0x000318d4     0x28  sh_help.o [11]
  .rodata            const    0x000318fc     0x28  sh_read.o [11]
  .rodata            const    0x00031924     0x18  sh_read.o [11]
  .rodata            const    0x0003193c     0x20  sh_read.o [11]
  .rodata            const    0x0003195c      0x8  sh_read.o [11]
  .rodata            const    0x00031964      0x8  sh_read.o [11]
  .rodata            const    0x0003196c     0x1c  sh_read.o [11]
  .rodata            const    0x00031988     0x1c  sh_read.o [11]
  .rodata            const    0x000319a4     0x2c  sh_read.o [11]
  .rodata            const    0x000319d0     0x14  sh_read.o [11]
  .rodata            const    0x000319e4      0x8  sh_read.o [11]
  .rodata            const    0x000319ec     0x20  sh_read.o [11]
  .rodata            const    0x00031a0c     0x20  sh_read.o [11]
  .rodata            const    0x00031a2c     0x30  sh_read.o [11]
  .rodata            const    0x00031a5c     0x38  sh_read.o [11]
  .rodata            const    0x00031a94     0x28  sh_read.o [11]
  .rodata            const    0x00031abc     0x2c  sh_read.o [11]
  .rodata            const    0x00031ae8     0x34  sh_read.o [11]
  .rodata            const    0x00031b1c     0x20  sh_read.o [11]
  .rodata            const    0x00031b3c     0x28  sh_rename.o [11]
  .rodata            const    0x00031b64     0x2c  sh_rename.o [11]
  .rodata            const    0x00031b90     0x34  sh_rename.o [11]
  .rodata            const    0x00031bc4     0x20  sh_rename.o [11]
  .rodata            const    0x00031be4     0x18  sh_rename.o [11]
  .rodata            const    0x00031bfc     0x1c  sh_rename.o [11]
  .rodata            const    0x00031c18     0x20  sh_rename.o [11]
  .rodata            const    0x00031c38     0x28  sh_rename.o [11]
  .rodata            const    0x00031c60     0x24  sh_rename.o [11]
  .rodata            const    0x00031c84     0x28  sh_rmdir.o [11]
  .rodata            const    0x00031cac     0x2c  sh_rmdir.o [11]
  .rodata            const    0x00031cd8     0x20  sh_rmdir.o [11]
  .rodata            const    0x00031cf8     0x20  sh_rmdir.o [11]
  .rodata            const    0x00031d18     0x14  sh_rmdir.o [11]
  .rodata            const    0x00031d2c     0x14  sh_rmdir.o [11]
  .rodata            const    0x00031d40     0x18  sh_rmdir.o [11]
  .rodata            const    0x00031d58     0x30  sh_rmdir.o [11]
  .rodata            const    0x00031d88     0x28  sh_sh.o [11]
  .rodata            const    0x00031db0     0x20  sh_sh.o [11]
  .rodata            const    0x00031dd0     0x10  sh_sh.o [11]
  .rodata            const    0x00031de0     0x18  sh_sh.o [11]
  .rodata            const    0x00031df8     0x28  sh_sh.o [11]
  .rodata            const    0x00031e20     0x20  sh_type.o [11]
  .rodata            const    0x00031e40     0x2c  sh_type.o [11]
  .rodata            const    0x00031e6c     0x20  sh_type.o [11]
  .rodata            const    0x00031e8c     0x38  sh_type.o [11]
  .rodata            const    0x00031ec4     0x10  sh_type.o [11]
  .rodata            const    0x00031ed4     0x18  sh_type.o [11]
  .rodata            const    0x00031eec     0x28  sh_type.o [11]
  .rodata            const    0x00031f14     0x28  sh_write.o [11]
  .rodata            const    0x00031f3c     0x20  sh_write.o [11]
  .rodata            const    0x00031f5c     0x18  sh_write.o [11]
  .rodata            const    0x00031f74      0x8  sh_write.o [11]
  .rodata            const    0x00031f7c      0x8  sh_write.o [11]
  .rodata            const    0x00031f84     0x1c  sh_write.o [11]
  .rodata            const    0x00031fa0     0x1c  sh_write.o [11]
  .rodata            const    0x00031fbc     0x2c  sh_write.o [11]
  .rodata            const    0x00031fe8     0x20  sh_write.o [11]
  .rodata            const    0x00032008     0x20  sh_write.o [11]
  .rodata            const    0x00032028     0x30  sh_write.o [11]
  .rodata            const    0x00032058     0x38  sh_write.o [11]
  .rodata            const    0x00032090     0x28  sh_write.o [11]
  .rodata            const    0x000320b8     0x2c  sh_write.o [11]
  .rodata            const    0x000320e4     0x34  sh_write.o [11]
  .rodata            const    0x00032118     0x20  sh_write.o [11]
  .rodata            const    0x00032138     0x20  usbmfs.o [12]
  .rodata            const    0x00032158      0xc  khci.o [12]
  .rodata            const    0x00032164     0x38  khci.o [12]
  .rodata            const    0x0003219c     0x50  host_common.o [12]
  .rodata            const    0x000321ec     0x50  usb_mqx.o [12]
  .rodata            const    0x0003223c     0x50  host_main.o [12]
  .rodata            const    0x0003228c      0x8  sh_util.o [11]
  .rodata            const    0x00032294      0x8  sh_util.o [11]
  .rodata            const    0x0003229c     0x3c  sstream.o [9]
  .rodata            const    0x000322d8     0x58  usb_host_hub.o [12]
  .rodata            const    0x00032330     0x5c  usb_host_msd_bo.o [12]
  .rodata            const    0x0003238c     0x10  timer_lpt.o [3]
  .rodata            const    0x0003239c      0xc  timer_lpt.o [3]
  .rodata            const    0x000323a8     0x18  mqx.o [7]
  .rodata            const    0x000323c0      0xc  mqx.o [7]
  .rodata            const    0x000323cc      0x4  mqx.o [7]
  .rodata            const    0x000323d0      0x4  mqx.o [7]
  .rodata            const    0x000323d4     0x14  io_dopr.o [7]
  .rodata            const    0x000323e8     0x14  io_dopr.o [7]
  .rodata            const    0x000323fc      0x8  init_enet.o [3]
  .rodata            const    0x00032404     0x10  init_enet.o [3]
  .rodata            const    0x00032414     0x24  init_enet.o [3]
  .rodata            const    0x00032438      0x8  init_enet.o [3]
  .rodata            const    0x00032440      0x8  sotcp.o [9]
  .rodata            const    0x00032448      0x4  dir_read.o [6]
  .rodata            const    0x0003244c      0x4  dir_read.o [6]
  .rodata            const    0x00032450      0x4  dir_read.o [6]
  .rodata            const    0x00032454      0x4  dir_read.o [6]
  .rodata            const    0x00032458      0x4  dir_read.o [6]
  .rodata            const    0x0003245c      0x4  dir_read.o [6]
  .rodata            const    0x00032460      0x4  dir_read.o [6]
  .rodata            const    0x00032464      0x4  dir_read.o [6]
  .rodata            const    0x00032468      0x4  dir_read.o [6]
  .rodata            const    0x0003246c      0x4  dir_read.o [6]
  .rodata            const    0x00032470      0x4  dir_read.o [6]
  .rodata            const    0x00032474      0x4  dir_read.o [6]
  .rodata            const    0x00032478     0x40  dir_read.o [6]
  .rodata            const    0x000324b8     0x14  dir_read.o [6]
  .rodata            const    0x000324cc     0x10  dir_read.o [6]
  .rodata            const    0x000324dc      0xc  dir_read.o [6]
  .rodata            const    0x000324e8      0xc  dir_read.o [6]
  .rodata            const    0x000324f4      0x8  dir_read.o [6]
  .rodata            const    0x000324fc      0x8  dir_read.o [6]
  .rodata            const    0x00032504     0x30  dir_read.o [6]
  .rodata            const    0x00032534     0x18  ftpd_msg.o [9]
  .rodata            const    0x0003254c     0x1c  ftpd_msg.o [9]
  .rodata            const    0x00032568     0x34  ftpd_msg.o [9]
  .rodata            const    0x0003259c     0x30  ftpd_msg.o [9]
  .rodata            const    0x000325cc     0x10  ftpd_msg.o [9]
  .rodata            const    0x000325dc     0x14  ftpd_msg.o [9]
  .rodata            const    0x000325f0     0x14  ftpd_msg.o [9]
  .rodata            const    0x00032604     0x18  ftpd_msg.o [9]
  .rodata            const    0x0003261c     0x18  ftpd_msg.o [9]
  .rodata            const    0x00032634     0x20  ftpd_msg.o [9]
  .rodata            const    0x00032654     0x18  ftpd_msg.o [9]
  .rodata            const    0x0003266c     0x10  ftpd_msg.o [9]
  .rodata            const    0x0003267c     0x3c  ftpd_msg.o [9]
  .rodata            const    0x000326b8     0x38  ftpd_msg.o [9]
  .rodata            const    0x000326f0     0x30  ftpd_msg.o [9]
  .rodata            const    0x00032720     0x1c  ftpd_msg.o [9]
  .rodata            const    0x0003273c      0xc  ftpd_msg.o [9]
  .rodata            const    0x00032748     0x30  ftpd_msg.o [9]
  .rodata            const    0x00032778     0x30  ftpd_msg.o [9]
  .rodata            const    0x000327a8     0x20  ftpd_msg.o [9]
  .rodata            const    0x000327c8     0x20  ftpd_msg.o [9]
  .rodata            const    0x000327e8     0x1c  ftpd_msg.o [9]
  .rodata            const    0x00032804      0xc  ftpd_msg.o [9]
  .rodata            const    0x00032810     0x14  ftpd_msg.o [9]
  .rodata            const    0x00032824     0x14  ftpd_msg.o [9]
  .rodata            const    0x00032838     0x14  ftpd_msg.o [9]
  .rodata            const    0x0003284c     0x34  ftpd_msg.o [9]
  .rodata            const    0x00032880     0x20  ftpd_msg.o [9]
  .rodata            const    0x000328a0     0x1c  ftpd_msg.o [9]
  .rodata            const    0x000328bc     0x20  ftpd_msg.o [9]
  .rodata            const    0x000328dc     0x38  ftpd_msg.o [9]
  .rodata            const    0x00032914      0x8  soip.o [9]
  .rodata            const    0x0003291c     0x68  ti_rom.o [7]
  .rodata            const    0x00032984    0x20c  ti_rom.o [7]
  .rodata            const    0x00032b90     0x14  mfs_create.o [6]
  .rodata            const    0x00032ba4     0x14  mfs_create.o [6]
  .rodata            const    0x00032bb8     0x14  mfs_format.o [6]
  .rodata            const    0x00032bcc     0x14  mfs_format.o [6]
  .rodata            const    0x00032be0     0x14  mfs_format.o [6]
  .rodata            const    0x00032bf4     0x30  mfs_format.o [6]
  .rodata            const    0x00032c24      0x8  mfs_lfn.o [6]
  .rodata            const    0x00032c2c      0xc  mfs_lfn.o [6]
  .rodata            const    0x00032c38     0x54  host_dev_list.o [12]
  .rodata            const    0x00032c8c     0x24  host_dev_list.o [12]
  .rodata            const    0x00032cb0     0x20  int_unx.o [7]
  .rodata            const    0x00032cd0     0x30  int_unx.o [7]
  .rodata            const    0x00032d00     0x3c  int_unx.o [7]
  .rodata            const    0x00032d3c     0x14  int_unx.o [7]
  .rodata            const    0x00032d50     0x28  int_unx.o [7]
  .rodata            const    0x00032d78     0x50  host_ch9.o [12]
  .rodata            const    0x00032dc8      0x8  host_ch9.o [12]
  .rodata            const    0x00032dd0     0x50  host_rcv.o [12]
  .rodata            const    0x00032e20     0x50  host_snd.o [12]
  .rodata            const    0x00032e70      0x4  timer_lpt_kinetis.o [3]
  .rodata            const    0x00032e74      0x4  timer_lpt_kinetis.o [3]
  .rodata            const    0x00032e78      0x4  timer_lpt_kinetis.o [3]
  .rodata            const    0x00032e7c      0x8  init_bsp.o [3]
  .rodata            const    0x00032e84      0x8  init_bsp.o [3]
  .rodata            const    0x00032e8c      0x8  init_bsp.o [3]
  .rodata            const    0x00032e94      0x8  init_bsp.o [3]
  .rodata            const    0x00032e9c      0x8  init_bsp.o [3]
  .rodata            const    0x00032ea4      0x8  init_bsp.o [3]
  .rodata            const    0x00032eac      0x8  init_bsp.o [3]
  .rodata            const    0x00032eb4      0x8  init_bsp.o [3]
  .rodata            const    0x00032ebc      0x8  init_bsp.o [3]
  .rodata            const    0x00032ec4      0x8  init_bsp.o [3]
  .rodata            const    0x00032ecc      0x8  init_bsp.o [3]
  .rodata            const    0x00032ed4      0x8  init_bsp.o [3]
  .rodata            const    0x00032edc      0x8  init_bsp.o [3]
  .rodata            const    0x00032ee4      0x8  init_bsp.o [3]
  .rodata            const    0x00032eec      0x8  init_bsp.o [3]
  .rodata            const    0x00032ef4      0x8  init_bsp.o [3]
  .rodata            const    0x00032efc      0x8  init_bsp.o [3]
  .rodata            const    0x00032f04      0x8  init_bsp.o [3]
  .rodata            const    0x00032f0c      0x8  init_bsp.o [3]
  .rodata            const    0x00032f14      0x8  init_bsp.o [3]
  .rodata            const    0x00032f1c      0x8  init_bsp.o [3]
  .rodata            const    0x00032f24      0x8  init_bsp.o [3]
  .rodata            const    0x00032f2c      0x8  init_bsp.o [3]
  .rodata            const    0x00032f34      0x8  init_bsp.o [3]
  .rodata            const    0x00032f3c     0x10  mqxiinit.o [7]
  .rodata            const    0x00032f4c     0x20  macnet_init.o [3]
  .rodata            const    0x00032f6c     0x14  phy_ks8721bl.o [3]
  .rodata            const    0x00032f80      0xc  iplocal.o [9]
  .rodata            const    0x00032f8c      0x4  iplocal.o [9]
  .rodata            const    0x00032f90      0xc  rtcsinit.o [9]
  .rodata            const    0x00032f9c     0x1c  init_gpio.o [3]
  .rodata            const    0x00032fb8     0x1c  init_gpio.o [3]
  .rodata            const    0x00032fd4      0x4  init_gpio.o [3]
  .rodata            const    0x00032fd8     0x50  host_close.o [12]
  .rodata            const    0x00033028     0x1c  bsp_cm.o [3]
  .rodata            const    0x00033044     0x78  bsp_cm.o [3]
  .rodata            const    0x000330bc     0x10  init_adc.o [3]
  .rodata            const    0x000330cc     0x18  init_adc.o [3]
  .rodata            const    0x000330e4     0x30  init_spi.o [3]
  .rodata            const    0x00033114     0x30  init_spi.o [3]
  .rodata            const    0x00033144     0x30  init_spi.o [3]
  .rodata            const    0x00033174      0xc  init_esdhc.o [3]
  .rodata            const    0x00033180      0x8  init_flashx.o [3]
  .rodata            const    0x00033188      0x8  init_flashx.o [3]
  .rodata            const    0x00033190     0x30  init_flashx.o [3]
  .rodata            const    0x000331c0     0x20  init_flashx.o [3]
  .rodata            const    0x000331e0     0x14  init_i2c.o [3]
  .rodata            const    0x000331f4     0x20  init_sci.o [3]
  .rodata            const    0x00033214     0x20  init_sci.o [3]
  .rodata            const    0x00033234     0x20  init_sci.o [3]
  .rodata            const    0x00033254     0x20  init_sci.o [3]
  .rodata            const    0x00033274     0x20  init_sci.o [3]
  .rodata            const    0x00033294     0x20  init_sci.o [3]
  .rodata            const    0x000332b4     0x1c  spi_dma_dspi.o [3]
  .rodata            const    0x000332d0     0x10  spi_dma_dspi.o [3]
  .rodata            const    0x000332e0     0x40  spi_dma_dspi.o [3]
  .rodata            const    0x00033320     0x10  spi_pol_dspi.o [3]
  .rodata            const    0x00033330     0x40  spi_pol_dspi.o [3]
  .rodata            const    0x00033370     0x10  spi_pol_dspi.o [3]
  .rodata            const    0x00033380    0x100  esdhc.o [3]
  .rodata            const    0x00033480      0xc  i2c_pol_ki2c.o [3]
  .rodata            const    0x0003348c    0x100  i2c_pol_ki2c.o [3]
  .rodata            const    0x0003358c      0xc  serl_int_kuart.o [3]
  .rodata            const    0x00033598     0x40  macnet_mk60.o [3]
  .rodata            const    0x000335d8     0x30  flash_ftfl.o [3]
  .rodata            const    0x00033608     0x20  flash_ftfl.o [3]
  .rodata            const    0x00033628      0xc  spi_mk60_dspi.o [3]
  .rodata            const    0x00033634      0xc  spi_mk60_dspi.o [3]
  .rodata            const    0x00033640     0x20  adc_kadc.o [3]
  .rodata            const    0x00033660      0xc  io_gpio_kgpio.o [3]
  .rodata            const    0x0003366c      0xc  io_gpio_kgpio.o [3]
  .rodata            const    0x00033678      0xc  io_gpio_kgpio.o [3]
  .rodata            const    0x00033684      0xc  io_gpio_kgpio.o [3]
  .rodata            const    0x00033690     0x14  io_gpio_kgpio.o [3]
  .rodata            const    0x000336a4     0x14  io_gpio_kgpio.o [3]
  .rodata            const    0x000336b8      0x8  io_gpio_kgpio.o [3]
  .rodata            const    0x000336c0      0x8  io_gpio_kgpio.o [3]
  .rodata            const    0x000336c8      0x8  adc_mk60.o [3]
  .rodata            const    0x000336d0      0x8  mqx_init.o [3]
  .rodata            const    0x000336d8     0x30  mqx_init.o [3]
  Initializer bytes  ro data  0x00033708     0xb0  <for P2 mid-1>
  .rodata            const    0x000337b8      0x2  Shell_Task.o [1]
  Initializer bytes  ro data  0x000337bc      0x4  <for KERNEL_DATA-1>
  .rodata            const    0x000337c0      0x1  init_flashx.o [3]
  .rodata            const    0x000337c1      0x0  bwt_init3c.o [8]
  FLASHX_POOL                 0x00033800      0x1  <Block>
    .flashx          const    0x00033800      0x1  vectors.o [3]
    .flashx          const    0x00033801      0x0  vectors.o [3]
                            - 0x00033801  0x333e1

"P2":                                      0x1c54
  P2 mid-1                    0x1fff0000     0xb0  <Init block>
    .data            inited   0x1fff0000      0x2  DSPSPI.o [1]
    .data            inited   0x1fff0004      0x4  FTP_Task.o [1]
    .data            inited   0x1fff0008     0x28  MenuView.o [1]
[...]
_usb_host_new_tr_element
                        0x0001d481   0x46  Code  Lc  host_main.o [12]
_usb_host_open_pipe     0x0001d3eb   0x96  Code  Gb  host_main.o [12]
_usb_host_open_pipe_call_interface
                        0x0001d161   0x20  Code  Gb  host_main.o [12]
_usb_host_open_pipe_cleanup
                        0x0001d3c1   0x2a  Code  Gb  host_main.o [12]
_usb_host_recv_data     0x0001faf5   0x58  Code  Gb  host_rcv.o [12]
_usb_host_recv_data_call_interface
                        0x0001d0ff   0x20  Code  Gb  host_main.o [12]
_usb_host_register_ch9_callback
                        0x0001d8e7   0x36  Code  Gb  host_ch9.o [12]
_usb_host_register_service
                        0x0001d34b   0x76  Code  Gb  host_main.o [12]
_usb_host_send_call_interface
                        0x0001d0bf   0x20  Code  Gb  host_main.o [12]
_usb_host_send_data     0x0001fa9d   0x52  Code  Gb  host_snd.o [12]
_usb_host_send_setup    0x0001d591   0x6a  Code  Gb  host_main.o [12]
_usb_host_send_setup_call_interface
                        0x0001d0df   0x20  Code  Gb  host_main.o [12]
_usb_host_set_up_TR     0x0001d535   0x5c  Code  Gb  host_main.o [12]
_usb_host_update_device_address_call_interface
                        0x0001d1a1   0x20  Code  Gb  host_main.o [12]
_usb_host_update_max_packet_size_call_interface
                        0x0001d181   0x20  Code  Gb  host_main.o [12]
_usb_hostdev_cntrl_request
                        0x0001dbc5   0x92  Code  Gb  host_ch9.o [12]
_usb_hostdev_free_buffer
                        0x0001928b   0x6c  Code  Gb  host_common.o [12]
_usb_hostdev_get_buffer
                        0x00019211    0xc  Code  Gb  host_common.o [12]
_usb_hostdev_get_buffer_aligned
                        0x0001921d   0x6e  Code  Gb  host_common.o [12]
_usb_hostdev_get_descriptor
                        0x00019363  0x1ca  Code  Gb  host_common.o [12]
_usb_hostdev_select_interface
                        0x00019ad3  0x1dc  Code  Gb  host_common.o [12]
_usb_khci_add_int_tr    0x00025379   0x6c  Code  Lc  khci.o [12]
_usb_khci_atom_tr       0x00025a5d  0x304  Code  Lc  khci.o [12]
_usb_khci_attach        0x000254e1   0x7c  Code  Lc  khci.o [12]
_usb_khci_bus_control   0x000259cd    0x4  Code  Lc  khci.o [12]
_usb_khci_cancel        0x000259ad   0x20  Code  Lc  khci.o [12]
_usb_khci_detach        0x000255a1   0x2e  Code  Lc  khci.o [12]
_usb_khci_get_frame_number
                        0x000259d1   0x10  Code  Lc  khci.o [12]
_usb_khci_get_hot_int_tr
                        0x0002541b   0xc6  Code  Lc  khci.o [12]
_usb_khci_host_close_pipe
                        0x00025d7d   0x24  Code  Lc  khci.o [12]
_usb_khci_init          0x0002589d   0xa6  Code  Lc  khci.o [12]
_usb_khci_init_int_tr   0x00025363   0x16  Code  Lc  khci.o [12]
_usb_khci_isr           0x0002530d   0x56  Code  Lc  khci.o [12]
_usb_khci_process_tr_complete
                        0x000259e1   0x7c  Code  Lc  khci.o [12]
_usb_khci_recv          0x0002598b   0x22  Code  Lc  khci.o [12]
_usb_khci_reset         0x0002555d   0x44  Code  Lc  khci.o [12]
_usb_khci_rm_int_tr     0x000253e5   0x36  Code  Lc  khci.o [12]
_usb_khci_send          0x00025947   0x22  Code  Lc  khci.o [12]
_usb_khci_send_setup    0x00025969   0x22  Code  Lc  khci.o [12]
_usb_khci_shutdown      0x00025943    0x4  Code  Lc  khci.o [12]
_usb_khci_task          0x000255cf  0x272  Code  Lc  khci.o [12]
_usb_khci_task_create   0x00025841   0x5c  Code  Lc  khci.o [12]
abs                     0x0000df2f    0x8  Code  Gb  abs.o [4]
adc_address             0x000336c8    0x8  Data  Lc  adc_mk60.o [3]
adc_bundle              0x1fff1bcc    0x4  Data  Gb  adc_kadc.o [3]
adc_calibrate           0x00009843   0xaa  Code  Lc  adc_kadc.o [3]
adc_complete_isr        0x00009825   0x1e  Code  Lc  adc_kadc.o [3]
adc_get_calibration_data
                        0x000098ed   0x64  Code  Lc  adc_kadc.o [3]
adc_internal            0x1fff1bb8   0x14  Data  Lc  adc_kadc.o [3]
adc_process_all_data    0x000097d1   0x32  Code  Gb  adc_kadc.o [3]
adc_process_data        0x00009733   0x9e  Code  Lc  adc_kadc.o [3]
adc_set_calibration_data
                        0x00009951   0x64  Code  Lc  adc_kadc.o [3]
adt_idelay_isr          0x0000a445   0x36  Code  Lc  adt_kpdb.o [3]
adt_period_prescaler    0x00009cb1  0x1e0  Code  Lc  adt_kpdb.o [3]
bdt                     0x1fff0200  0x200  Data  Lc  khci.o [12]
class_interface_map     0x1fff003c   0x24  Data  Gb  usb_classes.o [1]
cos                     0x0001421b    0x6  Code  Gb  cos.o [5]
delay_ms                0x000141e9   0x16  Code  Gb  System.o [1]
delay_us                0x00014201   0x1a  Code  Gb  System.o [1]
device                  0x1fff1af4   0x20  Data  Gb  USB_Task.o [1]
dir_ptr_g               0x1fff1b3c    0x4  Data  Gb  sh_search_file_1.o [11]
dspi_address            0x00033628    0xc  Data  Lc  spi_mk60_dspi.o [3]
dspi_vectors            0x00033634    0xc  Data  Lc  spi_mk60_dspi.o [3]
exit                    0x000004d5    0x4  Code  Gb  exit.o [4]
first_irq               0x1fff1bb4    0x4  Data  Gb  io_gpio.o [3]
flexnvm_flash_ioctl     0x0002e4ef   0x96  Code  Gb  flash_ftfl.o [3]
flexnvm_prog_part       0x0002e487   0x40  Code  Gb  flash_ftfl.o [3]
flexnvm_read_resource   0x0002e443   0x44  Code  Gb  flash_ftfl.o [3]
flexnvm_set_flexram     0x0002e4c7   0x28  Code  Gb  flash_ftfl.o [3]
flg_int                 0x00020bc9   0x74  Code  Gb  yada_prj.o [1]
fmod                    0x000165dd         Code  Gb  fmod.o [5]
fmodl                   0x000165dd         Code  Gb  fmod.o [5]
ftfl_flash_command_sequence
                        0x0002e08d  0x1c4  Code  Lc  flash_ftfl.o [3]
ftfl_flash_deinit       0x0002e285   0x22  Code  Gb  flash_ftfl.o [3]
ftfl_flash_erase_sector
                        0x0002e2cf   0xa2  Code  Gb  flash_ftfl.o [3]
ftfl_flash_init         0x0002e251   0x34  Code  Gb  flash_ftfl.o [3]
ftfl_flash_write_sector
                        0x0002e371   0xb8  Code  Gb  flash_ftfl.o [3]
ftfl_init_ram_function  0x0002e2a7   0x28  Code  Gb  flash_ftfl.o [3]
ftfl_ram_function       0x0002e429   0x18  Code  Lc  flash_ftfl.o [3]
ftfl_ram_function_end   0x0002e441    0x2  Code  Lc  flash_ftfl.o [3]
ftpmsg_bad_option       0x00032720   0x1c  Data  Gb  ftpd_msg.o [9]
ftpmsg_badcmd           0x00032604   0x18  Data  Gb  ftpd_msg.o [9]
ftpmsg_badport          0x0003261c   0x18  Data  Gb  ftpd_msg.o [9]
ftpmsg_banner           0x0003254c   0x1c  Data  Gb  ftpd_msg.o [9]
ftpmsg_cd_error         0x000327a8   0x20  Data  Gb  ftpd_msg.o [9]
ftpmsg_delete_error     0x000327e8   0x1c  Data  Gb  ftpd_msg.o [9]
ftpmsg_goodbye          0x0003266c   0x10  Data  Gb  ftpd_msg.o [9]
ftpmsg_help_end         0x00032778   0x30  Data  Gb  ftpd_msg.o [9]
ftpmsg_help_start       0x00032748   0x30  Data  Gb  ftpd_msg.o [9]
ftpmsg_logged           0x000325cc   0x10  Data  Gb  ftpd_msg.o [9]
ftpmsg_no_datacon       0x000328bc   0x20  Data  Gb  ftpd_msg.o [9]
ftpmsg_no_file          0x0003284c   0x34  Data  Gb  ftpd_msg.o [9]
ftpmsg_no_fs            0x0003267c   0x3c  Data  Gb  ftpd_msg.o [9]
ftpmsg_no_memory        0x000328dc   0x38  Data  Gb  ftpd_msg.o [9]
ftpmsg_ok               0x00032804    0xc  Data  Gb  ftpd_msg.o [9]
ftpmsg_opening_datacon  0x00032880   0x20  Data  Gb  ftpd_msg.o [9]
ftpmsg_pasv_mode        0x000326b8   0x38  Data  Gb  ftpd_msg.o [9]
ftpmsg_portok           0x00032534   0x18  Data  Gb  ftpd_msg.o [9]
ftpmsg_rmdir_error      0x000327c8   0x20  Data  Gb  ftpd_msg.o [9]
ftpmsg_rxok             0x00032568   0x34  Data  Gb  ftpd_msg.o [9]
ftpmsg_site_info        0x000326f0   0x30  Data  Gb  ftpd_msg.o [9]
ftpmsg_size             0x00032654   0x18  Data  Gb  ftpd_msg.o [9]
ftpmsg_syst             0x0003273c    0xc  Data  Gb  ftpd_msg.o [9]
ftpmsg_tx_complete      0x000328a0   0x1c  Data  Gb  ftpd_msg.o [9]
ftpmsg_txok             0x0003259c   0x30  Data  Gb  ftpd_msg.o [9]
ftpmsg_type_ascii       0x00032810   0x14  Data  Gb  ftpd_msg.o [9]
ftpmsg_type_image       0x00032824   0x14  Data  Gb  ftpd_msg.o [9]
ftpmsg_type_unknown     0x00032838   0x14  Data  Gb  ftpd_msg.o [9]
ftpmsg_unimp            0x00032634   0x20  Data  Gb  ftpd_msg.o [9]
ftpmsg_writeeof         0x000325f0   0x14  Data  Gb  ftpd_msg.o [9]
ftpmsg_writefail        0x000325dc   0x14  Data  Gb  ftpd_msg.o [9]
get_irq_mask            0x00008509   0x2a  Code  Lc  io_gpio_kgpio.o [3]
gpio_cpu_configure      0x00008533  0x160  Code  Gb  io_gpio_kgpio.o [3]
gpio_cpu_init           0x00008693    0xa  Code  Gb  io_gpio_kgpio.o [3]
gpio_cpu_ioctl          0x00008891  0x4f8  Code  Gb  io_gpio_kgpio.o [3]
gpio_cpu_open           0x00008751  0x140  Code  Gb  io_gpio_kgpio.o [3]
gpio_eport_irq          0x00008d89   0x9c  Code  Lc  io_gpio_kgpio.o [3]
gpio_global_irq_map     0x1fff1c08   0x14  Data  Gb  io_gpio_kgpio.o [3]
gpio_global_pin_map     0x1fff1bf4   0x14  Data  Gb  io_gpio_kgpio.o [3]
hub_anchor              0x1fff1b84    0x4  Data  Lc  usb_host_hub.o [12]
init_hardware           0x000005fd   0x3c  Code  Gb  init_hw.o [3]
install_isr             0x0000869d   0xb4  Code  Lc  io_gpio_kgpio.o [3]
int_callback            0x000208e9   0x1e  Code  Gb  yada_prj.o [1]
internal_Pow            0x0000bcb1  0x3fc  Code  Lc  pow.o [5]
isalpha                 0x000108bd    0x8  Code  Gb  io_util.o [7]
isdigit                 0x00015e65   0x10  Code  Gb  sh_util.o [11]
isgraph                 0x0000fb71   0x18  Code  Gb  io_util.o [7]
isprint                 0x00010547   0x2a  Code  Gb  io_util.o [7]
ispunct                 0x000108c5    0x8  Code  Gb  io_util.o [7]
isupper                 0x0001053f    0x8  Code  Gb  io_util.o [7]
isxdigit                0x0002244d   0x24  Code  Gb  ftpd_cmd.o [9]
kinetis_flash_invalidate_cache
                        0x0002e58d   0x16  Code  Gb  flash_mk60.o [3]
linemark                0x000128b9  0x166  Code  Gb  MenuView.o [1]
lnbias                  0x0000c0f0  0x420  Data  Lc  pow.o [5]
lower_hex_string        0x000323e8   0x14  Data  Lc  io_dopr.o [7]
lpt_address             0x00032e70    0x4  Data  Lc  timer_lpt_kinetis.o [3]
lpt_clock_source        0x00032e78    0x4  Data  Lc  timer_lpt_kinetis.o [3]
lpt_vectors             0x00032e74    0x4  Data  Lc  timer_lpt_kinetis.o [3]
main                    0x000004c5   0x10  Code  Gb  mqx_main.o [3]
mass_anchor             0x1fff1b88    0x4  Data  Lc  usb_host_msd_bo.o [12]
mem_flash_app           0x0001ff6d  0x16c  Code  Gb  mem_flash.o [1]
memcmp                  0x000167f1         Code  Gb  memcmp.o [8]
memcpy                  0x0000a67d    0xe  Code  Gb  esdhc.o [3]
months                  0x00032504   0x30  Data  Lc  dir_read.o [6]
num2string              0x000140ad   0xa0  Code  Gb  MenuView.o [1]
pctl_ptr_arr            0x000336a4   0x14  Data  Lc  io_gpio_kgpio.o [3]
pdb_external            0x1fff00ac    0x4  Data  Lc  adt_kpdb.o [3]
pdb_internal            0x1fff1bd0   0x24  Data  Lc  adt_kpdb.o [3]
phy_ksz8041_IF          0x00032f6c   0x14  Data  Gb  phy_ks8721bl.o [3]
phy_ksz8041_discover_addr
                        0x0002e9db   0x46  Code  Lc  phy_ks8721bl.o [3]
phy_ksz8041_get_link_status
                        0x0002eb0d   0x46  Code  Lc  phy_ks8721bl.o [3]
phy_ksz8041_get_speed   0x0002eac7   0x46  Code  Lc  phy_ks8721bl.o [3]
phy_ksz8041_init        0x0002ea21   0xa6  Code  Lc  phy_ks8721bl.o [3]
pipe_init_params_prototype
                        0x00032c8c   0x24  Data  Lc  host_dev_list.o [12]
pow                     0x0000c0e1    0xe  Code  Gb  pow.o [5]
read_buffer             0x1fff0060    0x8  Data  Gb  yada_prj.o [1]
req_prototype           0x00032dc8    0x8  Data  Lc  host_ch9.o [12]
reseed                  0x1fff1b9c    0x4  Data  Lc  rtcsrand.o [9]
rtcs_enet               0x0003040c    0xc  Data  Lc  ip-e.o [9]
rtcs_local              0x00032f80    0xc  Data  Lc  iplocal.o [9]
seed                    0x1fff1b98    0x4  Data  Lc  rtcsrand.o [9]
send_U16str             0x0000e1d5   0x2e  Code  Gb  LCDDriver.o [1]
send_U8str              0x0000e1a7   0x2e  Code  Gb  LCDDriver.o [1]
send_area               0x0000e17f   0x28  Code  Gb  LCDDriver.o [1]
send_byte               0x0000e12f   0x12  Code  Gb  LCDDriver.o [1]
send_end                0x0000e203   0x14  Code  Gb  LCDDriver.o [1]
send_word               0x0000e141   0x2a  Code  Gb  LCDDriver.o [1]
send_xy                 0x0000e16b   0x14  Code  Gb  LCDDriver.o [1]
sin                     0x00014221    0x6  Code  Gb  sin.o [5]
spi2_dma_int            0x0000d1f9   0x74  Code  Gb  DSPSPI.o [1]
spifd_2                 0x1fff19bc    0x4  Data  Gb  DSPSPI.o [1]
state                   0x1fff00a8    0x4  Data  Lc  rtcsrand.o [9]
strcat                  0x0001fb9b   0x1e  Code  Gb  strcat.o [4]
strcmp                  0x0000a4ad         Code  Gb  strcmp.o [8]
strcpy                  0x0000fb2d         Code  Gb  strcpy.o [8]
strlen                  0x0000a4f1         Code  Gb  strlen.o [8]
strncmp                 0x0000b85d   0x2a  Code  Gb  strncmp.o [4]
strncpy                 0x0000d69d         Code  Gb  strncpy.o [8]
strpbrk                 0x00022471    0x4  Code  Gb  strpbrk.o [4]
systick_config          0x00001b69    0xc  Code  Gb  init_bsp.o [3]
systick_init            0x00001b75   0x34  Code  Lc  init_bsp.o [3]
tcp_socket_task         0x0002031d  0x29c  Code  Gb  tcpip_socket_task.o [1]
timer_isr               0x00020907   0x3a  Code  Lc  yada_prj.o [1]
tolower                 0x0000fb89    0x8  Code  Gb  io_util.o [7]
tr_index                0x1fff1b4c    0x4  Data  Lc  host_common.o [12]
uart_isr                0x000029ad   0x76  Code  Gb  serl_int_kuart.o [3]
uart_lcd                0x1fff19c0    0x4  Data  Gb  LCDDriver.o [1]
upper_hex_string        0x000323d4   0x14  Data  Lc  io_dopr.o [7]
usb_class_hub_clear_feature
                        0x0002689d   0x1e  Code  Gb  usb_host_hub.o [12]
usb_class_hub_clear_port_feature
                        0x000268bb   0x24  Code  Gb  usb_host_hub.o [12]
usb_class_hub_cntrl_callback
                        0x00026721   0x1a  Code  Gb  usb_host_hub.o [12]
usb_class_hub_cntrl_common
                        0x0002673b   0xfe  Code  Gb  usb_host_hub.o [12]
usb_class_hub_get_app   0x000266c1   0x60  Code  Gb  usb_host_hub.o [12]
usb_class_hub_get_descriptor
                        0x00026839   0x40  Code  Gb  usb_host_hub.o [12]
usb_class_hub_get_port_status
                        0x000268ff   0x22  Code  Gb  usb_host_hub.o [12]
usb_class_hub_get_status
                        0x000268df   0x20  Code  Gb  usb_host_hub.o [12]
usb_class_hub_init      0x00026665   0x5c  Code  Gb  usb_host_hub.o [12]
usb_class_hub_int_callback
                        0x000269f9   0x1a  Code  Gb  usb_host_hub.o [12]
usb_class_hub_set_port_feature
                        0x00026879   0x24  Code  Gb  usb_host_hub.o [12]
usb_class_hub_wait_for_interrupt
                        0x00026921   0xcc  Code  Gb  usb_host_hub.o [12]
usb_class_mass_call_back_cbw
                        0x0001dd71   0xa2  Code  Lc  usb_host_msd_bo.o [12]
usb_class_mass_call_back_csw
                        0x0001dee9  0x12e  Code  Lc  usb_host_msd_bo.o [12]
usb_class_mass_call_back_dphase
                        0x0001de13   0xd6  Code  Lc  usb_host_msd_bo.o [12]
usb_class_mass_clear_bulk_pipe_on_usb
                        0x0001e101   0x7c  Code  Lc  usb_host_msd_bo.o [12]
usb_class_mass_deleteq  0x0001fa43   0x34  Code  Gb  usb_host_msd_queue.o [12]
usb_class_mass_get_pending_request
                        0x0001fa77   0x26  Code  Gb  usb_host_msd_queue.o [12]
usb_class_mass_init     0x0001dc65   0x88  Code  Gb  usb_host_msd_bo.o [12]
usb_class_mass_pass_on_usb
                        0x0001e017   0xea  Code  Lc  usb_host_msd_bo.o [12]
usb_class_mass_q_init   0x0001f9fb    0xc  Code  Gb  usb_host_msd_queue.o [12]
usb_class_mass_q_insert
                        0x0001fa07   0x3c  Code  Gb  usb_host_msd_queue.o [12]
usb_class_mass_reset_callback
                        0x0001e1e5   0xd0  Code  Lc  usb_host_msd_bo.o [12]
usb_class_mass_reset_recovery_on_usb
                        0x0001e17d   0x68  Code  Gb  usb_host_msd_bo.o [12]
usb_class_mass_storage_device_command
                        0x0001dced   0x84  Code  Gb  usb_host_msd_bo.o [12]
usb_dev_list_attach_device
                        0x0001ce83  0x120  Code  Gb  host_dev_list.o [12]
usb_dev_list_close_pipe
                        0x0001cfad   0x46  Code  Lc  host_dev_list.o [12]
usb_dev_list_close_pipe_bundle
                        0x0001cff3   0x2a  Code  Gb  host_dev_list.o [12]
usb_dev_list_detach_device
                        0x0001d01d   0x82  Code  Gb  host_dev_list.o [12]
usb_dev_list_free_mem   0x0001cd23   0x76  Code  Gb  host_dev_list.o [12]
usb_dev_list_free_memlist
                        0x0001cccd   0x56  Code  Gb  host_dev_list.o [12]
usb_dev_list_get_mem    0x0001cd99   0xea  Code  Gb  host_dev_list.o [12]
usb_filesystem_install  0x00016f55  0x18c  Code  Gb  USB_File.o [1]
usb_filesystem_uninstall
                        0x000170e1   0xde  Code  Gb  USB_File.o [1]
usb_host_ch9_dev_req    0x0001d91d   0x8e  Code  Lc  host_ch9.o [12]
usb_host_class_intf_init
                        0x000195ab   0xf8  Code  Gb  host_common.o [12]
usb_host_class_intf_validate
                        0x000196a3   0x22  Code  Gb  host_common.o [12]
usb_host_cntrl_transaction_done
                        0x0001d605  0x2e2  Code  Lc  host_ch9.o [12]
usb_host_driver_info_match
                        0x000196c5   0xec  Code  Lc  host_common.o [12]
usb_host_driver_info_nonzero
                        0x0001981b   0x4a  Code  Lc  host_common.o [12]
usb_host_driver_info_scan
                        0x000197b1   0x6a  Code  Lc  host_common.o [12]
usb_host_hub_device_event
                        0x00026105   0x9e  Code  Gb  usb_host_hub_sm.o [12]
usb_host_hub_device_sm  0x000261a5  0x45c  Code  Lc  usb_host_hub_sm.o [12]
usb_host_hub_int_callback
                        0x00026601   0x60  Code  Lc  usb_host_hub_sm.o [12]
usb_host_map_class_intf
                        0x00019865   0x3a  Code  Lc  host_common.o [12]
usb_host_mass_device_event
                        0x0001fbb9   0x6e  Code  Gb  USB_Task.o [1]
usb_host_state_struct_ptr
                        0x1fff1b50    0x4  Data  Gb  host_main.o [12]
usb_hostdev_attach_detach
                        0x000191a1   0x48  Code  Gb  host_common.o [12]
usb_hostdev_delete_interface
                        0x000198cf   0xce  Code  Gb  host_common.o [12]
usb_hostdev_get_class   0x000192f7   0x6c  Code  Lc  host_common.o [12]
usb_hostdev_get_pipe_handle
                        0x0001952d   0x7e  Code  Gb  host_common.o [12]
usb_hostdev_mask_class_etc
                        0x0001999d   0x2a  Code  Lc  host_common.o [12]
usb_hostdev_open_pipe   0x000199c7  0x10c  Code  Lc  host_common.o [12]
usb_hostdev_tr_init     0x00019caf   0x36  Code  Gb  host_common.o [12]
usb_hostdev_validate    0x000191e9   0x28  Code  Gb  host_common.o [12]
usb_mass_ufi_cancel     0x00019d79    0xc  Code  Gb  usb_host_msd_ufi.o [12]
usb_mass_ufi_generic    0x00019cf5   0x84  Code  Gb  usb_host_msd_ufi.o [12]


[1] = L:\git_workspace\YD_PRJ_NEW_20130323_git_\IAR\twrk60n512\Int Flash Debug\Obj
[2] = command line
[3] = bsp_twrk60n512_130330_no_event_lpt.a
[4] = dl7M_tln.a
[5] = m7M_tl.a
[6] = mfs_twrk60n512_d.a
[7] = psp_twrk60n512_d.a
[8] = rt7M_tl.a
[9] = rtcs_twrk60n512_d_20130105.a
[10] = shb_l.a
[11] = shell_twrk60n512_d_20130401.a
[12] = usb_hdk_twrk60n512_d.a

  191 496 bytes of readonly  code memory
   19 374 bytes of readonly  data memory
    7 315 bytes of readwrite data memory

Errors: none
Warnings: none
