###############################################################################
#                                                                             #
# IAR ELF Linker V6.30.1.53127/W32 for ARM              03/May/2013  18:27:50 #
# Copyright 2007-2011 IAR Systems AB.                                         #
#                                                                             #
#    Output file  =  E:\Freescale\mqx_test\YD_PRJ_NEW_20130323_git_\IAR\twrk6 #
#                    0n512\Int Flash Debug\Exe\twrk60n512.out                 #
#    Map file     =  E:\Freescale\mqx_test\YD_PRJ_NEW_20130323_git_\IAR\twrk6 #
#                    0n512\Int Flash Debug\List\twrk60n512.map                #
#    Command line =  "E:\Freescale\mqx_test\YD_PRJ_NEW_20130323_git_\IAR\twrk #
#                    60n512\Int Flash Debug\Obj\DSPSPI.o"                     #
#                    "E:\Freescale\mqx_test\YD_PRJ_NEW_20130323_git_\IAR\twrk #
#                    60n512\Int Flash Debug\Obj\DataConvert.o"                #
#                    "E:\Freescale\mqx_test\YD_PRJ_NEW_20130323_git_\IAR\twrk #
#                    60n512\Int Flash Debug\Obj\FTP_Task.o"                   #
#                    "E:\Freescale\mqx_test\YD_PRJ_NEW_20130323_git_\IAR\twrk #
#                    60n512\Int Flash Debug\Obj\LCDDriver.o"                  #
#                    "E:\Freescale\mqx_test\YD_PRJ_NEW_20130323_git_\IAR\twrk #
#                    60n512\Int Flash Debug\Obj\LCDUart.o"                    #
#                    "E:\Freescale\mqx_test\YD_PRJ_NEW_20130323_git_\IAR\twrk #
#                    60n512\Int Flash Debug\Obj\MenuView.o"                   #
#                    "E:\Freescale\mqx_test\YD_PRJ_NEW_20130323_git_\IAR\twrk #
#                    60n512\Int Flash Debug\Obj\SD_task.o"                    #
#                    "E:\Freescale\mqx_test\YD_PRJ_NEW_20130323_git_\IAR\twrk #
#                    60n512\Int Flash Debug\Obj\Shell_Task.o"                 #
#                    "E:\Freescale\mqx_test\YD_PRJ_NEW_20130323_git_\IAR\twrk #
#                    60n512\Int Flash Debug\Obj\System.o"                     #
#                    "E:\Freescale\mqx_test\YD_PRJ_NEW_20130323_git_\IAR\twrk #
#                    60n512\Int Flash Debug\Obj\USB_File.o"                   #
#                    "E:\Freescale\mqx_test\YD_PRJ_NEW_20130323_git_\IAR\twrk #
#                    60n512\Int Flash Debug\Obj\USB_Task.o"                   #
#                    "E:\Freescale\mqx_test\YD_PRJ_NEW_20130323_git_\IAR\twrk #
#                    60n512\Int Flash Debug\Obj\mem_flash.o"                  #
#                    "E:\Freescale\mqx_test\YD_PRJ_NEW_20130323_git_\IAR\twrk #
#                    60n512\Int Flash Debug\Obj\mem_ram.o"                    #
#                    "E:\Freescale\mqx_test\YD_PRJ_NEW_20130323_git_\IAR\twrk #
#                    60n512\Int Flash Debug\Obj\pin2.o"                       #
#                    "E:\Freescale\mqx_test\YD_PRJ_NEW_20130323_git_\IAR\twrk #
#                    60n512\Int Flash Debug\Obj\sh_cd.o"                      #
#                    "E:\Freescale\mqx_test\YD_PRJ_NEW_20130323_git_\IAR\twrk #
#                    60n512\Int Flash Debug\Obj\sh_di.o"                      #
#                    "E:\Freescale\mqx_test\YD_PRJ_NEW_20130323_git_\IAR\twrk #
#                    60n512\Int Flash Debug\Obj\tcpip_socket_task.o"          #
#                    "E:\Freescale\mqx_test\YD_PRJ_NEW_20130323_git_\IAR\twrk #
#                    60n512\Int Flash Debug\Obj\usb_classes.o"                #
#                    "E:\Freescale\mqx_test\YD_PRJ_NEW_20130323_git_\IAR\twrk #
#                    60n512\Int Flash Debug\Obj\yada_prj.o"                   #
#                    E:\Freescale\mqx_test\YD_PRJ_NEW_20130323_git_\lib\twrk6 #
#                    0n512.iar\bsp\bsp_twrk60n512_130418_SPI_TX_84Data_Buf617 #
#                    5.a E:\Freescale\mqx_test\YD_PRJ_NEW_20130323_git_\lib\t #
#                    wrk60n512.iar\mfs\mfs_twrk60n512_d.a                     #
#                    E:\Freescale\mqx_test\YD_PRJ_NEW_20130323_git_\lib\twrk6 #
#                    0n512.iar\psp\psp_twrk60n512_d.a                         #
#                    E:\Freescale\mqx_test\YD_PRJ_NEW_20130323_git_\lib\twrk6 #
#                    0n512.iar\rtcs\rtcs_twrk60n512_d_20130105.a              #
#                    E:\Freescale\mqx_test\YD_PRJ_NEW_20130323_git_\lib\twrk6 #
#                    0n512.iar\shell\shell_twrk60n512_d_20130412.a            #
#                    E:\Freescale\mqx_test\YD_PRJ_NEW_20130323_git_\lib\twrk6 #
#                    0n512.iar\usb\host\usb_hdk_twrk60n512_d.a --redirect     #
#                    _Printf=_PrintfFull --redirect _Scanf=_ScanfFull -o      #
#                    "E:\Freescale\mqx_test\YD_PRJ_NEW_20130323_git_\IAR\twrk #
#                    60n512\Int Flash Debug\Exe\twrk60n512.out" --map         #
#                    "E:\Freescale\mqx_test\YD_PRJ_NEW_20130323_git_\IAR\twrk #
#                    60n512\Int Flash Debug\List\twrk60n512.map" --config     #
#                    E:\Freescale\mqx_test\YD_PRJ_NEW_20130323_git_\IAR\..\li #
#                    b\twrk60n512.iar\bsp\intflash.icf --redirect             #
#                    __iar_dlmalloc=malloc --redirect __iar_dlcalloc=calloc   #
#                    --redirect __iar_dlfree=free --semihosting --entry       #
#                    __iar_program_start --vfe                                #
#                                                                             #
#                                                                             #
###############################################################################

*******************************************************************************
*** RUNTIME MODEL ATTRIBUTES
***

CppFlavor                   = *
__SystemLibrary             = DLib
__dlib_jmp_buf_num_elements = 8


*******************************************************************************
*** PLACEMENT SUMMARY
***

"A1":  place at 0x00000000 { ro section .intvec, block CFMPROTROM };
"P1":  place in [from 0x00000000 to 0x0007ffff] {
          first block TEXTSECTION, ro, last block FLASHX_POOL };
"P2":  place in [from 0x1fff0000 to 0x2000fff0] { rw, last block KERNEL_DATA };

  Section            Kind        Address     Size  Object
  -------            ----        -------     ----  ------
"A1":                                       0x414
  .intvec            const    0x00000000    0x400  vectors.o [3]
  CFMPROTROM                  0x00000400     0x14  <Block>
    .cfmconfig       const    0x00000400     0x10  vectors.o [3]
    .cfmconfig       const    0x00000410      0x0  vectors.o [3]
    CFMPROTROM       const    0x00000410      0x4  <Block tail>
                            - 0x00000414    0x414

"P1":                                     0x32be4
  TEXTSECTION                 0x00000420  0x2e03c  <Block>
    .text            ro code  0x00000420     0x4c  cortex_boot.o [7]
    .text            ro code  0x0000046c      0xc  cstartup_M.o [8]
    .text            ro code  0x00000478     0x16  cmain.o [8]
    .text            ro code  0x0000048e      0xa  iar.o [3]
    .text            ro code  0x00000498     0x2c  data_init3.o [8]
    .text            ro code  0x000004c4     0x10  mqx_main.o [3]
    .text            ro code  0x000004d4      0x4  exit.o [4]
    .text            ro code  0x000004d8    0x190  init_hw.o [3]
    .text            ro code  0x00000668    0x1a8  mqx.o [7]
    .text            ro code  0x00000810      0xa  cexit.o [8]
    .text            ro code  0x0000081a     0x46  sotcp.o [9]
    .text            ro code  0x00000860    0x79c  bsp_cm.o [3]
    .text            ro code  0x00000ffc    0x538  init_gpio.o [3]
    .text            ro code  0x00001534    0x134  mem_zero.o [7]
    .text            ro code  0x00001668     0x76  ABImemcpy.o [8]
    .text            ro code  0x000016de     0x56  macnet_rejoin.o [3]
    .text            ro code  0x00001734     0xd8  mqxiinit.o [7]
    .text            ro code  0x0000180c     0x28  lwm_init.o [7]
    .text            ro code  0x00001834     0x18  lwm_gsys.o [7]
    .text            ro code  0x0000184c     0x24  lwm_size.o [7]
    .text            ro code  0x00001870    0x1c4  ta_init.o [7]
    .text            ro code  0x00001a34     0xc0  sc_irdyq.o [7]
    .text            ro code  0x00001af4     0x74  lws_crea.o [7]
    .text            ro code  0x00001b68    0x2c8  init_bsp.o [3]
    .text            ro code  0x00001e30     0x24  int_disa.o [7]
    .text            ro code  0x00001e54     0x14  exit.o [10]
    .text            ro code  0x00001e68     0x14  cm.o [3]
    .text            ro code  0x00001e7c      0xc  qu_init.o [7]
    .text            ro code  0x00001e88     0x64  lwm_crep.o [7]
    .text            ro code  0x00001eec    0x204  lwm_alli.o [7]
    .text            ro code  0x000020f0     0x34  td_serr.o [7]
    .text            ro code  0x00002124     0xd0  td_alloc.o [7]
    .text            ro code  0x000021f4     0x68  stack_bu.o [7]
    .text            ro code  0x0000225c      0x8  lwm_xfri.o [7]
    .text            ro code  0x00002264     0x18  lwm_allz.o [7]
    .text            ro code  0x0000227c     0x38  int_ena.o [7]
    .text            ro code  0x000022b4     0x3e  qu_enq.o [7]
    .text            ro code  0x000022f2     0x22  zero_init3.o [8]
    .text            ro code  0x00002314      0xc  mqx_scpu.o [7]
    .text            ro code  0x00002320     0x30  lwm_allo.o [7]
    .text            ro code  0x00002350     0x14  psp_iinit.o [7]
    .text            ro code  0x00002364     0x10  int_vtab.o [7]
    .text            ro code  0x00002374     0x10  ti_setv.o [7]
    .text            ro code  0x00002384     0xb0  int_iisr.o [7]
    .text            ro code  0x00002434     0x10  ti_sett.o [7]
    .text            ro code  0x00002444     0x10  ti_shwtt.o [7]
    .text            ro code  0x00002454     0x14  ti_shwtf.o [7]
    .text            ro code  0x00002468     0x14  kinetis_mpu.o [7]
    .text            ro code  0x0000247c     0x18  io_init.o [7]
    .text            ro code  0x00002494    0x3b4  serl_pol_kuart.o [3]
    .text            ro code  0x00002848    0x1f0  serl_int_kuart.o [3]
    .text            ro code  0x00002a38    0x86c  i2c_pol_ki2c.o [3]
    .text            ro code  0x000032a4    0x6aa  i2c_int_ki2c.o [3]
    .text            ro code  0x0000394e     0x2e  copy_init3.o [8]
    .text            ro code  0x0000397c    0x9e8  spi_pol_dspi.o [3]
    .text            ro code  0x00004364    0x7a0  spi_dma_dspi.o [3]
    .text            ro code  0x00004b04    0x28c  io_gpio.o [3]
    .text            ro code  0x00004d90    0x5ae  adc.o [3]
    .text            ro code  0x00005340    0xc76  esdhc.o [3]
    .text            ro code  0x00005fb8    0xd3c  flashx.o [3]
    .text            ro code  0x00006cf4     0x34  io_sinit.o [3]
    .text            ro code  0x00006d28     0xe0  ti_krnl.o [7]
    .text            ro code  0x00006e08     0xfc  lwm_free.o [7]
    .text            ro code  0x00006f04     0x40  qu_insrt.o [7]
    .text            ro code  0x00006f44     0x78  int_init.o [7]
    .text            ro code  0x00006fbc     0x10  int_inst.o [7]
    .text            ro code  0x00006fcc    0x53c  serl_pol.o [3]
    .text            ro code  0x00007508     0x4c  serl_mk60.o [3]
    .text            ro code  0x00007554     0x18  lwm_zsys.o [7]
    .text            ro code  0x0000756c    0x610  serl_int.o [3]
    .text            ro code  0x00007b7c     0x60  int_gdat.o [7]
    .text            ro code  0x00007bdc      0x4  int_geh.o [7]
    .text            ro code  0x00007be0     0xa0  cortex.o [7]
    .text            ro code  0x00007c80     0xf0  ev_open.o [7]
    .text            ro code  0x00007d70     0xe0  ev_set.o [7]
    .text            ro code  0x00007e50    0x170  i2c_pol.o [3]
    .text            ro code  0x00007fc0     0x38  i2c_mk60.o [3]
    .text            ro code  0x00007ff8    0x16c  i2c_int.o [3]
    .text            ro code  0x00008164    0x196  spi_pol.o [3]
    .text            ro code  0x000082fc     0x30  spi_mk60_dspi.o [3]
    .text            ro code  0x0000832c    0x1a2  spi_int.o [3]
    .text            ro code  0x000084d0     0x24  io_pntf.o [7]
    .text            ro code  0x000084f4    0x2b4  DSPSPI.o [1]
    .text            ro code  0x000087a8    0x994  io_gpio_kgpio.o [3]
    .text            ro code  0x0000913c     0x1a  io_inst.o [7]
    .text            ro code  0x00009156     0x3e  io_ioctl.o [7]
    .text            ro code  0x00009194    0xac0  adc_kadc.o [3]
    .text            ro code  0x00009c54    0xaf8  adt_kpdb.o [3]
    .text            ro code  0x0000a74c     0x42  strcmp.o [8]
    .text            ro code  0x0000a790     0x36  strlen.o [8]
    .text            ro code  0x0000a7c8     0x38  ti_delay.o [7]
    .text            ro code  0x0000a800    0x108  io_instx.o [7]
    .text            ro code  0x0000a908     0x14  esdhc_mk60.o [3]
    .text            ro code  0x0000a91c      0xe  esdhc.o [3]
    .text            ro code  0x0000a92c     0x78  lws_wait.o [7]
    .text            ro code  0x0000a9a4    0x17c  mem_copy.o [7]
    .text            ro code  0x0000ab20     0x7c  lws_post.o [7]
    .text            ro code  0x0000ab9c     0xa0  io_fopen.o [7]
    .text            ro code  0x0000ac3c     0x34  psp_tinm.o [7]
    .text            ro code  0x0000ac70     0x84  tq_creat.o [7]
    .text            ro code  0x0000acf4     0x80  tq_dest.o [7]
    .text            ro code  0x0000ad74     0xd8  tq_func.o [7]
    .text            ro code  0x0000ae4c     0x94  na_findi.o [7]
    .text            ro code  0x0000aee0     0x48  io_ghand.o [7]
    .text            ro code  0x0000af28    0xbd4  io_dopr.o [7]
    .text            ro code  0x0000bafc     0x34  io_fclos.o [7]
    .text            ro code  0x0000bb30     0x14  ev_creat.o [7]
    .text            ro code  0x0000bb44     0x3a  ev_all.o [7]
    .text            ro code  0x0000bb80     0x48  ev_clear.o [7]
    .text            ro code  0x0000bbc8     0x2a  strncmp.o [4]
    .text            ro code  0x0000bbf4      0x6  ABImemclr4.o [8]
    .text            ro code  0x0000bbfc     0x14  adc_mk60.o [3]
    .text            ro code  0x0000bc10    0x132  I64DivMod.o [8]
    .text            ro code  0x0000bd44     0xd4  lwe_set.o [7]
    .text            ro code  0x0000be18     0x84  psp_mstiq.o [7]
    .text            ro code  0x0000be9c     0x48  psp_tiad.o [7]
    .text            ro code  0x0000bee4     0x88  ti_deli.o [7]
    .text            ro code  0x0000bf6c     0x2e  qu_deq.o [7]
    .text            ro code  0x0000bf9a     0x2c  sc_ipq.o [7]
    .text            ro code  0x0000bfc6     0x1c  strnlen.o [7]
    .text            ro code  0x0000bfe4     0xc0  ev_creai.o [7]
    .text            ro code  0x0000c0a4    0x108  ev_waiti.o [7]
    .text            ro code  0x0000c1ac     0x32  ABImemset48.o [8]
    .text            ro code  0x0000c1e0      0x2  I64DivZer.o [8]
    .text            ro code  0x0000c1e4     0xcc  ev_comp.o [7]
    .text            ro code  0x0000c2b0     0x6c  strncpy.o [8]
    .text            ro code  0x0000c31c    0x138  na_addi.o [7]
    .text            ro code  0x0000c454     0x34  ti_delun.o [7]
    .text            ro code  0x0000c488     0x38  ti_delfo.o [7]
    .text            ro code  0x0000c4c0     0x7c  na_crth.o [7]
    .text            ro code  0x0000c53c     0x5e  ABImemset.o [8]
    .text            ro code  0x0000c59c    0x490  DataConvert.o [1]
    .text            ro code  0x0000ca2c     0xfc  FltDiv.o [5]
    .text            ro code  0x0000cb28     0xd8  FltMul.o [5]
    .text            ro code  0x0000cc00     0x24  FltToU32.o [5]
    .text            ro code  0x0000cc24     0x32  I32ToFlt.o [5]
    .text            ro code  0x0000cc56      0x8  abs.o [4]
    .text            ro code  0x0000cc60     0xe6  FltSub.o [5]
    .text            ro code  0x0000cd48     0x44  FltToS32.o [5]
    .text            ro code  0x0000cd8c     0x24  FltCmpLe.o [5]
    .text            ro code  0x0000cdb0     0x84  FltAdd.o [5]
    .text            ro code  0x0000ce34    0x320  LCDDriver.o [1]
    .text            ro code  0x0000d154     0x24  io_write.o [7]
    .text            ro code  0x0000d178     0xec  FTP_Task.o [1]
    .text            ro code  0x0000d264    0x26c  rtcscmd.o [9]
    .text            ro code  0x0000d4d0     0x24  enaddr.o [3]
    .text            ro code  0x0000d4f4    0x104  eninit.o [3]
    .text            ro code  0x0000d5f8     0x5c  ifadd.o [9]
    .text            ro code  0x0000d654    0x644  ftpd.o [9]
    .text            ro code  0x0000dc98     0x88  ta_creat.o [7]
    .text            ro code  0x0000dd20     0xe4  mqx_ioc.o [7]
    .text            ro code  0x0000de04    0x1b6  rtcspart.o [9]
    .text            ro code  0x0000dfbc     0x2c  ms_id.o [7]
    .text            ro code  0x0000dfe8     0x16  ms_pool.o [7]
    .text            ro code  0x0000e000     0xa8  rtcstask.o [9]
    .text            ro code  0x0000e0a8     0x6c  ms_dpool.o [7]
    .text            ro code  0x0000e114     0xcc  ms_alloc.o [7]
    .text            ro code  0x0000e1e0     0x58  td_get.o [7]
    .text            ro code  0x0000e238      0xc  ms_sendb.o [7]
    .text            ro code  0x0000e244     0x48  ta_rdy.o [7]
    .text            ro code  0x0000e28c      0xc  ms_send.o [7]
    .text            ro code  0x0000e298     0x10  td_gid.o [7]
    .text            ro code  0x0000e2a8     0x1c  td_gerr.o [7]
    .text            ro code  0x0000e2c4     0x24  td_util.o [7]
    .text            ro code  0x0000e2e8     0x2c  init_enet.o [3]
    .text            ro code  0x0000e314     0x58  enutil.o [3]
    .text            ro code  0x0000e36c     0x3c  ta_env.o [7]
    .text            ro code  0x0000e3a8     0x22  ta_sexit.o [7]
    .text            ro code  0x0000e3cc     0xb2  rtcs.o [9]
    .text            ro code  0x0000e480    0x3ea  io_util.o [7]
    .text            ro code  0x0000e86c     0x44  strcpy.o [8]
    .text            ro code  0x0000e8b0     0x18  io_util.o [7]
    .text            ro code  0x0000e8c8      0x8  io_util.o [7]
    .text            ro code  0x0000e8d0     0x7c  ta_build.o [7]
    .text            ro code  0x0000e94c     0x18  lwm_allp.o [7]
    .text            ro code  0x0000e964     0x18  lwm_alzp.o [7]
    .text            ro code  0x0000e97c     0x18  lwm_gsyp.o [7]
    .text            ro code  0x0000e994     0x18  lwm_zsyf.o [7]
    .text            ro code  0x0000e9ac     0x84  pa_creat.o [7]
    .text            ro code  0x0000ea30     0x14  pa_sallo.o [7]
    .text            ro code  0x0000ea44     0x74  pa_free.o [7]
    .text            ro code  0x0000eab8     0x74  pa_dest.o [7]
    .text            ro code  0x0000eb2c    0x20c  ms_pooli.o [7]
    .text            ro code  0x0000ed38     0x12  ta_util.o [7]
    .text            ro code  0x0000ed4c     0xa2  lws_dest.o [7]
    .text            ro code  0x0000edf0    0x364  ms_sendi.o [7]
    .text            ro code  0x0000f154    0x12a  sockutil.o [9]
    .text            ro code  0x0000f27e      0x8  io_util.o [7]
    .text            ro code  0x0000f286     0x2a  io_util.o [7]
    .text            ro code  0x0000f2b0     0x16  io_util.o [7]
    .text            ro code  0x0000f2c8     0x7c  pa_creai.o [7]
    .text            ro code  0x0000f344    0x118  pa_alloi.o [7]
    .text            ro code  0x0000f45c    0x130  ms_comp.o [7]
    .text            ro code  0x0000f58c     0x60  ms_free.o [7]
    .text            ro code  0x0000f5ec     0x10  io_util.o [7]
    .text            ro code  0x0000f5fc      0x8  io_util.o [7]
    .text            ro code  0x0000f604      0x8  io_util.o [7]
    .text            ro code  0x0000f60c     0x7c  pa_comp.o [7]
    .text            ro code  0x0000f688     0x5c  pa_extni.o [7]
    .text            ro code  0x0000f6e4     0x22  io_util.o [7]
    .text            ro code  0x0000f706     0x28  io_util.o [7]
    .text            ro code  0x0000f72e     0x10  io_util.o [7]
    .text            ro code  0x0000f740    0xa60  LCDUart.o [1]
    .text            ro code  0x000101a0     0x14  ev_creaa.o [7]
    .text            ro code  0x000101b4   0x2da0  MenuView.o [1]
    .text            ro code  0x00012f54     0x52  System.o [1]
    .text            ro code  0x00012fa8     0x30  I32ToDbl.o [5]
    .text            ro code  0x00012fd8    0x1a2  DblMul.o [5]
    .text            ro code  0x0001317c    0x246  DblDiv.o [5]
    .text            ro code  0x000133c4     0x90  DblToFlt.o [5]
    .text            ro code  0x00013454     0x4e  FltToDbl.o [5]
    .text            ro code  0x000134a2      0x6  cos.o [5]
    .text            ro code  0x000134a8     0xe8  DblAdd.o [5]
    .text            ro code  0x00013590     0x4c  DblToI32.o [5]
    .text            ro code  0x000135dc      0x6  sin.o [5]
    .text            ro code  0x000135e4    0x180  DblSub.o [5]
    .text            ro code  0x00013764     0x24  FltCmpGe.o [5]
    .text            ro code  0x00013788    0x14c  sh_cd.o [1]
    .text            ro code  0x000138d4     0x90  sh_pwd.o [11]
    .text            ro code  0x00013964    0x220  sh_read_wk.o [11]
    .text            ro code  0x00013b84    0x24c  sh_write_binary.o [11]
    .text            ro code  0x00013dd0     0xc8  sh_update.o [11]
    .text            ro code  0x00013e98     0x16  ti_get.o [7]
    .text            ro code  0x00013eb0     0xe4  ti_to.o [7]
    .text            ro code  0x00013f94     0x26  io_spr.o [7]
    .text            ro code  0x00013fbc    0x110  sh_mkdir.o [11]
    .text            ro code  0x000140cc    0x39c  sh_search_file_1.o [11]
    .text            ro code  0x00014468    0x1f0  xsin.o [5]
    .text            ro code  0x00014658    0x218  sh_util.o [11]
    .text            ro code  0x00014870    0x408  mfs_misc.o [6]
    .text            ro code  0x00014c78     0x90  io_fseek.o [7]
    .text            ro code  0x00014d08     0x16  io_feof.o [7]
    .text            ro code  0x00014d1e     0x46  io_fgetc.o [7]
    .text            ro code  0x00014d64     0x4c  ti_gett.o [7]
    .text            ro code  0x00014db0     0xbc  psp_tkti.o [7]
    .text            ro code  0x00014e6c     0x42  ti_leap.o [7]
    .text            ro code  0x00014eb0    0x320  dir_read.o [6]
    .text            ro code  0x000151d0      0xc  errno.o [4]
    .text            ro code  0x000151dc    0x170  xquad.o [5]
    .text            ro code  0x0001534c     0x2e  DblCmpGe.o [5]
    .text            ro code  0x0001537c     0x2e  DblCmpLe.o [5]
    .text            ro code  0x000153aa     0x10  sh_util.o [11]
    .text            ro code  0x000153ba    0x344  mfs_rw.o [6]
    .text            ro code  0x000156fe     0x9e  mfs_data_sector.o [6]
    .text            ro code  0x0001579c    0x382  mfs_fat.o [6]
    .text            ro code  0x00015b1e      0x2  xtls.o [4]
    .text            ro code  0x00015b20     0x80  xdint.o [5]
    .text            ro code  0x00015ba0     0x20  DblCmpEq.o [5]
    .text            ro code  0x00015bc0    0x1a8  fmod.o [5]
    .text            ro code  0x00015d68     0x6a  io_read.o [7]
    .text            ro code  0x00015dd4     0x62  memcmp.o [8]
    .text            ro code  0x00015e38    0x356  mfs_cluster.o [6]
    .text            ro code  0x00016190      0xc  iarEdom.o [8]
    .text            ro code  0x0001619c     0x48  Shell_Task.o [1]
    .text            ro code  0x000161e4    0x22c  shell.o [11]
    .text            ro code  0x00016410     0x38  io_fflsh.o [7]
    .text            ro code  0x00016448     0x2e  io_fgets.o [7]
    .text            ro code  0x00016476     0x94  io_fgetl.o [7]
    .text            ro code  0x0001650a     0x2c  io_fung.o [7]
    .text            ro code  0x00016538    0x2d0  USB_File.o [1]
    .text            ro code  0x00016808    0x726  usbmfs.o [12]
    .text            ro code  0x00016f30    0x5a6  part_mgr.o [6]
    .text            ro code  0x000174d6      0xe  io_ferr.o [7]
    .text            ro code  0x000174e4   0x1222  mfs_init.o [6]
    .text            ro code  0x00018708     0x7c  io_uinst.o [7]
    .text            ro code  0x00018784    0xb54  host_common.o [12]
    .text            ro code  0x000192d8     0x90  usb_host_msd_ufi.o [12]
    .text            ro code  0x00019368     0x10  ti_getp.o [7]
    .text            ro code  0x00019378     0x98  lws_wati.o [7]
    .text            ro code  0x00019410     0x30  ti_delti.o [7]
    .text            ro code  0x00019440     0xa2  mfs_valdev.o [6]
    .text            ro code  0x000194e4    0x39c  mfs_open.o [6]
    .text            ro code  0x00019880    0x4bc  mfs_create.o [6]
    .text            ro code  0x00019d3c    0x2d0  mfs_read.o [6]
    .text            ro code  0x0001a00c    0x430  mfs_write.o [6]
    .text            ro code  0x0001a43c    0x7f8  mfs_directory.o [6]
    .text            ro code  0x0001ac34     0xf4  mfs_attribute.o [6]
    .text            ro code  0x0001ad28     0xe4  mfs_time.o [6]
    .text            ro code  0x0001ae0c    0x7ce  mfs_lfn.o [6]
    .text            ro code  0x0001b5da    0x102  mfs_delete.o [6]
    .text            ro code  0x0001b6dc    0x2c0  mfs_rename.o [6]
    .text            ro code  0x0001b99c    0x89c  mfs_format.o [6]
    .text            ro code  0x0001c238     0x10  qu_util.o [7]
    .text            ro code  0x0001c248     0x68  usb_mqx.o [12]
    .text            ro code  0x0001c2b0    0x3d2  host_dev_list.o [12]
    .text            ro code  0x0001c684    0x564  host_main.o [12]
    .text            ro code  0x0001cbe8    0x660  host_ch9.o [12]
    .text            ro code  0x0001d248    0x670  usb_host_msd_bo.o [12]
    .text            ro code  0x0001d8b8     0x36  lws_wain.o [7]
    .text            ro code  0x0001d8ee    0x79a  mfs_search.o [6]
    .text            ro code  0x0001e088     0xf6  mfs_handle.o [6]
    .text            ro code  0x0001e180    0x7f6  mfs_dir_entry.o [6]
    .text            ro code  0x0001e976     0x20  qu_head.o [7]
    .text            ro code  0x0001e996     0x22  qu_next.o [7]
    .text            ro code  0x0001e9b8    0x57c  mfs_parse.o [6]
    .text            ro code  0x0001ef34     0x50  host_close.o [12]
    .text            ro code  0x0001ef84     0x5a  usb_mk60.o [3]
    .text            ro code  0x0001efde     0xa2  usb_host_msd_queue.o [12]
    .text            ro code  0x0001f080     0x58  host_snd.o [12]
    .text            ro code  0x0001f0d8     0x58  host_rcv.o [12]
    .text            ro code  0x0001f130     0x30  pa_sallz.o [7]
    .text            ro code  0x0001f160     0x1e  qu_unlnk.o [7]
    .text            ro code  0x0001f17e     0x1e  strcat.o [4]
    .text            ro code  0x0001f19c    0x220  USB_Task.o [1]
    .text            ro code  0x0001f3bc     0x86  lwe_crea.o [7]
    .text            ro code  0x0001f444     0x20  int_iunx.o [7]
    .text            ro code  0x0001f464     0x34  lwe_clr.o [7]
    .text            ro code  0x0001f498     0x48  lwe_watt.o [7]
    .text            ro code  0x0001f4e0     0x10  int_idef.o [7]
    .text            ro code  0x0001f4f0     0xf0  lwe_waii.o [7]
    .text            ro code  0x0001f5e0    0x16c  mem_flash.o [1]
    .text            ro code  0x0001f74c     0x94  pin2.o [1]
    .text            ro code  0x0001f7e0     0xac  tq_tsusp.o [7]
    .text            ro code  0x0001f88c     0x98  ta_prio.o [7]
    .text            ro code  0x0001f924     0x68  sc_sprio.o [7]
    .text            ro code  0x0001f98c      0x4  ta_sync.o [7]
    .text            ro code  0x0001f990    0x29c  tcpip_socket_task.o [1]
    .text            ro code  0x0001fc2c    0x1a0  soselset.o [9]
    .text            ro code  0x0001fdcc     0xbc  sosel0.o [9]
    .text            ro code  0x0001fe88     0xd4  timer.o [9]
    .text            ro code  0x0001ff5c    0x3c4  yada_prj.o [1]
    .text            ro code  0x00020320    0x3ec  timer_lpt.o [3]
    .text            ro code  0x0002070c     0x7c  timer_lpt_kinetis.o [3]
    .text            ro code  0x00020788     0x22  I64Shl.o [8]
    .text            ro code  0x000207ac   0x12f0  ftpd_cmd.o [9]
    .text            ro code  0x00021a9c     0x24  ftpd_cmd.o [9]
    .text            ro code  0x00021ac0      0x4  strpbrk.o [4]
    .text            ro code  0x00021ac4     0x18  rtcsmsec.o [9]
    .text            ro code  0x00021adc     0x20  io_ftell.o [7]
    .text            ro code  0x00021afc     0x22  strpbrk.o [4]
    .text            ro code  0x00021b1e     0x1a  ti_elaps.o [7]
    .text            ro code  0x00021b38     0x40  ti_elapt.o [7]
    .text            ro code  0x00021b78    0x3be  ip-e.o [9]
    .text            ro code  0x00021f38    0x82c  arp.o [9]
    .text            ro code  0x00022764     0x94  enopen.o [3]
    .text            ro code  0x000227f8     0x82  enclose.o [3]
    .text            ro code  0x0002287c     0xdc  rtcsrand.o [9]
    .text            ro code  0x00022958    0x496  rtcspcb.o [9]
    .text            ro code  0x00022dee    0x162  ensend.o [3]
    .text            ro code  0x00022f50    0x24c  iputil.o [9]
    .text            ro code  0x0002319c      0x4  proxyarp.o [9]
    .text            ro code  0x000231a0     0x3c  lws_poll.o [7]
    .text            ro code  0x000231dc    0x24c  ipradix.o [9]
    .text            ro code  0x00023428     0x94  sh_cmdlist.o [11]
    .text            ro code  0x000234bc    0x1f0  sh_copy.o [11]
    .text            ro code  0x000236ac    0x118  sh_create.o [11]
    .text            ro code  0x000237c4    0x11c  sh_del.o [11]
    .text            ro code  0x000238e0    0x108  sh_df.o [11]
    .text            ro code  0x000239e8    0x154  sh_dir.o [11]
    .text            ro code  0x00023b3c    0x1bc  sh_disect.o [11]
    .text            ro code  0x00023cf8     0x68  sh_exit.o [11]
    .text            ro code  0x00023d60    0x17c  sh_format.o [11]
    .text            ro code  0x00023edc    0x108  sh_help.o [11]
    .text            ro code  0x00023fe4    0x22c  sh_read.o [11]
    .text            ro code  0x00024210     0x40  io_fputc.o [7]
    .text            ro code  0x00024250    0x188  sh_rename.o [11]
    .text            ro code  0x000243d8    0x12c  sh_rmdir.o [11]
    .text            ro code  0x00024504     0xd8  sh_sh.o [11]
    .text            ro code  0x000245dc    0x130  sh_type.o [11]
    .text            ro code  0x0002470c    0x250  sh_write.o [11]
    .text            ro code  0x0002495c    0xa94  khci.o [12]
    .text            ro code  0x000253f0     0x92  lwmsgq.o [7]
    .text            ro code  0x00025484    0x138  lwmsgq_recv.o [7]
    .text            ro code  0x000255bc     0x70  ta_creab.o [7]
    .text            ro code  0x0002562c    0x128  lwmsgq_send.o [7]
    .text            ro code  0x00025754    0x560  usb_host_hub_sm.o [12]
    .text            ro code  0x00025cb4    0x3ae  usb_host_hub.o [12]
    .text            ro code  0x00026064    0x59c  sstream.o [9]
    .text            ro code  0x00026600    0x9f6  ip.o [9]
    .text            ro code  0x00026ff8    0x76c  iproute.o [9]
    .text            ro code  0x00027764     0x86  checksum.o [9]
    .text            ro code  0x000277ea     0x44  ipsum.o [7]
    .text            ro code  0x00027830    0x680  icmp.o [9]
    .text            ro code  0x00027eb0     0x22  route.o [9]
    .text            ro code  0x00027ed4    0x19e  iplocal.o [9]
    .text            ro code  0x00028074    0x124  tcpip.o [9]
    .text            ro code  0x00028198     0x16  ms_open.o [7]
    .text            ro code  0x000281b0     0x10  arpinit.o [9]
    .text            ro code  0x000281c0     0x18  bootinit.o [9]
    .text            ro code  0x000281d8     0x32  ms_recv.o [7]
    .text            ro code  0x0002820c    0x144  ms_openi.o [7]
    .text            ro code  0x00028350    0x320  ms_recvi.o [7]
    .text            ro code  0x00028670     0xe8  int_unx.o [7]
    .text            ro code  0x00028758    0x3c4  tcp_clos.o [9]
    .text            ro code  0x00028b1c    0x792  tcp_rcv.o [9]
    .text            ro code  0x000292ae    0x3a2  ticker.o [9]
    .text            ro code  0x00029650   0x16e2  tcp.o [9]
    .text            ro code  0x0002ad32    0x12c  sosel1.o [9]
    .text            ro code  0x0002ae60    0xfa8  tcp_send.o [9]
    .text            ro code  0x0002be08    0x412  tcp_buf.o [9]
    .text            ro code  0x0002c21c     0x18  ti_getr.o [7]
    .text            ro code  0x0002c234    0x464  macnet_init.o [3]
    .text            ro code  0x0002c698     0x1c  macnet_mk60.o [3]
    .text            ro code  0x0002c6b4    0x49e  macnet_receive.o [3]
    .text            ro code  0x0002cb54    0x1d4  macnet_util.o [3]
    .text            ro code  0x0002cd28    0x11a  enrecv.o [3]
    .text            ro code  0x0002ce44     0x64  int_gisr.o [7]
    .text            ro code  0x0002cea8    0x1e2  ta_dest.o [7]
    .text            ro code  0x0002d08c     0x6c  lwm_list.o [7]
    .text            ro code  0x0002d0f8      0x2  stack_de.o [7]
    .text            ro code  0x0002d0fc     0x34  int_isr.o [7]
    .text            ro code  0x0002d130     0x10  td_serrt.o [7]
    .text            ro code  0x0002d140     0x40  idletask.o [7]
    .text            ro code  0x0002d180     0x60  ev_tdel.o [7]
    .text            ro code  0x0002d1e0     0x88  macnet_join.o [3]
    .text            ro code  0x0002d268     0xe8  macnet_mii.o [3]
    .text            ro code  0x0002d350     0x4c  macnet_stop.o [3]
    .text            ro code  0x0002d39c     0x24  ta_exit.o [7]
    .text            ro code  0x0002d3c0    0x31c  udp.o [9]
    .text            ro code  0x0002d6dc    0x4fc  flash_ftfl.o [3]
    .text            ro code  0x0002dbd8     0x24  flash_mk60.o [3]
    .text            ro code  0x0002dbfc     0xd8  ms_tdel.o [7]
    .text            ro code  0x0002dcd4     0x98  pa_tdel.o [7]
    .text            ro code  0x0002dd6c    0x104  soip.o [9]
    .text            ro code  0x0002de70    0x1ba  ipif_add.o [9]
    .text            ro code  0x0002e02a    0x178  phy_ks8721bl.o [3]
    .text            ro code  0x0002e1a2    0x2ba  macnet_send.o [3]
  KERNEL             ro code  0x0002e460    0x218  dispatch.o [7]
  .iar.init_table    const    0x0002e678     0x38  - Linker created -
  .rodata            const    0x0002e6b0      0x8  DSPSPI.o [1]
  .rodata            const    0x0002e6b8     0x1c  DSPSPI.o [1]
  .rodata            const    0x0002e6d4     0x24  DSPSPI.o [1]
  .rodata            const    0x0002e6f8     0x24  DSPSPI.o [1]
  .rodata            const    0x0002e71c     0x24  DSPSPI.o [1]
  .rodata            const    0x0002e740     0x10  DSPSPI.o [1]
  .rodata            const    0x0002e750     0x1c  DSPSPI.o [1]
  .rodata            const    0x0002e76c     0x18  DSPSPI.o [1]
  .rodata            const    0x0002e784     0x1c  DSPSPI.o [1]
  .rodata            const    0x0002e7a0     0x18  DSPSPI.o [1]
  .rodata            const    0x0002e7b8      0x8  FTP_Task.o [1]
  .rodata            const    0x0002e7c0      0x8  FTP_Task.o [1]
  .rodata            const    0x0002e7c8      0x8  FTP_Task.o [1]
  .rodata            const    0x0002e7d0      0x4  FTP_Task.o [1]
  .rodata            const    0x0002e7d4      0x8  FTP_Task.o [1]
  .rodata            const    0x0002e7dc      0x8  FTP_Task.o [1]
  .rodata            const    0x0002e7e4      0x8  FTP_Task.o [1]
  .rodata            const    0x0002e7ec      0x8  FTP_Task.o [1]
  .rodata            const    0x0002e7f4      0x4  FTP_Task.o [1]
  .rodata            const    0x0002e7f8      0x8  FTP_Task.o [1]
  .rodata            const    0x0002e800      0x8  FTP_Task.o [1]
  .rodata            const    0x0002e808      0x8  FTP_Task.o [1]
  .rodata            const    0x0002e810      0x8  FTP_Task.o [1]
  .rodata            const    0x0002e818      0x8  FTP_Task.o [1]
  .rodata            const    0x0002e820      0x8  FTP_Task.o [1]
  .rodata            const    0x0002e828      0x4  FTP_Task.o [1]
  .rodata            const    0x0002e82c      0x8  FTP_Task.o [1]
  .rodata            const    0x0002e834      0x8  FTP_Task.o [1]
  .rodata            const    0x0002e83c      0x8  FTP_Task.o [1]
  .rodata            const    0x0002e844      0x8  FTP_Task.o [1]
  .rodata            const    0x0002e84c      0x8  FTP_Task.o [1]
  .rodata            const    0x0002e854      0x4  FTP_Task.o [1]
  .rodata            const    0x0002e858      0x8  FTP_Task.o [1]
  .rodata            const    0x0002e860      0x8  FTP_Task.o [1]
  .rodata            const    0x0002e868      0x8  FTP_Task.o [1]
  .rodata            const    0x0002e870      0x8  FTP_Task.o [1]
  .rodata            const    0x0002e878      0x8  FTP_Task.o [1]
  .rodata            const    0x0002e880      0x8  FTP_Task.o [1]
  .rodata            const    0x0002e888      0x8  FTP_Task.o [1]
  .rodata            const    0x0002e890      0x8  FTP_Task.o [1]
  .rodata            const    0x0002e898      0x8  FTP_Task.o [1]
  .rodata            const    0x0002e8a0     0x24  FTP_Task.o [1]
  .rodata            const    0x0002e8c4     0x24  FTP_Task.o [1]
  .rodata            const    0x0002e8e8     0x24  FTP_Task.o [1]
  .rodata            const    0x0002e90c     0x14  FTP_Task.o [1]
  .rodata            const    0x0002e920      0xc  FTP_Task.o [1]
  .rodata            const    0x0002e92c    0x100  FTP_Task.o [1]
  .rodata            const    0x0002ea2c      0x8  LCDDriver.o [1]
  .rodata            const    0x0002ea34      0x8  LCDUart.o [1]
  .rodata            const    0x0002ea3c      0xc  LCDUart.o [1]
  .rodata            const    0x0002ea48     0x28  LCDUart.o [1]
  .rodata            const    0x0002ea70     0x24  LCDUart.o [1]
  .rodata            const    0x0002ea94     0x24  LCDUart.o [1]
  .rodata            const    0x0002eab8     0x1c  LCDUart.o [1]
  .rodata            const    0x0002ead4     0x10  LCDUart.o [1]
  .rodata            const    0x0002eae4     0x1c  LCDUart.o [1]
  .rodata            const    0x0002eb00     0x18  LCDUart.o [1]
  .rodata            const    0x0002eb18      0xc  MenuView.o [1]
  .rodata            const    0x0002eb24     0x10  MenuView.o [1]
  .rodata            const    0x0002eb34     0x10  MenuView.o [1]
  .rodata            const    0x0002eb44     0x14  MenuView.o [1]
  .rodata            const    0x0002eb58     0x14  MenuView.o [1]
  .rodata            const    0x0002eb6c     0x38  MenuView.o [1]
  .rodata            const    0x0002eba4     0x3c  MenuView.o [1]
  .rodata            const    0x0002ebe0      0x4  MenuView.o [1]
  .rodata            const    0x0002ebe4      0x8  MenuView.o [1]
  .rodata            const    0x0002ebec     0x24  MenuView.o [1]
  .rodata            const    0x0002ec10     0x48  MenuView.o [1]
  .rodata            const    0x0002ec58      0x8  MenuView.o [1]
  .rodata            const    0x0002ec60      0x8  MenuView.o [1]
  .rodata            const    0x0002ec68      0xc  MenuView.o [1]
  .rodata            const    0x0002ec74      0x8  MenuView.o [1]
  .rodata            const    0x0002ec7c     0x10  MenuView.o [1]
  .rodata            const    0x0002ec8c      0x8  MenuView.o [1]
  .rodata            const    0x0002ec94      0x8  MenuView.o [1]
  .rodata            const    0x0002ec9c     0x2c  MenuView.o [1]
  .rodata            const    0x0002ecc8     0x58  MenuView.o [1]
  .rodata            const    0x0002ed20     0x10  MenuView.o [1]
  .rodata            const    0x0002ed30     0x10  MenuView.o [1]
  .rodata            const    0x0002ed40      0xc  MenuView.o [1]
  .rodata            const    0x0002ed4c      0xc  MenuView.o [1]
  .rodata            const    0x0002ed58     0x24  MenuView.o [1]
  .rodata            const    0x0002ed7c      0xc  MenuView.o [1]
  .rodata            const    0x0002ed88      0x8  MenuView.o [1]
  .rodata            const    0x0002ed90     0x20  MenuView.o [1]
  .rodata            const    0x0002edb0     0x24  MenuView.o [1]
  .rodata            const    0x0002edd4      0x8  MenuView.o [1]
  .rodata            const    0x0002eddc      0x8  MenuView.o [1]
  .rodata            const    0x0002ede4      0x8  MenuView.o [1]
  .rodata            const    0x0002edec      0xc  MenuView.o [1]
  .rodata            const    0x0002edf8      0x8  MenuView.o [1]
  .rodata            const    0x0002ee00      0x8  MenuView.o [1]
  .rodata            const    0x0002ee08      0x4  Shell_Task.o [1]
  .rodata            const    0x0002ee0c      0x8  Shell_Task.o [1]
  .rodata            const    0x0002ee14      0x8  Shell_Task.o [1]
  .rodata            const    0x0002ee1c      0x4  Shell_Task.o [1]
  .rodata            const    0x0002ee20      0x8  Shell_Task.o [1]
  .rodata            const    0x0002ee28      0x4  Shell_Task.o [1]
  .rodata            const    0x0002ee2c      0x4  Shell_Task.o [1]
  .rodata            const    0x0002ee30      0x8  Shell_Task.o [1]
  .rodata            const    0x0002ee38      0x8  Shell_Task.o [1]
  .rodata            const    0x0002ee40      0x8  Shell_Task.o [1]
  .rodata            const    0x0002ee48      0x8  Shell_Task.o [1]
  .rodata            const    0x0002ee50      0x4  Shell_Task.o [1]
  .rodata            const    0x0002ee54      0x8  Shell_Task.o [1]
  .rodata            const    0x0002ee5c      0x4  Shell_Task.o [1]
  .rodata            const    0x0002ee60      0x8  Shell_Task.o [1]
  .rodata            const    0x0002ee68      0x4  Shell_Task.o [1]
  .rodata            const    0x0002ee6c      0x8  Shell_Task.o [1]
  .rodata            const    0x0002ee74      0x8  Shell_Task.o [1]
  .rodata            const    0x0002ee7c      0x8  Shell_Task.o [1]
  .rodata            const    0x0002ee84      0x8  Shell_Task.o [1]
  .rodata            const    0x0002ee8c     0x28  Shell_Task.o [1]
  .rodata            const    0x0002eeb4     0x24  Shell_Task.o [1]
  .rodata            const    0x0002eed8     0x24  Shell_Task.o [1]
  .rodata            const    0x0002eefc     0x20  Shell_Task.o [1]
  .rodata            const    0x0002ef1c     0xb0  Shell_Task.o [1]
  .rodata            const    0x0002efcc     0x1c  USB_File.o [1]
  .rodata            const    0x0002efe8     0x4c  USB_File.o [1]
  .rodata            const    0x0002f034     0x34  USB_File.o [1]
  .rodata            const    0x0002f068     0x24  USB_File.o [1]
  .rodata            const    0x0002f08c     0x20  USB_File.o [1]
  .rodata            const    0x0002f0ac     0x20  USB_File.o [1]
  .rodata            const    0x0002f0cc     0x24  USB_File.o [1]
  .rodata            const    0x0002f0f0     0x24  USB_File.o [1]
  .rodata            const    0x0002f114     0x2c  USB_File.o [1]
  .rodata            const    0x0002f140     0x24  USB_File.o [1]
  .rodata            const    0x0002f164     0x20  USB_File.o [1]
  .rodata            const    0x0002f184     0x1c  USB_File.o [1]
  .rodata            const    0x0002f1a0     0x18  USB_File.o [1]
  .rodata            const    0x0002f1b8     0x2c  USB_File.o [1]
  .rodata            const    0x0002f1e4     0x14  USB_File.o [1]
  .rodata            const    0x0002f1f8     0x24  USB_File.o [1]
  .rodata            const    0x0002f21c     0x18  USB_File.o [1]
  .rodata            const    0x0002f234     0x28  USB_File.o [1]
  .rodata            const    0x0002f25c     0x18  USB_File.o [1]
  .rodata            const    0x0002f274     0x2c  USB_File.o [1]
  .rodata            const    0x0002f2a0     0x18  USB_File.o [1]
  .rodata            const    0x0002f2b8     0x30  USB_File.o [1]
  .rodata            const    0x0002f2e8     0x14  USB_File.o [1]
  .rodata            const    0x0002f2fc     0x1c  USB_File.o [1]
  .rodata            const    0x0002f318     0x18  USB_File.o [1]
  .rodata            const    0x0002f330     0x24  USB_Task.o [1]
  .rodata            const    0x0002f354     0x24  USB_Task.o [1]
  .rodata            const    0x0002f378     0x24  USB_Task.o [1]
  .rodata            const    0x0002f39c      0x8  USB_Task.o [1]
  .rodata            const    0x0002f3a4      0x8  USB_Task.o [1]
  .rodata            const    0x0002f3ac      0x8  USB_Task.o [1]
  .rodata            const    0x0002f3b4      0x8  USB_Task.o [1]
  .rodata            const    0x0002f3bc     0x30  USB_Task.o [1]
  .rodata            const    0x0002f3ec      0x4  mem_flash.o [1]
  .rodata            const    0x0002f3f0      0x8  mem_flash.o [1]
  .rodata            const    0x0002f3f8     0x14  mem_flash.o [1]
  .rodata            const    0x0002f40c      0x8  mem_flash.o [1]
  .rodata            const    0x0002f414     0x18  mem_flash.o [1]
  .rodata            const    0x0002f42c     0x18  mem_flash.o [1]
  .rodata            const    0x0002f444     0x28  mem_flash.o [1]
  .rodata            const    0x0002f46c     0x28  mem_flash.o [1]
  .rodata            const    0x0002f494     0x1c  mem_flash.o [1]
  .rodata            const    0x0002f4b0     0x20  mem_flash.o [1]
  .rodata            const    0x0002f4d0     0x30  mem_flash.o [1]
  .rodata            const    0x0002f500     0x1c  mem_flash.o [1]
  .rodata            const    0x0002f51c      0xc  pin2.o [1]
  .rodata            const    0x0002f528      0xc  pin2.o [1]
  .rodata            const    0x0002f534      0x8  pin2.o [1]
  .rodata            const    0x0002f53c     0x28  sh_cd.o [1]
  .rodata            const    0x0002f564     0x2c  sh_cd.o [1]
  .rodata            const    0x0002f590     0x1c  sh_cd.o [1]
  .rodata            const    0x0002f5ac     0x20  sh_cd.o [1]
  .rodata            const    0x0002f5cc     0x14  sh_cd.o [1]
  .rodata            const    0x0002f5e0     0x18  sh_cd.o [1]
  .rodata            const    0x0002f5f8     0x34  sh_cd.o [1]
  .rodata            const    0x0002f62c     0x28  tcpip_socket_task.o [1]
  .rodata            const    0x0002f654     0x2c  tcpip_socket_task.o [1]
  .rodata            const    0x0002f680     0x1c  tcpip_socket_task.o [1]
  .rodata            const    0x0002f69c     0x28  tcpip_socket_task.o [1]
  .rodata            const    0x0002f6c4     0x20  tcpip_socket_task.o [1]
  .rodata            const    0x0002f6e4     0x14  tcpip_socket_task.o [1]
  .rodata            const    0x0002f6f8      0x8  tcpip_socket_task.o [1]
  .rodata            const    0x0002f700     0x24  tcpip_socket_task.o [1]
  .rodata            const    0x0002f724     0x10  yada_prj.o [1]
  .rodata            const    0x0002f734      0xc  yada_prj.o [1]
  .rodata            const    0x0002f740      0xc  yada_prj.o [1]
  .rodata            const    0x0002f74c     0x10  yada_prj.o [1]
  .rodata            const    0x0002f75c      0xc  yada_prj.o [1]
  .rodata            const    0x0002f768      0xc  yada_prj.o [1]
  .rodata            const    0x0002f774     0x10  yada_prj.o [1]
  .rodata            const    0x0002f784      0xc  yada_prj.o [1]
  .rodata            const    0x0002f790      0xc  yada_prj.o [1]
  .rodata            const    0x0002f79c      0xc  yada_prj.o [1]
  .rodata            const    0x0002f7a8     0x20  yada_prj.o [1]
  .rodata            const    0x0002f7c8     0x24  yada_prj.o [1]
  .rodata            const    0x0002f7ec     0x24  yada_prj.o [1]
  .rodata            const    0x0002f810     0x24  yada_prj.o [1]
  .rodata            const    0x0002f834      0x8  yada_prj.o [1]
  .rodata            const    0x0002f83c      0x8  yada_prj.o [1]
  .rodata            const    0x0002f844      0xc  yada_prj.o [1]
  .rodata            const    0x0002f850    0x140  yada_prj.o [1]
  .rodata            const    0x0002f990      0x4  ftpd_cmd.o [9]
  .rodata            const    0x0002f994     0x10  ftpd_cmd.o [9]
  .rodata            const    0x0002f9a4      0x8  ftpd_cmd.o [9]
  .rodata            const    0x0002f9ac      0xc  ftpd_cmd.o [9]
  .rodata            const    0x0002f9b8     0x14  ftpd_cmd.o [9]
  .rodata            const    0x0002f9cc      0x8  ftpd_cmd.o [9]
  .rodata            const    0x0002f9d4     0x20  ftpd_cmd.o [9]
  .rodata            const    0x0002f9f4     0x24  ftpd_cmd.o [9]
  .rodata            const    0x0002fa18     0x20  ftpd_cmd.o [9]
  .rodata            const    0x0002fa38     0x30  ftpd_cmd.o [9]
  .rodata            const    0x0002fa68     0x28  ftpd_cmd.o [9]
  .rodata            const    0x0002fa90     0x24  ftpd_cmd.o [9]
  .rodata            const    0x0002fab4     0x1c  ftpd_cmd.o [9]
  .rodata            const    0x0002fad0      0x4  ftpd.o [9]
  .rodata            const    0x0002fad4      0x8  ftpd.o [9]
  .rodata            const    0x0002fadc      0xc  ip-e.o [9]
  .rodata            const    0x0002fae8      0x4  ip-e.o [9]
  .rodata            const    0x0002faec      0x8  rtcscmd.o [9]
  .rodata            const    0x0002faf4     0x28  sh_mkdir.o [11]
  .rodata            const    0x0002fb1c     0x2c  sh_mkdir.o [11]
  .rodata            const    0x0002fb48     0x20  sh_mkdir.o [11]
  .rodata            const    0x0002fb68     0x20  sh_mkdir.o [11]
  .rodata            const    0x0002fb88     0x14  sh_mkdir.o [11]
  .rodata            const    0x0002fb9c     0x18  sh_mkdir.o [11]
  .rodata            const    0x0002fbb4     0x30  sh_mkdir.o [11]
  .rodata            const    0x0002fbe4     0x28  sh_pwd.o [11]
  .rodata            const    0x0002fc0c     0x20  sh_pwd.o [11]
  .rodata            const    0x0002fc2c      0x8  sh_pwd.o [11]
  .rodata            const    0x0002fc34      0x8  sh_pwd.o [11]
  .rodata            const    0x0002fc3c      0xc  sh_pwd.o [11]
  .rodata            const    0x0002fc48     0x28  sh_read_wk.o [11]
  .rodata            const    0x0002fc70     0x18  sh_read_wk.o [11]
  .rodata            const    0x0002fc88     0x20  sh_read_wk.o [11]
  .rodata            const    0x0002fca8      0x8  sh_read_wk.o [11]
  .rodata            const    0x0002fcb0      0x8  sh_read_wk.o [11]
  .rodata            const    0x0002fcb8     0x1c  sh_read_wk.o [11]
  .rodata            const    0x0002fcd4     0x1c  sh_read_wk.o [11]
  .rodata            const    0x0002fcf0     0x2c  sh_read_wk.o [11]
  .rodata            const    0x0002fd1c     0x14  sh_read_wk.o [11]
  .rodata            const    0x0002fd30      0x8  sh_read_wk.o [11]
  .rodata            const    0x0002fd38     0x20  sh_read_wk.o [11]
  .rodata            const    0x0002fd58     0x20  sh_read_wk.o [11]
  .rodata            const    0x0002fd78     0x30  sh_read_wk.o [11]
  .rodata            const    0x0002fda8     0x38  sh_read_wk.o [11]
  .rodata            const    0x0002fde0     0x28  sh_read_wk.o [11]
  .rodata            const    0x0002fe08     0x2c  sh_read_wk.o [11]
  .rodata            const    0x0002fe34     0x34  sh_read_wk.o [11]
  .rodata            const    0x0002fe68     0x20  sh_read_wk.o [11]
  .rodata            const    0x0002fe88     0x28  sh_search_file_1.o [11]
  .rodata            const    0x0002feb0     0x20  sh_search_file_1.o [11]
  .rodata            const    0x0002fed0     0x14  sh_search_file_1.o [11]
  .rodata            const    0x0002fee4     0x14  sh_search_file_1.o [11]
  .rodata            const    0x0002fef8     0x20  sh_search_file_1.o [11]
  .rodata            const    0x0002ff18     0x24  sh_search_file_1.o [11]
  .rodata            const    0x0002ff3c     0x24  sh_search_file_1.o [11]
  .rodata            const    0x0002ff60     0x14  sh_search_file_1.o [11]
  .rodata            const    0x0002ff74     0x24  sh_search_file_1.o [11]
  .rodata            const    0x0002ff98     0x30  sh_search_file_1.o [11]
  .rodata            const    0x0002ffc8      0x8  sh_search_file_1.o [11]
  .rodata            const    0x0002ffd0      0x8  sh_update.o [11]
  .rodata            const    0x0002ffd8     0x24  sh_update.o [11]
  .rodata            const    0x0002fffc     0x28  sh_update.o [11]
  .rodata            const    0x00030024     0x28  sh_update.o [11]
  .rodata            const    0x0003004c     0x1c  sh_update.o [11]
  .rodata            const    0x00030068     0x28  sh_write_binary.o [11]
  .rodata            const    0x00030090     0x20  sh_write_binary.o [11]
  .rodata            const    0x000300b0      0x8  sh_write_binary.o [11]
  .rodata            const    0x000300b8      0x8  sh_write_binary.o [11]
  .rodata            const    0x000300c0     0x1c  sh_write_binary.o [11]
  .rodata            const    0x000300dc     0x1c  sh_write_binary.o [11]
  .rodata            const    0x000300f8     0x2c  sh_write_binary.o [11]
  .rodata            const    0x00030124     0x20  sh_write_binary.o [11]
  .rodata            const    0x00030144     0x20  sh_write_binary.o [11]
  .rodata            const    0x00030164     0x38  sh_write_binary.o [11]
  .rodata            const    0x0003019c     0x3c  sh_write_binary.o [11]
  .rodata            const    0x000301d8     0x28  sh_write_binary.o [11]
  .rodata            const    0x00030200     0x2c  sh_write_binary.o [11]
  .rodata            const    0x0003022c     0x34  sh_write_binary.o [11]
  .rodata            const    0x00030260     0x20  sh_write_binary.o [11]
  .rodata            const    0x00030280     0x1c  sh_write_binary.o [11]
  .rodata            const    0x0003029c     0x10  mfs_misc.o [6]
  .rodata            const    0x000302ac     0x1c  mfs_misc.o [6]
  .rodata            const    0x000302c8     0x14  mfs_misc.o [6]
  .rodata            const    0x000302dc     0x14  mfs_misc.o [6]
  .rodata            const    0x000302f0     0x14  mfs_misc.o [6]
  .rodata            const    0x00030304     0x14  mfs_misc.o [6]
  .rodata            const    0x00030318     0x18  mfs_misc.o [6]
  .rodata            const    0x00030330     0x24  mfs_misc.o [6]
  .rodata            const    0x00030354     0x24  mfs_misc.o [6]
  .rodata            const    0x00030378     0x1c  mfs_misc.o [6]
  .rodata            const    0x00030394     0x14  mfs_misc.o [6]
  .rodata            const    0x000303a8     0x28  mfs_misc.o [6]
  .rodata            const    0x000303d0     0x14  mfs_misc.o [6]
  .rodata            const    0x000303e4     0x18  mfs_misc.o [6]
  .rodata            const    0x000303fc     0x10  mfs_misc.o [6]
  .rodata            const    0x0003040c     0x10  mfs_misc.o [6]
  .rodata            const    0x0003041c     0x18  mfs_misc.o [6]
  .rodata            const    0x00030434     0x10  mfs_misc.o [6]
  .rodata            const    0x00030444     0x18  mfs_misc.o [6]
  .rodata            const    0x0003045c     0x18  mfs_misc.o [6]
  .rodata            const    0x00030474     0x10  mfs_misc.o [6]
  .rodata            const    0x00030484     0x14  mfs_misc.o [6]
  .rodata            const    0x00030498      0x8  mfs_misc.o [6]
  .rodata            const    0x000304a0     0x1c  mfs_misc.o [6]
  .rodata            const    0x000304bc     0x14  mfs_misc.o [6]
  .rodata            const    0x000304d0     0x1c  mfs_misc.o [6]
  .rodata            const    0x000304ec     0x1c  mfs_misc.o [6]
  .rodata            const    0x00030508     0x18  mfs_misc.o [6]
  .rodata            const    0x00030520     0x20  mfs_misc.o [6]
  .rodata            const    0x00030540     0x10  mfs_misc.o [6]
  .rodata            const    0x00030550     0x14  mfs_misc.o [6]
  .rodata            const    0x00030564     0x1c  mfs_misc.o [6]
  .rodata            const    0x00030580     0x1c  mfs_misc.o [6]
  .rodata            const    0x0003059c     0x14  mfs_misc.o [6]
  .rodata            const    0x000305b0     0x18  mfs_misc.o [6]
  .rodata            const    0x000305c8     0x14  mfs_misc.o [6]
  .rodata            const    0x000305dc     0x14  mfs_misc.o [6]
  .rodata            const    0x000305f0     0x14  shell.o [11]
  .rodata            const    0x00030604      0xc  shell.o [11]
  .rodata            const    0x00030610     0x30  shell.o [11]
  .rodata            const    0x00030640      0xc  shell.o [11]
  .rodata            const    0x0003064c      0x8  shell.o [11]
  .rodata            const    0x00030654     0x38  shell.o [11]
  .rodata            const    0x0003068c     0x14  shell.o [11]
  .rodata            const    0x000306a0      0x8  sh_cmdlist.o [11]
  .rodata            const    0x000306a8      0xc  sh_cmdlist.o [11]
  .rodata            const    0x000306b4     0x28  sh_copy.o [11]
  .rodata            const    0x000306dc     0x20  sh_copy.o [11]
  .rodata            const    0x000306fc     0x2c  sh_copy.o [11]
  .rodata            const    0x00030728     0x24  sh_copy.o [11]
  .rodata            const    0x0003074c     0x2c  sh_copy.o [11]
  .rodata            const    0x00030778     0x40  sh_copy.o [11]
  .rodata            const    0x000307b8     0x18  sh_copy.o [11]
  .rodata            const    0x000307d0     0x1c  sh_copy.o [11]
  .rodata            const    0x000307ec     0x24  sh_copy.o [11]
  .rodata            const    0x00030810     0x20  sh_copy.o [11]
  .rodata            const    0x00030830     0x28  sh_create.o [11]
  .rodata            const    0x00030858     0x20  sh_create.o [11]
  .rodata            const    0x00030878     0x2c  sh_create.o [11]
  .rodata            const    0x000308a4     0x20  sh_create.o [11]
  .rodata            const    0x000308c4     0x1c  sh_create.o [11]
  .rodata            const    0x000308e0     0x20  sh_create.o [11]
  .rodata            const    0x00030900     0x28  sh_create.o [11]
  .rodata            const    0x00030928     0x20  sh_create.o [11]
  .rodata            const    0x00030948     0x28  sh_del.o [11]
  .rodata            const    0x00030970     0x20  sh_del.o [11]
  .rodata            const    0x00030990     0x2c  sh_del.o [11]
  .rodata            const    0x000309bc     0x18  sh_del.o [11]
  .rodata            const    0x000309d4      0xc  sh_del.o [11]
  .rodata            const    0x000309e0     0x14  sh_del.o [11]
  .rodata            const    0x000309f4     0x24  sh_del.o [11]
  .rodata            const    0x00030a18     0x28  sh_df.o [11]
  .rodata            const    0x00030a40     0x14  sh_df.o [11]
  .rodata            const    0x00030a54     0x18  sh_df.o [11]
  .rodata            const    0x00030a6c     0x38  sh_df.o [11]
  .rodata            const    0x00030aa4     0x20  sh_df.o [11]
  .rodata            const    0x00030ac4     0x18  sh_df.o [11]
  .rodata            const    0x00030adc     0x20  sh_df.o [11]
  .rodata            const    0x00030afc      0x8  sh_df.o [11]
  .rodata            const    0x00030b04     0x28  sh_dir.o [11]
  .rodata            const    0x00030b2c     0x20  sh_dir.o [11]
  .rodata            const    0x00030b4c     0x14  sh_dir.o [11]
  .rodata            const    0x00030b60     0x24  sh_dir.o [11]
  .rodata            const    0x00030b84     0x24  sh_dir.o [11]
  .rodata            const    0x00030ba8     0x1c  sh_dir.o [11]
  .rodata            const    0x00030bc4     0x24  sh_dir.o [11]
  .rodata            const    0x00030be8     0x24  sh_dir.o [11]
  .rodata            const    0x00030c0c     0x30  sh_dir.o [11]
  .rodata            const    0x00030c3c     0x28  sh_disect.o [11]
  .rodata            const    0x00030c64     0x18  sh_disect.o [11]
  .rodata            const    0x00030c7c     0x20  sh_disect.o [11]
  .rodata            const    0x00030c9c     0x28  sh_disect.o [11]
  .rodata            const    0x00030cc4     0x24  sh_disect.o [11]
  .rodata            const    0x00030ce8     0x10  sh_disect.o [11]
  .rodata            const    0x00030cf8      0x8  sh_disect.o [11]
  .rodata            const    0x00030d00     0x18  sh_disect.o [11]
  .rodata            const    0x00030d18     0x20  sh_disect.o [11]
  .rodata            const    0x00030d38     0x24  sh_disect.o [11]
  .rodata            const    0x00030d5c     0x24  sh_disect.o [11]
  .rodata            const    0x00030d80      0xc  sh_exit.o [11]
  .rodata            const    0x00030d8c      0x8  sh_format.o [11]
  .rodata            const    0x00030d94      0x4  sh_format.o [11]
  .rodata            const    0x00030d98      0x4  sh_format.o [11]
  .rodata            const    0x00030d9c      0x4  sh_format.o [11]
  .rodata            const    0x00030da0      0x4  sh_format.o [11]
  .rodata            const    0x00030da4     0x28  sh_format.o [11]
  .rodata            const    0x00030dcc     0x24  sh_format.o [11]
  .rodata            const    0x00030df0     0x10  sh_format.o [11]
  .rodata            const    0x00030e00     0x20  sh_format.o [11]
  .rodata            const    0x00030e20     0x2c  sh_format.o [11]
  .rodata            const    0x00030e4c      0x8  sh_format.o [11]
  .rodata            const    0x00030e54     0x20  sh_format.o [11]
  .rodata            const    0x00030e74     0x28  sh_format.o [11]
  .rodata            const    0x00030e9c     0x40  sh_format.o [11]
  .rodata            const    0x00030edc     0x34  sh_format.o [11]
  .rodata            const    0x00030f10     0x14  sh_format.o [11]
  .rodata            const    0x00030f24      0x8  sh_help.o [11]
  .rodata            const    0x00030f2c      0x8  sh_help.o [11]
  .rodata            const    0x00030f34     0x18  sh_help.o [11]
  .rodata            const    0x00030f4c      0x8  sh_help.o [11]
  .rodata            const    0x00030f54     0x28  sh_help.o [11]
  .rodata            const    0x00030f7c     0x10  sh_help.o [11]
  .rodata            const    0x00030f8c     0x18  sh_help.o [11]
  .rodata            const    0x00030fa4     0x28  sh_help.o [11]
  .rodata            const    0x00030fcc     0x28  sh_read.o [11]
  .rodata            const    0x00030ff4     0x18  sh_read.o [11]
  .rodata            const    0x0003100c     0x20  sh_read.o [11]
  .rodata            const    0x0003102c      0x8  sh_read.o [11]
  .rodata            const    0x00031034      0x8  sh_read.o [11]
  .rodata            const    0x0003103c     0x1c  sh_read.o [11]
  .rodata            const    0x00031058     0x1c  sh_read.o [11]
  .rodata            const    0x00031074     0x2c  sh_read.o [11]
  .rodata            const    0x000310a0     0x14  sh_read.o [11]
  .rodata            const    0x000310b4      0x8  sh_read.o [11]
  .rodata            const    0x000310bc     0x20  sh_read.o [11]
  .rodata            const    0x000310dc     0x20  sh_read.o [11]
  .rodata            const    0x000310fc     0x30  sh_read.o [11]
  .rodata            const    0x0003112c     0x38  sh_read.o [11]
  .rodata            const    0x00031164     0x28  sh_read.o [11]
  .rodata            const    0x0003118c     0x2c  sh_read.o [11]
  .rodata            const    0x000311b8     0x34  sh_read.o [11]
  .rodata            const    0x000311ec     0x20  sh_read.o [11]
  .rodata            const    0x0003120c     0x28  sh_rename.o [11]
  .rodata            const    0x00031234     0x2c  sh_rename.o [11]
  .rodata            const    0x00031260     0x34  sh_rename.o [11]
  .rodata            const    0x00031294     0x20  sh_rename.o [11]
  .rodata            const    0x000312b4     0x18  sh_rename.o [11]
  .rodata            const    0x000312cc     0x1c  sh_rename.o [11]
  .rodata            const    0x000312e8     0x20  sh_rename.o [11]
  .rodata            const    0x00031308     0x28  sh_rename.o [11]
  .rodata            const    0x00031330     0x24  sh_rename.o [11]
  .rodata            const    0x00031354     0x28  sh_rmdir.o [11]
  .rodata            const    0x0003137c     0x2c  sh_rmdir.o [11]
  .rodata            const    0x000313a8     0x20  sh_rmdir.o [11]
  .rodata            const    0x000313c8     0x20  sh_rmdir.o [11]
  .rodata            const    0x000313e8     0x14  sh_rmdir.o [11]
  .rodata            const    0x000313fc     0x14  sh_rmdir.o [11]
  .rodata            const    0x00031410     0x18  sh_rmdir.o [11]
  .rodata            const    0x00031428     0x30  sh_rmdir.o [11]
  .rodata            const    0x00031458     0x28  sh_sh.o [11]
  .rodata            const    0x00031480     0x20  sh_sh.o [11]
  .rodata            const    0x000314a0     0x10  sh_sh.o [11]
  .rodata            const    0x000314b0     0x18  sh_sh.o [11]
  .rodata            const    0x000314c8     0x28  sh_sh.o [11]
  .rodata            const    0x000314f0     0x20  sh_type.o [11]
  .rodata            const    0x00031510     0x2c  sh_type.o [11]
  .rodata            const    0x0003153c     0x20  sh_type.o [11]
  .rodata            const    0x0003155c     0x38  sh_type.o [11]
  .rodata            const    0x00031594     0x10  sh_type.o [11]
  .rodata            const    0x000315a4     0x18  sh_type.o [11]
  .rodata            const    0x000315bc     0x28  sh_type.o [11]
  .rodata            const    0x000315e4     0x28  sh_write.o [11]
  .rodata            const    0x0003160c     0x20  sh_write.o [11]
  .rodata            const    0x0003162c     0x18  sh_write.o [11]
  .rodata            const    0x00031644      0x8  sh_write.o [11]
  .rodata            const    0x0003164c      0x8  sh_write.o [11]
  .rodata            const    0x00031654     0x1c  sh_write.o [11]
  .rodata            const    0x00031670     0x1c  sh_write.o [11]
  .rodata            const    0x0003168c     0x2c  sh_write.o [11]
  .rodata            const    0x000316b8     0x20  sh_write.o [11]
  .rodata            const    0x000316d8     0x20  sh_write.o [11]
  .rodata            const    0x000316f8     0x30  sh_write.o [11]
  .rodata            const    0x00031728     0x38  sh_write.o [11]
  .rodata            const    0x00031760     0x28  sh_write.o [11]
  .rodata            const    0x00031788     0x2c  sh_write.o [11]
  .rodata            const    0x000317b4     0x34  sh_write.o [11]
  .rodata            const    0x000317e8     0x20  sh_write.o [11]
  .rodata            const    0x00031808     0x20  usbmfs.o [12]
  .rodata            const    0x00031828      0xc  khci.o [12]
  .rodata            const    0x00031834     0x38  khci.o [12]
  .rodata            const    0x0003186c     0x50  host_common.o [12]
  .rodata            const    0x000318bc     0x50  usb_mqx.o [12]
  .rodata            const    0x0003190c     0x50  host_main.o [12]
  .rodata            const    0x0003195c      0x8  sh_util.o [11]
  .rodata            const    0x00031964      0x8  sh_util.o [11]
  .rodata            const    0x0003196c     0x3c  sstream.o [9]
  .rodata            const    0x000319a8     0x58  usb_host_hub.o [12]
  .rodata            const    0x00031a00     0x5c  usb_host_msd_bo.o [12]
  .rodata            const    0x00031a5c     0x10  timer_lpt.o [3]
  .rodata            const    0x00031a6c      0xc  timer_lpt.o [3]
  .rodata            const    0x00031a78     0x18  mqx.o [7]
  .rodata            const    0x00031a90      0xc  mqx.o [7]
  .rodata            const    0x00031a9c      0x4  mqx.o [7]
  .rodata            const    0x00031aa0      0x4  mqx.o [7]
  .rodata            const    0x00031aa4     0x14  io_dopr.o [7]
  .rodata            const    0x00031ab8     0x14  io_dopr.o [7]
  .rodata            const    0x00031acc      0x8  init_enet.o [3]
  .rodata            const    0x00031ad4     0x10  init_enet.o [3]
  .rodata            const    0x00031ae4     0x24  init_enet.o [3]
  .rodata            const    0x00031b08      0x8  init_enet.o [3]
  .rodata            const    0x00031b10      0x8  sotcp.o [9]
  .rodata            const    0x00031b18      0x4  dir_read.o [6]
  .rodata            const    0x00031b1c      0x4  dir_read.o [6]
  .rodata            const    0x00031b20      0x4  dir_read.o [6]
  .rodata            const    0x00031b24      0x4  dir_read.o [6]
  .rodata            const    0x00031b28      0x4  dir_read.o [6]
  .rodata            const    0x00031b2c      0x4  dir_read.o [6]
  .rodata            const    0x00031b30      0x4  dir_read.o [6]
  .rodata            const    0x00031b34      0x4  dir_read.o [6]
  .rodata            const    0x00031b38      0x4  dir_read.o [6]
  .rodata            const    0x00031b3c      0x4  dir_read.o [6]
  .rodata            const    0x00031b40      0x4  dir_read.o [6]
  .rodata            const    0x00031b44      0x4  dir_read.o [6]
  .rodata            const    0x00031b48     0x40  dir_read.o [6]
  .rodata            const    0x00031b88     0x14  dir_read.o [6]
  .rodata            const    0x00031b9c     0x10  dir_read.o [6]
  .rodata            const    0x00031bac      0xc  dir_read.o [6]
  .rodata            const    0x00031bb8      0xc  dir_read.o [6]
  .rodata            const    0x00031bc4      0x8  dir_read.o [6]
  .rodata            const    0x00031bcc      0x8  dir_read.o [6]
  .rodata            const    0x00031bd4     0x30  dir_read.o [6]
  .rodata            const    0x00031c04     0x18  ftpd_msg.o [9]
  .rodata            const    0x00031c1c     0x1c  ftpd_msg.o [9]
  .rodata            const    0x00031c38     0x34  ftpd_msg.o [9]
  .rodata            const    0x00031c6c     0x30  ftpd_msg.o [9]
  .rodata            const    0x00031c9c     0x10  ftpd_msg.o [9]
  .rodata            const    0x00031cac     0x14  ftpd_msg.o [9]
  .rodata            const    0x00031cc0     0x14  ftpd_msg.o [9]
  .rodata            const    0x00031cd4     0x18  ftpd_msg.o [9]
  .rodata            const    0x00031cec     0x18  ftpd_msg.o [9]
  .rodata            const    0x00031d04     0x20  ftpd_msg.o [9]
  .rodata            const    0x00031d24     0x18  ftpd_msg.o [9]
  .rodata            const    0x00031d3c     0x10  ftpd_msg.o [9]
  .rodata            const    0x00031d4c     0x3c  ftpd_msg.o [9]
  .rodata            const    0x00031d88     0x38  ftpd_msg.o [9]
  .rodata            const    0x00031dc0     0x30  ftpd_msg.o [9]
  .rodata            const    0x00031df0     0x1c  ftpd_msg.o [9]
  .rodata            const    0x00031e0c      0xc  ftpd_msg.o [9]
  .rodata            const    0x00031e18     0x30  ftpd_msg.o [9]
  .rodata            const    0x00031e48     0x30  ftpd_msg.o [9]
  .rodata            const    0x00031e78     0x20  ftpd_msg.o [9]
  .rodata            const    0x00031e98     0x20  ftpd_msg.o [9]
  .rodata            const    0x00031eb8     0x1c  ftpd_msg.o [9]
  .rodata            const    0x00031ed4      0xc  ftpd_msg.o [9]
  .rodata            const    0x00031ee0     0x14  ftpd_msg.o [9]
  .rodata            const    0x00031ef4     0x14  ftpd_msg.o [9]
  .rodata            const    0x00031f08     0x14  ftpd_msg.o [9]
  .rodata            const    0x00031f1c     0x34  ftpd_msg.o [9]
  .rodata            const    0x00031f50     0x20  ftpd_msg.o [9]
  .rodata            const    0x00031f70     0x1c  ftpd_msg.o [9]
  .rodata            const    0x00031f8c     0x20  ftpd_msg.o [9]
  .rodata            const    0x00031fac     0x38  ftpd_msg.o [9]
  .rodata            const    0x00031fe4      0x8  soip.o [9]
  .rodata            const    0x00031fec     0x68  ti_rom.o [7]
  .rodata            const    0x00032054    0x20c  ti_rom.o [7]
  .rodata            const    0x00032260     0x14  mfs_create.o [6]
  .rodata            const    0x00032274     0x14  mfs_create.o [6]
  .rodata            const    0x00032288     0x14  mfs_format.o [6]
  .rodata            const    0x0003229c     0x14  mfs_format.o [6]
  .rodata            const    0x000322b0     0x14  mfs_format.o [6]
  .rodata            const    0x000322c4     0x30  mfs_format.o [6]
  .rodata            const    0x000322f4      0x8  mfs_lfn.o [6]
  .rodata            const    0x000322fc      0xc  mfs_lfn.o [6]
  .rodata            const    0x00032308     0x54  host_dev_list.o [12]
  .rodata            const    0x0003235c     0x24  host_dev_list.o [12]
  .rodata            const    0x00032380     0x20  int_unx.o [7]
  .rodata            const    0x000323a0     0x30  int_unx.o [7]
  .rodata            const    0x000323d0     0x3c  int_unx.o [7]
  .rodata            const    0x0003240c     0x14  int_unx.o [7]
  .rodata            const    0x00032420     0x28  int_unx.o [7]
  .rodata            const    0x00032448     0x50  host_ch9.o [12]
  .rodata            const    0x00032498      0x8  host_ch9.o [12]
  .rodata            const    0x000324a0     0x50  host_rcv.o [12]
  .rodata            const    0x000324f0     0x50  host_snd.o [12]
  .rodata            const    0x00032540      0x4  timer_lpt_kinetis.o [3]
  .rodata            const    0x00032544      0x4  timer_lpt_kinetis.o [3]
  .rodata            const    0x00032548      0x4  timer_lpt_kinetis.o [3]
  .rodata            const    0x0003254c      0x8  init_bsp.o [3]
  .rodata            const    0x00032554      0x8  init_bsp.o [3]
  .rodata            const    0x0003255c      0x8  init_bsp.o [3]
  .rodata            const    0x00032564      0x8  init_bsp.o [3]
  .rodata            const    0x0003256c      0x8  init_bsp.o [3]
  .rodata            const    0x00032574      0x8  init_bsp.o [3]
  .rodata            const    0x0003257c      0x8  init_bsp.o [3]
  .rodata            const    0x00032584      0x8  init_bsp.o [3]
  .rodata            const    0x0003258c      0x8  init_bsp.o [3]
  .rodata            const    0x00032594      0x8  init_bsp.o [3]
  .rodata            const    0x0003259c      0x8  init_bsp.o [3]
  .rodata            const    0x000325a4      0x8  init_bsp.o [3]
  .rodata            const    0x000325ac      0x8  init_bsp.o [3]
  .rodata            const    0x000325b4      0x8  init_bsp.o [3]
  .rodata            const    0x000325bc      0x8  init_bsp.o [3]
  .rodata            const    0x000325c4      0x8  init_bsp.o [3]
  .rodata            const    0x000325cc      0x8  init_bsp.o [3]
  .rodata            const    0x000325d4      0x8  init_bsp.o [3]
  .rodata            const    0x000325dc      0x8  init_bsp.o [3]
  .rodata            const    0x000325e4      0x8  init_bsp.o [3]
  .rodata            const    0x000325ec      0x8  init_bsp.o [3]
  .rodata            const    0x000325f4      0x8  init_bsp.o [3]
  .rodata            const    0x000325fc      0x8  init_bsp.o [3]
  .rodata            const    0x00032604      0x8  init_bsp.o [3]
  .rodata            const    0x0003260c     0x10  mqxiinit.o [7]
  .rodata            const    0x0003261c     0x20  macnet_init.o [3]
  .rodata            const    0x0003263c     0x14  phy_ks8721bl.o [3]
  .rodata            const    0x00032650      0xc  iplocal.o [9]
  .rodata            const    0x0003265c      0x4  iplocal.o [9]
  .rodata            const    0x00032660      0xc  rtcsinit.o [9]
  .rodata            const    0x0003266c     0x1c  init_gpio.o [3]
  .rodata            const    0x00032688     0x1c  init_gpio.o [3]
  .rodata            const    0x000326a4      0x4  init_gpio.o [3]
  .rodata            const    0x000326a8     0x50  host_close.o [12]
  .rodata            const    0x000326f8     0x1c  bsp_cm.o [3]
  .rodata            const    0x00032714     0x78  bsp_cm.o [3]
  .rodata            const    0x0003278c     0x10  init_adc.o [3]
  .rodata            const    0x0003279c     0x18  init_adc.o [3]
  .rodata            const    0x000327b4     0x30  init_spi.o [3]
  .rodata            const    0x000327e4     0x30  init_spi.o [3]
  .rodata            const    0x00032814     0x30  init_spi.o [3]
  .rodata            const    0x00032844      0xc  init_esdhc.o [3]
  .rodata            const    0x00032850      0x8  init_flashx.o [3]
  .rodata            const    0x00032858      0x8  init_flashx.o [3]
  .rodata            const    0x00032860     0x30  init_flashx.o [3]
  .rodata            const    0x00032890     0x20  init_flashx.o [3]
  .rodata            const    0x000328b0     0x14  init_i2c.o [3]
  .rodata            const    0x000328c4     0x20  init_sci.o [3]
  .rodata            const    0x000328e4     0x20  init_sci.o [3]
  .rodata            const    0x00032904     0x20  init_sci.o [3]
  .rodata            const    0x00032924     0x20  init_sci.o [3]
  .rodata            const    0x00032944     0x20  init_sci.o [3]
  .rodata            const    0x00032964     0x20  init_sci.o [3]
  .rodata            const    0x00032984     0x1c  spi_dma_dspi.o [3]
  .rodata            const    0x000329a0     0x40  spi_dma_dspi.o [3]
  .rodata            const    0x000329e0     0x10  spi_pol_dspi.o [3]
  .rodata            const    0x000329f0     0x40  spi_pol_dspi.o [3]
  .rodata            const    0x00032a30     0x10  spi_pol_dspi.o [3]
  .rodata            const    0x00032a40    0x100  esdhc.o [3]
  .rodata            const    0x00032b40      0xc  i2c_pol_ki2c.o [3]
  .rodata            const    0x00032b4c    0x100  i2c_pol_ki2c.o [3]
  .rodata            const    0x00032c4c      0xc  serl_int_kuart.o [3]
  .rodata            const    0x00032c58     0x40  macnet_mk60.o [3]
  .rodata            const    0x00032c98     0x30  flash_ftfl.o [3]
  .rodata            const    0x00032cc8     0x20  flash_ftfl.o [3]
  .rodata            const    0x00032ce8      0xc  spi_mk60_dspi.o [3]
  .rodata            const    0x00032cf4      0xc  spi_mk60_dspi.o [3]
  .rodata            const    0x00032d00     0x20  adc_kadc.o [3]
  .rodata            const    0x00032d20      0xc  io_gpio_kgpio.o [3]
  .rodata            const    0x00032d2c      0xc  io_gpio_kgpio.o [3]
  .rodata            const    0x00032d38      0xc  io_gpio_kgpio.o [3]
  .rodata            const    0x00032d44      0xc  io_gpio_kgpio.o [3]
  .rodata            const    0x00032d50     0x14  io_gpio_kgpio.o [3]
  .rodata            const    0x00032d64     0x14  io_gpio_kgpio.o [3]
  .rodata            const    0x00032d78      0x8  io_gpio_kgpio.o [3]
  .rodata            const    0x00032d80      0x8  io_gpio_kgpio.o [3]
  .rodata            const    0x00032d88      0x8  adc_mk60.o [3]
  .rodata            const    0x00032d90      0x8  mqx_init.o [3]
  .rodata            const    0x00032d98     0x30  mqx_init.o [3]
  Initializer bytes  ro data  0x00032dc8     0xd0  <for P2 mid-1>
  .rodata            const    0x00032e98      0x2  Shell_Task.o [1]
  Initializer bytes  ro data  0x00032e9c      0x4  <for KERNEL_DATA-1>
  .rodata            const    0x00032ea0      0x1  init_flashx.o [3]
  .rodata            const    0x00032ea1      0x0  bwt_init3c.o [8]
  FLASHX_POOL                 0x00033000      0x1  <Block>
    .flashx          const    0x00033000      0x1  vectors.o [3]
    .flashx          const    0x00033001      0x0  vectors.o [3]
                            - 0x00033001  0x32be1

"P2":                                      0x4234
  P2 mid-1                    0x1fff0000     0xd0  <Init block>
    .data            inited   0x1fff0000      0x2  DSPSPI.o [1]
    .data            inited   0x1fff0004      0x4  FTP_Task.o [1]
    .data            inited   0x1fff0008     0x28  MenuView.o [1]
    .data            inited   0x1fff0030      0xc  MenuView.o [1]
    .data            inited   0x1fff003c      0x8  MenuView.o [1]
    .data            inited   0x1fff0044      0x4  MenuView.o [1]
    .data            inited   0x1fff0048      0xc  MenuView.o [1]
[...]
                        0x0001ca65    0x46  Code  Lc  host_main.o [12]
_usb_host_open_pipe     0x0001c9cf    0x96  Code  Gb  host_main.o [12]
_usb_host_open_pipe_call_interface
                        0x0001c745    0x20  Code  Gb  host_main.o [12]
_usb_host_open_pipe_cleanup
                        0x0001c9a5    0x2a  Code  Gb  host_main.o [12]
_usb_host_recv_data     0x0001f0d9    0x58  Code  Gb  host_rcv.o [12]
_usb_host_recv_data_call_interface
                        0x0001c6e3    0x20  Code  Gb  host_main.o [12]
_usb_host_register_ch9_callback
                        0x0001cecb    0x36  Code  Gb  host_ch9.o [12]
_usb_host_register_service
                        0x0001c92f    0x76  Code  Gb  host_main.o [12]
_usb_host_send_call_interface
                        0x0001c6a3    0x20  Code  Gb  host_main.o [12]
_usb_host_send_data     0x0001f081    0x52  Code  Gb  host_snd.o [12]
_usb_host_send_setup    0x0001cb75    0x6a  Code  Gb  host_main.o [12]
_usb_host_send_setup_call_interface
                        0x0001c6c3    0x20  Code  Gb  host_main.o [12]
_usb_host_set_up_TR     0x0001cb19    0x5c  Code  Gb  host_main.o [12]
_usb_host_update_device_address_call_interface
                        0x0001c785    0x20  Code  Gb  host_main.o [12]
_usb_host_update_max_packet_size_call_interface
                        0x0001c765    0x20  Code  Gb  host_main.o [12]
_usb_hostdev_cntrl_request
                        0x0001d1a9    0x92  Code  Gb  host_ch9.o [12]
_usb_hostdev_free_buffer
                        0x0001886f    0x6c  Code  Gb  host_common.o [12]
_usb_hostdev_get_buffer
                        0x000187f5     0xc  Code  Gb  host_common.o [12]
_usb_hostdev_get_buffer_aligned
                        0x00018801    0x6e  Code  Gb  host_common.o [12]
_usb_hostdev_get_descriptor
                        0x00018947   0x1ca  Code  Gb  host_common.o [12]
_usb_hostdev_select_interface
                        0x000190b7   0x1dc  Code  Gb  host_common.o [12]
_usb_khci_add_int_tr    0x000249c9    0x6c  Code  Lc  khci.o [12]
_usb_khci_atom_tr       0x000250ad   0x304  Code  Lc  khci.o [12]
_usb_khci_attach        0x00024b31    0x7c  Code  Lc  khci.o [12]
_usb_khci_bus_control   0x0002501d     0x4  Code  Lc  khci.o [12]
_usb_khci_cancel        0x00024ffd    0x20  Code  Lc  khci.o [12]
_usb_khci_detach        0x00024bf1    0x2e  Code  Lc  khci.o [12]
_usb_khci_get_frame_number
                        0x00025021    0x10  Code  Lc  khci.o [12]
_usb_khci_get_hot_int_tr
                        0x00024a6b    0xc6  Code  Lc  khci.o [12]
_usb_khci_host_close_pipe
                        0x000253cd    0x24  Code  Lc  khci.o [12]
_usb_khci_init          0x00024eed    0xa6  Code  Lc  khci.o [12]
_usb_khci_init_int_tr   0x000249b3    0x16  Code  Lc  khci.o [12]
_usb_khci_isr           0x0002495d    0x56  Code  Lc  khci.o [12]
_usb_khci_process_tr_complete
                        0x00025031    0x7c  Code  Lc  khci.o [12]
_usb_khci_recv          0x00024fdb    0x22  Code  Lc  khci.o [12]
_usb_khci_reset         0x00024bad    0x44  Code  Lc  khci.o [12]
_usb_khci_rm_int_tr     0x00024a35    0x36  Code  Lc  khci.o [12]
_usb_khci_send          0x00024f97    0x22  Code  Lc  khci.o [12]
_usb_khci_send_setup    0x00024fb9    0x22  Code  Lc  khci.o [12]
_usb_khci_shutdown      0x00024f93     0x4  Code  Lc  khci.o [12]
_usb_khci_task          0x00024c1f   0x272  Code  Lc  khci.o [12]
_usb_khci_task_create   0x00024e91    0x5c  Code  Lc  khci.o [12]
abs                     0x0000cc57     0x8  Code  Gb  abs.o [4]
adc_address             0x00032d88     0x8  Data  Lc  adc_mk60.o [3]
adc_bundle              0x1fff41ac     0x4  Data  Gb  adc_kadc.o [3]
adc_calibrate           0x00009ae3    0xaa  Code  Lc  adc_kadc.o [3]
adc_complete_isr        0x00009ac5    0x1e  Code  Lc  adc_kadc.o [3]
adc_get_calibration_data
                        0x00009b8d    0x64  Code  Lc  adc_kadc.o [3]
adc_internal            0x1fff4198    0x14  Data  Lc  adc_kadc.o [3]
adc_process_all_data    0x00009a71    0x32  Code  Gb  adc_kadc.o [3]
adc_process_data        0x000099d3    0x9e  Code  Lc  adc_kadc.o [3]
adc_set_calibration_data
                        0x00009bf1    0x64  Code  Lc  adc_kadc.o [3]
adt_idelay_isr          0x0000a6e5    0x36  Code  Lc  adt_kpdb.o [3]
adt_period_prescaler    0x00009f51   0x1e0  Code  Lc  adt_kpdb.o [3]
bdt                     0x1fff0200   0x200  Data  Lc  khci.o [12]
class_interface_map     0x1fff005c    0x24  Data  Gb  usb_classes.o [1]
cos                     0x000134a3     0x6  Code  Gb  cos.o [5]
count                   0x1fff4208     0x1  Data  Lc  DSPSPI.o [1]
delay_ms                0x00012f75    0x16  Code  Gb  System.o [1]
delay_us                0x00012f8d    0x1a  Code  Gb  System.o [1]
device                  0x1fff40d8    0x20  Data  Gb  USB_Task.o [1]
dspi_address            0x00032ce8     0xc  Data  Lc  spi_mk60_dspi.o [3]
dspi_vectors            0x00032cf4     0xc  Data  Lc  spi_mk60_dspi.o [3]
evntyear_old            0x1fff4200     0x2  Data  Gb  MenuView.o [1]
exit                    0x000004d5     0x4  Code  Gb  exit.o [4]
first_irq               0x1fff4194     0x4  Data  Gb  io_gpio.o [3]
flexnvm_flash_ioctl     0x0002db3f    0x96  Code  Gb  flash_ftfl.o [3]
flexnvm_prog_part       0x0002dad7    0x40  Code  Gb  flash_ftfl.o [3]
flexnvm_read_resource   0x0002da93    0x44  Code  Gb  flash_ftfl.o [3]
flexnvm_set_flexram     0x0002db17    0x28  Code  Gb  flash_ftfl.o [3]
flg_int                 0x0002021d    0x74  Code  Gb  yada_prj.o [1]
fmod                    0x00015bc1          Code  Gb  fmod.o [5]
fmodl                   0x00015bc1          Code  Gb  fmod.o [5]
ftfl_flash_command_sequence
                        0x0002d6dd   0x1c4  Code  Lc  flash_ftfl.o [3]
ftfl_flash_deinit       0x0002d8d5    0x22  Code  Gb  flash_ftfl.o [3]
ftfl_flash_erase_sector
                        0x0002d91f    0xa2  Code  Gb  flash_ftfl.o [3]
ftfl_flash_init         0x0002d8a1    0x34  Code  Gb  flash_ftfl.o [3]
ftfl_flash_write_sector
                        0x0002d9c1    0xb8  Code  Gb  flash_ftfl.o [3]
ftfl_init_ram_function  0x0002d8f7    0x28  Code  Gb  flash_ftfl.o [3]
ftfl_ram_function       0x0002da79    0x18  Code  Lc  flash_ftfl.o [3]
ftfl_ram_function_end   0x0002da91     0x2  Code  Lc  flash_ftfl.o [3]
ftpmsg_bad_option       0x00031df0    0x1c  Data  Gb  ftpd_msg.o [9]
ftpmsg_badcmd           0x00031cd4    0x18  Data  Gb  ftpd_msg.o [9]
ftpmsg_badport          0x00031cec    0x18  Data  Gb  ftpd_msg.o [9]
ftpmsg_banner           0x00031c1c    0x1c  Data  Gb  ftpd_msg.o [9]
ftpmsg_cd_error         0x00031e78    0x20  Data  Gb  ftpd_msg.o [9]
ftpmsg_delete_error     0x00031eb8    0x1c  Data  Gb  ftpd_msg.o [9]
ftpmsg_goodbye          0x00031d3c    0x10  Data  Gb  ftpd_msg.o [9]
ftpmsg_help_end         0x00031e48    0x30  Data  Gb  ftpd_msg.o [9]
ftpmsg_help_start       0x00031e18    0x30  Data  Gb  ftpd_msg.o [9]
ftpmsg_logged           0x00031c9c    0x10  Data  Gb  ftpd_msg.o [9]
ftpmsg_no_datacon       0x00031f8c    0x20  Data  Gb  ftpd_msg.o [9]
ftpmsg_no_file          0x00031f1c    0x34  Data  Gb  ftpd_msg.o [9]
ftpmsg_no_fs            0x00031d4c    0x3c  Data  Gb  ftpd_msg.o [9]
ftpmsg_no_memory        0x00031fac    0x38  Data  Gb  ftpd_msg.o [9]
ftpmsg_ok               0x00031ed4     0xc  Data  Gb  ftpd_msg.o [9]
ftpmsg_opening_datacon  0x00031f50    0x20  Data  Gb  ftpd_msg.o [9]
ftpmsg_pasv_mode        0x00031d88    0x38  Data  Gb  ftpd_msg.o [9]
ftpmsg_portok           0x00031c04    0x18  Data  Gb  ftpd_msg.o [9]
ftpmsg_rmdir_error      0x00031e98    0x20  Data  Gb  ftpd_msg.o [9]
ftpmsg_rxok             0x00031c38    0x34  Data  Gb  ftpd_msg.o [9]
ftpmsg_site_info        0x00031dc0    0x30  Data  Gb  ftpd_msg.o [9]
ftpmsg_size             0x00031d24    0x18  Data  Gb  ftpd_msg.o [9]
ftpmsg_syst             0x00031e0c     0xc  Data  Gb  ftpd_msg.o [9]
ftpmsg_tx_complete      0x00031f70    0x1c  Data  Gb  ftpd_msg.o [9]
ftpmsg_txok             0x00031c6c    0x30  Data  Gb  ftpd_msg.o [9]
ftpmsg_type_ascii       0x00031ee0    0x14  Data  Gb  ftpd_msg.o [9]
ftpmsg_type_image       0x00031ef4    0x14  Data  Gb  ftpd_msg.o [9]
ftpmsg_type_unknown     0x00031f08    0x14  Data  Gb  ftpd_msg.o [9]
ftpmsg_unimp            0x00031d04    0x20  Data  Gb  ftpd_msg.o [9]
ftpmsg_writeeof         0x00031cc0    0x14  Data  Gb  ftpd_msg.o [9]
ftpmsg_writefail        0x00031cac    0x14  Data  Gb  ftpd_msg.o [9]
get_irq_mask            0x000087a9    0x2a  Code  Lc  io_gpio_kgpio.o [3]
gpio_cpu_configure      0x000087d3   0x160  Code  Gb  io_gpio_kgpio.o [3]
gpio_cpu_init           0x00008933     0xa  Code  Gb  io_gpio_kgpio.o [3]
gpio_cpu_ioctl          0x00008b31   0x4f8  Code  Gb  io_gpio_kgpio.o [3]
gpio_cpu_open           0x000089f1   0x140  Code  Gb  io_gpio_kgpio.o [3]
gpio_eport_irq          0x00009029    0x9c  Code  Lc  io_gpio_kgpio.o [3]
gpio_global_irq_map     0x1fff41e8    0x14  Data  Gb  io_gpio_kgpio.o [3]
gpio_global_pin_map     0x1fff41d4    0x14  Data  Gb  io_gpio_kgpio.o [3]
hub_anchor              0x1fff4164     0x4  Data  Lc  usb_host_hub.o [12]
init_hardware           0x000005fd    0x3c  Code  Gb  init_hw.o [3]
install_isr             0x0000893d    0xb4  Code  Lc  io_gpio_kgpio.o [3]
int_callback            0x0001ff5d    0x1e  Code  Gb  yada_prj.o [1]
isalpha                 0x0000f5fd     0x8  Code  Gb  io_util.o [7]
isdigit                 0x000153ab    0x10  Code  Gb  sh_util.o [11]
isgraph                 0x0000e8b1    0x18  Code  Gb  io_util.o [7]
isprint                 0x0000f287    0x2a  Code  Gb  io_util.o [7]
ispunct                 0x0000f605     0x8  Code  Gb  io_util.o [7]
isupper                 0x0000f27f     0x8  Code  Gb  io_util.o [7]
isxdigit                0x00021a9d    0x24  Code  Gb  ftpd_cmd.o [9]
kinetis_flash_invalidate_cache
                        0x0002dbdd    0x16  Code  Gb  flash_mk60.o [3]
linemark                0x00011469   0x176  Code  Gb  MenuView.o [1]
lower_hex_string        0x00031ab8    0x14  Data  Lc  io_dopr.o [7]
lpt_address             0x00032540     0x4  Data  Lc  timer_lpt_kinetis.o [3]
lpt_clock_source        0x00032548     0x4  Data  Lc  timer_lpt_kinetis.o [3]
lpt_vectors             0x00032544     0x4  Data  Lc  timer_lpt_kinetis.o [3]
main                    0x000004c5    0x10  Code  Gb  mqx_main.o [3]
mass_anchor             0x1fff4168     0x4  Data  Lc  usb_host_msd_bo.o [12]
mem_flash_app           0x0001f5e1   0x16c  Code  Gb  mem_flash.o [1]
memcmp                  0x00015dd5          Code  Gb  memcmp.o [8]
memcpy                  0x0000a91d     0xe  Code  Gb  esdhc.o [3]
months                  0x00031bd4    0x30  Data  Lc  dir_read.o [6]
pctl_ptr_arr            0x00032d64    0x14  Data  Lc  io_gpio_kgpio.o [3]
pdb_external            0x1fff00cc     0x4  Data  Lc  adt_kpdb.o [3]
pdb_internal            0x1fff41b0    0x24  Data  Lc  adt_kpdb.o [3]
phy_ksz8041_IF          0x0003263c    0x14  Data  Gb  phy_ks8721bl.o [3]
phy_ksz8041_discover_addr
                        0x0002e02b    0x46  Code  Lc  phy_ks8721bl.o [3]
phy_ksz8041_get_link_status
                        0x0002e15d    0x46  Code  Lc  phy_ks8721bl.o [3]
phy_ksz8041_get_speed   0x0002e117    0x46  Code  Lc  phy_ks8721bl.o [3]
phy_ksz8041_init        0x0002e071    0xa6  Code  Lc  phy_ks8721bl.o [3]
pipe_init_params_prototype
                        0x0003235c    0x24  Data  Lc  host_dev_list.o [12]
read_buffer             0x1fff0080     0x8  Data  Gb  yada_prj.o [1]
req_prototype           0x00032498     0x8  Data  Lc  host_ch9.o [12]
reseed                  0x1fff417c     0x4  Data  Lc  rtcsrand.o [9]
rtcs_enet               0x0002fadc     0xc  Data  Lc  ip-e.o [9]
rtcs_local              0x00032650     0xc  Data  Lc  iplocal.o [9]
seed                    0x1fff4178     0x4  Data  Lc  rtcsrand.o [9]
send_U16str             0x0000cefd    0x2e  Code  Gb  LCDDriver.o [1]
send_U8str              0x0000cecf    0x2e  Code  Gb  LCDDriver.o [1]
send_area               0x0000cea7    0x28  Code  Gb  LCDDriver.o [1]
send_byte               0x0000ce57    0x12  Code  Gb  LCDDriver.o [1]
send_end                0x0000cf2b    0x14  Code  Gb  LCDDriver.o [1]
send_word               0x0000ce69    0x2a  Code  Gb  LCDDriver.o [1]
send_xy                 0x0000ce93    0x14  Code  Gb  LCDDriver.o [1]
sin                     0x000135dd     0x6  Code  Gb  sin.o [5]
spi2_dma_int            0x000084f5    0x74  Code  Gb  DSPSPI.o [1]
spifd_2                 0x1fff3e10     0x4  Data  Gb  DSPSPI.o [1]
state                   0x1fff00c8     0x4  Data  Lc  rtcsrand.o [9]
strcat                  0x0001f17f    0x1e  Code  Gb  strcat.o [4]
strcmp                  0x0000a74d          Code  Gb  strcmp.o [8]
strcpy                  0x0000e86d          Code  Gb  strcpy.o [8]
strlen                  0x0000a791          Code  Gb  strlen.o [8]
strncmp                 0x0000bbc9    0x2a  Code  Gb  strncmp.o [4]
strncpy                 0x0000c2b1          Code  Gb  strncpy.o [8]
strpbrk                 0x00021ac1     0x4  Code  Gb  strpbrk.o [4]
systick_config          0x00001b69     0xc  Code  Gb  init_bsp.o [3]
systick_init            0x00001b75    0x34  Code  Lc  init_bsp.o [3]
tcp_socket_task         0x0001f991   0x29c  Code  Gb  tcpip_socket_task.o [1]
timer_isr               0x0001ff7b    0x2a  Code  Lc  yada_prj.o [1]
tolower                 0x0000e8c9     0x8  Code  Gb  io_util.o [7]
tr_index                0x1fff412c     0x4  Data  Lc  host_common.o [12]
uart_isr                0x000029ad    0x76  Code  Gb  serl_int_kuart.o [3]
uart_lcd                0x1fff3e14     0x4  Data  Gb  LCDDriver.o [1]
upper_hex_string        0x00031aa4    0x14  Data  Lc  io_dopr.o [7]
usb_class_hub_clear_feature
                        0x00025eed    0x1e  Code  Gb  usb_host_hub.o [12]
usb_class_hub_clear_port_feature
                        0x00025f0b    0x24  Code  Gb  usb_host_hub.o [12]
usb_class_hub_cntrl_callback
                        0x00025d71    0x1a  Code  Gb  usb_host_hub.o [12]
usb_class_hub_cntrl_common
                        0x00025d8b    0xfe  Code  Gb  usb_host_hub.o [12]
usb_class_hub_get_app   0x00025d11    0x60  Code  Gb  usb_host_hub.o [12]
usb_class_hub_get_descriptor
                        0x00025e89    0x40  Code  Gb  usb_host_hub.o [12]
usb_class_hub_get_port_status
                        0x00025f4f    0x22  Code  Gb  usb_host_hub.o [12]
usb_class_hub_get_status
                        0x00025f2f    0x20  Code  Gb  usb_host_hub.o [12]
usb_class_hub_init      0x00025cb5    0x5c  Code  Gb  usb_host_hub.o [12]
usb_class_hub_int_callback
                        0x00026049    0x1a  Code  Gb  usb_host_hub.o [12]
usb_class_hub_set_port_feature
                        0x00025ec9    0x24  Code  Gb  usb_host_hub.o [12]
usb_class_hub_wait_for_interrupt
                        0x00025f71    0xcc  Code  Gb  usb_host_hub.o [12]
usb_class_mass_call_back_cbw
                        0x0001d355    0xa2  Code  Lc  usb_host_msd_bo.o [12]
usb_class_mass_call_back_csw
                        0x0001d4cd   0x12e  Code  Lc  usb_host_msd_bo.o [12]
usb_class_mass_call_back_dphase
                        0x0001d3f7    0xd6  Code  Lc  usb_host_msd_bo.o [12]
usb_class_mass_clear_bulk_pipe_on_usb
                        0x0001d6e5    0x7c  Code  Lc  usb_host_msd_bo.o [12]
usb_class_mass_deleteq  0x0001f027    0x34  Code  Gb  usb_host_msd_queue.o [12]
usb_class_mass_get_pending_request
                        0x0001f05b    0x26  Code  Gb  usb_host_msd_queue.o [12]
usb_class_mass_init     0x0001d249    0x88  Code  Gb  usb_host_msd_bo.o [12]
usb_class_mass_pass_on_usb
                        0x0001d5fb    0xea  Code  Lc  usb_host_msd_bo.o [12]
usb_class_mass_q_init   0x0001efdf     0xc  Code  Gb  usb_host_msd_queue.o [12]
usb_class_mass_q_insert
                        0x0001efeb    0x3c  Code  Gb  usb_host_msd_queue.o [12]
usb_class_mass_reset_callback
                        0x0001d7c9    0xd0  Code  Lc  usb_host_msd_bo.o [12]
usb_class_mass_reset_recovery_on_usb
                        0x0001d761    0x68  Code  Gb  usb_host_msd_bo.o [12]
usb_class_mass_storage_device_command
                        0x0001d2d1    0x84  Code  Gb  usb_host_msd_bo.o [12]
usb_dev_list_attach_device
                        0x0001c467   0x120  Code  Gb  host_dev_list.o [12]
usb_dev_list_close_pipe
                        0x0001c591    0x46  Code  Lc  host_dev_list.o [12]
usb_dev_list_close_pipe_bundle
                        0x0001c5d7    0x2a  Code  Gb  host_dev_list.o [12]
usb_dev_list_detach_device
                        0x0001c601    0x82  Code  Gb  host_dev_list.o [12]
usb_dev_list_free_mem   0x0001c307    0x76  Code  Gb  host_dev_list.o [12]
usb_dev_list_free_memlist
                        0x0001c2b1    0x56  Code  Gb  host_dev_list.o [12]
usb_dev_list_get_mem    0x0001c37d    0xea  Code  Gb  host_dev_list.o [12]
usb_filesystem_install  0x00016539   0x18c  Code  Gb  USB_File.o [1]
usb_filesystem_uninstall
                        0x000166c5    0xde  Code  Gb  USB_File.o [1]
usb_host_ch9_dev_req    0x0001cf01    0x8e  Code  Lc  host_ch9.o [12]
usb_host_class_intf_init
                        0x00018b8f    0xf8  Code  Gb  host_common.o [12]
usb_host_class_intf_validate
                        0x00018c87    0x22  Code  Gb  host_common.o [12]
usb_host_cntrl_transaction_done
                        0x0001cbe9   0x2e2  Code  Lc  host_ch9.o [12]
usb_host_driver_info_match
                        0x00018ca9    0xec  Code  Lc  host_common.o [12]
usb_host_driver_info_nonzero
                        0x00018dff    0x4a  Code  Lc  host_common.o [12]
usb_host_driver_info_scan
                        0x00018d95    0x6a  Code  Lc  host_common.o [12]
usb_host_hub_device_event
                        0x00025755    0x9e  Code  Gb  usb_host_hub_sm.o [12]
usb_host_hub_device_sm  0x000257f5   0x45c  Code  Lc  usb_host_hub_sm.o [12]
usb_host_hub_int_callback
                        0x00025c51    0x60  Code  Lc  usb_host_hub_sm.o [12]
usb_host_map_class_intf
                        0x00018e49    0x3a  Code  Lc  host_common.o [12]
usb_host_mass_device_event
                        0x0001f19d    0x6e  Code  Gb  USB_Task.o [1]
usb_host_state_struct_ptr
                        0x1fff4130     0x4  Data  Gb  host_main.o [12]
usb_hostdev_attach_detach
                        0x00018785    0x48  Code  Gb  host_common.o [12]
usb_hostdev_delete_interface
                        0x00018eb3    0xce  Code  Gb  host_common.o [12]
usb_hostdev_get_class   0x000188db    0x6c  Code  Lc  host_common.o [12]
usb_hostdev_get_pipe_handle
                        0x00018b11    0x7e  Code  Gb  host_common.o [12]
usb_hostdev_mask_class_etc
                        0x00018f81    0x2a  Code  Lc  host_common.o [12]
usb_hostdev_open_pipe   0x00018fab   0x10c  Code  Lc  host_common.o [12]
usb_hostdev_tr_init     0x00019293    0x36  Code  Gb  host_common.o [12]
usb_hostdev_validate    0x000187cd    0x28  Code  Gb  host_common.o [12]
usb_mass_ufi_cancel     0x0001935d     0xc  Code  Gb  usb_host_msd_ufi.o [12]
usb_mass_ufi_generic    0x000192d9    0x84  Code  Gb  usb_host_msd_ufi.o [12]


[1] = E:\Freescale\mqx_test\YD_PRJ_NEW_20130323_git_\IAR\twrk60n512\Int Flash Debug\Obj
[2] = command line
[3] = bsp_twrk60n512_130418_SPI_TX_84Data_Buf6175.a
[4] = dl7M_tln.a
[5] = m7M_tl.a
[6] = mfs_twrk60n512_d.a
[7] = psp_twrk60n512_d.a
[8] = rt7M_tl.a
[9] = rtcs_twrk60n512_d_20130105.a
[10] = shb_l.a
[11] = shell_twrk60n512_d_20130412.a
[12] = usb_hdk_twrk60n512_d.a

  189 016 bytes of readonly  code memory
   19 518 bytes of readonly  data memory
   17 299 bytes of readwrite data memory

Errors: none
Warnings: none
