###############################################################################
#                                                                             #
# IAR ELF Linker V6.30.1.53127/W32 for ARM              08/May/2013  22:28:16 #
# Copyright 2007-2011 IAR Systems AB.                                         #
#                                                                             #
#    Output file  =  E:\Freescale\mqx_test\YD_PRJ_NEW_20130323_git_\IAR\twrk6 #
#                    0n512\Int Flash Debug\Exe\twrk60n512.out                 #
#    Map file     =  E:\Freescale\mqx_test\YD_PRJ_NEW_20130323_git_\IAR\twrk6 #
#                    0n512\Int Flash Debug\List\twrk60n512.map                #
#    Command line =  "E:\Freescale\mqx_test\YD_PRJ_NEW_20130323_git_\IAR\twrk #
#                    60n512\Int Flash Debug\Obj\DSPSPI.o"                     #
#                    "E:\Freescale\mqx_test\YD_PRJ_NEW_20130323_git_\IAR\twrk #
#                    60n512\Int Flash Debug\Obj\DataConvert.o"                #
#                    "E:\Freescale\mqx_test\YD_PRJ_NEW_20130323_git_\IAR\twrk #
#                    60n512\Int Flash Debug\Obj\FTP_Task.o"                   #
#                    "E:\Freescale\mqx_test\YD_PRJ_NEW_20130323_git_\IAR\twrk #
#                    60n512\Int Flash Debug\Obj\LCDDriver.o"                  #
#                    "E:\Freescale\mqx_test\YD_PRJ_NEW_20130323_git_\IAR\twrk #
#                    60n512\Int Flash Debug\Obj\LCDUart.o"                    #
#                    "E:\Freescale\mqx_test\YD_PRJ_NEW_20130323_git_\IAR\twrk #
#                    60n512\Int Flash Debug\Obj\MenuView.o"                   #
#                    "E:\Freescale\mqx_test\YD_PRJ_NEW_20130323_git_\IAR\twrk #
#                    60n512\Int Flash Debug\Obj\SD_task.o"                    #
#                    "E:\Freescale\mqx_test\YD_PRJ_NEW_20130323_git_\IAR\twrk #
#                    60n512\Int Flash Debug\Obj\Shell_Task.o"                 #
#                    "E:\Freescale\mqx_test\YD_PRJ_NEW_20130323_git_\IAR\twrk #
#                    60n512\Int Flash Debug\Obj\System.o"                     #
#                    "E:\Freescale\mqx_test\YD_PRJ_NEW_20130323_git_\IAR\twrk #
#                    60n512\Int Flash Debug\Obj\USB_File.o"                   #
#                    "E:\Freescale\mqx_test\YD_PRJ_NEW_20130323_git_\IAR\twrk #
#                    60n512\Int Flash Debug\Obj\USB_Task.o"                   #
#                    "E:\Freescale\mqx_test\YD_PRJ_NEW_20130323_git_\IAR\twrk #
#                    60n512\Int Flash Debug\Obj\mem_flash.o"                  #
#                    "E:\Freescale\mqx_test\YD_PRJ_NEW_20130323_git_\IAR\twrk #
#                    60n512\Int Flash Debug\Obj\mem_ram.o"                    #
#                    "E:\Freescale\mqx_test\YD_PRJ_NEW_20130323_git_\IAR\twrk #
#                    60n512\Int Flash Debug\Obj\pin2.o"                       #
#                    "E:\Freescale\mqx_test\YD_PRJ_NEW_20130323_git_\IAR\twrk #
#                    60n512\Int Flash Debug\Obj\sh_cd.o"                      #
#                    "E:\Freescale\mqx_test\YD_PRJ_NEW_20130323_git_\IAR\twrk #
#                    60n512\Int Flash Debug\Obj\sh_di.o"                      #
#                    "E:\Freescale\mqx_test\YD_PRJ_NEW_20130323_git_\IAR\twrk #
#                    60n512\Int Flash Debug\Obj\tcpip_socket_task.o"          #
#                    "E:\Freescale\mqx_test\YD_PRJ_NEW_20130323_git_\IAR\twrk #
#                    60n512\Int Flash Debug\Obj\usb_classes.o"                #
#                    "E:\Freescale\mqx_test\YD_PRJ_NEW_20130323_git_\IAR\twrk #
#                    60n512\Int Flash Debug\Obj\yada_prj.o"                   #
#                    E:\Freescale\mqx_test\YD_PRJ_NEW_20130323_git_\lib\twrk6 #
#                    0n512.iar\bsp\bsp_twrk60n512_130418_SPI_TX_84Data_Buf617 #
#                    5.a E:\Freescale\mqx_test\YD_PRJ_NEW_20130323_git_\lib\t #
#                    wrk60n512.iar\mfs\mfs_twrk60n512_d.a                     #
#                    E:\Freescale\mqx_test\YD_PRJ_NEW_20130323_git_\lib\twrk6 #
#                    0n512.iar\psp\psp_twrk60n512_d.a                         #
#                    E:\Freescale\mqx_test\YD_PRJ_NEW_20130323_git_\lib\twrk6 #
#                    0n512.iar\rtcs\rtcs_twrk60n512_d_20130105.a              #
#                    E:\Freescale\mqx_test\YD_PRJ_NEW_20130323_git_\lib\twrk6 #
#                    0n512.iar\shell\shell_twrk60n512_d_20130412.a            #
#                    E:\Freescale\mqx_test\YD_PRJ_NEW_20130323_git_\lib\twrk6 #
#                    0n512.iar\usb\host\usb_hdk_twrk60n512_d.a --redirect     #
#                    _Printf=_PrintfFull --redirect _Scanf=_ScanfFull -o      #
#                    "E:\Freescale\mqx_test\YD_PRJ_NEW_20130323_git_\IAR\twrk #
#                    60n512\Int Flash Debug\Exe\twrk60n512.out" --map         #
#                    "E:\Freescale\mqx_test\YD_PRJ_NEW_20130323_git_\IAR\twrk #
#                    60n512\Int Flash Debug\List\twrk60n512.map" --config     #
#                    E:\Freescale\mqx_test\YD_PRJ_NEW_20130323_git_\IAR\..\li #
#                    b\twrk60n512.iar\bsp\intflash.icf --redirect             #
#                    __iar_dlmalloc=malloc --redirect __iar_dlcalloc=calloc   #
#                    --redirect __iar_dlfree=free --semihosting --entry       #
#                    __iar_program_start --vfe                                #
#                                                                             #
#                                                                             #
###############################################################################

*******************************************************************************
*** RUNTIME MODEL ATTRIBUTES
***

CppFlavor                   = *
__SystemLibrary             = DLib
__dlib_jmp_buf_num_elements = 8


*******************************************************************************
*** PLACEMENT SUMMARY
***

"A1":  place at 0x00000000 { ro section .intvec, block CFMPROTROM };
"P1":  place in [from 0x00000000 to 0x0007ffff] {
          first block TEXTSECTION, ro, last block FLASHX_POOL };
"P2":  place in [from 0x1fff0000 to 0x2000fff0] { rw, last block KERNEL_DATA };

  Section            Kind        Address     Size  Object
  -------            ----        -------     ----  ------
"A1":                                       0x414
  .intvec            const    0x00000000    0x400  vectors.o [3]
  CFMPROTROM                  0x00000400     0x14  <Block>
    .cfmconfig       const    0x00000400     0x10  vectors.o [3]
    .cfmconfig       const    0x00000410      0x0  vectors.o [3]
    CFMPROTROM       const    0x00000410      0x4  <Block tail>
                            - 0x00000414    0x414

"P1":                                     0x33be4
  TEXTSECTION                 0x00000420  0x2ea10  <Block>
    .text            ro code  0x00000420     0x4c  cortex_boot.o [7]
    .text            ro code  0x0000046c      0xc  cstartup_M.o [8]
    .text            ro code  0x00000478     0x16  cmain.o [8]
    .text            ro code  0x0000048e      0xa  iar.o [3]
    .text            ro code  0x00000498     0x2c  data_init3.o [8]
    .text            ro code  0x000004c4     0x10  mqx_main.o [3]
    .text            ro code  0x000004d4      0x4  exit.o [4]
    .text            ro code  0x000004d8    0x190  init_hw.o [3]
    .text            ro code  0x00000668    0x1a8  mqx.o [7]
    .text            ro code  0x00000810      0xa  cexit.o [8]
    .text            ro code  0x0000081a     0x46  sotcp.o [9]
    .text            ro code  0x00000860    0x79c  bsp_cm.o [3]
    .text            ro code  0x00000ffc    0x538  init_gpio.o [3]
    .text            ro code  0x00001534    0x134  mem_zero.o [7]
    .text            ro code  0x00001668     0x76  ABImemcpy.o [8]
    .text            ro code  0x000016de     0x56  macnet_rejoin.o [3]
    .text            ro code  0x00001734     0xd8  mqxiinit.o [7]
    .text            ro code  0x0000180c     0x28  lwm_init.o [7]
    .text            ro code  0x00001834     0x18  lwm_gsys.o [7]
    .text            ro code  0x0000184c     0x24  lwm_size.o [7]
    .text            ro code  0x00001870    0x1c4  ta_init.o [7]
    .text            ro code  0x00001a34     0xc0  sc_irdyq.o [7]
    .text            ro code  0x00001af4     0x74  lws_crea.o [7]
    .text            ro code  0x00001b68    0x2c8  init_bsp.o [3]
    .text            ro code  0x00001e30     0x24  int_disa.o [7]
    .text            ro code  0x00001e54     0x14  exit.o [10]
    .text            ro code  0x00001e68     0x14  cm.o [3]
    .text            ro code  0x00001e7c      0xc  qu_init.o [7]
    .text            ro code  0x00001e88     0x64  lwm_crep.o [7]
    .text            ro code  0x00001eec    0x204  lwm_alli.o [7]
    .text            ro code  0x000020f0     0x34  td_serr.o [7]
    .text            ro code  0x00002124     0xd0  td_alloc.o [7]
    .text            ro code  0x000021f4     0x68  stack_bu.o [7]
    .text            ro code  0x0000225c      0x8  lwm_xfri.o [7]
    .text            ro code  0x00002264     0x18  lwm_allz.o [7]
    .text            ro code  0x0000227c     0x38  int_ena.o [7]
    .text            ro code  0x000022b4     0x3e  qu_enq.o [7]
    .text            ro code  0x000022f2     0x22  zero_init3.o [8]
    .text            ro code  0x00002314      0xc  mqx_scpu.o [7]
    .text            ro code  0x00002320     0x30  lwm_allo.o [7]
    .text            ro code  0x00002350     0x14  psp_iinit.o [7]
    .text            ro code  0x00002364     0x10  int_vtab.o [7]
    .text            ro code  0x00002374     0x10  ti_setv.o [7]
    .text            ro code  0x00002384     0xb0  int_iisr.o [7]
    .text            ro code  0x00002434     0x10  ti_sett.o [7]
    .text            ro code  0x00002444     0x10  ti_shwtt.o [7]
    .text            ro code  0x00002454     0x14  ti_shwtf.o [7]
    .text            ro code  0x00002468     0x14  kinetis_mpu.o [7]
    .text            ro code  0x0000247c     0x18  io_init.o [7]
    .text            ro code  0x00002494    0x3b4  serl_pol_kuart.o [3]
    .text            ro code  0x00002848    0x1f0  serl_int_kuart.o [3]
    .text            ro code  0x00002a38    0x86c  i2c_pol_ki2c.o [3]
    .text            ro code  0x000032a4    0x6aa  i2c_int_ki2c.o [3]
    .text            ro code  0x0000394e     0x2e  copy_init3.o [8]
    .text            ro code  0x0000397c    0x9e8  spi_pol_dspi.o [3]
    .text            ro code  0x00004364    0x7a0  spi_dma_dspi.o [3]
    .text            ro code  0x00004b04    0x28c  io_gpio.o [3]
    .text            ro code  0x00004d90    0x5ae  adc.o [3]
    .text            ro code  0x00005340    0xc76  esdhc.o [3]
    .text            ro code  0x00005fb8    0xd3c  flashx.o [3]
    .text            ro code  0x00006cf4     0x34  io_sinit.o [3]
    .text            ro code  0x00006d28     0xe0  ti_krnl.o [7]
    .text            ro code  0x00006e08     0xfc  lwm_free.o [7]
    .text            ro code  0x00006f04     0x40  qu_insrt.o [7]
    .text            ro code  0x00006f44     0x78  int_init.o [7]
    .text            ro code  0x00006fbc     0x10  int_inst.o [7]
    .text            ro code  0x00006fcc    0x53c  serl_pol.o [3]
    .text            ro code  0x00007508     0x4c  serl_mk60.o [3]
    .text            ro code  0x00007554     0x18  lwm_zsys.o [7]
    .text            ro code  0x0000756c    0x610  serl_int.o [3]
    .text            ro code  0x00007b7c     0x60  int_gdat.o [7]
    .text            ro code  0x00007bdc      0x4  int_geh.o [7]
    .text            ro code  0x00007be0     0xa0  cortex.o [7]
    .text            ro code  0x00007c80     0xf0  ev_open.o [7]
    .text            ro code  0x00007d70     0xe0  ev_set.o [7]
    .text            ro code  0x00007e50    0x170  i2c_pol.o [3]
    .text            ro code  0x00007fc0     0x38  i2c_mk60.o [3]
    .text            ro code  0x00007ff8    0x16c  i2c_int.o [3]
    .text            ro code  0x00008164    0x196  spi_pol.o [3]
    .text            ro code  0x000082fc     0x30  spi_mk60_dspi.o [3]
    .text            ro code  0x0000832c    0x1a2  spi_int.o [3]
    .text            ro code  0x000084d0     0x24  io_pntf.o [7]
    .text            ro code  0x000084f4    0x2b4  DSPSPI.o [1]
    .text            ro code  0x000087a8    0x994  io_gpio_kgpio.o [3]
    .text            ro code  0x0000913c     0x1a  io_inst.o [7]
    .text            ro code  0x00009156     0x3e  io_ioctl.o [7]
    .text            ro code  0x00009194    0xac0  adc_kadc.o [3]
    .text            ro code  0x00009c54    0xaf8  adt_kpdb.o [3]
    .text            ro code  0x0000a74c     0x42  strcmp.o [8]
    .text            ro code  0x0000a790     0x36  strlen.o [8]
    .text            ro code  0x0000a7c8     0x38  ti_delay.o [7]
    .text            ro code  0x0000a800    0x108  io_instx.o [7]
    .text            ro code  0x0000a908     0x14  esdhc_mk60.o [3]
    .text            ro code  0x0000a91c      0xe  esdhc.o [3]
    .text            ro code  0x0000a92c     0x78  lws_wait.o [7]
    .text            ro code  0x0000a9a4    0x17c  mem_copy.o [7]
    .text            ro code  0x0000ab20     0x7c  lws_post.o [7]
    .text            ro code  0x0000ab9c     0xa0  io_fopen.o [7]
    .text            ro code  0x0000ac3c     0x34  psp_tinm.o [7]
    .text            ro code  0x0000ac70     0x84  tq_creat.o [7]
    .text            ro code  0x0000acf4     0x80  tq_dest.o [7]
    .text            ro code  0x0000ad74     0xd8  tq_func.o [7]
    .text            ro code  0x0000ae4c     0x94  na_findi.o [7]
    .text            ro code  0x0000aee0     0x48  io_ghand.o [7]
    .text            ro code  0x0000af28    0xbd4  io_dopr.o [7]
    .text            ro code  0x0000bafc     0x34  io_fclos.o [7]
    .text            ro code  0x0000bb30     0x14  ev_creat.o [7]
    .text            ro code  0x0000bb44     0x3a  ev_all.o [7]
    .text            ro code  0x0000bb80     0x48  ev_clear.o [7]
    .text            ro code  0x0000bbc8     0x2a  strncmp.o [4]
    .text            ro code  0x0000bbf4      0x6  ABImemclr4.o [8]
    .text            ro code  0x0000bbfc     0x14  adc_mk60.o [3]
    .text            ro code  0x0000bc10    0x132  I64DivMod.o [8]
    .text            ro code  0x0000bd44     0xd4  lwe_set.o [7]
    .text            ro code  0x0000be18     0x84  psp_mstiq.o [7]
    .text            ro code  0x0000be9c     0x48  psp_tiad.o [7]
    .text            ro code  0x0000bee4     0x88  ti_deli.o [7]
    .text            ro code  0x0000bf6c     0x2e  qu_deq.o [7]
    .text            ro code  0x0000bf9a     0x2c  sc_ipq.o [7]
    .text            ro code  0x0000bfc6     0x1c  strnlen.o [7]
    .text            ro code  0x0000bfe4     0xc0  ev_creai.o [7]
    .text            ro code  0x0000c0a4    0x108  ev_waiti.o [7]
    .text            ro code  0x0000c1ac     0x32  ABImemset48.o [8]
    .text            ro code  0x0000c1e0      0x2  I64DivZer.o [8]
    .text            ro code  0x0000c1e4     0xcc  ev_comp.o [7]
    .text            ro code  0x0000c2b0     0x6c  strncpy.o [8]
    .text            ro code  0x0000c31c    0x138  na_addi.o [7]
    .text            ro code  0x0000c454     0x34  ti_delun.o [7]
    .text            ro code  0x0000c488     0x38  ti_delfo.o [7]
    .text            ro code  0x0000c4c0     0x7c  na_crth.o [7]
    .text            ro code  0x0000c53c     0x5e  ABImemset.o [8]
    .text            ro code  0x0000c59c    0x490  DataConvert.o [1]
    .text            ro code  0x0000ca2c     0xfc  FltDiv.o [5]
    .text            ro code  0x0000cb28     0xd8  FltMul.o [5]
    .text            ro code  0x0000cc00     0x24  FltToU32.o [5]
    .text            ro code  0x0000cc24     0x32  I32ToFlt.o [5]
    .text            ro code  0x0000cc56      0x8  abs.o [4]
    .text            ro code  0x0000cc60     0xe6  FltSub.o [5]
    .text            ro code  0x0000cd48     0x44  FltToS32.o [5]
    .text            ro code  0x0000cd8c     0x24  FltCmpLe.o [5]
    .text            ro code  0x0000cdb0     0x84  FltAdd.o [5]
    .text            ro code  0x0000ce34    0x384  LCDDriver.o [1]
    .text            ro code  0x0000d1b8     0x24  io_write.o [7]
    .text            ro code  0x0000d1dc     0xec  FTP_Task.o [1]
    .text            ro code  0x0000d2c8    0x26c  rtcscmd.o [9]
    .text            ro code  0x0000d534     0x24  enaddr.o [3]
    .text            ro code  0x0000d558    0x104  eninit.o [3]
    .text            ro code  0x0000d65c     0x5c  ifadd.o [9]
    .text            ro code  0x0000d6b8    0x644  ftpd.o [9]
    .text            ro code  0x0000dcfc     0x88  ta_creat.o [7]
    .text            ro code  0x0000dd84     0xe4  mqx_ioc.o [7]
    .text            ro code  0x0000de68    0x1b6  rtcspart.o [9]
    .text            ro code  0x0000e020     0x2c  ms_id.o [7]
    .text            ro code  0x0000e04c     0x16  ms_pool.o [7]
    .text            ro code  0x0000e064     0xa8  rtcstask.o [9]
    .text            ro code  0x0000e10c     0x6c  ms_dpool.o [7]
    .text            ro code  0x0000e178     0xcc  ms_alloc.o [7]
    .text            ro code  0x0000e244     0x58  td_get.o [7]
    .text            ro code  0x0000e29c      0xc  ms_sendb.o [7]
    .text            ro code  0x0000e2a8     0x48  ta_rdy.o [7]
    .text            ro code  0x0000e2f0      0xc  ms_send.o [7]
    .text            ro code  0x0000e2fc     0x10  td_gid.o [7]
    .text            ro code  0x0000e30c     0x1c  td_gerr.o [7]
    .text            ro code  0x0000e328     0x24  td_util.o [7]
    .text            ro code  0x0000e34c     0x2c  init_enet.o [3]
    .text            ro code  0x0000e378     0x58  enutil.o [3]
    .text            ro code  0x0000e3d0     0x3c  ta_env.o [7]
    .text            ro code  0x0000e40c     0x22  ta_sexit.o [7]
    .text            ro code  0x0000e430     0xb2  rtcs.o [9]
    .text            ro code  0x0000e4e4    0x3ea  io_util.o [7]
    .text            ro code  0x0000e8d0     0x44  strcpy.o [8]
    .text            ro code  0x0000e914     0x18  io_util.o [7]
    .text            ro code  0x0000e92c      0x8  io_util.o [7]
    .text            ro code  0x0000e934     0x7c  ta_build.o [7]
    .text            ro code  0x0000e9b0     0x18  lwm_allp.o [7]
    .text            ro code  0x0000e9c8     0x18  lwm_alzp.o [7]
    .text            ro code  0x0000e9e0     0x18  lwm_gsyp.o [7]
    .text            ro code  0x0000e9f8     0x18  lwm_zsyf.o [7]
    .text            ro code  0x0000ea10     0x84  pa_creat.o [7]
    .text            ro code  0x0000ea94     0x14  pa_sallo.o [7]
    .text            ro code  0x0000eaa8     0x74  pa_free.o [7]
    .text            ro code  0x0000eb1c     0x74  pa_dest.o [7]
    .text            ro code  0x0000eb90    0x20c  ms_pooli.o [7]
    .text            ro code  0x0000ed9c     0x12  ta_util.o [7]
    .text            ro code  0x0000edb0     0xa2  lws_dest.o [7]
    .text            ro code  0x0000ee54    0x364  ms_sendi.o [7]
    .text            ro code  0x0000f1b8    0x12a  sockutil.o [9]
    .text            ro code  0x0000f2e2      0x8  io_util.o [7]
    .text            ro code  0x0000f2ea     0x2a  io_util.o [7]
    .text            ro code  0x0000f314     0x16  io_util.o [7]
    .text            ro code  0x0000f32c     0x7c  pa_creai.o [7]
    .text            ro code  0x0000f3a8    0x118  pa_alloi.o [7]
    .text            ro code  0x0000f4c0    0x130  ms_comp.o [7]
    .text            ro code  0x0000f5f0     0x60  ms_free.o [7]
    .text            ro code  0x0000f650     0x10  io_util.o [7]
    .text            ro code  0x0000f660      0x8  io_util.o [7]
    .text            ro code  0x0000f668      0x8  io_util.o [7]
    .text            ro code  0x0000f670     0x7c  pa_comp.o [7]
    .text            ro code  0x0000f6ec     0x5c  pa_extni.o [7]
    .text            ro code  0x0000f748     0x22  io_util.o [7]
    .text            ro code  0x0000f76a     0x28  io_util.o [7]
    .text            ro code  0x0000f792     0x10  io_util.o [7]
    .text            ro code  0x0000f7a4    0xab0  LCDUart.o [1]
    .text            ro code  0x00010254     0x14  ev_creaa.o [7]
    .text            ro code  0x00010268   0x3624  MenuView.o [1]
    .text            ro code  0x0001388c     0x52  System.o [1]
    .text            ro code  0x000138e0     0x30  I32ToDbl.o [5]
    .text            ro code  0x00013910    0x1a2  DblMul.o [5]
    .text            ro code  0x00013ab4    0x246  DblDiv.o [5]
    .text            ro code  0x00013cfc     0x90  DblToFlt.o [5]
    .text            ro code  0x00013d8c     0x4e  FltToDbl.o [5]
    .text            ro code  0x00013dda      0x6  cos.o [5]
    .text            ro code  0x00013de0     0xe8  DblAdd.o [5]
    .text            ro code  0x00013ec8     0x4c  DblToI32.o [5]
    .text            ro code  0x00013f14      0x6  sin.o [5]
    .text            ro code  0x00013f1c    0x180  DblSub.o [5]
    .text            ro code  0x0001409c     0x24  FltCmpGe.o [5]
    .text            ro code  0x000140c0    0x14c  sh_cd.o [1]
    .text            ro code  0x0001420c     0x90  sh_pwd.o [11]
    .text            ro code  0x0001429c    0x220  sh_read_wk.o [11]
    .text            ro code  0x000144bc    0x24c  sh_write_binary.o [11]
    .text            ro code  0x00014708     0xc8  sh_update.o [11]
    .text            ro code  0x000147d0     0x26  io_spr.o [7]
    .text            ro code  0x000147f6     0x16  ti_get.o [7]
    .text            ro code  0x0001480c     0xe4  ti_to.o [7]
    .text            ro code  0x000148f0    0x110  sh_mkdir.o [11]
    .text            ro code  0x00014a00    0x39c  sh_search_file_1.o [11]
    .text            ro code  0x00014d9c    0x1f0  xsin.o [5]
    .text            ro code  0x00014f8c    0x218  sh_util.o [11]
    .text            ro code  0x000151a4    0x408  mfs_misc.o [6]
    .text            ro code  0x000155ac     0x90  io_fseek.o [7]
    .text            ro code  0x0001563c     0x16  io_feof.o [7]
    .text            ro code  0x00015652     0x46  io_fgetc.o [7]
    .text            ro code  0x00015698     0x4c  ti_gett.o [7]
    .text            ro code  0x000156e4     0xbc  psp_tkti.o [7]
    .text            ro code  0x000157a0     0x42  ti_leap.o [7]
    .text            ro code  0x000157e4    0x320  dir_read.o [6]
    .text            ro code  0x00015b04      0xc  errno.o [4]
    .text            ro code  0x00015b10    0x170  xquad.o [5]
    .text            ro code  0x00015c80     0x2e  DblCmpGe.o [5]
    .text            ro code  0x00015cb0     0x2e  DblCmpLe.o [5]
    .text            ro code  0x00015cde     0x10  sh_util.o [11]
    .text            ro code  0x00015cee    0x344  mfs_rw.o [6]
    .text            ro code  0x00016032     0x9e  mfs_data_sector.o [6]
    .text            ro code  0x000160d0    0x382  mfs_fat.o [6]
    .text            ro code  0x00016452      0x2  xtls.o [4]
    .text            ro code  0x00016454     0x80  xdint.o [5]
    .text            ro code  0x000164d4     0x20  DblCmpEq.o [5]
    .text            ro code  0x000164f4    0x1a8  fmod.o [5]
    .text            ro code  0x0001669c     0x6a  io_read.o [7]
    .text            ro code  0x00016708     0x62  memcmp.o [8]
    .text            ro code  0x0001676c    0x356  mfs_cluster.o [6]
    .text            ro code  0x00016ac4      0xc  iarEdom.o [8]
    .text            ro code  0x00016ad0     0x48  Shell_Task.o [1]
    .text            ro code  0x00016b18    0x22c  shell.o [11]
    .text            ro code  0x00016d44     0x38  io_fflsh.o [7]
    .text            ro code  0x00016d7c     0x2e  io_fgets.o [7]
    .text            ro code  0x00016daa     0x94  io_fgetl.o [7]
    .text            ro code  0x00016e3e     0x2c  io_fung.o [7]
    .text            ro code  0x00016e6c    0x2d0  USB_File.o [1]
    .text            ro code  0x0001713c    0x726  usbmfs.o [12]
    .text            ro code  0x00017864    0x5a6  part_mgr.o [6]
    .text            ro code  0x00017e0a      0xe  io_ferr.o [7]
    .text            ro code  0x00017e18   0x1222  mfs_init.o [6]
    .text            ro code  0x0001903c     0x7c  io_uinst.o [7]
    .text            ro code  0x000190b8    0xb54  host_common.o [12]
    .text            ro code  0x00019c0c     0x90  usb_host_msd_ufi.o [12]
    .text            ro code  0x00019c9c     0x10  ti_getp.o [7]
    .text            ro code  0x00019cac     0x98  lws_wati.o [7]
    .text            ro code  0x00019d44     0x30  ti_delti.o [7]
    .text            ro code  0x00019d74     0xa2  mfs_valdev.o [6]
    .text            ro code  0x00019e18    0x39c  mfs_open.o [6]
    .text            ro code  0x0001a1b4    0x4bc  mfs_create.o [6]
    .text            ro code  0x0001a670    0x2d0  mfs_read.o [6]
    .text            ro code  0x0001a940    0x430  mfs_write.o [6]
    .text            ro code  0x0001ad70    0x7f8  mfs_directory.o [6]
    .text            ro code  0x0001b568     0xf4  mfs_attribute.o [6]
    .text            ro code  0x0001b65c     0xe4  mfs_time.o [6]
    .text            ro code  0x0001b740    0x7ce  mfs_lfn.o [6]
    .text            ro code  0x0001bf0e    0x102  mfs_delete.o [6]
    .text            ro code  0x0001c010    0x2c0  mfs_rename.o [6]
    .text            ro code  0x0001c2d0    0x89c  mfs_format.o [6]
    .text            ro code  0x0001cb6c     0x10  qu_util.o [7]
    .text            ro code  0x0001cb7c     0x68  usb_mqx.o [12]
    .text            ro code  0x0001cbe4    0x3d2  host_dev_list.o [12]
    .text            ro code  0x0001cfb8    0x564  host_main.o [12]
    .text            ro code  0x0001d51c    0x660  host_ch9.o [12]
    .text            ro code  0x0001db7c    0x670  usb_host_msd_bo.o [12]
    .text            ro code  0x0001e1ec     0x36  lws_wain.o [7]
    .text            ro code  0x0001e222    0x79a  mfs_search.o [6]
    .text            ro code  0x0001e9bc     0xf6  mfs_handle.o [6]
    .text            ro code  0x0001eab4    0x7f6  mfs_dir_entry.o [6]
    .text            ro code  0x0001f2aa     0x20  qu_head.o [7]
    .text            ro code  0x0001f2ca     0x22  qu_next.o [7]
    .text            ro code  0x0001f2ec    0x57c  mfs_parse.o [6]
    .text            ro code  0x0001f868     0x50  host_close.o [12]
    .text            ro code  0x0001f8b8     0x5a  usb_mk60.o [3]
    .text            ro code  0x0001f912     0xa2  usb_host_msd_queue.o [12]
    .text            ro code  0x0001f9b4     0x58  host_snd.o [12]
    .text            ro code  0x0001fa0c     0x58  host_rcv.o [12]
    .text            ro code  0x0001fa64     0x30  pa_sallz.o [7]
    .text            ro code  0x0001fa94     0x1e  qu_unlnk.o [7]
    .text            ro code  0x0001fab2     0x1e  strcat.o [4]
    .text            ro code  0x0001fad0    0x220  USB_Task.o [1]
    .text            ro code  0x0001fcf0     0x86  lwe_crea.o [7]
    .text            ro code  0x0001fd78     0x20  int_iunx.o [7]
    .text            ro code  0x0001fd98     0x34  lwe_clr.o [7]
    .text            ro code  0x0001fdcc     0x48  lwe_watt.o [7]
    .text            ro code  0x0001fe14     0x10  int_idef.o [7]
    .text            ro code  0x0001fe24     0xf0  lwe_waii.o [7]
    .text            ro code  0x0001ff14    0x16c  mem_flash.o [1]
    .text            ro code  0x00020080     0x94  pin2.o [1]
    .text            ro code  0x00020114     0xac  tq_tsusp.o [7]
    .text            ro code  0x000201c0     0x98  ta_prio.o [7]
    .text            ro code  0x00020258     0x68  sc_sprio.o [7]
    .text            ro code  0x000202c0      0x4  ta_sync.o [7]
    .text            ro code  0x000202c4    0x29c  tcpip_socket_task.o [1]
    .text            ro code  0x00020560    0x1a0  soselset.o [9]
    .text            ro code  0x00020700     0xbc  sosel0.o [9]
    .text            ro code  0x000207bc     0xd4  timer.o [9]
    .text            ro code  0x00020890    0x464  yada_prj.o [1]
    .text            ro code  0x00020cf4    0x3ec  timer_lpt.o [3]
    .text            ro code  0x000210e0     0x7c  timer_lpt_kinetis.o [3]
    .text            ro code  0x0002115c     0x22  I64Shl.o [8]
    .text            ro code  0x00021180   0x12f0  ftpd_cmd.o [9]
    .text            ro code  0x00022470     0x24  ftpd_cmd.o [9]
    .text            ro code  0x00022494      0x4  strpbrk.o [4]
    .text            ro code  0x00022498     0x18  rtcsmsec.o [9]
    .text            ro code  0x000224b0     0x20  io_ftell.o [7]
    .text            ro code  0x000224d0     0x22  strpbrk.o [4]
    .text            ro code  0x000224f2     0x1a  ti_elaps.o [7]
    .text            ro code  0x0002250c     0x40  ti_elapt.o [7]
    .text            ro code  0x0002254c    0x3be  ip-e.o [9]
    .text            ro code  0x0002290c    0x82c  arp.o [9]
    .text            ro code  0x00023138     0x94  enopen.o [3]
    .text            ro code  0x000231cc     0x82  enclose.o [3]
    .text            ro code  0x00023250     0xdc  rtcsrand.o [9]
    .text            ro code  0x0002332c    0x496  rtcspcb.o [9]
    .text            ro code  0x000237c2    0x162  ensend.o [3]
    .text            ro code  0x00023924    0x24c  iputil.o [9]
    .text            ro code  0x00023b70      0x4  proxyarp.o [9]
    .text            ro code  0x00023b74     0x3c  lws_poll.o [7]
    .text            ro code  0x00023bb0    0x24c  ipradix.o [9]
    .text            ro code  0x00023dfc     0x94  sh_cmdlist.o [11]
    .text            ro code  0x00023e90    0x1f0  sh_copy.o [11]
    .text            ro code  0x00024080    0x118  sh_create.o [11]
    .text            ro code  0x00024198    0x11c  sh_del.o [11]
    .text            ro code  0x000242b4    0x108  sh_df.o [11]
    .text            ro code  0x000243bc    0x154  sh_dir.o [11]
    .text            ro code  0x00024510    0x1bc  sh_disect.o [11]
    .text            ro code  0x000246cc     0x68  sh_exit.o [11]
    .text            ro code  0x00024734    0x17c  sh_format.o [11]
    .text            ro code  0x000248b0    0x108  sh_help.o [11]
    .text            ro code  0x000249b8    0x22c  sh_read.o [11]
    .text            ro code  0x00024be4     0x40  io_fputc.o [7]
    .text            ro code  0x00024c24    0x188  sh_rename.o [11]
    .text            ro code  0x00024dac    0x12c  sh_rmdir.o [11]
    .text            ro code  0x00024ed8     0xd8  sh_sh.o [11]
    .text            ro code  0x00024fb0    0x130  sh_type.o [11]
    .text            ro code  0x000250e0    0x250  sh_write.o [11]
    .text            ro code  0x00025330    0xa94  khci.o [12]
    .text            ro code  0x00025dc4     0x92  lwmsgq.o [7]
    .text            ro code  0x00025e58    0x138  lwmsgq_recv.o [7]
    .text            ro code  0x00025f90     0x70  ta_creab.o [7]
    .text            ro code  0x00026000    0x128  lwmsgq_send.o [7]
    .text            ro code  0x00026128    0x560  usb_host_hub_sm.o [12]
    .text            ro code  0x00026688    0x3ae  usb_host_hub.o [12]
    .text            ro code  0x00026a38    0x59c  sstream.o [9]
    .text            ro code  0x00026fd4    0x9f6  ip.o [9]
    .text            ro code  0x000279cc    0x76c  iproute.o [9]
    .text            ro code  0x00028138     0x86  checksum.o [9]
    .text            ro code  0x000281be     0x44  ipsum.o [7]
    .text            ro code  0x00028204    0x680  icmp.o [9]
    .text            ro code  0x00028884     0x22  route.o [9]
    .text            ro code  0x000288a8    0x19e  iplocal.o [9]
    .text            ro code  0x00028a48    0x124  tcpip.o [9]
    .text            ro code  0x00028b6c     0x16  ms_open.o [7]
    .text            ro code  0x00028b84     0x10  arpinit.o [9]
    .text            ro code  0x00028b94     0x18  bootinit.o [9]
    .text            ro code  0x00028bac     0x32  ms_recv.o [7]
    .text            ro code  0x00028be0    0x144  ms_openi.o [7]
    .text            ro code  0x00028d24    0x320  ms_recvi.o [7]
    .text            ro code  0x00029044     0xe8  int_unx.o [7]
    .text            ro code  0x0002912c    0x3c4  tcp_clos.o [9]
    .text            ro code  0x000294f0    0x792  tcp_rcv.o [9]
    .text            ro code  0x00029c82    0x3a2  ticker.o [9]
    .text            ro code  0x0002a024   0x16e2  tcp.o [9]
    .text            ro code  0x0002b706    0x12c  sosel1.o [9]
    .text            ro code  0x0002b834    0xfa8  tcp_send.o [9]
    .text            ro code  0x0002c7dc    0x412  tcp_buf.o [9]
    .text            ro code  0x0002cbf0     0x18  ti_getr.o [7]
    .text            ro code  0x0002cc08    0x464  macnet_init.o [3]
    .text            ro code  0x0002d06c     0x1c  macnet_mk60.o [3]
    .text            ro code  0x0002d088    0x49e  macnet_receive.o [3]
    .text            ro code  0x0002d528    0x1d4  macnet_util.o [3]
    .text            ro code  0x0002d6fc    0x11a  enrecv.o [3]
    .text            ro code  0x0002d818     0x64  int_gisr.o [7]
    .text            ro code  0x0002d87c    0x1e2  ta_dest.o [7]
    .text            ro code  0x0002da60     0x6c  lwm_list.o [7]
    .text            ro code  0x0002dacc      0x2  stack_de.o [7]
    .text            ro code  0x0002dad0     0x34  int_isr.o [7]
    .text            ro code  0x0002db04     0x10  td_serrt.o [7]
    .text            ro code  0x0002db14     0x40  idletask.o [7]
    .text            ro code  0x0002db54     0x60  ev_tdel.o [7]
    .text            ro code  0x0002dbb4     0x88  macnet_join.o [3]
    .text            ro code  0x0002dc3c     0xe8  macnet_mii.o [3]
    .text            ro code  0x0002dd24     0x4c  macnet_stop.o [3]
    .text            ro code  0x0002dd70     0x24  ta_exit.o [7]
    .text            ro code  0x0002dd94    0x31c  udp.o [9]
    .text            ro code  0x0002e0b0    0x4fc  flash_ftfl.o [3]
    .text            ro code  0x0002e5ac     0x24  flash_mk60.o [3]
    .text            ro code  0x0002e5d0     0xd8  ms_tdel.o [7]
    .text            ro code  0x0002e6a8     0x98  pa_tdel.o [7]
    .text            ro code  0x0002e740    0x104  soip.o [9]
    .text            ro code  0x0002e844    0x1ba  ipif_add.o [9]
    .text            ro code  0x0002e9fe    0x178  phy_ks8721bl.o [3]
    .text            ro code  0x0002eb76    0x2ba  macnet_send.o [3]
  KERNEL             ro code  0x0002ee30    0x218  dispatch.o [7]
  .iar.init_table    const    0x0002f048     0x38  - Linker created -
  .rodata            const    0x0002f080      0x8  DSPSPI.o [1]
  .rodata            const    0x0002f088     0x1c  DSPSPI.o [1]
  .rodata            const    0x0002f0a4     0x24  DSPSPI.o [1]
  .rodata            const    0x0002f0c8     0x24  DSPSPI.o [1]
  .rodata            const    0x0002f0ec     0x24  DSPSPI.o [1]
  .rodata            const    0x0002f110     0x10  DSPSPI.o [1]
  .rodata            const    0x0002f120     0x1c  DSPSPI.o [1]
  .rodata            const    0x0002f13c     0x18  DSPSPI.o [1]
  .rodata            const    0x0002f154     0x1c  DSPSPI.o [1]
  .rodata            const    0x0002f170     0x18  DSPSPI.o [1]
  .rodata            const    0x0002f188      0x8  FTP_Task.o [1]
  .rodata            const    0x0002f190      0x8  FTP_Task.o [1]
  .rodata            const    0x0002f198      0x8  FTP_Task.o [1]
  .rodata            const    0x0002f1a0      0x4  FTP_Task.o [1]
  .rodata            const    0x0002f1a4      0x8  FTP_Task.o [1]
  .rodata            const    0x0002f1ac      0x8  FTP_Task.o [1]
  .rodata            const    0x0002f1b4      0x8  FTP_Task.o [1]
  .rodata            const    0x0002f1bc      0x8  FTP_Task.o [1]
  .rodata            const    0x0002f1c4      0x4  FTP_Task.o [1]
  .rodata            const    0x0002f1c8      0x8  FTP_Task.o [1]
  .rodata            const    0x0002f1d0      0x8  FTP_Task.o [1]
  .rodata            const    0x0002f1d8      0x8  FTP_Task.o [1]
  .rodata            const    0x0002f1e0      0x8  FTP_Task.o [1]
  .rodata            const    0x0002f1e8      0x8  FTP_Task.o [1]
  .rodata            const    0x0002f1f0      0x8  FTP_Task.o [1]
  .rodata            const    0x0002f1f8      0x4  FTP_Task.o [1]
  .rodata            const    0x0002f1fc      0x8  FTP_Task.o [1]
  .rodata            const    0x0002f204      0x8  FTP_Task.o [1]
  .rodata            const    0x0002f20c      0x8  FTP_Task.o [1]
  .rodata            const    0x0002f214      0x8  FTP_Task.o [1]
  .rodata            const    0x0002f21c      0x8  FTP_Task.o [1]
  .rodata            const    0x0002f224      0x4  FTP_Task.o [1]
  .rodata            const    0x0002f228      0x8  FTP_Task.o [1]
  .rodata            const    0x0002f230      0x8  FTP_Task.o [1]
  .rodata            const    0x0002f238      0x8  FTP_Task.o [1]
  .rodata            const    0x0002f240      0x8  FTP_Task.o [1]
  .rodata            const    0x0002f248      0x8  FTP_Task.o [1]
  .rodata            const    0x0002f250      0x8  FTP_Task.o [1]
  .rodata            const    0x0002f258      0x8  FTP_Task.o [1]
  .rodata            const    0x0002f260      0x8  FTP_Task.o [1]
  .rodata            const    0x0002f268      0x8  FTP_Task.o [1]
  .rodata            const    0x0002f270     0x24  FTP_Task.o [1]
  .rodata            const    0x0002f294     0x24  FTP_Task.o [1]
  .rodata            const    0x0002f2b8     0x24  FTP_Task.o [1]
  .rodata            const    0x0002f2dc     0x14  FTP_Task.o [1]
  .rodata            const    0x0002f2f0      0xc  FTP_Task.o [1]
  .rodata            const    0x0002f2fc    0x100  FTP_Task.o [1]
  .rodata            const    0x0002f3fc      0x8  LCDDriver.o [1]
  .rodata            const    0x0002f404      0x8  LCDUart.o [1]
  .rodata            const    0x0002f40c      0xc  LCDUart.o [1]
  .rodata            const    0x0002f418     0x28  LCDUart.o [1]
  .rodata            const    0x0002f440     0x24  LCDUart.o [1]
  .rodata            const    0x0002f464     0x24  LCDUart.o [1]
  .rodata            const    0x0002f488     0x1c  LCDUart.o [1]
  .rodata            const    0x0002f4a4     0x10  LCDUart.o [1]
  .rodata            const    0x0002f4b4     0x1c  LCDUart.o [1]
  .rodata            const    0x0002f4d0     0x18  LCDUart.o [1]
  .rodata            const    0x0002f4e8      0xc  MenuView.o [1]
  .rodata            const    0x0002f4f4     0x10  MenuView.o [1]
  .rodata            const    0x0002f504     0x10  MenuView.o [1]
  .rodata            const    0x0002f514     0x14  MenuView.o [1]
  .rodata            const    0x0002f528     0x14  MenuView.o [1]
  .rodata            const    0x0002f53c     0x38  MenuView.o [1]
  .rodata            const    0x0002f574     0x3c  MenuView.o [1]
  .rodata            const    0x0002f5b0      0x4  MenuView.o [1]
  .rodata            const    0x0002f5b4      0x8  MenuView.o [1]
  .rodata            const    0x0002f5bc     0x24  MenuView.o [1]
  .rodata            const    0x0002f5e0     0x48  MenuView.o [1]
  .rodata            const    0x0002f628      0x8  MenuView.o [1]
  .rodata            const    0x0002f630      0x8  MenuView.o [1]
  .rodata            const    0x0002f638      0xc  MenuView.o [1]
  .rodata            const    0x0002f644      0x8  MenuView.o [1]
  .rodata            const    0x0002f64c     0x10  MenuView.o [1]
  .rodata            const    0x0002f65c      0x8  MenuView.o [1]
  .rodata            const    0x0002f664      0x8  MenuView.o [1]
  .rodata            const    0x0002f66c     0x2c  MenuView.o [1]
  .rodata            const    0x0002f698     0x58  MenuView.o [1]
  .rodata            const    0x0002f6f0     0x10  MenuView.o [1]
  .rodata            const    0x0002f700     0x10  MenuView.o [1]
  .rodata            const    0x0002f710      0xc  MenuView.o [1]
  .rodata            const    0x0002f71c      0xc  MenuView.o [1]
  .rodata            const    0x0002f728     0x14  MenuView.o [1]
  .rodata            const    0x0002f73c     0x24  MenuView.o [1]
  .rodata            const    0x0002f760     0x70  MenuView.o [1]
  .rodata            const    0x0002f7d0     0x38  MenuView.o [1]
  .rodata            const    0x0002f808      0xc  MenuView.o [1]
  .rodata            const    0x0002f814      0x8  MenuView.o [1]
  .rodata            const    0x0002f81c      0xc  MenuView.o [1]
  .rodata            const    0x0002f828      0xc  MenuView.o [1]
  .rodata            const    0x0002f834      0x8  MenuView.o [1]
  .rodata            const    0x0002f83c     0x20  MenuView.o [1]
  .rodata            const    0x0002f85c     0x20  MenuView.o [1]
  .rodata            const    0x0002f87c     0x24  MenuView.o [1]
  .rodata            const    0x0002f8a0      0xc  MenuView.o [1]
  .rodata            const    0x0002f8ac     0x28  MenuView.o [1]
  .rodata            const    0x0002f8d4      0xc  MenuView.o [1]
  .rodata            const    0x0002f8e0      0x8  MenuView.o [1]
  .rodata            const    0x0002f8e8      0x8  MenuView.o [1]
  .rodata            const    0x0002f8f0      0x8  MenuView.o [1]
  .rodata            const    0x0002f8f8      0x8  MenuView.o [1]
  .rodata            const    0x0002f900      0x8  MenuView.o [1]
  .rodata            const    0x0002f908      0x8  MenuView.o [1]
  .rodata            const    0x0002f910      0xc  MenuView.o [1]
  .rodata            const    0x0002f91c      0x8  MenuView.o [1]
  .rodata            const    0x0002f924      0x4  Shell_Task.o [1]
  .rodata            const    0x0002f928      0x8  Shell_Task.o [1]
  .rodata            const    0x0002f930      0x8  Shell_Task.o [1]
  .rodata            const    0x0002f938      0x4  Shell_Task.o [1]
  .rodata            const    0x0002f93c      0x8  Shell_Task.o [1]
  .rodata            const    0x0002f944      0x4  Shell_Task.o [1]
  .rodata            const    0x0002f948      0x4  Shell_Task.o [1]
  .rodata            const    0x0002f94c      0x8  Shell_Task.o [1]
  .rodata            const    0x0002f954      0x8  Shell_Task.o [1]
  .rodata            const    0x0002f95c      0x8  Shell_Task.o [1]
  .rodata            const    0x0002f964      0x8  Shell_Task.o [1]
  .rodata            const    0x0002f96c      0x4  Shell_Task.o [1]
  .rodata            const    0x0002f970      0x8  Shell_Task.o [1]
  .rodata            const    0x0002f978      0x4  Shell_Task.o [1]
  .rodata            const    0x0002f97c      0x8  Shell_Task.o [1]
  .rodata            const    0x0002f984      0x4  Shell_Task.o [1]
  .rodata            const    0x0002f988      0x8  Shell_Task.o [1]
  .rodata            const    0x0002f990      0x8  Shell_Task.o [1]
  .rodata            const    0x0002f998      0x8  Shell_Task.o [1]
  .rodata            const    0x0002f9a0      0x8  Shell_Task.o [1]
  .rodata            const    0x0002f9a8     0x28  Shell_Task.o [1]
  .rodata            const    0x0002f9d0     0x24  Shell_Task.o [1]
  .rodata            const    0x0002f9f4     0x24  Shell_Task.o [1]
  .rodata            const    0x0002fa18     0x20  Shell_Task.o [1]
  .rodata            const    0x0002fa38     0xb0  Shell_Task.o [1]
  .rodata            const    0x0002fae8     0x1c  USB_File.o [1]
  .rodata            const    0x0002fb04     0x4c  USB_File.o [1]
  .rodata            const    0x0002fb50     0x34  USB_File.o [1]
  .rodata            const    0x0002fb84     0x24  USB_File.o [1]
  .rodata            const    0x0002fba8     0x20  USB_File.o [1]
  .rodata            const    0x0002fbc8     0x20  USB_File.o [1]
  .rodata            const    0x0002fbe8     0x24  USB_File.o [1]
  .rodata            const    0x0002fc0c     0x24  USB_File.o [1]
  .rodata            const    0x0002fc30     0x2c  USB_File.o [1]
  .rodata            const    0x0002fc5c     0x24  USB_File.o [1]
  .rodata            const    0x0002fc80     0x20  USB_File.o [1]
  .rodata            const    0x0002fca0     0x1c  USB_File.o [1]
  .rodata            const    0x0002fcbc     0x18  USB_File.o [1]
  .rodata            const    0x0002fcd4     0x2c  USB_File.o [1]
  .rodata            const    0x0002fd00     0x14  USB_File.o [1]
  .rodata            const    0x0002fd14     0x24  USB_File.o [1]
  .rodata            const    0x0002fd38     0x18  USB_File.o [1]
  .rodata            const    0x0002fd50     0x28  USB_File.o [1]
  .rodata            const    0x0002fd78     0x18  USB_File.o [1]
  .rodata            const    0x0002fd90     0x2c  USB_File.o [1]
  .rodata            const    0x0002fdbc     0x18  USB_File.o [1]
  .rodata            const    0x0002fdd4     0x30  USB_File.o [1]
  .rodata            const    0x0002fe04     0x14  USB_File.o [1]
  .rodata            const    0x0002fe18     0x1c  USB_File.o [1]
  .rodata            const    0x0002fe34     0x18  USB_File.o [1]
  .rodata            const    0x0002fe4c     0x24  USB_Task.o [1]
  .rodata            const    0x0002fe70     0x24  USB_Task.o [1]
  .rodata            const    0x0002fe94     0x24  USB_Task.o [1]
  .rodata            const    0x0002feb8      0x8  USB_Task.o [1]
  .rodata            const    0x0002fec0      0x8  USB_Task.o [1]
  .rodata            const    0x0002fec8      0x8  USB_Task.o [1]
  .rodata            const    0x0002fed0      0x8  USB_Task.o [1]
  .rodata            const    0x0002fed8     0x30  USB_Task.o [1]
  .rodata            const    0x0002ff08      0x4  mem_flash.o [1]
  .rodata            const    0x0002ff0c      0x8  mem_flash.o [1]
  .rodata            const    0x0002ff14     0x14  mem_flash.o [1]
  .rodata            const    0x0002ff28      0x8  mem_flash.o [1]
  .rodata            const    0x0002ff30     0x18  mem_flash.o [1]
  .rodata            const    0x0002ff48     0x18  mem_flash.o [1]
  .rodata            const    0x0002ff60     0x28  mem_flash.o [1]
  .rodata            const    0x0002ff88     0x28  mem_flash.o [1]
  .rodata            const    0x0002ffb0     0x1c  mem_flash.o [1]
  .rodata            const    0x0002ffcc     0x20  mem_flash.o [1]
  .rodata            const    0x0002ffec     0x30  mem_flash.o [1]
  .rodata            const    0x0003001c     0x1c  mem_flash.o [1]
  .rodata            const    0x00030038      0xc  pin2.o [1]
  .rodata            const    0x00030044      0xc  pin2.o [1]
  .rodata            const    0x00030050      0x8  pin2.o [1]
  .rodata            const    0x00030058     0x28  sh_cd.o [1]
  .rodata            const    0x00030080     0x2c  sh_cd.o [1]
  .rodata            const    0x000300ac     0x1c  sh_cd.o [1]
  .rodata            const    0x000300c8     0x20  sh_cd.o [1]
  .rodata            const    0x000300e8     0x14  sh_cd.o [1]
  .rodata            const    0x000300fc     0x18  sh_cd.o [1]
  .rodata            const    0x00030114     0x34  sh_cd.o [1]
  .rodata            const    0x00030148     0x28  tcpip_socket_task.o [1]
  .rodata            const    0x00030170     0x2c  tcpip_socket_task.o [1]
  .rodata            const    0x0003019c     0x1c  tcpip_socket_task.o [1]
  .rodata            const    0x000301b8     0x28  tcpip_socket_task.o [1]
  .rodata            const    0x000301e0     0x20  tcpip_socket_task.o [1]
  .rodata            const    0x00030200     0x14  tcpip_socket_task.o [1]
  .rodata            const    0x00030214      0x8  tcpip_socket_task.o [1]
  .rodata            const    0x0003021c     0x24  tcpip_socket_task.o [1]
  .rodata            const    0x00030240     0x10  yada_prj.o [1]
  .rodata            const    0x00030250      0xc  yada_prj.o [1]
  .rodata            const    0x0003025c      0xc  yada_prj.o [1]
  .rodata            const    0x00030268     0x10  yada_prj.o [1]
  .rodata            const    0x00030278      0xc  yada_prj.o [1]
  .rodata            const    0x00030284      0xc  yada_prj.o [1]
  .rodata            const    0x00030290     0x10  yada_prj.o [1]
  .rodata            const    0x000302a0      0xc  yada_prj.o [1]
  .rodata            const    0x000302ac      0xc  yada_prj.o [1]
  .rodata            const    0x000302b8      0xc  yada_prj.o [1]
  .rodata            const    0x000302c4     0x20  yada_prj.o [1]
  .rodata            const    0x000302e4     0x24  yada_prj.o [1]
  .rodata            const    0x00030308     0x24  yada_prj.o [1]
  .rodata            const    0x0003032c     0x24  yada_prj.o [1]
  .rodata            const    0x00030350      0x8  yada_prj.o [1]
  .rodata            const    0x00030358      0x8  yada_prj.o [1]
  .rodata            const    0x00030360      0xc  yada_prj.o [1]
  .rodata            const    0x0003036c    0x140  yada_prj.o [1]
  .rodata            const    0x000304ac      0x4  ftpd_cmd.o [9]
  .rodata            const    0x000304b0     0x10  ftpd_cmd.o [9]
  .rodata            const    0x000304c0      0x8  ftpd_cmd.o [9]
  .rodata            const    0x000304c8      0xc  ftpd_cmd.o [9]
  .rodata            const    0x000304d4     0x14  ftpd_cmd.o [9]
  .rodata            const    0x000304e8      0x8  ftpd_cmd.o [9]
  .rodata            const    0x000304f0     0x20  ftpd_cmd.o [9]
  .rodata            const    0x00030510     0x24  ftpd_cmd.o [9]
  .rodata            const    0x00030534     0x20  ftpd_cmd.o [9]
  .rodata            const    0x00030554     0x30  ftpd_cmd.o [9]
  .rodata            const    0x00030584     0x28  ftpd_cmd.o [9]
  .rodata            const    0x000305ac     0x24  ftpd_cmd.o [9]
  .rodata            const    0x000305d0     0x1c  ftpd_cmd.o [9]
  .rodata            const    0x000305ec      0x4  ftpd.o [9]
  .rodata            const    0x000305f0      0x8  ftpd.o [9]
  .rodata            const    0x000305f8      0xc  ip-e.o [9]
  .rodata            const    0x00030604      0x4  ip-e.o [9]
  .rodata            const    0x00030608      0x8  rtcscmd.o [9]
  .rodata            const    0x00030610     0x28  sh_mkdir.o [11]
  .rodata            const    0x00030638     0x2c  sh_mkdir.o [11]
  .rodata            const    0x00030664     0x20  sh_mkdir.o [11]
  .rodata            const    0x00030684     0x20  sh_mkdir.o [11]
  .rodata            const    0x000306a4     0x14  sh_mkdir.o [11]
  .rodata            const    0x000306b8     0x18  sh_mkdir.o [11]
  .rodata            const    0x000306d0     0x30  sh_mkdir.o [11]
  .rodata            const    0x00030700     0x28  sh_pwd.o [11]
  .rodata            const    0x00030728     0x20  sh_pwd.o [11]
  .rodata            const    0x00030748      0x8  sh_pwd.o [11]
  .rodata            const    0x00030750      0x8  sh_pwd.o [11]
  .rodata            const    0x00030758      0xc  sh_pwd.o [11]
  .rodata            const    0x00030764     0x28  sh_read_wk.o [11]
  .rodata            const    0x0003078c     0x18  sh_read_wk.o [11]
  .rodata            const    0x000307a4     0x20  sh_read_wk.o [11]
  .rodata            const    0x000307c4      0x8  sh_read_wk.o [11]
  .rodata            const    0x000307cc      0x8  sh_read_wk.o [11]
  .rodata            const    0x000307d4     0x1c  sh_read_wk.o [11]
  .rodata            const    0x000307f0     0x1c  sh_read_wk.o [11]
  .rodata            const    0x0003080c     0x2c  sh_read_wk.o [11]
  .rodata            const    0x00030838     0x14  sh_read_wk.o [11]
  .rodata            const    0x0003084c      0x8  sh_read_wk.o [11]
  .rodata            const    0x00030854     0x20  sh_read_wk.o [11]
  .rodata            const    0x00030874     0x20  sh_read_wk.o [11]
  .rodata            const    0x00030894     0x30  sh_read_wk.o [11]
  .rodata            const    0x000308c4     0x38  sh_read_wk.o [11]
  .rodata            const    0x000308fc     0x28  sh_read_wk.o [11]
  .rodata            const    0x00030924     0x2c  sh_read_wk.o [11]
  .rodata            const    0x00030950     0x34  sh_read_wk.o [11]
  .rodata            const    0x00030984     0x20  sh_read_wk.o [11]
  .rodata            const    0x000309a4     0x28  sh_search_file_1.o [11]
  .rodata            const    0x000309cc     0x20  sh_search_file_1.o [11]
  .rodata            const    0x000309ec     0x14  sh_search_file_1.o [11]
  .rodata            const    0x00030a00     0x14  sh_search_file_1.o [11]
  .rodata            const    0x00030a14     0x20  sh_search_file_1.o [11]
  .rodata            const    0x00030a34     0x24  sh_search_file_1.o [11]
  .rodata            const    0x00030a58     0x24  sh_search_file_1.o [11]
  .rodata            const    0x00030a7c     0x14  sh_search_file_1.o [11]
  .rodata            const    0x00030a90     0x24  sh_search_file_1.o [11]
  .rodata            const    0x00030ab4     0x30  sh_search_file_1.o [11]
  .rodata            const    0x00030ae4      0x8  sh_search_file_1.o [11]
  .rodata            const    0x00030aec      0x8  sh_update.o [11]
  .rodata            const    0x00030af4     0x24  sh_update.o [11]
  .rodata            const    0x00030b18     0x28  sh_update.o [11]
  .rodata            const    0x00030b40     0x28  sh_update.o [11]
  .rodata            const    0x00030b68     0x1c  sh_update.o [11]
  .rodata            const    0x00030b84     0x28  sh_write_binary.o [11]
  .rodata            const    0x00030bac     0x20  sh_write_binary.o [11]
  .rodata            const    0x00030bcc      0x8  sh_write_binary.o [11]
  .rodata            const    0x00030bd4      0x8  sh_write_binary.o [11]
  .rodata            const    0x00030bdc     0x1c  sh_write_binary.o [11]
  .rodata            const    0x00030bf8     0x1c  sh_write_binary.o [11]
  .rodata            const    0x00030c14     0x2c  sh_write_binary.o [11]
  .rodata            const    0x00030c40     0x20  sh_write_binary.o [11]
  .rodata            const    0x00030c60     0x20  sh_write_binary.o [11]
  .rodata            const    0x00030c80     0x38  sh_write_binary.o [11]
  .rodata            const    0x00030cb8     0x3c  sh_write_binary.o [11]
  .rodata            const    0x00030cf4     0x28  sh_write_binary.o [11]
  .rodata            const    0x00030d1c     0x2c  sh_write_binary.o [11]
  .rodata            const    0x00030d48     0x34  sh_write_binary.o [11]
  .rodata            const    0x00030d7c     0x20  sh_write_binary.o [11]
  .rodata            const    0x00030d9c     0x1c  sh_write_binary.o [11]
  .rodata            const    0x00030db8     0x10  mfs_misc.o [6]
  .rodata            const    0x00030dc8     0x1c  mfs_misc.o [6]
  .rodata            const    0x00030de4     0x14  mfs_misc.o [6]
  .rodata            const    0x00030df8     0x14  mfs_misc.o [6]
  .rodata            const    0x00030e0c     0x14  mfs_misc.o [6]
  .rodata            const    0x00030e20     0x14  mfs_misc.o [6]
  .rodata            const    0x00030e34     0x18  mfs_misc.o [6]
  .rodata            const    0x00030e4c     0x24  mfs_misc.o [6]
  .rodata            const    0x00030e70     0x24  mfs_misc.o [6]
  .rodata            const    0x00030e94     0x1c  mfs_misc.o [6]
  .rodata            const    0x00030eb0     0x14  mfs_misc.o [6]
  .rodata            const    0x00030ec4     0x28  mfs_misc.o [6]
  .rodata            const    0x00030eec     0x14  mfs_misc.o [6]
  .rodata            const    0x00030f00     0x18  mfs_misc.o [6]
  .rodata            const    0x00030f18     0x10  mfs_misc.o [6]
  .rodata            const    0x00030f28     0x10  mfs_misc.o [6]
  .rodata            const    0x00030f38     0x18  mfs_misc.o [6]
  .rodata            const    0x00030f50     0x10  mfs_misc.o [6]
  .rodata            const    0x00030f60     0x18  mfs_misc.o [6]
  .rodata            const    0x00030f78     0x18  mfs_misc.o [6]
  .rodata            const    0x00030f90     0x10  mfs_misc.o [6]
  .rodata            const    0x00030fa0     0x14  mfs_misc.o [6]
  .rodata            const    0x00030fb4      0x8  mfs_misc.o [6]
  .rodata            const    0x00030fbc     0x1c  mfs_misc.o [6]
  .rodata            const    0x00030fd8     0x14  mfs_misc.o [6]
  .rodata            const    0x00030fec     0x1c  mfs_misc.o [6]
  .rodata            const    0x00031008     0x1c  mfs_misc.o [6]
  .rodata            const    0x00031024     0x18  mfs_misc.o [6]
  .rodata            const    0x0003103c     0x20  mfs_misc.o [6]
  .rodata            const    0x0003105c     0x10  mfs_misc.o [6]
  .rodata            const    0x0003106c     0x14  mfs_misc.o [6]
  .rodata            const    0x00031080     0x1c  mfs_misc.o [6]
  .rodata            const    0x0003109c     0x1c  mfs_misc.o [6]
  .rodata            const    0x000310b8     0x14  mfs_misc.o [6]
  .rodata            const    0x000310cc     0x18  mfs_misc.o [6]
  .rodata            const    0x000310e4     0x14  mfs_misc.o [6]
  .rodata            const    0x000310f8     0x14  mfs_misc.o [6]
  .rodata            const    0x0003110c     0x14  shell.o [11]
  .rodata            const    0x00031120      0xc  shell.o [11]
  .rodata            const    0x0003112c     0x30  shell.o [11]
  .rodata            const    0x0003115c      0xc  shell.o [11]
  .rodata            const    0x00031168      0x8  shell.o [11]
  .rodata            const    0x00031170     0x38  shell.o [11]
  .rodata            const    0x000311a8     0x14  shell.o [11]
  .rodata            const    0x000311bc      0x8  sh_cmdlist.o [11]
  .rodata            const    0x000311c4      0xc  sh_cmdlist.o [11]
  .rodata            const    0x000311d0     0x28  sh_copy.o [11]
  .rodata            const    0x000311f8     0x20  sh_copy.o [11]
  .rodata            const    0x00031218     0x2c  sh_copy.o [11]
  .rodata            const    0x00031244     0x24  sh_copy.o [11]
  .rodata            const    0x00031268     0x2c  sh_copy.o [11]
  .rodata            const    0x00031294     0x40  sh_copy.o [11]
  .rodata            const    0x000312d4     0x18  sh_copy.o [11]
  .rodata            const    0x000312ec     0x1c  sh_copy.o [11]
  .rodata            const    0x00031308     0x24  sh_copy.o [11]
  .rodata            const    0x0003132c     0x20  sh_copy.o [11]
  .rodata            const    0x0003134c     0x28  sh_create.o [11]
  .rodata            const    0x00031374     0x20  sh_create.o [11]
  .rodata            const    0x00031394     0x2c  sh_create.o [11]
  .rodata            const    0x000313c0     0x20  sh_create.o [11]
  .rodata            const    0x000313e0     0x1c  sh_create.o [11]
  .rodata            const    0x000313fc     0x20  sh_create.o [11]
  .rodata            const    0x0003141c     0x28  sh_create.o [11]
  .rodata            const    0x00031444     0x20  sh_create.o [11]
  .rodata            const    0x00031464     0x28  sh_del.o [11]
  .rodata            const    0x0003148c     0x20  sh_del.o [11]
  .rodata            const    0x000314ac     0x2c  sh_del.o [11]
  .rodata            const    0x000314d8     0x18  sh_del.o [11]
  .rodata            const    0x000314f0      0xc  sh_del.o [11]
  .rodata            const    0x000314fc     0x14  sh_del.o [11]
  .rodata            const    0x00031510     0x24  sh_del.o [11]
  .rodata            const    0x00031534     0x28  sh_df.o [11]
  .rodata            const    0x0003155c     0x14  sh_df.o [11]
  .rodata            const    0x00031570     0x18  sh_df.o [11]
  .rodata            const    0x00031588     0x38  sh_df.o [11]
  .rodata            const    0x000315c0     0x20  sh_df.o [11]
  .rodata            const    0x000315e0     0x18  sh_df.o [11]
  .rodata            const    0x000315f8     0x20  sh_df.o [11]
  .rodata            const    0x00031618      0x8  sh_df.o [11]
  .rodata            const    0x00031620     0x28  sh_dir.o [11]
  .rodata            const    0x00031648     0x20  sh_dir.o [11]
  .rodata            const    0x00031668     0x14  sh_dir.o [11]
  .rodata            const    0x0003167c     0x24  sh_dir.o [11]
  .rodata            const    0x000316a0     0x24  sh_dir.o [11]
  .rodata            const    0x000316c4     0x1c  sh_dir.o [11]
  .rodata            const    0x000316e0     0x24  sh_dir.o [11]
  .rodata            const    0x00031704     0x24  sh_dir.o [11]
  .rodata            const    0x00031728     0x30  sh_dir.o [11]
  .rodata            const    0x00031758     0x28  sh_disect.o [11]
  .rodata            const    0x00031780     0x18  sh_disect.o [11]
  .rodata            const    0x00031798     0x20  sh_disect.o [11]
  .rodata            const    0x000317b8     0x28  sh_disect.o [11]
  .rodata            const    0x000317e0     0x24  sh_disect.o [11]
  .rodata            const    0x00031804     0x10  sh_disect.o [11]
  .rodata            const    0x00031814      0x8  sh_disect.o [11]
  .rodata            const    0x0003181c     0x18  sh_disect.o [11]
  .rodata            const    0x00031834     0x20  sh_disect.o [11]
  .rodata            const    0x00031854     0x24  sh_disect.o [11]
  .rodata            const    0x00031878     0x24  sh_disect.o [11]
  .rodata            const    0x0003189c      0xc  sh_exit.o [11]
  .rodata            const    0x000318a8      0x8  sh_format.o [11]
  .rodata            const    0x000318b0      0x4  sh_format.o [11]
  .rodata            const    0x000318b4      0x4  sh_format.o [11]
  .rodata            const    0x000318b8      0x4  sh_format.o [11]
  .rodata            const    0x000318bc      0x4  sh_format.o [11]
  .rodata            const    0x000318c0     0x28  sh_format.o [11]
  .rodata            const    0x000318e8     0x24  sh_format.o [11]
  .rodata            const    0x0003190c     0x10  sh_format.o [11]
  .rodata            const    0x0003191c     0x20  sh_format.o [11]
  .rodata            const    0x0003193c     0x2c  sh_format.o [11]
  .rodata            const    0x00031968      0x8  sh_format.o [11]
  .rodata            const    0x00031970     0x20  sh_format.o [11]
  .rodata            const    0x00031990     0x28  sh_format.o [11]
  .rodata            const    0x000319b8     0x40  sh_format.o [11]
  .rodata            const    0x000319f8     0x34  sh_format.o [11]
  .rodata            const    0x00031a2c     0x14  sh_format.o [11]
  .rodata            const    0x00031a40      0x8  sh_help.o [11]
  .rodata            const    0x00031a48      0x8  sh_help.o [11]
  .rodata            const    0x00031a50     0x18  sh_help.o [11]
  .rodata            const    0x00031a68      0x8  sh_help.o [11]
  .rodata            const    0x00031a70     0x28  sh_help.o [11]
  .rodata            const    0x00031a98     0x10  sh_help.o [11]
  .rodata            const    0x00031aa8     0x18  sh_help.o [11]
  .rodata            const    0x00031ac0     0x28  sh_help.o [11]
  .rodata            const    0x00031ae8     0x28  sh_read.o [11]
  .rodata            const    0x00031b10     0x18  sh_read.o [11]
  .rodata            const    0x00031b28     0x20  sh_read.o [11]
  .rodata            const    0x00031b48      0x8  sh_read.o [11]
  .rodata            const    0x00031b50      0x8  sh_read.o [11]
  .rodata            const    0x00031b58     0x1c  sh_read.o [11]
  .rodata            const    0x00031b74     0x1c  sh_read.o [11]
  .rodata            const    0x00031b90     0x2c  sh_read.o [11]
  .rodata            const    0x00031bbc     0x14  sh_read.o [11]
  .rodata            const    0x00031bd0      0x8  sh_read.o [11]
  .rodata            const    0x00031bd8     0x20  sh_read.o [11]
  .rodata            const    0x00031bf8     0x20  sh_read.o [11]
  .rodata            const    0x00031c18     0x30  sh_read.o [11]
  .rodata            const    0x00031c48     0x38  sh_read.o [11]
  .rodata            const    0x00031c80     0x28  sh_read.o [11]
  .rodata            const    0x00031ca8     0x2c  sh_read.o [11]
  .rodata            const    0x00031cd4     0x34  sh_read.o [11]
  .rodata            const    0x00031d08     0x20  sh_read.o [11]
  .rodata            const    0x00031d28     0x28  sh_rename.o [11]
  .rodata            const    0x00031d50     0x2c  sh_rename.o [11]
  .rodata            const    0x00031d7c     0x34  sh_rename.o [11]
  .rodata            const    0x00031db0     0x20  sh_rename.o [11]
  .rodata            const    0x00031dd0     0x18  sh_rename.o [11]
  .rodata            const    0x00031de8     0x1c  sh_rename.o [11]
  .rodata            const    0x00031e04     0x20  sh_rename.o [11]
  .rodata            const    0x00031e24     0x28  sh_rename.o [11]
  .rodata            const    0x00031e4c     0x24  sh_rename.o [11]
  .rodata            const    0x00031e70     0x28  sh_rmdir.o [11]
  .rodata            const    0x00031e98     0x2c  sh_rmdir.o [11]
  .rodata            const    0x00031ec4     0x20  sh_rmdir.o [11]
  .rodata            const    0x00031ee4     0x20  sh_rmdir.o [11]
  .rodata            const    0x00031f04     0x14  sh_rmdir.o [11]
  .rodata            const    0x00031f18     0x14  sh_rmdir.o [11]
  .rodata            const    0x00031f2c     0x18  sh_rmdir.o [11]
  .rodata            const    0x00031f44     0x30  sh_rmdir.o [11]
  .rodata            const    0x00031f74     0x28  sh_sh.o [11]
  .rodata            const    0x00031f9c     0x20  sh_sh.o [11]
  .rodata            const    0x00031fbc     0x10  sh_sh.o [11]
  .rodata            const    0x00031fcc     0x18  sh_sh.o [11]
  .rodata            const    0x00031fe4     0x28  sh_sh.o [11]
  .rodata            const    0x0003200c     0x20  sh_type.o [11]
  .rodata            const    0x0003202c     0x2c  sh_type.o [11]
  .rodata            const    0x00032058     0x20  sh_type.o [11]
  .rodata            const    0x00032078     0x38  sh_type.o [11]
  .rodata            const    0x000320b0     0x10  sh_type.o [11]
  .rodata            const    0x000320c0     0x18  sh_type.o [11]
  .rodata            const    0x000320d8     0x28  sh_type.o [11]
  .rodata            const    0x00032100     0x28  sh_write.o [11]
  .rodata            const    0x00032128     0x20  sh_write.o [11]
  .rodata            const    0x00032148     0x18  sh_write.o [11]
  .rodata            const    0x00032160      0x8  sh_write.o [11]
  .rodata            const    0x00032168      0x8  sh_write.o [11]
  .rodata            const    0x00032170     0x1c  sh_write.o [11]
  .rodata            const    0x0003218c     0x1c  sh_write.o [11]
  .rodata            const    0x000321a8     0x2c  sh_write.o [11]
  .rodata            const    0x000321d4     0x20  sh_write.o [11]
  .rodata            const    0x000321f4     0x20  sh_write.o [11]
  .rodata            const    0x00032214     0x30  sh_write.o [11]
  .rodata            const    0x00032244     0x38  sh_write.o [11]
  .rodata            const    0x0003227c     0x28  sh_write.o [11]
  .rodata            const    0x000322a4     0x2c  sh_write.o [11]
  .rodata            const    0x000322d0     0x34  sh_write.o [11]
  .rodata            const    0x00032304     0x20  sh_write.o [11]
  .rodata            const    0x00032324     0x20  usbmfs.o [12]
  .rodata            const    0x00032344      0xc  khci.o [12]
  .rodata            const    0x00032350     0x38  khci.o [12]
  .rodata            const    0x00032388     0x50  host_common.o [12]
  .rodata            const    0x000323d8     0x50  usb_mqx.o [12]
  .rodata            const    0x00032428     0x50  host_main.o [12]
  .rodata            const    0x00032478      0x8  sh_util.o [11]
  .rodata            const    0x00032480      0x8  sh_util.o [11]
  .rodata            const    0x00032488     0x3c  sstream.o [9]
  .rodata            const    0x000324c4     0x58  usb_host_hub.o [12]
  .rodata            const    0x0003251c     0x5c  usb_host_msd_bo.o [12]
  .rodata            const    0x00032578     0x10  timer_lpt.o [3]
  .rodata            const    0x00032588      0xc  timer_lpt.o [3]
  .rodata            const    0x00032594     0x18  mqx.o [7]
  .rodata            const    0x000325ac      0xc  mqx.o [7]
  .rodata            const    0x000325b8      0x4  mqx.o [7]
  .rodata            const    0x000325bc      0x4  mqx.o [7]
  .rodata            const    0x000325c0     0x14  io_dopr.o [7]
  .rodata            const    0x000325d4     0x14  io_dopr.o [7]
  .rodata            const    0x000325e8      0x8  init_enet.o [3]
  .rodata            const    0x000325f0     0x10  init_enet.o [3]
  .rodata            const    0x00032600     0x24  init_enet.o [3]
  .rodata            const    0x00032624      0x8  init_enet.o [3]
  .rodata            const    0x0003262c      0x8  sotcp.o [9]
  .rodata            const    0x00032634      0x4  dir_read.o [6]
  .rodata            const    0x00032638      0x4  dir_read.o [6]
  .rodata            const    0x0003263c      0x4  dir_read.o [6]
  .rodata            const    0x00032640      0x4  dir_read.o [6]
  .rodata            const    0x00032644      0x4  dir_read.o [6]
  .rodata            const    0x00032648      0x4  dir_read.o [6]
  .rodata            const    0x0003264c      0x4  dir_read.o [6]
  .rodata            const    0x00032650      0x4  dir_read.o [6]
  .rodata            const    0x00032654      0x4  dir_read.o [6]
  .rodata            const    0x00032658      0x4  dir_read.o [6]
  .rodata            const    0x0003265c      0x4  dir_read.o [6]
  .rodata            const    0x00032660      0x4  dir_read.o [6]
  .rodata            const    0x00032664     0x40  dir_read.o [6]
  .rodata            const    0x000326a4     0x14  dir_read.o [6]
  .rodata            const    0x000326b8     0x10  dir_read.o [6]
  .rodata            const    0x000326c8      0xc  dir_read.o [6]
  .rodata            const    0x000326d4      0xc  dir_read.o [6]
  .rodata            const    0x000326e0      0x8  dir_read.o [6]
  .rodata            const    0x000326e8      0x8  dir_read.o [6]
  .rodata            const    0x000326f0     0x30  dir_read.o [6]
  .rodata            const    0x00032720     0x18  ftpd_msg.o [9]
  .rodata            const    0x00032738     0x1c  ftpd_msg.o [9]
  .rodata            const    0x00032754     0x34  ftpd_msg.o [9]
  .rodata            const    0x00032788     0x30  ftpd_msg.o [9]
  .rodata            const    0x000327b8     0x10  ftpd_msg.o [9]
  .rodata            const    0x000327c8     0x14  ftpd_msg.o [9]
  .rodata            const    0x000327dc     0x14  ftpd_msg.o [9]
  .rodata            const    0x000327f0     0x18  ftpd_msg.o [9]
  .rodata            const    0x00032808     0x18  ftpd_msg.o [9]
  .rodata            const    0x00032820     0x20  ftpd_msg.o [9]
  .rodata            const    0x00032840     0x18  ftpd_msg.o [9]
  .rodata            const    0x00032858     0x10  ftpd_msg.o [9]
  .rodata            const    0x00032868     0x3c  ftpd_msg.o [9]
  .rodata            const    0x000328a4     0x38  ftpd_msg.o [9]
  .rodata            const    0x000328dc     0x30  ftpd_msg.o [9]
  .rodata            const    0x0003290c     0x1c  ftpd_msg.o [9]
  .rodata            const    0x00032928      0xc  ftpd_msg.o [9]
  .rodata            const    0x00032934     0x30  ftpd_msg.o [9]
  .rodata            const    0x00032964     0x30  ftpd_msg.o [9]
  .rodata            const    0x00032994     0x20  ftpd_msg.o [9]
  .rodata            const    0x000329b4     0x20  ftpd_msg.o [9]
  .rodata            const    0x000329d4     0x1c  ftpd_msg.o [9]
  .rodata            const    0x000329f0      0xc  ftpd_msg.o [9]
  .rodata            const    0x000329fc     0x14  ftpd_msg.o [9]
  .rodata            const    0x00032a10     0x14  ftpd_msg.o [9]
  .rodata            const    0x00032a24     0x14  ftpd_msg.o [9]
  .rodata            const    0x00032a38     0x34  ftpd_msg.o [9]
  .rodata            const    0x00032a6c     0x20  ftpd_msg.o [9]
  .rodata            const    0x00032a8c     0x1c  ftpd_msg.o [9]
  .rodata            const    0x00032aa8     0x20  ftpd_msg.o [9]
  .rodata            const    0x00032ac8     0x38  ftpd_msg.o [9]
  .rodata            const    0x00032b00      0x8  soip.o [9]
  .rodata            const    0x00032b08     0x68  ti_rom.o [7]
  .rodata            const    0x00032b70    0x20c  ti_rom.o [7]
  .rodata            const    0x00032d7c     0x14  mfs_create.o [6]
  .rodata            const    0x00032d90     0x14  mfs_create.o [6]
  .rodata            const    0x00032da4     0x14  mfs_format.o [6]
  .rodata            const    0x00032db8     0x14  mfs_format.o [6]
  .rodata            const    0x00032dcc     0x14  mfs_format.o [6]
  .rodata            const    0x00032de0     0x30  mfs_format.o [6]
  .rodata            const    0x00032e10      0x8  mfs_lfn.o [6]
  .rodata            const    0x00032e18      0xc  mfs_lfn.o [6]
  .rodata            const    0x00032e24     0x54  host_dev_list.o [12]
  .rodata            const    0x00032e78     0x24  host_dev_list.o [12]
  .rodata            const    0x00032e9c     0x20  int_unx.o [7]
  .rodata            const    0x00032ebc     0x30  int_unx.o [7]
  .rodata            const    0x00032eec     0x3c  int_unx.o [7]
  .rodata            const    0x00032f28     0x14  int_unx.o [7]
  .rodata            const    0x00032f3c     0x28  int_unx.o [7]
  .rodata            const    0x00032f64     0x50  host_ch9.o [12]
  .rodata            const    0x00032fb4      0x8  host_ch9.o [12]
  .rodata            const    0x00032fbc     0x50  host_rcv.o [12]
  .rodata            const    0x0003300c     0x50  host_snd.o [12]
  .rodata            const    0x0003305c      0x4  timer_lpt_kinetis.o [3]
  .rodata            const    0x00033060      0x4  timer_lpt_kinetis.o [3]
  .rodata            const    0x00033064      0x4  timer_lpt_kinetis.o [3]
  .rodata            const    0x00033068      0x8  init_bsp.o [3]
  .rodata            const    0x00033070      0x8  init_bsp.o [3]
  .rodata            const    0x00033078      0x8  init_bsp.o [3]
  .rodata            const    0x00033080      0x8  init_bsp.o [3]
  .rodata            const    0x00033088      0x8  init_bsp.o [3]
  .rodata            const    0x00033090      0x8  init_bsp.o [3]
  .rodata            const    0x00033098      0x8  init_bsp.o [3]
  .rodata            const    0x000330a0      0x8  init_bsp.o [3]
  .rodata            const    0x000330a8      0x8  init_bsp.o [3]
  .rodata            const    0x000330b0      0x8  init_bsp.o [3]
  .rodata            const    0x000330b8      0x8  init_bsp.o [3]
  .rodata            const    0x000330c0      0x8  init_bsp.o [3]
  .rodata            const    0x000330c8      0x8  init_bsp.o [3]
  .rodata            const    0x000330d0      0x8  init_bsp.o [3]
  .rodata            const    0x000330d8      0x8  init_bsp.o [3]
  .rodata            const    0x000330e0      0x8  init_bsp.o [3]
  .rodata            const    0x000330e8      0x8  init_bsp.o [3]
  .rodata            const    0x000330f0      0x8  init_bsp.o [3]
  .rodata            const    0x000330f8      0x8  init_bsp.o [3]
  .rodata            const    0x00033100      0x8  init_bsp.o [3]
  .rodata            const    0x00033108      0x8  init_bsp.o [3]
  .rodata            const    0x00033110      0x8  init_bsp.o [3]
  .rodata            const    0x00033118      0x8  init_bsp.o [3]
  .rodata            const    0x00033120      0x8  init_bsp.o [3]
  .rodata            const    0x00033128     0x10  mqxiinit.o [7]
  .rodata            const    0x00033138     0x20  macnet_init.o [3]
  .rodata            const    0x00033158     0x14  phy_ks8721bl.o [3]
  .rodata            const    0x0003316c      0xc  iplocal.o [9]
  .rodata            const    0x00033178      0x4  iplocal.o [9]
  .rodata            const    0x0003317c      0xc  rtcsinit.o [9]
  .rodata            const    0x00033188     0x1c  init_gpio.o [3]
  .rodata            const    0x000331a4     0x1c  init_gpio.o [3]
  .rodata            const    0x000331c0      0x4  init_gpio.o [3]
  .rodata            const    0x000331c4     0x50  host_close.o [12]
  .rodata            const    0x00033214     0x1c  bsp_cm.o [3]
  .rodata            const    0x00033230     0x78  bsp_cm.o [3]
  .rodata            const    0x000332a8     0x10  init_adc.o [3]
  .rodata            const    0x000332b8     0x18  init_adc.o [3]
  .rodata            const    0x000332d0     0x30  init_spi.o [3]
  .rodata            const    0x00033300     0x30  init_spi.o [3]
  .rodata            const    0x00033330     0x30  init_spi.o [3]
  .rodata            const    0x00033360      0xc  init_esdhc.o [3]
  .rodata            const    0x0003336c      0x8  init_flashx.o [3]
  .rodata            const    0x00033374      0x8  init_flashx.o [3]
  .rodata            const    0x0003337c     0x30  init_flashx.o [3]
  .rodata            const    0x000333ac     0x20  init_flashx.o [3]
  .rodata            const    0x000333cc     0x14  init_i2c.o [3]
  .rodata            const    0x000333e0     0x20  init_sci.o [3]
  .rodata            const    0x00033400     0x20  init_sci.o [3]
  .rodata            const    0x00033420     0x20  init_sci.o [3]
  .rodata            const    0x00033440     0x20  init_sci.o [3]
  .rodata            const    0x00033460     0x20  init_sci.o [3]
  .rodata            const    0x00033480     0x20  init_sci.o [3]
  .rodata            const    0x000334a0     0x1c  spi_dma_dspi.o [3]
  .rodata            const    0x000334bc     0x40  spi_dma_dspi.o [3]
  .rodata            const    0x000334fc     0x10  spi_pol_dspi.o [3]
  .rodata            const    0x0003350c     0x40  spi_pol_dspi.o [3]
  .rodata            const    0x0003354c     0x10  spi_pol_dspi.o [3]
  .rodata            const    0x0003355c    0x100  esdhc.o [3]
  .rodata            const    0x0003365c      0xc  i2c_pol_ki2c.o [3]
  .rodata            const    0x00033668    0x100  i2c_pol_ki2c.o [3]
  .rodata            const    0x00033768      0xc  serl_int_kuart.o [3]
  .rodata            const    0x00033774     0x40  macnet_mk60.o [3]
  .rodata            const    0x000337b4     0x30  flash_ftfl.o [3]
  .rodata            const    0x000337e4     0x20  flash_ftfl.o [3]
  .rodata            const    0x00033804      0xc  spi_mk60_dspi.o [3]
  .rodata            const    0x00033810      0xc  spi_mk60_dspi.o [3]
  .rodata            const    0x0003381c     0x20  adc_kadc.o [3]
  .rodata            const    0x0003383c      0xc  io_gpio_kgpio.o [3]
  .rodata            const    0x00033848      0xc  io_gpio_kgpio.o [3]
  .rodata            const    0x00033854      0xc  io_gpio_kgpio.o [3]
  .rodata            const    0x00033860      0xc  io_gpio_kgpio.o [3]
  .rodata            const    0x0003386c     0x14  io_gpio_kgpio.o [3]
  .rodata            const    0x00033880     0x14  io_gpio_kgpio.o [3]
  .rodata            const    0x00033894      0x8  io_gpio_kgpio.o [3]
  .rodata            const    0x0003389c      0x8  io_gpio_kgpio.o [3]
  .rodata            const    0x000338a4      0x8  adc_mk60.o [3]
  .rodata            const    0x000338ac      0x8  mqx_init.o [3]
  .rodata            const    0x000338b4     0x30  mqx_init.o [3]
  Initializer bytes  ro data  0x000338e4     0xd4  <for P2 mid-1>
  .rodata            const    0x000339b8      0x2  Shell_Task.o [1]
  Initializer bytes  ro data  0x000339bc      0x4  <for KERNEL_DATA-1>
  .rodata            const    0x000339c0      0x1  init_flashx.o [3]
  .rodata            const    0x000339c1      0x0  bwt_init3c.o [8]
[...]
_usb_host_open_pipe     0x0001d303    0x96  Code  Gb  host_main.o [12]
_usb_host_open_pipe_call_interface
                        0x0001d079    0x20  Code  Gb  host_main.o [12]
_usb_host_open_pipe_cleanup
                        0x0001d2d9    0x2a  Code  Gb  host_main.o [12]
_usb_host_recv_data     0x0001fa0d    0x58  Code  Gb  host_rcv.o [12]
_usb_host_recv_data_call_interface
                        0x0001d017    0x20  Code  Gb  host_main.o [12]
_usb_host_register_ch9_callback
                        0x0001d7ff    0x36  Code  Gb  host_ch9.o [12]
_usb_host_register_service
                        0x0001d263    0x76  Code  Gb  host_main.o [12]
_usb_host_send_call_interface
                        0x0001cfd7    0x20  Code  Gb  host_main.o [12]
_usb_host_send_data     0x0001f9b5    0x52  Code  Gb  host_snd.o [12]
_usb_host_send_setup    0x0001d4a9    0x6a  Code  Gb  host_main.o [12]
_usb_host_send_setup_call_interface
                        0x0001cff7    0x20  Code  Gb  host_main.o [12]
_usb_host_set_up_TR     0x0001d44d    0x5c  Code  Gb  host_main.o [12]
_usb_host_update_device_address_call_interface
                        0x0001d0b9    0x20  Code  Gb  host_main.o [12]
_usb_host_update_max_packet_size_call_interface
                        0x0001d099    0x20  Code  Gb  host_main.o [12]
_usb_hostdev_cntrl_request
                        0x0001dadd    0x92  Code  Gb  host_ch9.o [12]
_usb_hostdev_free_buffer
                        0x000191a3    0x6c  Code  Gb  host_common.o [12]
_usb_hostdev_get_buffer
                        0x00019129     0xc  Code  Gb  host_common.o [12]
_usb_hostdev_get_buffer_aligned
                        0x00019135    0x6e  Code  Gb  host_common.o [12]
_usb_hostdev_get_descriptor
                        0x0001927b   0x1ca  Code  Gb  host_common.o [12]
_usb_hostdev_select_interface
                        0x000199eb   0x1dc  Code  Gb  host_common.o [12]
_usb_khci_add_int_tr    0x0002539d    0x6c  Code  Lc  khci.o [12]
_usb_khci_atom_tr       0x00025a81   0x304  Code  Lc  khci.o [12]
_usb_khci_attach        0x00025505    0x7c  Code  Lc  khci.o [12]
_usb_khci_bus_control   0x000259f1     0x4  Code  Lc  khci.o [12]
_usb_khci_cancel        0x000259d1    0x20  Code  Lc  khci.o [12]
_usb_khci_detach        0x000255c5    0x2e  Code  Lc  khci.o [12]
_usb_khci_get_frame_number
                        0x000259f5    0x10  Code  Lc  khci.o [12]
_usb_khci_get_hot_int_tr
                        0x0002543f    0xc6  Code  Lc  khci.o [12]
_usb_khci_host_close_pipe
                        0x00025da1    0x24  Code  Lc  khci.o [12]
_usb_khci_init          0x000258c1    0xa6  Code  Lc  khci.o [12]
_usb_khci_init_int_tr   0x00025387    0x16  Code  Lc  khci.o [12]
_usb_khci_isr           0x00025331    0x56  Code  Lc  khci.o [12]
_usb_khci_process_tr_complete
                        0x00025a05    0x7c  Code  Lc  khci.o [12]
_usb_khci_recv          0x000259af    0x22  Code  Lc  khci.o [12]
_usb_khci_reset         0x00025581    0x44  Code  Lc  khci.o [12]
_usb_khci_rm_int_tr     0x00025409    0x36  Code  Lc  khci.o [12]
_usb_khci_send          0x0002596b    0x22  Code  Lc  khci.o [12]
_usb_khci_send_setup    0x0002598d    0x22  Code  Lc  khci.o [12]
_usb_khci_shutdown      0x00025967     0x4  Code  Lc  khci.o [12]
_usb_khci_task          0x000255f3   0x272  Code  Lc  khci.o [12]
_usb_khci_task_create   0x00025865    0x5c  Code  Lc  khci.o [12]
abs                     0x0000cc57     0x8  Code  Gb  abs.o [4]
adc_address             0x000338a4     0x8  Data  Lc  adc_mk60.o [3]
adc_bundle              0x1fff5fb4     0x4  Data  Gb  adc_kadc.o [3]
adc_calibrate           0x00009ae3    0xaa  Code  Lc  adc_kadc.o [3]
adc_complete_isr        0x00009ac5    0x1e  Code  Lc  adc_kadc.o [3]
adc_get_calibration_data
                        0x00009b8d    0x64  Code  Lc  adc_kadc.o [3]
adc_internal            0x1fff5fa0    0x14  Data  Lc  adc_kadc.o [3]
adc_process_all_data    0x00009a71    0x32  Code  Gb  adc_kadc.o [3]
adc_process_data        0x000099d3    0x9e  Code  Lc  adc_kadc.o [3]
adc_set_calibration_data
                        0x00009bf1    0x64  Code  Lc  adc_kadc.o [3]
adt_idelay_isr          0x0000a6e5    0x36  Code  Lc  adt_kpdb.o [3]
adt_period_prescaler    0x00009f51   0x1e0  Code  Lc  adt_kpdb.o [3]
bdt                     0x1fff0200   0x200  Data  Lc  khci.o [12]
class_interface_map     0x1fff0060    0x24  Data  Gb  usb_classes.o [1]
cos                     0x00013ddb     0x6  Code  Gb  cos.o [5]
count                   0x1fff6010     0x1  Data  Lc  DSPSPI.o [1]
delay_ms                0x000138ad    0x16  Code  Gb  System.o [1]
delay_us                0x000138c5    0x1a  Code  Gb  System.o [1]
device                  0x1fff5ee0    0x20  Data  Gb  USB_Task.o [1]
dspi_address            0x00033804     0xc  Data  Lc  spi_mk60_dspi.o [3]
dspi_vectors            0x00033810     0xc  Data  Lc  spi_mk60_dspi.o [3]
evntyear_old            0x1fff6008     0x2  Data  Gb  MenuView.o [1]
exit                    0x000004d5     0x4  Code  Gb  exit.o [4]
first_irq               0x1fff5f9c     0x4  Data  Gb  io_gpio.o [3]
flexnvm_flash_ioctl     0x0002e513    0x96  Code  Gb  flash_ftfl.o [3]
flexnvm_prog_part       0x0002e4ab    0x40  Code  Gb  flash_ftfl.o [3]
flexnvm_read_resource   0x0002e467    0x44  Code  Gb  flash_ftfl.o [3]
flexnvm_set_flexram     0x0002e4eb    0x28  Code  Gb  flash_ftfl.o [3]
flg_int                 0x00020be9    0x74  Code  Gb  yada_prj.o [1]
fmod                    0x000164f5          Code  Gb  fmod.o [5]
fmodl                   0x000164f5          Code  Gb  fmod.o [5]
ftfl_flash_command_sequence
                        0x0002e0b1   0x1c4  Code  Lc  flash_ftfl.o [3]
ftfl_flash_deinit       0x0002e2a9    0x22  Code  Gb  flash_ftfl.o [3]
ftfl_flash_erase_sector
                        0x0002e2f3    0xa2  Code  Gb  flash_ftfl.o [3]
ftfl_flash_init         0x0002e275    0x34  Code  Gb  flash_ftfl.o [3]
ftfl_flash_write_sector
                        0x0002e395    0xb8  Code  Gb  flash_ftfl.o [3]
ftfl_init_ram_function  0x0002e2cb    0x28  Code  Gb  flash_ftfl.o [3]
ftfl_ram_function       0x0002e44d    0x18  Code  Lc  flash_ftfl.o [3]
ftfl_ram_function_end   0x0002e465     0x2  Code  Lc  flash_ftfl.o [3]
ftpmsg_bad_option       0x0003290c    0x1c  Data  Gb  ftpd_msg.o [9]
ftpmsg_badcmd           0x000327f0    0x18  Data  Gb  ftpd_msg.o [9]
ftpmsg_badport          0x00032808    0x18  Data  Gb  ftpd_msg.o [9]
ftpmsg_banner           0x00032738    0x1c  Data  Gb  ftpd_msg.o [9]
ftpmsg_cd_error         0x00032994    0x20  Data  Gb  ftpd_msg.o [9]
ftpmsg_delete_error     0x000329d4    0x1c  Data  Gb  ftpd_msg.o [9]
ftpmsg_goodbye          0x00032858    0x10  Data  Gb  ftpd_msg.o [9]
ftpmsg_help_end         0x00032964    0x30  Data  Gb  ftpd_msg.o [9]
ftpmsg_help_start       0x00032934    0x30  Data  Gb  ftpd_msg.o [9]
ftpmsg_logged           0x000327b8    0x10  Data  Gb  ftpd_msg.o [9]
ftpmsg_no_datacon       0x00032aa8    0x20  Data  Gb  ftpd_msg.o [9]
ftpmsg_no_file          0x00032a38    0x34  Data  Gb  ftpd_msg.o [9]
ftpmsg_no_fs            0x00032868    0x3c  Data  Gb  ftpd_msg.o [9]
ftpmsg_no_memory        0x00032ac8    0x38  Data  Gb  ftpd_msg.o [9]
ftpmsg_ok               0x000329f0     0xc  Data  Gb  ftpd_msg.o [9]
ftpmsg_opening_datacon  0x00032a6c    0x20  Data  Gb  ftpd_msg.o [9]
ftpmsg_pasv_mode        0x000328a4    0x38  Data  Gb  ftpd_msg.o [9]
ftpmsg_portok           0x00032720    0x18  Data  Gb  ftpd_msg.o [9]
ftpmsg_rmdir_error      0x000329b4    0x20  Data  Gb  ftpd_msg.o [9]
ftpmsg_rxok             0x00032754    0x34  Data  Gb  ftpd_msg.o [9]
ftpmsg_site_info        0x000328dc    0x30  Data  Gb  ftpd_msg.o [9]
ftpmsg_size             0x00032840    0x18  Data  Gb  ftpd_msg.o [9]
ftpmsg_syst             0x00032928     0xc  Data  Gb  ftpd_msg.o [9]
ftpmsg_tx_complete      0x00032a8c    0x1c  Data  Gb  ftpd_msg.o [9]
ftpmsg_txok             0x00032788    0x30  Data  Gb  ftpd_msg.o [9]
ftpmsg_type_ascii       0x000329fc    0x14  Data  Gb  ftpd_msg.o [9]
ftpmsg_type_image       0x00032a10    0x14  Data  Gb  ftpd_msg.o [9]
ftpmsg_type_unknown     0x00032a24    0x14  Data  Gb  ftpd_msg.o [9]
ftpmsg_unimp            0x00032820    0x20  Data  Gb  ftpd_msg.o [9]
ftpmsg_writeeof         0x000327dc    0x14  Data  Gb  ftpd_msg.o [9]
ftpmsg_writefail        0x000327c8    0x14  Data  Gb  ftpd_msg.o [9]
get_irq_mask            0x000087a9    0x2a  Code  Lc  io_gpio_kgpio.o [3]
gpio_cpu_configure      0x000087d3   0x160  Code  Gb  io_gpio_kgpio.o [3]
gpio_cpu_init           0x00008933     0xa  Code  Gb  io_gpio_kgpio.o [3]
gpio_cpu_ioctl          0x00008b31   0x4f8  Code  Gb  io_gpio_kgpio.o [3]
gpio_cpu_open           0x000089f1   0x140  Code  Gb  io_gpio_kgpio.o [3]
gpio_eport_irq          0x00009029    0x9c  Code  Lc  io_gpio_kgpio.o [3]
gpio_global_irq_map     0x1fff5ff0    0x14  Data  Gb  io_gpio_kgpio.o [3]
gpio_global_pin_map     0x1fff5fdc    0x14  Data  Gb  io_gpio_kgpio.o [3]
hub_anchor              0x1fff5f6c     0x4  Data  Lc  usb_host_hub.o [12]
init_hardware           0x000005fd    0x3c  Code  Gb  init_hw.o [3]
install_isr             0x0000893d    0xb4  Code  Lc  io_gpio_kgpio.o [3]
int_callback            0x00020891    0x1e  Code  Gb  yada_prj.o [1]
isalpha                 0x0000f661     0x8  Code  Gb  io_util.o [7]
isdigit                 0x00015cdf    0x10  Code  Gb  sh_util.o [11]
isgraph                 0x0000e915    0x18  Code  Gb  io_util.o [7]
isprint                 0x0000f2eb    0x2a  Code  Gb  io_util.o [7]
ispunct                 0x0000f669     0x8  Code  Gb  io_util.o [7]
isupper                 0x0000f2e3     0x8  Code  Gb  io_util.o [7]
isxdigit                0x00022471    0x24  Code  Gb  ftpd_cmd.o [9]
kinetis_flash_invalidate_cache
                        0x0002e5b1    0x16  Code  Gb  flash_mk60.o [3]
linemark                0x0001151d   0x176  Code  Gb  MenuView.o [1]
lower_hex_string        0x000325d4    0x14  Data  Lc  io_dopr.o [7]
lpt_address             0x0003305c     0x4  Data  Lc  timer_lpt_kinetis.o [3]
lpt_clock_source        0x00033064     0x4  Data  Lc  timer_lpt_kinetis.o [3]
lpt_vectors             0x00033060     0x4  Data  Lc  timer_lpt_kinetis.o [3]
main                    0x000004c5    0x10  Code  Gb  mqx_main.o [3]
mass_anchor             0x1fff5f70     0x4  Data  Lc  usb_host_msd_bo.o [12]
mem_flash_app           0x0001ff15   0x16c  Code  Gb  mem_flash.o [1]
memcmp                  0x00016709          Code  Gb  memcmp.o [8]
memcpy                  0x0000a91d     0xe  Code  Gb  esdhc.o [3]
months                  0x000326f0    0x30  Data  Lc  dir_read.o [6]
pctl_ptr_arr            0x00033880    0x14  Data  Lc  io_gpio_kgpio.o [3]
pdb_external            0x1fff00d0     0x4  Data  Lc  adt_kpdb.o [3]
pdb_internal            0x1fff5fb8    0x24  Data  Lc  adt_kpdb.o [3]
phy_ksz8041_IF          0x00033158    0x14  Data  Gb  phy_ks8721bl.o [3]
phy_ksz8041_discover_addr
                        0x0002e9ff    0x46  Code  Lc  phy_ks8721bl.o [3]
phy_ksz8041_get_link_status
                        0x0002eb31    0x46  Code  Lc  phy_ks8721bl.o [3]
phy_ksz8041_get_speed   0x0002eaeb    0x46  Code  Lc  phy_ks8721bl.o [3]
phy_ksz8041_init        0x0002ea45    0xa6  Code  Lc  phy_ks8721bl.o [3]
pipe_init_params_prototype
                        0x00032e78    0x24  Data  Lc  host_dev_list.o [12]
read_buffer             0x1fff0084     0x8  Data  Gb  yada_prj.o [1]
req_prototype           0x00032fb4     0x8  Data  Lc  host_ch9.o [12]
reseed                  0x1fff5f84     0x4  Data  Lc  rtcsrand.o [9]
rtcs_enet               0x000305f8     0xc  Data  Lc  ip-e.o [9]
rtcs_local              0x0003316c     0xc  Data  Lc  iplocal.o [9]
seed                    0x1fff5f80     0x4  Data  Lc  rtcsrand.o [9]
send_U16str             0x0000cefd    0x2e  Code  Gb  LCDDriver.o [1]
send_U8str              0x0000cecf    0x2e  Code  Gb  LCDDriver.o [1]
send_area               0x0000cea7    0x28  Code  Gb  LCDDriver.o [1]
send_byte               0x0000ce57    0x12  Code  Gb  LCDDriver.o [1]
send_end                0x0000cf2b    0x14  Code  Gb  LCDDriver.o [1]
send_word               0x0000ce69    0x2a  Code  Gb  LCDDriver.o [1]
send_xy                 0x0000ce93    0x14  Code  Gb  LCDDriver.o [1]
sin                     0x00013f15     0x6  Code  Gb  sin.o [5]
spi2_dma_int            0x000084f5    0x74  Code  Gb  DSPSPI.o [1]
spifd_2                 0x1fff3e10     0x4  Data  Gb  DSPSPI.o [1]
state                   0x1fff00cc     0x4  Data  Lc  rtcsrand.o [9]
strcat                  0x0001fab3    0x1e  Code  Gb  strcat.o [4]
strcmp                  0x0000a74d          Code  Gb  strcmp.o [8]
strcpy                  0x0000e8d1          Code  Gb  strcpy.o [8]
strlen                  0x0000a791          Code  Gb  strlen.o [8]
strncmp                 0x0000bbc9    0x2a  Code  Gb  strncmp.o [4]
strncpy                 0x0000c2b1          Code  Gb  strncpy.o [8]
strpbrk                 0x00022495     0x4  Code  Gb  strpbrk.o [4]
systick_config          0x00001b69     0xc  Code  Gb  init_bsp.o [3]
systick_init            0x00001b75    0x34  Code  Lc  init_bsp.o [3]
tcp_socket_task         0x000202c5   0x29c  Code  Gb  tcpip_socket_task.o [1]
time                    0x1fff407c     0x8  Data  Gb  MenuView.o [1]
timer_isr               0x000208af    0x2a  Code  Lc  yada_prj.o [1]
tolower                 0x0000e92d     0x8  Code  Gb  io_util.o [7]
tr_index                0x1fff5f34     0x4  Data  Lc  host_common.o [12]
uart_isr                0x000029ad    0x76  Code  Gb  serl_int_kuart.o [3]
uart_lcd                0x1fff3e14     0x4  Data  Gb  LCDDriver.o [1]
upper_hex_string        0x000325c0    0x14  Data  Lc  io_dopr.o [7]
usb_class_hub_clear_feature
                        0x000268c1    0x1e  Code  Gb  usb_host_hub.o [12]
usb_class_hub_clear_port_feature
                        0x000268df    0x24  Code  Gb  usb_host_hub.o [12]
usb_class_hub_cntrl_callback
                        0x00026745    0x1a  Code  Gb  usb_host_hub.o [12]
usb_class_hub_cntrl_common
                        0x0002675f    0xfe  Code  Gb  usb_host_hub.o [12]
usb_class_hub_get_app   0x000266e5    0x60  Code  Gb  usb_host_hub.o [12]
usb_class_hub_get_descriptor
                        0x0002685d    0x40  Code  Gb  usb_host_hub.o [12]
usb_class_hub_get_port_status
                        0x00026923    0x22  Code  Gb  usb_host_hub.o [12]
usb_class_hub_get_status
                        0x00026903    0x20  Code  Gb  usb_host_hub.o [12]
usb_class_hub_init      0x00026689    0x5c  Code  Gb  usb_host_hub.o [12]
usb_class_hub_int_callback
                        0x00026a1d    0x1a  Code  Gb  usb_host_hub.o [12]
usb_class_hub_set_port_feature
                        0x0002689d    0x24  Code  Gb  usb_host_hub.o [12]
usb_class_hub_wait_for_interrupt
                        0x00026945    0xcc  Code  Gb  usb_host_hub.o [12]
usb_class_mass_call_back_cbw
                        0x0001dc89    0xa2  Code  Lc  usb_host_msd_bo.o [12]
usb_class_mass_call_back_csw
                        0x0001de01   0x12e  Code  Lc  usb_host_msd_bo.o [12]
usb_class_mass_call_back_dphase
                        0x0001dd2b    0xd6  Code  Lc  usb_host_msd_bo.o [12]
usb_class_mass_clear_bulk_pipe_on_usb
                        0x0001e019    0x7c  Code  Lc  usb_host_msd_bo.o [12]
usb_class_mass_deleteq  0x0001f95b    0x34  Code  Gb  usb_host_msd_queue.o [12]
usb_class_mass_get_pending_request
                        0x0001f98f    0x26  Code  Gb  usb_host_msd_queue.o [12]
usb_class_mass_init     0x0001db7d    0x88  Code  Gb  usb_host_msd_bo.o [12]
usb_class_mass_pass_on_usb
                        0x0001df2f    0xea  Code  Lc  usb_host_msd_bo.o [12]
usb_class_mass_q_init   0x0001f913     0xc  Code  Gb  usb_host_msd_queue.o [12]
usb_class_mass_q_insert
                        0x0001f91f    0x3c  Code  Gb  usb_host_msd_queue.o [12]
usb_class_mass_reset_callback
                        0x0001e0fd    0xd0  Code  Lc  usb_host_msd_bo.o [12]
usb_class_mass_reset_recovery_on_usb
                        0x0001e095    0x68  Code  Gb  usb_host_msd_bo.o [12]
usb_class_mass_storage_device_command
                        0x0001dc05    0x84  Code  Gb  usb_host_msd_bo.o [12]
usb_dev_list_attach_device
                        0x0001cd9b   0x120  Code  Gb  host_dev_list.o [12]
usb_dev_list_close_pipe
                        0x0001cec5    0x46  Code  Lc  host_dev_list.o [12]
usb_dev_list_close_pipe_bundle
                        0x0001cf0b    0x2a  Code  Gb  host_dev_list.o [12]
usb_dev_list_detach_device
                        0x0001cf35    0x82  Code  Gb  host_dev_list.o [12]
usb_dev_list_free_mem   0x0001cc3b    0x76  Code  Gb  host_dev_list.o [12]
usb_dev_list_free_memlist
                        0x0001cbe5    0x56  Code  Gb  host_dev_list.o [12]
usb_dev_list_get_mem    0x0001ccb1    0xea  Code  Gb  host_dev_list.o [12]
usb_filesystem_install  0x00016e6d   0x18c  Code  Gb  USB_File.o [1]
usb_filesystem_uninstall
                        0x00016ff9    0xde  Code  Gb  USB_File.o [1]
usb_host_ch9_dev_req    0x0001d835    0x8e  Code  Lc  host_ch9.o [12]
usb_host_class_intf_init
                        0x000194c3    0xf8  Code  Gb  host_common.o [12]
usb_host_class_intf_validate
                        0x000195bb    0x22  Code  Gb  host_common.o [12]
usb_host_cntrl_transaction_done
                        0x0001d51d   0x2e2  Code  Lc  host_ch9.o [12]
usb_host_driver_info_match
                        0x000195dd    0xec  Code  Lc  host_common.o [12]
usb_host_driver_info_nonzero
                        0x00019733    0x4a  Code  Lc  host_common.o [12]
usb_host_driver_info_scan
                        0x000196c9    0x6a  Code  Lc  host_common.o [12]
usb_host_hub_device_event
                        0x00026129    0x9e  Code  Gb  usb_host_hub_sm.o [12]
usb_host_hub_device_sm  0x000261c9   0x45c  Code  Lc  usb_host_hub_sm.o [12]
usb_host_hub_int_callback
                        0x00026625    0x60  Code  Lc  usb_host_hub_sm.o [12]
usb_host_map_class_intf
                        0x0001977d    0x3a  Code  Lc  host_common.o [12]
usb_host_mass_device_event
                        0x0001fad1    0x6e  Code  Gb  USB_Task.o [1]
usb_host_state_struct_ptr
                        0x1fff5f38     0x4  Data  Gb  host_main.o [12]
usb_hostdev_attach_detach
                        0x000190b9    0x48  Code  Gb  host_common.o [12]
usb_hostdev_delete_interface
                        0x000197e7    0xce  Code  Gb  host_common.o [12]
usb_hostdev_get_class   0x0001920f    0x6c  Code  Lc  host_common.o [12]
usb_hostdev_get_pipe_handle
                        0x00019445    0x7e  Code  Gb  host_common.o [12]
usb_hostdev_mask_class_etc
                        0x000198b5    0x2a  Code  Lc  host_common.o [12]
usb_hostdev_open_pipe   0x000198df   0x10c  Code  Lc  host_common.o [12]
usb_hostdev_tr_init     0x00019bc7    0x36  Code  Gb  host_common.o [12]
usb_hostdev_validate    0x00019101    0x28  Code  Gb  host_common.o [12]
usb_mass_ufi_cancel     0x00019c91     0xc  Code  Gb  usb_host_msd_ufi.o [12]
usb_mass_ufi_generic    0x00019c0d    0x84  Code  Gb  usb_host_msd_ufi.o [12]


[1] = E:\Freescale\mqx_test\YD_PRJ_NEW_20130323_git_\IAR\twrk60n512\Int Flash Debug\Obj
[2] = command line
[3] = bsp_twrk60n512_130418_SPI_TX_84Data_Buf6175.a
[4] = dl7M_tln.a
[5] = m7M_tl.a
[6] = mfs_twrk60n512_d.a
[7] = psp_twrk60n512_d.a
[8] = rt7M_tl.a
[9] = rtcs_twrk60n512_d_20130105.a
[10] = shb_l.a
[11] = shell_twrk60n512_d_20130412.a
[12] = usb_hdk_twrk60n512_d.a

  191 528 bytes of readonly  code memory
   19 854 bytes of readonly  data memory
   26 243 bytes of readwrite data memory

Errors: none
Warnings: none
