###############################################################################
#                                                                             #
# IAR ELF Linker V6.30.1.53127/W32 for ARM              08/Apr/2013  21:33:58 #
# Copyright 2007-2011 IAR Systems AB.                                         #
#                                                                             #
#    Output file  =  E:\Freescale\mqx_test\YD_PRJ_NEW_20130323_git_\IAR\twrk6 #
#                    0n512\Int Flash Debug\Exe\twrk60n512.out                 #
#    Map file     =  E:\Freescale\mqx_test\YD_PRJ_NEW_20130323_git_\IAR\twrk6 #
#                    0n512\Int Flash Debug\List\twrk60n512.map                #
#    Command line =  "E:\Freescale\mqx_test\YD_PRJ_NEW_20130323_git_\IAR\twrk #
#                    60n512\Int Flash Debug\Obj\DSPSPI.o"                     #
#                    "E:\Freescale\mqx_test\YD_PRJ_NEW_20130323_git_\IAR\twrk #
#                    60n512\Int Flash Debug\Obj\DataConvert.o"                #
#                    "E:\Freescale\mqx_test\YD_PRJ_NEW_20130323_git_\IAR\twrk #
#                    60n512\Int Flash Debug\Obj\FTP_Task.o"                   #
#                    "E:\Freescale\mqx_test\YD_PRJ_NEW_20130323_git_\IAR\twrk #
#                    60n512\Int Flash Debug\Obj\LCDDriver.o"                  #
#                    "E:\Freescale\mqx_test\YD_PRJ_NEW_20130323_git_\IAR\twrk #
#                    60n512\Int Flash Debug\Obj\LCDUart.o"                    #
#                    "E:\Freescale\mqx_test\YD_PRJ_NEW_20130323_git_\IAR\twrk #
#                    60n512\Int Flash Debug\Obj\MenuView.o"                   #
#                    "E:\Freescale\mqx_test\YD_PRJ_NEW_20130323_git_\IAR\twrk #
#                    60n512\Int Flash Debug\Obj\SD_task.o"                    #
#                    "E:\Freescale\mqx_test\YD_PRJ_NEW_20130323_git_\IAR\twrk #
#                    60n512\Int Flash Debug\Obj\Shell_Task.o"                 #
#                    "E:\Freescale\mqx_test\YD_PRJ_NEW_20130323_git_\IAR\twrk #
#                    60n512\Int Flash Debug\Obj\System.o"                     #
#                    "E:\Freescale\mqx_test\YD_PRJ_NEW_20130323_git_\IAR\twrk #
#                    60n512\Int Flash Debug\Obj\USB_File.o"                   #
#                    "E:\Freescale\mqx_test\YD_PRJ_NEW_20130323_git_\IAR\twrk #
#                    60n512\Int Flash Debug\Obj\USB_Task.o"                   #
#                    "E:\Freescale\mqx_test\YD_PRJ_NEW_20130323_git_\IAR\twrk #
#                    60n512\Int Flash Debug\Obj\mem_flash.o"                  #
#                    "E:\Freescale\mqx_test\YD_PRJ_NEW_20130323_git_\IAR\twrk #
#                    60n512\Int Flash Debug\Obj\mem_ram.o"                    #
#                    "E:\Freescale\mqx_test\YD_PRJ_NEW_20130323_git_\IAR\twrk #
#                    60n512\Int Flash Debug\Obj\pin2.o"                       #
#                    "E:\Freescale\mqx_test\YD_PRJ_NEW_20130323_git_\IAR\twrk #
#                    60n512\Int Flash Debug\Obj\sh_cd.o"                      #
#                    "E:\Freescale\mqx_test\YD_PRJ_NEW_20130323_git_\IAR\twrk #
#                    60n512\Int Flash Debug\Obj\sh_di.o"                      #
#                    "E:\Freescale\mqx_test\YD_PRJ_NEW_20130323_git_\IAR\twrk #
#                    60n512\Int Flash Debug\Obj\tcpip_socket_task.o"          #
#                    "E:\Freescale\mqx_test\YD_PRJ_NEW_20130323_git_\IAR\twrk #
#                    60n512\Int Flash Debug\Obj\usb_classes.o"                #
#                    "E:\Freescale\mqx_test\YD_PRJ_NEW_20130323_git_\IAR\twrk #
#                    60n512\Int Flash Debug\Obj\yada_prj.o"                   #
#                    E:\Freescale\mqx_test\YD_PRJ_NEW_20130323_git_\lib\twrk6 #
#                    0n512.iar\bsp\bsp_twrk60n512_130406_SPI_TX.a             #
#                    E:\Freescale\mqx_test\YD_PRJ_NEW_20130323_git_\lib\twrk6 #
#                    0n512.iar\mfs\mfs_twrk60n512_d.a                         #
#                    E:\Freescale\mqx_test\YD_PRJ_NEW_20130323_git_\lib\twrk6 #
#                    0n512.iar\psp\psp_twrk60n512_d.a                         #
#                    E:\Freescale\mqx_test\YD_PRJ_NEW_20130323_git_\lib\twrk6 #
#                    0n512.iar\rtcs\rtcs_twrk60n512_d_20130105.a              #
#                    E:\Freescale\mqx_test\YD_PRJ_NEW_20130323_git_\lib\twrk6 #
#                    0n512.iar\shell\shell_twrk60n512_d_20130406_wr_s.a       #
#                    E:\Freescale\mqx_test\YD_PRJ_NEW_20130323_git_\lib\twrk6 #
#                    0n512.iar\usb\host\usb_hdk_twrk60n512_d.a --redirect     #
#                    _Printf=_PrintfFull --redirect _Scanf=_ScanfFull -o      #
#                    "E:\Freescale\mqx_test\YD_PRJ_NEW_20130323_git_\IAR\twrk #
#                    60n512\Int Flash Debug\Exe\twrk60n512.out" --map         #
#                    "E:\Freescale\mqx_test\YD_PRJ_NEW_20130323_git_\IAR\twrk #
#                    60n512\Int Flash Debug\List\twrk60n512.map" --config     #
#                    E:\Freescale\mqx_test\YD_PRJ_NEW_20130323_git_\IAR\..\li #
#                    b\twrk60n512.iar\bsp\intflash.icf --redirect             #
#                    __iar_dlmalloc=malloc --redirect __iar_dlcalloc=calloc   #
#                    --redirect __iar_dlfree=free --semihosting --entry       #
#                    __iar_program_start --vfe                                #
#                                                                             #
#                                                                             #
###############################################################################

*******************************************************************************
*** RUNTIME MODEL ATTRIBUTES
***

CppFlavor                   = *
__SystemLibrary             = DLib
__dlib_jmp_buf_num_elements = 8


*******************************************************************************
*** PLACEMENT SUMMARY
***

"A1":  place at 0x00000000 { ro section .intvec, block CFMPROTROM };
"P1":  place in [from 0x00000000 to 0x0007ffff] {
          first block TEXTSECTION, ro, last block FLASHX_POOL };
"P2":  place in [from 0x1fff0000 to 0x2000fff0] { rw, last block KERNEL_DATA };

  Section            Kind        Address     Size  Object
  -------            ----        -------     ----  ------
"A1":                                       0x414
  .intvec            const    0x00000000    0x400  vectors.o [3]
  CFMPROTROM                  0x00000400     0x14  <Block>
    .cfmconfig       const    0x00000400     0x10  vectors.o [3]
    .cfmconfig       const    0x00000410      0x0  vectors.o [3]
    CFMPROTROM       const    0x00000410      0x4  <Block tail>
                            - 0x00000414    0x414

"P1":                                     0x33be4
  TEXTSECTION                 0x00000420  0x2ec3c  <Block>
    .text            ro code  0x00000420     0x4c  cortex_boot.o [7]
    .text            ro code  0x0000046c      0xc  cstartup_M.o [8]
    .text            ro code  0x00000478     0x16  cmain.o [8]
    .text            ro code  0x0000048e      0xa  iar.o [3]
    .text            ro code  0x00000498     0x2c  data_init3.o [8]
    .text            ro code  0x000004c4     0x10  mqx_main.o [3]
    .text            ro code  0x000004d4      0x4  exit.o [4]
    .text            ro code  0x000004d8    0x190  init_hw.o [3]
    .text            ro code  0x00000668    0x1a8  mqx.o [7]
    .text            ro code  0x00000810      0xa  cexit.o [8]
    .text            ro code  0x0000081a     0x46  sotcp.o [9]
    .text            ro code  0x00000860    0x79c  bsp_cm.o [3]
    .text            ro code  0x00000ffc    0x538  init_gpio.o [3]
    .text            ro code  0x00001534    0x134  mem_zero.o [7]
    .text            ro code  0x00001668     0x76  ABImemcpy.o [8]
    .text            ro code  0x000016de     0x56  macnet_rejoin.o [3]
    .text            ro code  0x00001734     0xd8  mqxiinit.o [7]
    .text            ro code  0x0000180c     0x28  lwm_init.o [7]
    .text            ro code  0x00001834     0x18  lwm_gsys.o [7]
    .text            ro code  0x0000184c     0x24  lwm_size.o [7]
    .text            ro code  0x00001870    0x1c4  ta_init.o [7]
    .text            ro code  0x00001a34     0xc0  sc_irdyq.o [7]
    .text            ro code  0x00001af4     0x74  lws_crea.o [7]
    .text            ro code  0x00001b68    0x2c8  init_bsp.o [3]
    .text            ro code  0x00001e30     0x24  int_disa.o [7]
    .text            ro code  0x00001e54     0x14  exit.o [10]
    .text            ro code  0x00001e68     0x14  cm.o [3]
    .text            ro code  0x00001e7c      0xc  qu_init.o [7]
    .text            ro code  0x00001e88     0x64  lwm_crep.o [7]
    .text            ro code  0x00001eec    0x204  lwm_alli.o [7]
    .text            ro code  0x000020f0     0x34  td_serr.o [7]
    .text            ro code  0x00002124     0xd0  td_alloc.o [7]
    .text            ro code  0x000021f4     0x68  stack_bu.o [7]
    .text            ro code  0x0000225c      0x8  lwm_xfri.o [7]
    .text            ro code  0x00002264     0x18  lwm_allz.o [7]
    .text            ro code  0x0000227c     0x38  int_ena.o [7]
    .text            ro code  0x000022b4     0x3e  qu_enq.o [7]
    .text            ro code  0x000022f2     0x22  zero_init3.o [8]
    .text            ro code  0x00002314      0xc  mqx_scpu.o [7]
    .text            ro code  0x00002320     0x30  lwm_allo.o [7]
    .text            ro code  0x00002350     0x14  psp_iinit.o [7]
    .text            ro code  0x00002364     0x10  int_vtab.o [7]
    .text            ro code  0x00002374     0x10  ti_setv.o [7]
    .text            ro code  0x00002384     0xb0  int_iisr.o [7]
    .text            ro code  0x00002434     0x10  ti_sett.o [7]
    .text            ro code  0x00002444     0x10  ti_shwtt.o [7]
    .text            ro code  0x00002454     0x14  ti_shwtf.o [7]
    .text            ro code  0x00002468     0x14  kinetis_mpu.o [7]
    .text            ro code  0x0000247c     0x18  io_init.o [7]
    .text            ro code  0x00002494    0x3b4  serl_pol_kuart.o [3]
    .text            ro code  0x00002848    0x1f0  serl_int_kuart.o [3]
    .text            ro code  0x00002a38    0x86c  i2c_pol_ki2c.o [3]
    .text            ro code  0x000032a4    0x6aa  i2c_int_ki2c.o [3]
    .text            ro code  0x0000394e     0x2e  copy_init3.o [8]
    .text            ro code  0x0000397c    0x9e8  spi_pol_dspi.o [3]
    .text            ro code  0x00004364    0x7a0  spi_dma_dspi.o [3]
    .text            ro code  0x00004b04    0x28c  io_gpio.o [3]
    .text            ro code  0x00004d90    0x5ae  adc.o [3]
    .text            ro code  0x00005340    0xc76  esdhc.o [3]
    .text            ro code  0x00005fb8    0xd3c  flashx.o [3]
    .text            ro code  0x00006cf4     0x34  io_sinit.o [3]
    .text            ro code  0x00006d28     0xe0  ti_krnl.o [7]
    .text            ro code  0x00006e08     0xfc  lwm_free.o [7]
    .text            ro code  0x00006f04     0x40  qu_insrt.o [7]
    .text            ro code  0x00006f44     0x78  int_init.o [7]
    .text            ro code  0x00006fbc     0x10  int_inst.o [7]
    .text            ro code  0x00006fcc    0x53c  serl_pol.o [3]
    .text            ro code  0x00007508     0x4c  serl_mk60.o [3]
    .text            ro code  0x00007554     0x18  lwm_zsys.o [7]
    .text            ro code  0x0000756c    0x610  serl_int.o [3]
    .text            ro code  0x00007b7c     0x60  int_gdat.o [7]
    .text            ro code  0x00007bdc      0x4  int_geh.o [7]
    .text            ro code  0x00007be0     0xa0  cortex.o [7]
    .text            ro code  0x00007c80     0xf0  ev_open.o [7]
    .text            ro code  0x00007d70     0xe0  ev_set.o [7]
    .text            ro code  0x00007e50    0x170  i2c_pol.o [3]
    .text            ro code  0x00007fc0     0x38  i2c_mk60.o [3]
    .text            ro code  0x00007ff8    0x16c  i2c_int.o [3]
    .text            ro code  0x00008164    0x196  spi_pol.o [3]
    .text            ro code  0x000082fc     0x30  spi_mk60_dspi.o [3]
    .text            ro code  0x0000832c    0x1a2  spi_int.o [3]
    .text            ro code  0x000084d0     0x24  io_pntf.o [7]
    .text            ro code  0x000084f4    0x278  DSPSPI.o [1]
    .text            ro code  0x0000876c    0x994  io_gpio_kgpio.o [3]
    .text            ro code  0x00009100     0x1a  io_inst.o [7]
    .text            ro code  0x0000911a     0x3e  io_ioctl.o [7]
    .text            ro code  0x00009158    0xac0  adc_kadc.o [3]
    .text            ro code  0x00009c18    0xaf8  adt_kpdb.o [3]
    .text            ro code  0x0000a710     0x42  strcmp.o [8]
    .text            ro code  0x0000a754     0x36  strlen.o [8]
    .text            ro code  0x0000a78c     0x38  ti_delay.o [7]
    .text            ro code  0x0000a7c4    0x108  io_instx.o [7]
    .text            ro code  0x0000a8cc     0x14  esdhc_mk60.o [3]
    .text            ro code  0x0000a8e0      0xe  esdhc.o [3]
    .text            ro code  0x0000a8f0     0x78  lws_wait.o [7]
    .text            ro code  0x0000a968    0x17c  mem_copy.o [7]
    .text            ro code  0x0000aae4     0x7c  lws_post.o [7]
    .text            ro code  0x0000ab60     0xa0  io_fopen.o [7]
    .text            ro code  0x0000ac00     0x34  psp_tinm.o [7]
    .text            ro code  0x0000ac34     0x84  tq_creat.o [7]
    .text            ro code  0x0000acb8     0x80  tq_dest.o [7]
    .text            ro code  0x0000ad38     0xd8  tq_func.o [7]
    .text            ro code  0x0000ae10     0x94  na_findi.o [7]
    .text            ro code  0x0000aea4     0x48  io_ghand.o [7]
    .text            ro code  0x0000aeec    0xbd4  io_dopr.o [7]
    .text            ro code  0x0000bac0     0x34  io_fclos.o [7]
    .text            ro code  0x0000baf4     0x14  ev_creat.o [7]
    .text            ro code  0x0000bb08     0x3a  ev_all.o [7]
    .text            ro code  0x0000bb44     0x48  ev_clear.o [7]
    .text            ro code  0x0000bb8c     0x2a  strncmp.o [4]
    .text            ro code  0x0000bbb8      0x6  ABImemclr4.o [8]
    .text            ro code  0x0000bbc0     0x14  adc_mk60.o [3]
    .text            ro code  0x0000bbd4    0x132  I64DivMod.o [8]
    .text            ro code  0x0000bd08     0xd4  lwe_set.o [7]
    .text            ro code  0x0000bddc     0x84  psp_mstiq.o [7]
    .text            ro code  0x0000be60     0x48  psp_tiad.o [7]
    .text            ro code  0x0000bea8     0x88  ti_deli.o [7]
    .text            ro code  0x0000bf30     0x2e  qu_deq.o [7]
    .text            ro code  0x0000bf5e     0x2c  sc_ipq.o [7]
    .text            ro code  0x0000bf8a     0x1c  strnlen.o [7]
    .text            ro code  0x0000bfa8     0xc0  ev_creai.o [7]
    .text            ro code  0x0000c068    0x108  ev_waiti.o [7]
    .text            ro code  0x0000c170     0x32  ABImemset48.o [8]
    .text            ro code  0x0000c1a4      0x2  I64DivZer.o [8]
    .text            ro code  0x0000c1a8     0xcc  ev_comp.o [7]
    .text            ro code  0x0000c274     0x6c  strncpy.o [8]
    .text            ro code  0x0000c2e0    0x138  na_addi.o [7]
    .text            ro code  0x0000c418     0x34  ti_delun.o [7]
    .text            ro code  0x0000c44c     0x38  ti_delfo.o [7]
    .text            ro code  0x0000c484     0x7c  na_crth.o [7]
    .text            ro code  0x0000c500     0x5e  ABImemset.o [8]
    .text            ro code  0x0000c560    0x860  pow.o [5]
    .text            ro code  0x0000cdc0     0x44  xdnorm.o [5]
    .text            ro code  0x0000ce04     0x80  xdint.o [5]
    .text            ro code  0x0000ce84     0x20  DblCmpEq.o [5]
    .text            ro code  0x0000cea4      0xc  errno.o [4]
    .text            ro code  0x0000ceb0     0x2e  DblCmpGe.o [5]
    .text            ro code  0x0000cee0     0x2e  DblCmpLe.o [5]
    .text            ro code  0x0000cf10    0x1a2  DblMul.o [5]
    .text            ro code  0x0000d0b4     0xe8  DblAdd.o [5]
    .text            ro code  0x0000d19c     0x58  DblToI32.o [5]
    .text            ro code  0x0000d1f4     0x30  I32ToDbl.o [5]
    .text            ro code  0x0000d224    0x180  DblSub.o [5]
    .text            ro code  0x0000d3a4    0x246  DblDiv.o [5]
    .text            ro code  0x0000d5ec     0xa8  xlog.o [5]
    .text            ro code  0x0000d694    0x2f4  xexp.o [5]
    .text            ro code  0x0000d988      0x2  xtls.o [4]
    .text            ro code  0x0000d98c    0x11a  xdscale.o [5]
    .text            ro code  0x0000daa8    0x3aa  DataConvert.o [1]
    .text            ro code  0x0000de54     0xfc  FltDiv.o [5]
    .text            ro code  0x0000df50     0xd8  FltMul.o [5]
    .text            ro code  0x0000e028     0x24  FltToU32.o [5]
    .text            ro code  0x0000e04c     0x32  I32ToFlt.o [5]
    .text            ro code  0x0000e07e      0x8  abs.o [4]
    .text            ro code  0x0000e088     0xe6  FltSub.o [5]
    .text            ro code  0x0000e170     0x44  FltToS32.o [5]
    .text            ro code  0x0000e1b4     0x24  FltCmpLe.o [5]
    .text            ro code  0x0000e1d8     0x84  FltAdd.o [5]
    .text            ro code  0x0000e25c    0x320  LCDDriver.o [1]
    .text            ro code  0x0000e57c     0x24  io_write.o [7]
    .text            ro code  0x0000e5a0     0xf4  FTP_Task.o [1]
    .text            ro code  0x0000e694    0x26c  rtcscmd.o [9]
    .text            ro code  0x0000e900     0x24  enaddr.o [3]
    .text            ro code  0x0000e924    0x104  eninit.o [3]
    .text            ro code  0x0000ea28     0x5c  ifadd.o [9]
    .text            ro code  0x0000ea84    0x644  ftpd.o [9]
    .text            ro code  0x0000f0c8     0x88  ta_creat.o [7]
    .text            ro code  0x0000f150     0xe4  mqx_ioc.o [7]
    .text            ro code  0x0000f234    0x1b6  rtcspart.o [9]
    .text            ro code  0x0000f3ec     0x2c  ms_id.o [7]
    .text            ro code  0x0000f418     0x16  ms_pool.o [7]
    .text            ro code  0x0000f430     0xa8  rtcstask.o [9]
    .text            ro code  0x0000f4d8     0x6c  ms_dpool.o [7]
    .text            ro code  0x0000f544     0xcc  ms_alloc.o [7]
    .text            ro code  0x0000f610     0x58  td_get.o [7]
    .text            ro code  0x0000f668      0xc  ms_sendb.o [7]
    .text            ro code  0x0000f674     0x48  ta_rdy.o [7]
    .text            ro code  0x0000f6bc      0xc  ms_send.o [7]
    .text            ro code  0x0000f6c8     0x10  td_gid.o [7]
    .text            ro code  0x0000f6d8     0x1c  td_gerr.o [7]
    .text            ro code  0x0000f6f4     0x24  td_util.o [7]
    .text            ro code  0x0000f718     0x2c  init_enet.o [3]
    .text            ro code  0x0000f744     0x58  enutil.o [3]
    .text            ro code  0x0000f79c     0x3c  ta_env.o [7]
    .text            ro code  0x0000f7d8     0x22  ta_sexit.o [7]
    .text            ro code  0x0000f7fc     0xb2  rtcs.o [9]
    .text            ro code  0x0000f8b0    0x3ea  io_util.o [7]
    .text            ro code  0x0000fc9c     0x44  strcpy.o [8]
    .text            ro code  0x0000fce0     0x18  io_util.o [7]
    .text            ro code  0x0000fcf8      0x8  io_util.o [7]
    .text            ro code  0x0000fd00     0x7c  ta_build.o [7]
    .text            ro code  0x0000fd7c     0x18  lwm_allp.o [7]
    .text            ro code  0x0000fd94     0x18  lwm_alzp.o [7]
    .text            ro code  0x0000fdac     0x18  lwm_gsyp.o [7]
    .text            ro code  0x0000fdc4     0x18  lwm_zsyf.o [7]
    .text            ro code  0x0000fddc     0x84  pa_creat.o [7]
    .text            ro code  0x0000fe60     0x14  pa_sallo.o [7]
    .text            ro code  0x0000fe74     0x74  pa_free.o [7]
    .text            ro code  0x0000fee8     0x74  pa_dest.o [7]
    .text            ro code  0x0000ff5c    0x20c  ms_pooli.o [7]
    .text            ro code  0x00010168     0x12  ta_util.o [7]
    .text            ro code  0x0001017c     0xa2  lws_dest.o [7]
    .text            ro code  0x00010220    0x364  ms_sendi.o [7]
    .text            ro code  0x00010584    0x12a  sockutil.o [9]
    .text            ro code  0x000106ae      0x8  io_util.o [7]
    .text            ro code  0x000106b6     0x2a  io_util.o [7]
    .text            ro code  0x000106e0     0x16  io_util.o [7]
    .text            ro code  0x000106f8     0x7c  pa_creai.o [7]
    .text            ro code  0x00010774    0x118  pa_alloi.o [7]
    .text            ro code  0x0001088c    0x130  ms_comp.o [7]
    .text            ro code  0x000109bc     0x60  ms_free.o [7]
    .text            ro code  0x00010a1c     0x10  io_util.o [7]
    .text            ro code  0x00010a2c      0x8  io_util.o [7]
    .text            ro code  0x00010a34      0x8  io_util.o [7]
    .text            ro code  0x00010a3c     0x7c  pa_comp.o [7]
    .text            ro code  0x00010ab8     0x5c  pa_extni.o [7]
    .text            ro code  0x00010b14     0x22  io_util.o [7]
    .text            ro code  0x00010b36     0x28  io_util.o [7]
    .text            ro code  0x00010b5e     0x10  io_util.o [7]
    .text            ro code  0x00010b70    0xa60  LCDUart.o [1]
    .text            ro code  0x000115d0     0x14  ev_creaa.o [7]
    .text            ro code  0x000115e4   0x2e2c  MenuView.o [1]
    .text            ro code  0x00014410     0x52  System.o [1]
    .text            ro code  0x00014462      0x6  cos.o [5]
    .text            ro code  0x00014468      0x6  sin.o [5]
    .text            ro code  0x00014470     0x24  FltCmpGe.o [5]
    .text            ro code  0x00014494     0x4e  FltToDbl.o [5]
    .text            ro code  0x000144e4    0x14c  sh_cd.o [1]
    .text            ro code  0x00014630     0x90  sh_pwd.o [11]
    .text            ro code  0x000146c0    0x220  sh_read_wk.o [11]
    .text            ro code  0x000148e0    0x1f8  sh_write_binary.o [11]
    .text            ro code  0x00014ad8     0xc8  sh_update.o [11]
    .text            ro code  0x00014ba0     0x16  ti_get.o [7]
    .text            ro code  0x00014bb8     0xe4  ti_to.o [7]
    .text            ro code  0x00014c9c    0x110  sh_mkdir.o [11]
    .text            ro code  0x00014dac    0x39c  sh_search_file_1.o [11]
    .text            ro code  0x00015148    0x1f0  xsin.o [5]
    .text            ro code  0x00015338    0x218  sh_util.o [11]
    .text            ro code  0x00015550    0x408  mfs_misc.o [6]
    .text            ro code  0x00015958     0x90  io_fseek.o [7]
    .text            ro code  0x000159e8     0x16  io_feof.o [7]
    .text            ro code  0x000159fe     0x46  io_fgetc.o [7]
    .text            ro code  0x00015a44     0x4c  ti_gett.o [7]
    .text            ro code  0x00015a90     0xbc  psp_tkti.o [7]
    .text            ro code  0x00015b4c     0x42  ti_leap.o [7]
    .text            ro code  0x00015b90    0x320  dir_read.o [6]
    .text            ro code  0x00015eb0     0x26  io_spr.o [7]
    .text            ro code  0x00015ed8    0x170  xquad.o [5]
    .text            ro code  0x00016048     0x10  sh_util.o [11]
    .text            ro code  0x00016058    0x344  mfs_rw.o [6]
    .text            ro code  0x0001639c     0x9e  mfs_data_sector.o [6]
    .text            ro code  0x0001643c    0x382  mfs_fat.o [6]
    .text            ro code  0x000167c0    0x1a8  fmod.o [5]
    .text            ro code  0x00016968     0x6a  io_read.o [7]
    .text            ro code  0x000169d4     0x62  memcmp.o [8]
    .text            ro code  0x00016a38    0x356  mfs_cluster.o [6]
    .text            ro code  0x00016d90      0xc  iarEdom.o [8]
    .text            ro code  0x00016d9c     0x48  Shell_Task.o [1]
    .text            ro code  0x00016de4    0x22c  shell.o [11]
    .text            ro code  0x00017010     0x38  io_fflsh.o [7]
    .text            ro code  0x00017048     0x2e  io_fgets.o [7]
    .text            ro code  0x00017076     0x94  io_fgetl.o [7]
    .text            ro code  0x0001710a     0x2c  io_fung.o [7]
    .text            ro code  0x00017138    0x2d0  USB_File.o [1]
    .text            ro code  0x00017408    0x726  usbmfs.o [12]
    .text            ro code  0x00017b30    0x5a6  part_mgr.o [6]
    .text            ro code  0x000180d6      0xe  io_ferr.o [7]
    .text            ro code  0x000180e4   0x1222  mfs_init.o [6]
    .text            ro code  0x00019308     0x7c  io_uinst.o [7]
    .text            ro code  0x00019384    0xb54  host_common.o [12]
    .text            ro code  0x00019ed8     0x90  usb_host_msd_ufi.o [12]
    .text            ro code  0x00019f68     0x10  ti_getp.o [7]
    .text            ro code  0x00019f78     0x98  lws_wati.o [7]
    .text            ro code  0x0001a010     0x30  ti_delti.o [7]
    .text            ro code  0x0001a040     0xa2  mfs_valdev.o [6]
    .text            ro code  0x0001a0e4    0x39c  mfs_open.o [6]
    .text            ro code  0x0001a480    0x4bc  mfs_create.o [6]
    .text            ro code  0x0001a93c    0x2d0  mfs_read.o [6]
    .text            ro code  0x0001ac0c    0x430  mfs_write.o [6]
    .text            ro code  0x0001b03c    0x7f8  mfs_directory.o [6]
    .text            ro code  0x0001b834     0xf4  mfs_attribute.o [6]
    .text            ro code  0x0001b928     0xe4  mfs_time.o [6]
    .text            ro code  0x0001ba0c    0x7ce  mfs_lfn.o [6]
    .text            ro code  0x0001c1da    0x102  mfs_delete.o [6]
    .text            ro code  0x0001c2dc    0x2c0  mfs_rename.o [6]
    .text            ro code  0x0001c59c    0x89c  mfs_format.o [6]
    .text            ro code  0x0001ce38     0x10  qu_util.o [7]
    .text            ro code  0x0001ce48     0x68  usb_mqx.o [12]
    .text            ro code  0x0001ceb0    0x3d2  host_dev_list.o [12]
    .text            ro code  0x0001d284    0x564  host_main.o [12]
    .text            ro code  0x0001d7e8    0x660  host_ch9.o [12]
    .text            ro code  0x0001de48    0x670  usb_host_msd_bo.o [12]
    .text            ro code  0x0001e4b8     0x36  lws_wain.o [7]
    .text            ro code  0x0001e4ee    0x79a  mfs_search.o [6]
    .text            ro code  0x0001ec88     0xf6  mfs_handle.o [6]
    .text            ro code  0x0001ed80    0x7f6  mfs_dir_entry.o [6]
    .text            ro code  0x0001f576     0x20  qu_head.o [7]
    .text            ro code  0x0001f596     0x22  qu_next.o [7]
    .text            ro code  0x0001f5b8    0x57c  mfs_parse.o [6]
    .text            ro code  0x0001fb34     0x50  host_close.o [12]
    .text            ro code  0x0001fb84     0x5a  usb_mk60.o [3]
    .text            ro code  0x0001fbde     0xa2  usb_host_msd_queue.o [12]
    .text            ro code  0x0001fc80     0x58  host_snd.o [12]
    .text            ro code  0x0001fcd8     0x58  host_rcv.o [12]
    .text            ro code  0x0001fd30     0x30  pa_sallz.o [7]
    .text            ro code  0x0001fd60     0x1e  qu_unlnk.o [7]
    .text            ro code  0x0001fd7e     0x1e  strcat.o [4]
    .text            ro code  0x0001fd9c    0x220  USB_Task.o [1]
    .text            ro code  0x0001ffbc     0x86  lwe_crea.o [7]
    .text            ro code  0x00020044     0x20  int_iunx.o [7]
    .text            ro code  0x00020064     0x34  lwe_clr.o [7]
    .text            ro code  0x00020098     0x48  lwe_watt.o [7]
    .text            ro code  0x000200e0     0x10  int_idef.o [7]
    .text            ro code  0x000200f0     0xf0  lwe_waii.o [7]
    .text            ro code  0x000201e0    0x16c  mem_flash.o [1]
    .text            ro code  0x0002034c     0x94  pin2.o [1]
    .text            ro code  0x000203e0     0xac  tq_tsusp.o [7]
    .text            ro code  0x0002048c     0x98  ta_prio.o [7]
    .text            ro code  0x00020524     0x68  sc_sprio.o [7]
    .text            ro code  0x0002058c      0x4  ta_sync.o [7]
    .text            ro code  0x00020590    0x29c  tcpip_socket_task.o [1]
    .text            ro code  0x0002082c    0x1a0  soselset.o [9]
    .text            ro code  0x000209cc     0xbc  sosel0.o [9]
    .text            ro code  0x00020a88     0xd4  timer.o [9]
    .text            ro code  0x00020b5c    0x3c4  yada_prj.o [1]
    .text            ro code  0x00020f20    0x3ec  timer_lpt.o [3]
    .text            ro code  0x0002130c     0x7c  timer_lpt_kinetis.o [3]
    .text            ro code  0x00021388     0x22  I64Shl.o [8]
    .text            ro code  0x000213ac   0x12f0  ftpd_cmd.o [9]
    .text            ro code  0x0002269c     0x24  ftpd_cmd.o [9]
    .text            ro code  0x000226c0      0x4  strpbrk.o [4]
    .text            ro code  0x000226c4     0x18  rtcsmsec.o [9]
    .text            ro code  0x000226dc     0x20  io_ftell.o [7]
    .text            ro code  0x000226fc     0x22  strpbrk.o [4]
    .text            ro code  0x0002271e     0x1a  ti_elaps.o [7]
    .text            ro code  0x00022738     0x40  ti_elapt.o [7]
    .text            ro code  0x00022778    0x3be  ip-e.o [9]
    .text            ro code  0x00022b38    0x82c  arp.o [9]
    .text            ro code  0x00023364     0x94  enopen.o [3]
    .text            ro code  0x000233f8     0x82  enclose.o [3]
    .text            ro code  0x0002347c     0xdc  rtcsrand.o [9]
    .text            ro code  0x00023558    0x496  rtcspcb.o [9]
    .text            ro code  0x000239ee    0x162  ensend.o [3]
    .text            ro code  0x00023b50    0x24c  iputil.o [9]
    .text            ro code  0x00023d9c      0x4  proxyarp.o [9]
    .text            ro code  0x00023da0     0x3c  lws_poll.o [7]
    .text            ro code  0x00023ddc    0x24c  ipradix.o [9]
    .text            ro code  0x00024028     0x94  sh_cmdlist.o [11]
    .text            ro code  0x000240bc    0x1f0  sh_copy.o [11]
    .text            ro code  0x000242ac    0x118  sh_create.o [11]
    .text            ro code  0x000243c4    0x11c  sh_del.o [11]
    .text            ro code  0x000244e0    0x108  sh_df.o [11]
    .text            ro code  0x000245e8    0x154  sh_dir.o [11]
    .text            ro code  0x0002473c    0x1bc  sh_disect.o [11]
    .text            ro code  0x000248f8     0x68  sh_exit.o [11]
    .text            ro code  0x00024960    0x17c  sh_format.o [11]
    .text            ro code  0x00024adc    0x108  sh_help.o [11]
    .text            ro code  0x00024be4    0x22c  sh_read.o [11]
    .text            ro code  0x00024e10     0x40  io_fputc.o [7]
    .text            ro code  0x00024e50    0x188  sh_rename.o [11]
    .text            ro code  0x00024fd8    0x12c  sh_rmdir.o [11]
    .text            ro code  0x00025104     0xd8  sh_sh.o [11]
    .text            ro code  0x000251dc    0x130  sh_type.o [11]
    .text            ro code  0x0002530c    0x250  sh_write.o [11]
    .text            ro code  0x0002555c    0xa94  khci.o [12]
    .text            ro code  0x00025ff0     0x92  lwmsgq.o [7]
    .text            ro code  0x00026084    0x138  lwmsgq_recv.o [7]
    .text            ro code  0x000261bc     0x70  ta_creab.o [7]
    .text            ro code  0x0002622c    0x128  lwmsgq_send.o [7]
    .text            ro code  0x00026354    0x560  usb_host_hub_sm.o [12]
    .text            ro code  0x000268b4    0x3ae  usb_host_hub.o [12]
    .text            ro code  0x00026c64    0x59c  sstream.o [9]
    .text            ro code  0x00027200    0x9f6  ip.o [9]
    .text            ro code  0x00027bf8    0x76c  iproute.o [9]
    .text            ro code  0x00028364     0x86  checksum.o [9]
    .text            ro code  0x000283ea     0x44  ipsum.o [7]
    .text            ro code  0x00028430    0x680  icmp.o [9]
    .text            ro code  0x00028ab0     0x22  route.o [9]
    .text            ro code  0x00028ad4    0x19e  iplocal.o [9]
    .text            ro code  0x00028c74    0x124  tcpip.o [9]
    .text            ro code  0x00028d98     0x16  ms_open.o [7]
    .text            ro code  0x00028db0     0x10  arpinit.o [9]
    .text            ro code  0x00028dc0     0x18  bootinit.o [9]
    .text            ro code  0x00028dd8     0x32  ms_recv.o [7]
    .text            ro code  0x00028e0c    0x144  ms_openi.o [7]
    .text            ro code  0x00028f50    0x320  ms_recvi.o [7]
    .text            ro code  0x00029270     0xe8  int_unx.o [7]
    .text            ro code  0x00029358    0x3c4  tcp_clos.o [9]
    .text            ro code  0x0002971c    0x792  tcp_rcv.o [9]
    .text            ro code  0x00029eae    0x3a2  ticker.o [9]
    .text            ro code  0x0002a250   0x16e2  tcp.o [9]
    .text            ro code  0x0002b932    0x12c  sosel1.o [9]
    .text            ro code  0x0002ba60    0xfa8  tcp_send.o [9]
    .text            ro code  0x0002ca08    0x412  tcp_buf.o [9]
    .text            ro code  0x0002ce1c     0x18  ti_getr.o [7]
    .text            ro code  0x0002ce34    0x464  macnet_init.o [3]
    .text            ro code  0x0002d298     0x1c  macnet_mk60.o [3]
    .text            ro code  0x0002d2b4    0x49e  macnet_receive.o [3]
    .text            ro code  0x0002d754    0x1d4  macnet_util.o [3]
    .text            ro code  0x0002d928    0x11a  enrecv.o [3]
    .text            ro code  0x0002da44     0x64  int_gisr.o [7]
    .text            ro code  0x0002daa8    0x1e2  ta_dest.o [7]
    .text            ro code  0x0002dc8c     0x6c  lwm_list.o [7]
    .text            ro code  0x0002dcf8      0x2  stack_de.o [7]
    .text            ro code  0x0002dcfc     0x34  int_isr.o [7]
    .text            ro code  0x0002dd30     0x10  td_serrt.o [7]
    .text            ro code  0x0002dd40     0x40  idletask.o [7]
    .text            ro code  0x0002dd80     0x60  ev_tdel.o [7]
    .text            ro code  0x0002dde0     0x88  macnet_join.o [3]
    .text            ro code  0x0002de68     0xe8  macnet_mii.o [3]
    .text            ro code  0x0002df50     0x4c  macnet_stop.o [3]
    .text            ro code  0x0002df9c     0x24  ta_exit.o [7]
    .text            ro code  0x0002dfc0    0x31c  udp.o [9]
    .text            ro code  0x0002e2dc    0x4fc  flash_ftfl.o [3]
    .text            ro code  0x0002e7d8     0x24  flash_mk60.o [3]
    .text            ro code  0x0002e7fc     0xd8  ms_tdel.o [7]
    .text            ro code  0x0002e8d4     0x98  pa_tdel.o [7]
    .text            ro code  0x0002e96c    0x104  soip.o [9]
    .text            ro code  0x0002ea70    0x1ba  ipif_add.o [9]
    .text            ro code  0x0002ec2a    0x178  phy_ks8721bl.o [3]
    .text            ro code  0x0002eda2    0x2ba  macnet_send.o [3]
  KERNEL             ro code  0x0002f060    0x218  dispatch.o [7]
  .iar.init_table    const    0x0002f278     0x38  - Linker created -
  .rodata            const    0x0002f2b0      0x8  DSPSPI.o [1]
  .rodata            const    0x0002f2b8     0x1c  DSPSPI.o [1]
  .rodata            const    0x0002f2d4      0x8  DSPSPI.o [1]
  .rodata            const    0x0002f2dc     0x24  DSPSPI.o [1]
  .rodata            const    0x0002f300     0x24  DSPSPI.o [1]
  .rodata            const    0x0002f324     0x24  DSPSPI.o [1]
  .rodata            const    0x0002f348     0x10  DSPSPI.o [1]
  .rodata            const    0x0002f358     0x1c  DSPSPI.o [1]
  .rodata            const    0x0002f374     0x18  DSPSPI.o [1]
  .rodata            const    0x0002f38c     0x1c  DSPSPI.o [1]
  .rodata            const    0x0002f3a8     0x18  DSPSPI.o [1]
  .rodata            const    0x0002f3c0      0x8  FTP_Task.o [1]
  .rodata            const    0x0002f3c8      0x8  FTP_Task.o [1]
  .rodata            const    0x0002f3d0      0x8  FTP_Task.o [1]
  .rodata            const    0x0002f3d8      0x4  FTP_Task.o [1]
  .rodata            const    0x0002f3dc      0x8  FTP_Task.o [1]
  .rodata            const    0x0002f3e4      0x8  FTP_Task.o [1]
  .rodata            const    0x0002f3ec      0x8  FTP_Task.o [1]
  .rodata            const    0x0002f3f4      0x8  FTP_Task.o [1]
  .rodata            const    0x0002f3fc      0x4  FTP_Task.o [1]
  .rodata            const    0x0002f400      0x8  FTP_Task.o [1]
  .rodata            const    0x0002f408      0x8  FTP_Task.o [1]
  .rodata            const    0x0002f410      0x8  FTP_Task.o [1]
  .rodata            const    0x0002f418      0x8  FTP_Task.o [1]
  .rodata            const    0x0002f420      0x8  FTP_Task.o [1]
  .rodata            const    0x0002f428      0x8  FTP_Task.o [1]
  .rodata            const    0x0002f430      0x4  FTP_Task.o [1]
  .rodata            const    0x0002f434      0x8  FTP_Task.o [1]
  .rodata            const    0x0002f43c      0x8  FTP_Task.o [1]
  .rodata            const    0x0002f444      0x8  FTP_Task.o [1]
  .rodata            const    0x0002f44c      0x8  FTP_Task.o [1]
  .rodata            const    0x0002f454      0x8  FTP_Task.o [1]
  .rodata            const    0x0002f45c      0x4  FTP_Task.o [1]
  .rodata            const    0x0002f460      0x8  FTP_Task.o [1]
  .rodata            const    0x0002f468      0x8  FTP_Task.o [1]
  .rodata            const    0x0002f470      0x8  FTP_Task.o [1]
  .rodata            const    0x0002f478      0x8  FTP_Task.o [1]
  .rodata            const    0x0002f480      0x8  FTP_Task.o [1]
  .rodata            const    0x0002f488      0x8  FTP_Task.o [1]
  .rodata            const    0x0002f490      0x8  FTP_Task.o [1]
  .rodata            const    0x0002f498      0x8  FTP_Task.o [1]
  .rodata            const    0x0002f4a0      0x8  FTP_Task.o [1]
  .rodata            const    0x0002f4a8     0x24  FTP_Task.o [1]
  .rodata            const    0x0002f4cc     0x24  FTP_Task.o [1]
  .rodata            const    0x0002f4f0     0x24  FTP_Task.o [1]
  .rodata            const    0x0002f514     0x14  FTP_Task.o [1]
  .rodata            const    0x0002f528      0xc  FTP_Task.o [1]
  .rodata            const    0x0002f534    0x100  FTP_Task.o [1]
  .rodata            const    0x0002f634      0x8  LCDDriver.o [1]
  .rodata            const    0x0002f63c      0x8  LCDUart.o [1]
  .rodata            const    0x0002f644      0xc  LCDUart.o [1]
  .rodata            const    0x0002f650     0x28  LCDUart.o [1]
  .rodata            const    0x0002f678     0x24  LCDUart.o [1]
  .rodata            const    0x0002f69c     0x24  LCDUart.o [1]
  .rodata            const    0x0002f6c0     0x1c  LCDUart.o [1]
  .rodata            const    0x0002f6dc     0x10  LCDUart.o [1]
  .rodata            const    0x0002f6ec     0x1c  LCDUart.o [1]
  .rodata            const    0x0002f708     0x18  LCDUart.o [1]
  .rodata            const    0x0002f720      0xc  MenuView.o [1]
  .rodata            const    0x0002f72c     0x10  MenuView.o [1]
  .rodata            const    0x0002f73c     0x10  MenuView.o [1]
  .rodata            const    0x0002f74c     0x14  MenuView.o [1]
  .rodata            const    0x0002f760     0x14  MenuView.o [1]
  .rodata            const    0x0002f774     0x38  MenuView.o [1]
  .rodata            const    0x0002f7ac      0x4  MenuView.o [1]
  .rodata            const    0x0002f7b0      0x8  MenuView.o [1]
  .rodata            const    0x0002f7b8     0x24  MenuView.o [1]
  .rodata            const    0x0002f7dc     0x48  MenuView.o [1]
  .rodata            const    0x0002f824      0x8  MenuView.o [1]
  .rodata            const    0x0002f82c      0x8  MenuView.o [1]
  .rodata            const    0x0002f834      0xc  MenuView.o [1]
  .rodata            const    0x0002f840      0x8  MenuView.o [1]
  .rodata            const    0x0002f848     0x10  MenuView.o [1]
  .rodata            const    0x0002f858      0x8  MenuView.o [1]
  .rodata            const    0x0002f860      0x8  MenuView.o [1]
  .rodata            const    0x0002f868     0x2c  MenuView.o [1]
  .rodata            const    0x0002f894     0x58  MenuView.o [1]
  .rodata            const    0x0002f8ec     0x10  MenuView.o [1]
  .rodata            const    0x0002f8fc     0x10  MenuView.o [1]
  .rodata            const    0x0002f90c     0x24  MenuView.o [1]
  .rodata            const    0x0002f930      0xc  MenuView.o [1]
  .rodata            const    0x0002f93c      0x8  MenuView.o [1]
  .rodata            const    0x0002f944     0x10  MenuView.o [1]
  .rodata            const    0x0002f954      0x8  MenuView.o [1]
  .rodata            const    0x0002f95c      0x8  MenuView.o [1]
  .rodata            const    0x0002f964      0x8  MenuView.o [1]
  .rodata            const    0x0002f96c      0xc  MenuView.o [1]
  .rodata            const    0x0002f978     0x1c  MenuView.o [1]
  .rodata            const    0x0002f994      0xc  MenuView.o [1]
  .rodata            const    0x0002f9a0      0xc  MenuView.o [1]
  .rodata            const    0x0002f9ac     0x64  MenuView.o [1]
  .rodata            const    0x0002fa10      0x8  MenuView.o [1]
  .rodata            const    0x0002fa18     0x20  MenuView.o [1]
  .rodata            const    0x0002fa38     0x24  MenuView.o [1]
  .rodata            const    0x0002fa5c      0x8  MenuView.o [1]
  .rodata            const    0x0002fa64      0x4  Shell_Task.o [1]
  .rodata            const    0x0002fa68      0x8  Shell_Task.o [1]
  .rodata            const    0x0002fa70      0x8  Shell_Task.o [1]
  .rodata            const    0x0002fa78      0x4  Shell_Task.o [1]
  .rodata            const    0x0002fa7c      0x8  Shell_Task.o [1]
  .rodata            const    0x0002fa84      0x4  Shell_Task.o [1]
  .rodata            const    0x0002fa88      0x4  Shell_Task.o [1]
  .rodata            const    0x0002fa8c      0x8  Shell_Task.o [1]
  .rodata            const    0x0002fa94      0x8  Shell_Task.o [1]
  .rodata            const    0x0002fa9c      0x8  Shell_Task.o [1]
  .rodata            const    0x0002faa4      0x8  Shell_Task.o [1]
  .rodata            const    0x0002faac      0x4  Shell_Task.o [1]
  .rodata            const    0x0002fab0      0x8  Shell_Task.o [1]
  .rodata            const    0x0002fab8      0x4  Shell_Task.o [1]
  .rodata            const    0x0002fabc      0x8  Shell_Task.o [1]
  .rodata            const    0x0002fac4      0x4  Shell_Task.o [1]
  .rodata            const    0x0002fac8      0x8  Shell_Task.o [1]
  .rodata            const    0x0002fad0      0x8  Shell_Task.o [1]
  .rodata            const    0x0002fad8      0x8  Shell_Task.o [1]
  .rodata            const    0x0002fae0      0x8  Shell_Task.o [1]
  .rodata            const    0x0002fae8     0x28  Shell_Task.o [1]
  .rodata            const    0x0002fb10     0x24  Shell_Task.o [1]
  .rodata            const    0x0002fb34     0x24  Shell_Task.o [1]
  .rodata            const    0x0002fb58     0x20  Shell_Task.o [1]
  .rodata            const    0x0002fb78     0xb0  Shell_Task.o [1]
  .rodata            const    0x0002fc28     0x1c  USB_File.o [1]
  .rodata            const    0x0002fc44     0x4c  USB_File.o [1]
  .rodata            const    0x0002fc90     0x34  USB_File.o [1]
  .rodata            const    0x0002fcc4     0x24  USB_File.o [1]
  .rodata            const    0x0002fce8     0x20  USB_File.o [1]
  .rodata            const    0x0002fd08     0x20  USB_File.o [1]
  .rodata            const    0x0002fd28     0x24  USB_File.o [1]
  .rodata            const    0x0002fd4c     0x24  USB_File.o [1]
  .rodata            const    0x0002fd70     0x2c  USB_File.o [1]
  .rodata            const    0x0002fd9c     0x24  USB_File.o [1]
  .rodata            const    0x0002fdc0     0x20  USB_File.o [1]
  .rodata            const    0x0002fde0     0x1c  USB_File.o [1]
  .rodata            const    0x0002fdfc     0x18  USB_File.o [1]
  .rodata            const    0x0002fe14     0x2c  USB_File.o [1]
  .rodata            const    0x0002fe40     0x14  USB_File.o [1]
  .rodata            const    0x0002fe54     0x24  USB_File.o [1]
  .rodata            const    0x0002fe78     0x18  USB_File.o [1]
  .rodata            const    0x0002fe90     0x28  USB_File.o [1]
  .rodata            const    0x0002feb8     0x18  USB_File.o [1]
  .rodata            const    0x0002fed0     0x2c  USB_File.o [1]
  .rodata            const    0x0002fefc     0x18  USB_File.o [1]
  .rodata            const    0x0002ff14     0x30  USB_File.o [1]
  .rodata            const    0x0002ff44     0x14  USB_File.o [1]
  .rodata            const    0x0002ff58     0x1c  USB_File.o [1]
  .rodata            const    0x0002ff74     0x18  USB_File.o [1]
  .rodata            const    0x0002ff8c     0x24  USB_Task.o [1]
  .rodata            const    0x0002ffb0     0x24  USB_Task.o [1]
  .rodata            const    0x0002ffd4     0x24  USB_Task.o [1]
  .rodata            const    0x0002fff8      0x8  USB_Task.o [1]
  .rodata            const    0x00030000      0x8  USB_Task.o [1]
  .rodata            const    0x00030008      0x8  USB_Task.o [1]
  .rodata            const    0x00030010      0x8  USB_Task.o [1]
  .rodata            const    0x00030018     0x30  USB_Task.o [1]
  .rodata            const    0x00030048      0x4  mem_flash.o [1]
  .rodata            const    0x0003004c      0x8  mem_flash.o [1]
  .rodata            const    0x00030054     0x14  mem_flash.o [1]
  .rodata            const    0x00030068      0x8  mem_flash.o [1]
  .rodata            const    0x00030070     0x18  mem_flash.o [1]
  .rodata            const    0x00030088     0x18  mem_flash.o [1]
  .rodata            const    0x000300a0     0x28  mem_flash.o [1]
  .rodata            const    0x000300c8     0x28  mem_flash.o [1]
  .rodata            const    0x000300f0     0x1c  mem_flash.o [1]
  .rodata            const    0x0003010c     0x20  mem_flash.o [1]
  .rodata            const    0x0003012c     0x30  mem_flash.o [1]
  .rodata            const    0x0003015c     0x1c  mem_flash.o [1]
  .rodata            const    0x00030178      0xc  pin2.o [1]
  .rodata            const    0x00030184      0xc  pin2.o [1]
  .rodata            const    0x00030190      0x8  pin2.o [1]
  .rodata            const    0x00030198     0x28  sh_cd.o [1]
  .rodata            const    0x000301c0     0x2c  sh_cd.o [1]
  .rodata            const    0x000301ec     0x1c  sh_cd.o [1]
  .rodata            const    0x00030208     0x20  sh_cd.o [1]
  .rodata            const    0x00030228     0x14  sh_cd.o [1]
  .rodata            const    0x0003023c     0x18  sh_cd.o [1]
  .rodata            const    0x00030254     0x34  sh_cd.o [1]
  .rodata            const    0x00030288     0x28  tcpip_socket_task.o [1]
  .rodata            const    0x000302b0     0x2c  tcpip_socket_task.o [1]
  .rodata            const    0x000302dc     0x1c  tcpip_socket_task.o [1]
  .rodata            const    0x000302f8     0x28  tcpip_socket_task.o [1]
  .rodata            const    0x00030320     0x20  tcpip_socket_task.o [1]
  .rodata            const    0x00030340     0x14  tcpip_socket_task.o [1]
  .rodata            const    0x00030354      0x8  tcpip_socket_task.o [1]
  .rodata            const    0x0003035c     0x24  tcpip_socket_task.o [1]
  .rodata            const    0x00030380     0x10  yada_prj.o [1]
  .rodata            const    0x00030390      0xc  yada_prj.o [1]
  .rodata            const    0x0003039c      0xc  yada_prj.o [1]
  .rodata            const    0x000303a8     0x10  yada_prj.o [1]
  .rodata            const    0x000303b8      0xc  yada_prj.o [1]
  .rodata            const    0x000303c4      0xc  yada_prj.o [1]
  .rodata            const    0x000303d0     0x10  yada_prj.o [1]
  .rodata            const    0x000303e0      0xc  yada_prj.o [1]
  .rodata            const    0x000303ec      0xc  yada_prj.o [1]
  .rodata            const    0x000303f8      0xc  yada_prj.o [1]
  .rodata            const    0x00030404     0x20  yada_prj.o [1]
  .rodata            const    0x00030424     0x24  yada_prj.o [1]
  .rodata            const    0x00030448     0x24  yada_prj.o [1]
  .rodata            const    0x0003046c     0x24  yada_prj.o [1]
  .rodata            const    0x00030490      0x8  yada_prj.o [1]
  .rodata            const    0x00030498      0x8  yada_prj.o [1]
  .rodata            const    0x000304a0      0xc  yada_prj.o [1]
  .rodata            const    0x000304ac    0x140  yada_prj.o [1]
  .rodata            const    0x000305ec      0x4  ftpd_cmd.o [9]
  .rodata            const    0x000305f0     0x10  ftpd_cmd.o [9]
  .rodata            const    0x00030600      0x8  ftpd_cmd.o [9]
  .rodata            const    0x00030608      0xc  ftpd_cmd.o [9]
  .rodata            const    0x00030614     0x14  ftpd_cmd.o [9]
  .rodata            const    0x00030628      0x8  ftpd_cmd.o [9]
  .rodata            const    0x00030630     0x20  ftpd_cmd.o [9]
  .rodata            const    0x00030650     0x24  ftpd_cmd.o [9]
  .rodata            const    0x00030674     0x20  ftpd_cmd.o [9]
  .rodata            const    0x00030694     0x30  ftpd_cmd.o [9]
  .rodata            const    0x000306c4     0x28  ftpd_cmd.o [9]
  .rodata            const    0x000306ec     0x24  ftpd_cmd.o [9]
  .rodata            const    0x00030710     0x1c  ftpd_cmd.o [9]
  .rodata            const    0x0003072c      0x4  ftpd.o [9]
  .rodata            const    0x00030730      0x8  ftpd.o [9]
  .rodata            const    0x00030738      0xc  ip-e.o [9]
  .rodata            const    0x00030744      0x4  ip-e.o [9]
  .rodata            const    0x00030748      0x8  rtcscmd.o [9]
  .rodata            const    0x00030750     0x28  sh_mkdir.o [11]
  .rodata            const    0x00030778     0x2c  sh_mkdir.o [11]
  .rodata            const    0x000307a4     0x20  sh_mkdir.o [11]
  .rodata            const    0x000307c4     0x20  sh_mkdir.o [11]
  .rodata            const    0x000307e4     0x14  sh_mkdir.o [11]
  .rodata            const    0x000307f8     0x18  sh_mkdir.o [11]
  .rodata            const    0x00030810     0x30  sh_mkdir.o [11]
  .rodata            const    0x00030840     0x28  sh_pwd.o [11]
  .rodata            const    0x00030868     0x20  sh_pwd.o [11]
  .rodata            const    0x00030888      0x8  sh_pwd.o [11]
  .rodata            const    0x00030890      0x8  sh_pwd.o [11]
  .rodata            const    0x00030898      0xc  sh_pwd.o [11]
  .rodata            const    0x000308a4     0x28  sh_read_wk.o [11]
  .rodata            const    0x000308cc     0x18  sh_read_wk.o [11]
  .rodata            const    0x000308e4     0x20  sh_read_wk.o [11]
  .rodata            const    0x00030904      0x8  sh_read_wk.o [11]
  .rodata            const    0x0003090c      0x8  sh_read_wk.o [11]
  .rodata            const    0x00030914     0x1c  sh_read_wk.o [11]
  .rodata            const    0x00030930     0x1c  sh_read_wk.o [11]
  .rodata            const    0x0003094c     0x2c  sh_read_wk.o [11]
  .rodata            const    0x00030978     0x14  sh_read_wk.o [11]
  .rodata            const    0x0003098c      0x8  sh_read_wk.o [11]
  .rodata            const    0x00030994     0x20  sh_read_wk.o [11]
  .rodata            const    0x000309b4     0x20  sh_read_wk.o [11]
  .rodata            const    0x000309d4     0x30  sh_read_wk.o [11]
  .rodata            const    0x00030a04     0x38  sh_read_wk.o [11]
  .rodata            const    0x00030a3c     0x28  sh_read_wk.o [11]
  .rodata            const    0x00030a64     0x2c  sh_read_wk.o [11]
  .rodata            const    0x00030a90     0x34  sh_read_wk.o [11]
  .rodata            const    0x00030ac4     0x20  sh_read_wk.o [11]
  .rodata            const    0x00030ae4     0x28  sh_search_file_1.o [11]
  .rodata            const    0x00030b0c     0x20  sh_search_file_1.o [11]
  .rodata            const    0x00030b2c     0x14  sh_search_file_1.o [11]
  .rodata            const    0x00030b40     0x14  sh_search_file_1.o [11]
  .rodata            const    0x00030b54     0x20  sh_search_file_1.o [11]
  .rodata            const    0x00030b74     0x24  sh_search_file_1.o [11]
  .rodata            const    0x00030b98     0x24  sh_search_file_1.o [11]
  .rodata            const    0x00030bbc     0x14  sh_search_file_1.o [11]
  .rodata            const    0x00030bd0     0x24  sh_search_file_1.o [11]
  .rodata            const    0x00030bf4     0x30  sh_search_file_1.o [11]
  .rodata            const    0x00030c24      0x8  sh_search_file_1.o [11]
  .rodata            const    0x00030c2c      0x8  sh_update.o [11]
  .rodata            const    0x00030c34     0x24  sh_update.o [11]
  .rodata            const    0x00030c58     0x28  sh_update.o [11]
  .rodata            const    0x00030c80     0x28  sh_update.o [11]
  .rodata            const    0x00030ca8     0x1c  sh_update.o [11]
  .rodata            const    0x00030cc4     0x28  sh_write_binary.o [11]
  .rodata            const    0x00030cec     0x20  sh_write_binary.o [11]
  .rodata            const    0x00030d0c      0x8  sh_write_binary.o [11]
  .rodata            const    0x00030d14      0x8  sh_write_binary.o [11]
  .rodata            const    0x00030d1c     0x1c  sh_write_binary.o [11]
  .rodata            const    0x00030d38     0x1c  sh_write_binary.o [11]
  .rodata            const    0x00030d54     0x2c  sh_write_binary.o [11]
  .rodata            const    0x00030d80     0x20  sh_write_binary.o [11]
  .rodata            const    0x00030da0     0x20  sh_write_binary.o [11]
  .rodata            const    0x00030dc0     0x38  sh_write_binary.o [11]
  .rodata            const    0x00030df8     0x3c  sh_write_binary.o [11]
  .rodata            const    0x00030e34     0x28  sh_write_binary.o [11]
  .rodata            const    0x00030e5c     0x2c  sh_write_binary.o [11]
  .rodata            const    0x00030e88     0x34  sh_write_binary.o [11]
  .rodata            const    0x00030ebc     0x20  sh_write_binary.o [11]
  .rodata            const    0x00030edc     0x1c  sh_write_binary.o [11]
  .rodata            const    0x00030ef8     0x10  mfs_misc.o [6]
  .rodata            const    0x00030f08     0x1c  mfs_misc.o [6]
  .rodata            const    0x00030f24     0x14  mfs_misc.o [6]
  .rodata            const    0x00030f38     0x14  mfs_misc.o [6]
  .rodata            const    0x00030f4c     0x14  mfs_misc.o [6]
  .rodata            const    0x00030f60     0x14  mfs_misc.o [6]
  .rodata            const    0x00030f74     0x18  mfs_misc.o [6]
  .rodata            const    0x00030f8c     0x24  mfs_misc.o [6]
  .rodata            const    0x00030fb0     0x24  mfs_misc.o [6]
  .rodata            const    0x00030fd4     0x1c  mfs_misc.o [6]
  .rodata            const    0x00030ff0     0x14  mfs_misc.o [6]
  .rodata            const    0x00031004     0x28  mfs_misc.o [6]
  .rodata            const    0x0003102c     0x14  mfs_misc.o [6]
  .rodata            const    0x00031040     0x18  mfs_misc.o [6]
  .rodata            const    0x00031058     0x10  mfs_misc.o [6]
  .rodata            const    0x00031068     0x10  mfs_misc.o [6]
  .rodata            const    0x00031078     0x18  mfs_misc.o [6]
  .rodata            const    0x00031090     0x10  mfs_misc.o [6]
  .rodata            const    0x000310a0     0x18  mfs_misc.o [6]
  .rodata            const    0x000310b8     0x18  mfs_misc.o [6]
  .rodata            const    0x000310d0     0x10  mfs_misc.o [6]
  .rodata            const    0x000310e0     0x14  mfs_misc.o [6]
  .rodata            const    0x000310f4      0x8  mfs_misc.o [6]
  .rodata            const    0x000310fc     0x1c  mfs_misc.o [6]
  .rodata            const    0x00031118     0x14  mfs_misc.o [6]
  .rodata            const    0x0003112c     0x1c  mfs_misc.o [6]
  .rodata            const    0x00031148     0x1c  mfs_misc.o [6]
  .rodata            const    0x00031164     0x18  mfs_misc.o [6]
  .rodata            const    0x0003117c     0x20  mfs_misc.o [6]
  .rodata            const    0x0003119c     0x10  mfs_misc.o [6]
  .rodata            const    0x000311ac     0x14  mfs_misc.o [6]
  .rodata            const    0x000311c0     0x1c  mfs_misc.o [6]
  .rodata            const    0x000311dc     0x1c  mfs_misc.o [6]
  .rodata            const    0x000311f8     0x14  mfs_misc.o [6]
  .rodata            const    0x0003120c     0x18  mfs_misc.o [6]
  .rodata            const    0x00031224     0x14  mfs_misc.o [6]
  .rodata            const    0x00031238     0x14  mfs_misc.o [6]
  .rodata            const    0x0003124c     0x14  shell.o [11]
  .rodata            const    0x00031260      0xc  shell.o [11]
  .rodata            const    0x0003126c     0x30  shell.o [11]
  .rodata            const    0x0003129c      0xc  shell.o [11]
  .rodata            const    0x000312a8      0x8  shell.o [11]
  .rodata            const    0x000312b0     0x38  shell.o [11]
  .rodata            const    0x000312e8     0x14  shell.o [11]
  .rodata            const    0x000312fc      0x8  sh_cmdlist.o [11]
  .rodata            const    0x00031304      0xc  sh_cmdlist.o [11]
  .rodata            const    0x00031310     0x28  sh_copy.o [11]
  .rodata            const    0x00031338     0x20  sh_copy.o [11]
  .rodata            const    0x00031358     0x2c  sh_copy.o [11]
  .rodata            const    0x00031384     0x24  sh_copy.o [11]
  .rodata            const    0x000313a8     0x2c  sh_copy.o [11]
  .rodata            const    0x000313d4     0x40  sh_copy.o [11]
  .rodata            const    0x00031414     0x18  sh_copy.o [11]
  .rodata            const    0x0003142c     0x1c  sh_copy.o [11]
  .rodata            const    0x00031448     0x24  sh_copy.o [11]
  .rodata            const    0x0003146c     0x20  sh_copy.o [11]
  .rodata            const    0x0003148c     0x28  sh_create.o [11]
  .rodata            const    0x000314b4     0x20  sh_create.o [11]
  .rodata            const    0x000314d4     0x2c  sh_create.o [11]
  .rodata            const    0x00031500     0x20  sh_create.o [11]
  .rodata            const    0x00031520     0x1c  sh_create.o [11]
  .rodata            const    0x0003153c     0x20  sh_create.o [11]
  .rodata            const    0x0003155c     0x28  sh_create.o [11]
  .rodata            const    0x00031584     0x20  sh_create.o [11]
  .rodata            const    0x000315a4     0x28  sh_del.o [11]
  .rodata            const    0x000315cc     0x20  sh_del.o [11]
  .rodata            const    0x000315ec     0x2c  sh_del.o [11]
  .rodata            const    0x00031618     0x18  sh_del.o [11]
  .rodata            const    0x00031630      0xc  sh_del.o [11]
  .rodata            const    0x0003163c     0x14  sh_del.o [11]
  .rodata            const    0x00031650     0x24  sh_del.o [11]
  .rodata            const    0x00031674     0x28  sh_df.o [11]
  .rodata            const    0x0003169c     0x14  sh_df.o [11]
  .rodata            const    0x000316b0     0x18  sh_df.o [11]
  .rodata            const    0x000316c8     0x38  sh_df.o [11]
  .rodata            const    0x00031700     0x20  sh_df.o [11]
  .rodata            const    0x00031720     0x18  sh_df.o [11]
  .rodata            const    0x00031738     0x20  sh_df.o [11]
  .rodata            const    0x00031758      0x8  sh_df.o [11]
  .rodata            const    0x00031760     0x28  sh_dir.o [11]
  .rodata            const    0x00031788     0x20  sh_dir.o [11]
  .rodata            const    0x000317a8     0x14  sh_dir.o [11]
  .rodata            const    0x000317bc     0x24  sh_dir.o [11]
  .rodata            const    0x000317e0     0x24  sh_dir.o [11]
  .rodata            const    0x00031804     0x1c  sh_dir.o [11]
  .rodata            const    0x00031820     0x24  sh_dir.o [11]
  .rodata            const    0x00031844     0x24  sh_dir.o [11]
  .rodata            const    0x00031868     0x30  sh_dir.o [11]
  .rodata            const    0x00031898     0x28  sh_disect.o [11]
  .rodata            const    0x000318c0     0x18  sh_disect.o [11]
  .rodata            const    0x000318d8     0x20  sh_disect.o [11]
  .rodata            const    0x000318f8     0x28  sh_disect.o [11]
  .rodata            const    0x00031920     0x24  sh_disect.o [11]
  .rodata            const    0x00031944     0x10  sh_disect.o [11]
  .rodata            const    0x00031954      0x8  sh_disect.o [11]
  .rodata            const    0x0003195c     0x18  sh_disect.o [11]
  .rodata            const    0x00031974     0x20  sh_disect.o [11]
  .rodata            const    0x00031994     0x24  sh_disect.o [11]
  .rodata            const    0x000319b8     0x24  sh_disect.o [11]
  .rodata            const    0x000319dc      0xc  sh_exit.o [11]
  .rodata            const    0x000319e8      0x8  sh_format.o [11]
  .rodata            const    0x000319f0      0x4  sh_format.o [11]
  .rodata            const    0x000319f4      0x4  sh_format.o [11]
  .rodata            const    0x000319f8      0x4  sh_format.o [11]
  .rodata            const    0x000319fc      0x4  sh_format.o [11]
  .rodata            const    0x00031a00     0x28  sh_format.o [11]
  .rodata            const    0x00031a28     0x24  sh_format.o [11]
  .rodata            const    0x00031a4c     0x10  sh_format.o [11]
  .rodata            const    0x00031a5c     0x20  sh_format.o [11]
  .rodata            const    0x00031a7c     0x2c  sh_format.o [11]
  .rodata            const    0x00031aa8      0x8  sh_format.o [11]
  .rodata            const    0x00031ab0     0x20  sh_format.o [11]
  .rodata            const    0x00031ad0     0x28  sh_format.o [11]
  .rodata            const    0x00031af8     0x40  sh_format.o [11]
  .rodata            const    0x00031b38     0x34  sh_format.o [11]
  .rodata            const    0x00031b6c     0x14  sh_format.o [11]
  .rodata            const    0x00031b80      0x8  sh_help.o [11]
  .rodata            const    0x00031b88      0x8  sh_help.o [11]
  .rodata            const    0x00031b90     0x18  sh_help.o [11]
  .rodata            const    0x00031ba8      0x8  sh_help.o [11]
  .rodata            const    0x00031bb0     0x28  sh_help.o [11]
  .rodata            const    0x00031bd8     0x10  sh_help.o [11]
  .rodata            const    0x00031be8     0x18  sh_help.o [11]
  .rodata            const    0x00031c00     0x28  sh_help.o [11]
  .rodata            const    0x00031c28     0x28  sh_read.o [11]
  .rodata            const    0x00031c50     0x18  sh_read.o [11]
  .rodata            const    0x00031c68     0x20  sh_read.o [11]
  .rodata            const    0x00031c88      0x8  sh_read.o [11]
  .rodata            const    0x00031c90      0x8  sh_read.o [11]
  .rodata            const    0x00031c98     0x1c  sh_read.o [11]
  .rodata            const    0x00031cb4     0x1c  sh_read.o [11]
  .rodata            const    0x00031cd0     0x2c  sh_read.o [11]
  .rodata            const    0x00031cfc     0x14  sh_read.o [11]
  .rodata            const    0x00031d10      0x8  sh_read.o [11]
  .rodata            const    0x00031d18     0x20  sh_read.o [11]
  .rodata            const    0x00031d38     0x20  sh_read.o [11]
  .rodata            const    0x00031d58     0x30  sh_read.o [11]
  .rodata            const    0x00031d88     0x38  sh_read.o [11]
  .rodata            const    0x00031dc0     0x28  sh_read.o [11]
  .rodata            const    0x00031de8     0x2c  sh_read.o [11]
  .rodata            const    0x00031e14     0x34  sh_read.o [11]
  .rodata            const    0x00031e48     0x20  sh_read.o [11]
  .rodata            const    0x00031e68     0x28  sh_rename.o [11]
  .rodata            const    0x00031e90     0x2c  sh_rename.o [11]
  .rodata            const    0x00031ebc     0x34  sh_rename.o [11]
  .rodata            const    0x00031ef0     0x20  sh_rename.o [11]
  .rodata            const    0x00031f10     0x18  sh_rename.o [11]
  .rodata            const    0x00031f28     0x1c  sh_rename.o [11]
  .rodata            const    0x00031f44     0x20  sh_rename.o [11]
  .rodata            const    0x00031f64     0x28  sh_rename.o [11]
  .rodata            const    0x00031f8c     0x24  sh_rename.o [11]
  .rodata            const    0x00031fb0     0x28  sh_rmdir.o [11]
  .rodata            const    0x00031fd8     0x2c  sh_rmdir.o [11]
  .rodata            const    0x00032004     0x20  sh_rmdir.o [11]
  .rodata            const    0x00032024     0x20  sh_rmdir.o [11]
  .rodata            const    0x00032044     0x14  sh_rmdir.o [11]
  .rodata            const    0x00032058     0x14  sh_rmdir.o [11]
  .rodata            const    0x0003206c     0x18  sh_rmdir.o [11]
  .rodata            const    0x00032084     0x30  sh_rmdir.o [11]
  .rodata            const    0x000320b4     0x28  sh_sh.o [11]
  .rodata            const    0x000320dc     0x20  sh_sh.o [11]
  .rodata            const    0x000320fc     0x10  sh_sh.o [11]
  .rodata            const    0x0003210c     0x18  sh_sh.o [11]
  .rodata            const    0x00032124     0x28  sh_sh.o [11]
  .rodata            const    0x0003214c     0x20  sh_type.o [11]
  .rodata            const    0x0003216c     0x2c  sh_type.o [11]
  .rodata            const    0x00032198     0x20  sh_type.o [11]
  .rodata            const    0x000321b8     0x38  sh_type.o [11]
  .rodata            const    0x000321f0     0x10  sh_type.o [11]
  .rodata            const    0x00032200     0x18  sh_type.o [11]
  .rodata            const    0x00032218     0x28  sh_type.o [11]
  .rodata            const    0x00032240     0x28  sh_write.o [11]
  .rodata            const    0x00032268     0x20  sh_write.o [11]
  .rodata            const    0x00032288     0x18  sh_write.o [11]
  .rodata            const    0x000322a0      0x8  sh_write.o [11]
  .rodata            const    0x000322a8      0x8  sh_write.o [11]
  .rodata            const    0x000322b0     0x1c  sh_write.o [11]
  .rodata            const    0x000322cc     0x1c  sh_write.o [11]
  .rodata            const    0x000322e8     0x2c  sh_write.o [11]
  .rodata            const    0x00032314     0x20  sh_write.o [11]
  .rodata            const    0x00032334     0x20  sh_write.o [11]
  .rodata            const    0x00032354     0x30  sh_write.o [11]
  .rodata            const    0x00032384     0x38  sh_write.o [11]
  .rodata            const    0x000323bc     0x28  sh_write.o [11]
  .rodata            const    0x000323e4     0x2c  sh_write.o [11]
  .rodata            const    0x00032410     0x34  sh_write.o [11]
  .rodata            const    0x00032444     0x20  sh_write.o [11]
  .rodata            const    0x00032464     0x20  usbmfs.o [12]
  .rodata            const    0x00032484      0xc  khci.o [12]
  .rodata            const    0x00032490     0x38  khci.o [12]
  .rodata            const    0x000324c8     0x50  host_common.o [12]
  .rodata            const    0x00032518     0x50  usb_mqx.o [12]
  .rodata            const    0x00032568     0x50  host_main.o [12]
  .rodata            const    0x000325b8      0x8  sh_util.o [11]
  .rodata            const    0x000325c0      0x8  sh_util.o [11]
  .rodata            const    0x000325c8     0x3c  sstream.o [9]
  .rodata            const    0x00032604     0x58  usb_host_hub.o [12]
  .rodata            const    0x0003265c     0x5c  usb_host_msd_bo.o [12]
  .rodata            const    0x000326b8     0x10  timer_lpt.o [3]
  .rodata            const    0x000326c8      0xc  timer_lpt.o [3]
  .rodata            const    0x000326d4     0x18  mqx.o [7]
  .rodata            const    0x000326ec      0xc  mqx.o [7]
  .rodata            const    0x000326f8      0x4  mqx.o [7]
  .rodata            const    0x000326fc      0x4  mqx.o [7]
  .rodata            const    0x00032700     0x14  io_dopr.o [7]
  .rodata            const    0x00032714     0x14  io_dopr.o [7]
  .rodata            const    0x00032728      0x8  init_enet.o [3]
  .rodata            const    0x00032730     0x10  init_enet.o [3]
  .rodata            const    0x00032740     0x24  init_enet.o [3]
  .rodata            const    0x00032764      0x8  init_enet.o [3]
  .rodata            const    0x0003276c      0x8  sotcp.o [9]
  .rodata            const    0x00032774      0x4  dir_read.o [6]
  .rodata            const    0x00032778      0x4  dir_read.o [6]
  .rodata            const    0x0003277c      0x4  dir_read.o [6]
  .rodata            const    0x00032780      0x4  dir_read.o [6]
  .rodata            const    0x00032784      0x4  dir_read.o [6]
  .rodata            const    0x00032788      0x4  dir_read.o [6]
  .rodata            const    0x0003278c      0x4  dir_read.o [6]
  .rodata            const    0x00032790      0x4  dir_read.o [6]
  .rodata            const    0x00032794      0x4  dir_read.o [6]
  .rodata            const    0x00032798      0x4  dir_read.o [6]
  .rodata            const    0x0003279c      0x4  dir_read.o [6]
  .rodata            const    0x000327a0      0x4  dir_read.o [6]
  .rodata            const    0x000327a4     0x40  dir_read.o [6]
  .rodata            const    0x000327e4     0x14  dir_read.o [6]
  .rodata            const    0x000327f8     0x10  dir_read.o [6]
  .rodata            const    0x00032808      0xc  dir_read.o [6]
  .rodata            const    0x00032814      0xc  dir_read.o [6]
  .rodata            const    0x00032820      0x8  dir_read.o [6]
  .rodata            const    0x00032828      0x8  dir_read.o [6]
  .rodata            const    0x00032830     0x30  dir_read.o [6]
  .rodata            const    0x00032860     0x18  ftpd_msg.o [9]
  .rodata            const    0x00032878     0x1c  ftpd_msg.o [9]
  .rodata            const    0x00032894     0x34  ftpd_msg.o [9]
  .rodata            const    0x000328c8     0x30  ftpd_msg.o [9]
  .rodata            const    0x000328f8     0x10  ftpd_msg.o [9]
  .rodata            const    0x00032908     0x14  ftpd_msg.o [9]
  .rodata            const    0x0003291c     0x14  ftpd_msg.o [9]
  .rodata            const    0x00032930     0x18  ftpd_msg.o [9]
  .rodata            const    0x00032948     0x18  ftpd_msg.o [9]
  .rodata            const    0x00032960     0x20  ftpd_msg.o [9]
  .rodata            const    0x00032980     0x18  ftpd_msg.o [9]
  .rodata            const    0x00032998     0x10  ftpd_msg.o [9]
  .rodata            const    0x000329a8     0x3c  ftpd_msg.o [9]
  .rodata            const    0x000329e4     0x38  ftpd_msg.o [9]
  .rodata            const    0x00032a1c     0x30  ftpd_msg.o [9]
  .rodata            const    0x00032a4c     0x1c  ftpd_msg.o [9]
  .rodata            const    0x00032a68      0xc  ftpd_msg.o [9]
  .rodata            const    0x00032a74     0x30  ftpd_msg.o [9]
  .rodata            const    0x00032aa4     0x30  ftpd_msg.o [9]
  .rodata            const    0x00032ad4     0x20  ftpd_msg.o [9]
  .rodata            const    0x00032af4     0x20  ftpd_msg.o [9]
  .rodata            const    0x00032b14     0x1c  ftpd_msg.o [9]
  .rodata            const    0x00032b30      0xc  ftpd_msg.o [9]
  .rodata            const    0x00032b3c     0x14  ftpd_msg.o [9]
  .rodata            const    0x00032b50     0x14  ftpd_msg.o [9]
  .rodata            const    0x00032b64     0x14  ftpd_msg.o [9]
  .rodata            const    0x00032b78     0x34  ftpd_msg.o [9]
  .rodata            const    0x00032bac     0x20  ftpd_msg.o [9]
  .rodata            const    0x00032bcc     0x1c  ftpd_msg.o [9]
  .rodata            const    0x00032be8     0x20  ftpd_msg.o [9]
  .rodata            const    0x00032c08     0x38  ftpd_msg.o [9]
  .rodata            const    0x00032c40      0x8  soip.o [9]
  .rodata            const    0x00032c48     0x68  ti_rom.o [7]
  .rodata            const    0x00032cb0    0x20c  ti_rom.o [7]
  .rodata            const    0x00032ebc     0x14  mfs_create.o [6]
  .rodata            const    0x00032ed0     0x14  mfs_create.o [6]
  .rodata            const    0x00032ee4     0x14  mfs_format.o [6]
  .rodata            const    0x00032ef8     0x14  mfs_format.o [6]
  .rodata            const    0x00032f0c     0x14  mfs_format.o [6]
  .rodata            const    0x00032f20     0x30  mfs_format.o [6]
  .rodata            const    0x00032f50      0x8  mfs_lfn.o [6]
  .rodata            const    0x00032f58      0xc  mfs_lfn.o [6]
  .rodata            const    0x00032f64     0x54  host_dev_list.o [12]
  .rodata            const    0x00032fb8     0x24  host_dev_list.o [12]
  .rodata            const    0x00032fdc     0x20  int_unx.o [7]
  .rodata            const    0x00032ffc     0x30  int_unx.o [7]
  .rodata            const    0x0003302c     0x3c  int_unx.o [7]
  .rodata            const    0x00033068     0x14  int_unx.o [7]
  .rodata            const    0x0003307c     0x28  int_unx.o [7]
  .rodata            const    0x000330a4     0x50  host_ch9.o [12]
  .rodata            const    0x000330f4      0x8  host_ch9.o [12]
  .rodata            const    0x000330fc     0x50  host_rcv.o [12]
  .rodata            const    0x0003314c     0x50  host_snd.o [12]
  .rodata            const    0x0003319c      0x4  timer_lpt_kinetis.o [3]
  .rodata            const    0x000331a0      0x4  timer_lpt_kinetis.o [3]
  .rodata            const    0x000331a4      0x4  timer_lpt_kinetis.o [3]
  .rodata            const    0x000331a8      0x8  init_bsp.o [3]
  .rodata            const    0x000331b0      0x8  init_bsp.o [3]
  .rodata            const    0x000331b8      0x8  init_bsp.o [3]
  .rodata            const    0x000331c0      0x8  init_bsp.o [3]
  .rodata            const    0x000331c8      0x8  init_bsp.o [3]
  .rodata            const    0x000331d0      0x8  init_bsp.o [3]
  .rodata            const    0x000331d8      0x8  init_bsp.o [3]
  .rodata            const    0x000331e0      0x8  init_bsp.o [3]
  .rodata            const    0x000331e8      0x8  init_bsp.o [3]
  .rodata            const    0x000331f0      0x8  init_bsp.o [3]
  .rodata            const    0x000331f8      0x8  init_bsp.o [3]
  .rodata            const    0x00033200      0x8  init_bsp.o [3]
  .rodata            const    0x00033208      0x8  init_bsp.o [3]
  .rodata            const    0x00033210      0x8  init_bsp.o [3]
  .rodata            const    0x00033218      0x8  init_bsp.o [3]
  .rodata            const    0x00033220      0x8  init_bsp.o [3]
  .rodata            const    0x00033228      0x8  init_bsp.o [3]
  .rodata            const    0x00033230      0x8  init_bsp.o [3]
  .rodata            const    0x00033238      0x8  init_bsp.o [3]
  .rodata            const    0x00033240      0x8  init_bsp.o [3]
  .rodata            const    0x00033248      0x8  init_bsp.o [3]
  .rodata            const    0x00033250      0x8  init_bsp.o [3]
  .rodata            const    0x00033258      0x8  init_bsp.o [3]
  .rodata            const    0x00033260      0x8  init_bsp.o [3]
  .rodata            const    0x00033268     0x10  mqxiinit.o [7]
  .rodata            const    0x00033278     0x20  macnet_init.o [3]
  .rodata            const    0x00033298     0x14  phy_ks8721bl.o [3]
  .rodata            const    0x000332ac      0xc  iplocal.o [9]
  .rodata            const    0x000332b8      0x4  iplocal.o [9]
  .rodata            const    0x000332bc      0xc  rtcsinit.o [9]
  .rodata            const    0x000332c8     0x1c  init_gpio.o [3]
  .rodata            const    0x000332e4     0x1c  init_gpio.o [3]
  .rodata            const    0x00033300      0x4  init_gpio.o [3]
  .rodata            const    0x00033304     0x50  host_close.o [12]
  .rodata            const    0x00033354     0x1c  bsp_cm.o [3]
  .rodata            const    0x00033370     0x78  bsp_cm.o [3]
  .rodata            const    0x000333e8     0x10  init_adc.o [3]
  .rodata            const    0x000333f8     0x18  init_adc.o [3]
  .rodata            const    0x00033410     0x30  init_spi.o [3]
  .rodata            const    0x00033440     0x30  init_spi.o [3]
  .rodata            const    0x00033470     0x30  init_spi.o [3]
  .rodata            const    0x000334a0      0xc  init_esdhc.o [3]
  .rodata            const    0x000334ac      0x8  init_flashx.o [3]
  .rodata            const    0x000334b4      0x8  init_flashx.o [3]
  .rodata            const    0x000334bc     0x30  init_flashx.o [3]
  .rodata            const    0x000334ec     0x20  init_flashx.o [3]
  .rodata            const    0x0003350c     0x14  init_i2c.o [3]
  .rodata            const    0x00033520     0x20  init_sci.o [3]
  .rodata            const    0x00033540     0x20  init_sci.o [3]
  .rodata            const    0x00033560     0x20  init_sci.o [3]
  .rodata            const    0x00033580     0x20  init_sci.o [3]
  .rodata            const    0x000335a0     0x20  init_sci.o [3]
  .rodata            const    0x000335c0     0x20  init_sci.o [3]
  .rodata            const    0x000335e0     0x1c  spi_dma_dspi.o [3]
  .rodata            const    0x000335fc     0x40  spi_dma_dspi.o [3]
  .rodata            const    0x0003363c     0x10  spi_pol_dspi.o [3]
  .rodata            const    0x0003364c     0x40  spi_pol_dspi.o [3]
  .rodata            const    0x0003368c     0x10  spi_pol_dspi.o [3]
  .rodata            const    0x0003369c    0x100  esdhc.o [3]
  .rodata            const    0x0003379c      0xc  i2c_pol_ki2c.o [3]
  .rodata            const    0x000337a8    0x100  i2c_pol_ki2c.o [3]
  .rodata            const    0x000338a8      0xc  serl_int_kuart.o [3]
  .rodata            const    0x000338b4     0x40  macnet_mk60.o [3]
  .rodata            const    0x000338f4     0x30  flash_ftfl.o [3]
  .rodata            const    0x00033924     0x20  flash_ftfl.o [3]
  .rodata            const    0x00033944      0xc  spi_mk60_dspi.o [3]
  .rodata            const    0x00033950      0xc  spi_mk60_dspi.o [3]
  .rodata            const    0x0003395c     0x20  adc_kadc.o [3]
  .rodata            const    0x0003397c      0xc  io_gpio_kgpio.o [3]
  .rodata            const    0x00033988      0xc  io_gpio_kgpio.o [3]
  .rodata            const    0x00033994      0xc  io_gpio_kgpio.o [3]
  .rodata            const    0x000339a0      0xc  io_gpio_kgpio.o [3]
  .rodata            const    0x000339ac     0x14  io_gpio_kgpio.o [3]
  .rodata            const    0x000339c0     0x14  io_gpio_kgpio.o [3]
  .rodata            const    0x000339d4      0x8  io_gpio_kgpio.o [3]
  .rodata            const    0x000339dc      0x8  io_gpio_kgpio.o [3]
  .rodata            const    0x000339e4      0x8  adc_mk60.o [3]
  .rodata            const    0x000339ec      0x8  mqx_init.o [3]
  .rodata            const    0x000339f4     0x30  mqx_init.o [3]
  Initializer bytes  ro data  0x00033a24     0xb0  <for P2 mid-1>
  .rodata            const    0x00033ad4      0x2  Shell_Task.o [1]
  Initializer bytes  ro data  0x00033ad8      0x4  <for KERNEL_DATA-1>
  .rodata            const    0x00033adc      0x1  init_flashx.o [3]
  .rodata            const    0x00033add      0x0  bwt_init3c.o [8]
  FLASHX_POOL                 0x00034000      0x1  <Block>
    .flashx          const    0x00034000      0x1  vectors.o [3]
    .flashx          const    0x00034001      0x0  vectors.o [3]
                            - 0x00034001  0x33be1

"P2":                                      0x1c44
  P2 mid-1                    0x1fff0000     0xb0  <Init block>
[...]
_usb_host_new_tr_element
                        0x0001d665   0x46  Code  Lc  host_main.o [12]
_usb_host_open_pipe     0x0001d5cf   0x96  Code  Gb  host_main.o [12]
_usb_host_open_pipe_call_interface
                        0x0001d345   0x20  Code  Gb  host_main.o [12]
_usb_host_open_pipe_cleanup
                        0x0001d5a5   0x2a  Code  Gb  host_main.o [12]
_usb_host_recv_data     0x0001fcd9   0x58  Code  Gb  host_rcv.o [12]
_usb_host_recv_data_call_interface
                        0x0001d2e3   0x20  Code  Gb  host_main.o [12]
_usb_host_register_ch9_callback
                        0x0001dacb   0x36  Code  Gb  host_ch9.o [12]
_usb_host_register_service
                        0x0001d52f   0x76  Code  Gb  host_main.o [12]
_usb_host_send_call_interface
                        0x0001d2a3   0x20  Code  Gb  host_main.o [12]
_usb_host_send_data     0x0001fc81   0x52  Code  Gb  host_snd.o [12]
_usb_host_send_setup    0x0001d775   0x6a  Code  Gb  host_main.o [12]
_usb_host_send_setup_call_interface
                        0x0001d2c3   0x20  Code  Gb  host_main.o [12]
_usb_host_set_up_TR     0x0001d719   0x5c  Code  Gb  host_main.o [12]
_usb_host_update_device_address_call_interface
                        0x0001d385   0x20  Code  Gb  host_main.o [12]
_usb_host_update_max_packet_size_call_interface
                        0x0001d365   0x20  Code  Gb  host_main.o [12]
_usb_hostdev_cntrl_request
                        0x0001dda9   0x92  Code  Gb  host_ch9.o [12]
_usb_hostdev_free_buffer
                        0x0001946f   0x6c  Code  Gb  host_common.o [12]
_usb_hostdev_get_buffer
                        0x000193f5    0xc  Code  Gb  host_common.o [12]
_usb_hostdev_get_buffer_aligned
                        0x00019401   0x6e  Code  Gb  host_common.o [12]
_usb_hostdev_get_descriptor
                        0x00019547  0x1ca  Code  Gb  host_common.o [12]
_usb_hostdev_select_interface
                        0x00019cb7  0x1dc  Code  Gb  host_common.o [12]
_usb_khci_add_int_tr    0x000255c9   0x6c  Code  Lc  khci.o [12]
_usb_khci_atom_tr       0x00025cad  0x304  Code  Lc  khci.o [12]
_usb_khci_attach        0x00025731   0x7c  Code  Lc  khci.o [12]
_usb_khci_bus_control   0x00025c1d    0x4  Code  Lc  khci.o [12]
_usb_khci_cancel        0x00025bfd   0x20  Code  Lc  khci.o [12]
_usb_khci_detach        0x000257f1   0x2e  Code  Lc  khci.o [12]
_usb_khci_get_frame_number
                        0x00025c21   0x10  Code  Lc  khci.o [12]
_usb_khci_get_hot_int_tr
                        0x0002566b   0xc6  Code  Lc  khci.o [12]
_usb_khci_host_close_pipe
                        0x00025fcd   0x24  Code  Lc  khci.o [12]
_usb_khci_init          0x00025aed   0xa6  Code  Lc  khci.o [12]
_usb_khci_init_int_tr   0x000255b3   0x16  Code  Lc  khci.o [12]
_usb_khci_isr           0x0002555d   0x56  Code  Lc  khci.o [12]
_usb_khci_process_tr_complete
                        0x00025c31   0x7c  Code  Lc  khci.o [12]
_usb_khci_recv          0x00025bdb   0x22  Code  Lc  khci.o [12]
_usb_khci_reset         0x000257ad   0x44  Code  Lc  khci.o [12]
_usb_khci_rm_int_tr     0x00025635   0x36  Code  Lc  khci.o [12]
_usb_khci_send          0x00025b97   0x22  Code  Lc  khci.o [12]
_usb_khci_send_setup    0x00025bb9   0x22  Code  Lc  khci.o [12]
_usb_khci_shutdown      0x00025b93    0x4  Code  Lc  khci.o [12]
_usb_khci_task          0x0002581f  0x272  Code  Lc  khci.o [12]
_usb_khci_task_create   0x00025a91   0x5c  Code  Lc  khci.o [12]
abs                     0x0000e07f    0x8  Code  Gb  abs.o [4]
adc_address             0x000339e4    0x8  Data  Lc  adc_mk60.o [3]
adc_bundle              0x1fff1bbc    0x4  Data  Gb  adc_kadc.o [3]
adc_calibrate           0x00009aa7   0xaa  Code  Lc  adc_kadc.o [3]
adc_complete_isr        0x00009a89   0x1e  Code  Lc  adc_kadc.o [3]
adc_get_calibration_data
                        0x00009b51   0x64  Code  Lc  adc_kadc.o [3]
adc_internal            0x1fff1ba8   0x14  Data  Lc  adc_kadc.o [3]
adc_process_all_data    0x00009a35   0x32  Code  Gb  adc_kadc.o [3]
adc_process_data        0x00009997   0x9e  Code  Lc  adc_kadc.o [3]
adc_set_calibration_data
                        0x00009bb5   0x64  Code  Lc  adc_kadc.o [3]
adt_idelay_isr          0x0000a6a9   0x36  Code  Lc  adt_kpdb.o [3]
adt_period_prescaler    0x00009f15  0x1e0  Code  Lc  adt_kpdb.o [3]
bdt                     0x1fff0200  0x200  Data  Lc  khci.o [12]
class_interface_map     0x1fff003c   0x24  Data  Gb  usb_classes.o [1]
cos                     0x00014463    0x6  Code  Gb  cos.o [5]
count                   0x1fff1c1a    0x1  Data  Lc  DSPSPI.o [1]
delay_ms                0x00014431   0x16  Code  Gb  System.o [1]
delay_us                0x00014449   0x1a  Code  Gb  System.o [1]
device                  0x1fff1ae8   0x20  Data  Gb  USB_Task.o [1]
dspi_address            0x00033944    0xc  Data  Lc  spi_mk60_dspi.o [3]
dspi_vectors            0x00033950    0xc  Data  Lc  spi_mk60_dspi.o [3]
exit                    0x000004d5    0x4  Code  Gb  exit.o [4]
first_irq               0x1fff1ba4    0x4  Data  Gb  io_gpio.o [3]
flexnvm_flash_ioctl     0x0002e73f   0x96  Code  Gb  flash_ftfl.o [3]
flexnvm_prog_part       0x0002e6d7   0x40  Code  Gb  flash_ftfl.o [3]
flexnvm_read_resource   0x0002e693   0x44  Code  Gb  flash_ftfl.o [3]
flexnvm_set_flexram     0x0002e717   0x28  Code  Gb  flash_ftfl.o [3]
flg_int                 0x00020e1d   0x74  Code  Gb  yada_prj.o [1]
fmod                    0x000167c1         Code  Gb  fmod.o [5]
fmodl                   0x000167c1         Code  Gb  fmod.o [5]
ftfl_flash_command_sequence
                        0x0002e2dd  0x1c4  Code  Lc  flash_ftfl.o [3]
ftfl_flash_deinit       0x0002e4d5   0x22  Code  Gb  flash_ftfl.o [3]
ftfl_flash_erase_sector
                        0x0002e51f   0xa2  Code  Gb  flash_ftfl.o [3]
ftfl_flash_init         0x0002e4a1   0x34  Code  Gb  flash_ftfl.o [3]
ftfl_flash_write_sector
                        0x0002e5c1   0xb8  Code  Gb  flash_ftfl.o [3]
ftfl_init_ram_function  0x0002e4f7   0x28  Code  Gb  flash_ftfl.o [3]
ftfl_ram_function       0x0002e679   0x18  Code  Lc  flash_ftfl.o [3]
ftfl_ram_function_end   0x0002e691    0x2  Code  Lc  flash_ftfl.o [3]
ftpmsg_bad_option       0x00032a4c   0x1c  Data  Gb  ftpd_msg.o [9]
ftpmsg_badcmd           0x00032930   0x18  Data  Gb  ftpd_msg.o [9]
ftpmsg_badport          0x00032948   0x18  Data  Gb  ftpd_msg.o [9]
ftpmsg_banner           0x00032878   0x1c  Data  Gb  ftpd_msg.o [9]
ftpmsg_cd_error         0x00032ad4   0x20  Data  Gb  ftpd_msg.o [9]
ftpmsg_delete_error     0x00032b14   0x1c  Data  Gb  ftpd_msg.o [9]
ftpmsg_goodbye          0x00032998   0x10  Data  Gb  ftpd_msg.o [9]
ftpmsg_help_end         0x00032aa4   0x30  Data  Gb  ftpd_msg.o [9]
ftpmsg_help_start       0x00032a74   0x30  Data  Gb  ftpd_msg.o [9]
ftpmsg_logged           0x000328f8   0x10  Data  Gb  ftpd_msg.o [9]
ftpmsg_no_datacon       0x00032be8   0x20  Data  Gb  ftpd_msg.o [9]
ftpmsg_no_file          0x00032b78   0x34  Data  Gb  ftpd_msg.o [9]
ftpmsg_no_fs            0x000329a8   0x3c  Data  Gb  ftpd_msg.o [9]
ftpmsg_no_memory        0x00032c08   0x38  Data  Gb  ftpd_msg.o [9]
ftpmsg_ok               0x00032b30    0xc  Data  Gb  ftpd_msg.o [9]
ftpmsg_opening_datacon  0x00032bac   0x20  Data  Gb  ftpd_msg.o [9]
ftpmsg_pasv_mode        0x000329e4   0x38  Data  Gb  ftpd_msg.o [9]
ftpmsg_portok           0x00032860   0x18  Data  Gb  ftpd_msg.o [9]
ftpmsg_rmdir_error      0x00032af4   0x20  Data  Gb  ftpd_msg.o [9]
ftpmsg_rxok             0x00032894   0x34  Data  Gb  ftpd_msg.o [9]
ftpmsg_site_info        0x00032a1c   0x30  Data  Gb  ftpd_msg.o [9]
ftpmsg_size             0x00032980   0x18  Data  Gb  ftpd_msg.o [9]
ftpmsg_syst             0x00032a68    0xc  Data  Gb  ftpd_msg.o [9]
ftpmsg_tx_complete      0x00032bcc   0x1c  Data  Gb  ftpd_msg.o [9]
ftpmsg_txok             0x000328c8   0x30  Data  Gb  ftpd_msg.o [9]
ftpmsg_type_ascii       0x00032b3c   0x14  Data  Gb  ftpd_msg.o [9]
ftpmsg_type_image       0x00032b50   0x14  Data  Gb  ftpd_msg.o [9]
ftpmsg_type_unknown     0x00032b64   0x14  Data  Gb  ftpd_msg.o [9]
ftpmsg_unimp            0x00032960   0x20  Data  Gb  ftpd_msg.o [9]
ftpmsg_writeeof         0x0003291c   0x14  Data  Gb  ftpd_msg.o [9]
ftpmsg_writefail        0x00032908   0x14  Data  Gb  ftpd_msg.o [9]
get_irq_mask            0x0000876d   0x2a  Code  Lc  io_gpio_kgpio.o [3]
gpio_cpu_configure      0x00008797  0x160  Code  Gb  io_gpio_kgpio.o [3]
gpio_cpu_init           0x000088f7    0xa  Code  Gb  io_gpio_kgpio.o [3]
gpio_cpu_ioctl          0x00008af5  0x4f8  Code  Gb  io_gpio_kgpio.o [3]
gpio_cpu_open           0x000089b5  0x140  Code  Gb  io_gpio_kgpio.o [3]
gpio_eport_irq          0x00008fed   0x9c  Code  Lc  io_gpio_kgpio.o [3]
gpio_global_irq_map     0x1fff1bf8   0x14  Data  Gb  io_gpio_kgpio.o [3]
gpio_global_pin_map     0x1fff1be4   0x14  Data  Gb  io_gpio_kgpio.o [3]
hub_anchor              0x1fff1b74    0x4  Data  Lc  usb_host_hub.o [12]
init_hardware           0x000005fd   0x3c  Code  Gb  init_hw.o [3]
install_isr             0x00008901   0xb4  Code  Lc  io_gpio_kgpio.o [3]
int_callback            0x00020b5d   0x1e  Code  Gb  yada_prj.o [1]
internal_Pow            0x0000c561  0x3fc  Code  Lc  pow.o [5]
isalpha                 0x00010a2d    0x8  Code  Gb  io_util.o [7]
isdigit                 0x00016049   0x10  Code  Gb  sh_util.o [11]
isgraph                 0x0000fce1   0x18  Code  Gb  io_util.o [7]
isprint                 0x000106b7   0x2a  Code  Gb  io_util.o [7]
ispunct                 0x00010a35    0x8  Code  Gb  io_util.o [7]
isupper                 0x000106af    0x8  Code  Gb  io_util.o [7]
isxdigit                0x0002269d   0x24  Code  Gb  ftpd_cmd.o [9]
kinetis_flash_invalidate_cache
                        0x0002e7dd   0x16  Code  Gb  flash_mk60.o [3]
linemark                0x00012a29  0x188  Code  Gb  MenuView.o [1]
lnbias                  0x0000c9a0  0x420  Data  Lc  pow.o [5]
lower_hex_string        0x00032714   0x14  Data  Lc  io_dopr.o [7]
lpt_address             0x0003319c    0x4  Data  Lc  timer_lpt_kinetis.o [3]
lpt_clock_source        0x000331a4    0x4  Data  Lc  timer_lpt_kinetis.o [3]
lpt_vectors             0x000331a0    0x4  Data  Lc  timer_lpt_kinetis.o [3]
main                    0x000004c5   0x10  Code  Gb  mqx_main.o [3]
mass_anchor             0x1fff1b78    0x4  Data  Lc  usb_host_msd_bo.o [12]
mem_flash_app           0x000201e1  0x16c  Code  Gb  mem_flash.o [1]
memcmp                  0x000169d5         Code  Gb  memcmp.o [8]
memcpy                  0x0000a8e1    0xe  Code  Gb  esdhc.o [3]
months                  0x00032830   0x30  Data  Lc  dir_read.o [6]
num2string              0x000142ed   0xa0  Code  Gb  MenuView.o [1]
pctl_ptr_arr            0x000339c0   0x14  Data  Lc  io_gpio_kgpio.o [3]
pdb_external            0x1fff00ac    0x4  Data  Lc  adt_kpdb.o [3]
pdb_internal            0x1fff1bc0   0x24  Data  Lc  adt_kpdb.o [3]
phy_ksz8041_IF          0x00033298   0x14  Data  Gb  phy_ks8721bl.o [3]
phy_ksz8041_discover_addr
                        0x0002ec2b   0x46  Code  Lc  phy_ks8721bl.o [3]
phy_ksz8041_get_link_status
                        0x0002ed5d   0x46  Code  Lc  phy_ks8721bl.o [3]
phy_ksz8041_get_speed   0x0002ed17   0x46  Code  Lc  phy_ks8721bl.o [3]
phy_ksz8041_init        0x0002ec71   0xa6  Code  Lc  phy_ks8721bl.o [3]
pipe_init_params_prototype
                        0x00032fb8   0x24  Data  Lc  host_dev_list.o [12]
pow                     0x0000c991    0xe  Code  Gb  pow.o [5]
read_buffer             0x1fff0060    0x8  Data  Gb  yada_prj.o [1]
req_prototype           0x000330f4    0x8  Data  Lc  host_ch9.o [12]
reseed                  0x1fff1b8c    0x4  Data  Lc  rtcsrand.o [9]
rtcs_enet               0x00030738    0xc  Data  Lc  ip-e.o [9]
rtcs_local              0x000332ac    0xc  Data  Lc  iplocal.o [9]
seed                    0x1fff1b88    0x4  Data  Lc  rtcsrand.o [9]
send_U16str             0x0000e325   0x2e  Code  Gb  LCDDriver.o [1]
send_U8str              0x0000e2f7   0x2e  Code  Gb  LCDDriver.o [1]
send_area               0x0000e2cf   0x28  Code  Gb  LCDDriver.o [1]
send_byte               0x0000e27f   0x12  Code  Gb  LCDDriver.o [1]
send_end                0x0000e353   0x14  Code  Gb  LCDDriver.o [1]
send_word               0x0000e291   0x2a  Code  Gb  LCDDriver.o [1]
send_xy                 0x0000e2bb   0x14  Code  Gb  LCDDriver.o [1]
sin                     0x00014469    0x6  Code  Gb  sin.o [5]
spi2_dma_int            0x000084f5   0x74  Code  Gb  DSPSPI.o [1]
spifd_2                 0x1fff19bc    0x4  Data  Gb  DSPSPI.o [1]
state                   0x1fff00a8    0x4  Data  Lc  rtcsrand.o [9]
strcat                  0x0001fd7f   0x1e  Code  Gb  strcat.o [4]
strcmp                  0x0000a711         Code  Gb  strcmp.o [8]
strcpy                  0x0000fc9d         Code  Gb  strcpy.o [8]
strlen                  0x0000a755         Code  Gb  strlen.o [8]
strncmp                 0x0000bb8d   0x2a  Code  Gb  strncmp.o [4]
strncpy                 0x0000c275         Code  Gb  strncpy.o [8]
strpbrk                 0x000226c1    0x4  Code  Gb  strpbrk.o [4]
systick_config          0x00001b69    0xc  Code  Gb  init_bsp.o [3]
systick_init            0x00001b75   0x34  Code  Lc  init_bsp.o [3]
tcp_socket_task         0x00020591  0x29c  Code  Gb  tcpip_socket_task.o [1]
timer_isr               0x00020b7b   0x2a  Code  Lc  yada_prj.o [1]
tolower                 0x0000fcf9    0x8  Code  Gb  io_util.o [7]
tr_index                0x1fff1b3c    0x4  Data  Lc  host_common.o [12]
uart_isr                0x000029ad   0x76  Code  Gb  serl_int_kuart.o [3]
uart_lcd                0x1fff19c4    0x4  Data  Gb  LCDDriver.o [1]
upper_hex_string        0x00032700   0x14  Data  Lc  io_dopr.o [7]
usb_class_hub_clear_feature
                        0x00026aed   0x1e  Code  Gb  usb_host_hub.o [12]
usb_class_hub_clear_port_feature
                        0x00026b0b   0x24  Code  Gb  usb_host_hub.o [12]
usb_class_hub_cntrl_callback
                        0x00026971   0x1a  Code  Gb  usb_host_hub.o [12]
usb_class_hub_cntrl_common
                        0x0002698b   0xfe  Code  Gb  usb_host_hub.o [12]
usb_class_hub_get_app   0x00026911   0x60  Code  Gb  usb_host_hub.o [12]
usb_class_hub_get_descriptor
                        0x00026a89   0x40  Code  Gb  usb_host_hub.o [12]
usb_class_hub_get_port_status
                        0x00026b4f   0x22  Code  Gb  usb_host_hub.o [12]
usb_class_hub_get_status
                        0x00026b2f   0x20  Code  Gb  usb_host_hub.o [12]
usb_class_hub_init      0x000268b5   0x5c  Code  Gb  usb_host_hub.o [12]
usb_class_hub_int_callback
                        0x00026c49   0x1a  Code  Gb  usb_host_hub.o [12]
usb_class_hub_set_port_feature
                        0x00026ac9   0x24  Code  Gb  usb_host_hub.o [12]
usb_class_hub_wait_for_interrupt
                        0x00026b71   0xcc  Code  Gb  usb_host_hub.o [12]
usb_class_mass_call_back_cbw
                        0x0001df55   0xa2  Code  Lc  usb_host_msd_bo.o [12]
usb_class_mass_call_back_csw
                        0x0001e0cd  0x12e  Code  Lc  usb_host_msd_bo.o [12]
usb_class_mass_call_back_dphase
                        0x0001dff7   0xd6  Code  Lc  usb_host_msd_bo.o [12]
usb_class_mass_clear_bulk_pipe_on_usb
                        0x0001e2e5   0x7c  Code  Lc  usb_host_msd_bo.o [12]
usb_class_mass_deleteq  0x0001fc27   0x34  Code  Gb  usb_host_msd_queue.o [12]
usb_class_mass_get_pending_request
                        0x0001fc5b   0x26  Code  Gb  usb_host_msd_queue.o [12]
usb_class_mass_init     0x0001de49   0x88  Code  Gb  usb_host_msd_bo.o [12]
usb_class_mass_pass_on_usb
                        0x0001e1fb   0xea  Code  Lc  usb_host_msd_bo.o [12]
usb_class_mass_q_init   0x0001fbdf    0xc  Code  Gb  usb_host_msd_queue.o [12]
usb_class_mass_q_insert
                        0x0001fbeb   0x3c  Code  Gb  usb_host_msd_queue.o [12]
usb_class_mass_reset_callback
                        0x0001e3c9   0xd0  Code  Lc  usb_host_msd_bo.o [12]
usb_class_mass_reset_recovery_on_usb
                        0x0001e361   0x68  Code  Gb  usb_host_msd_bo.o [12]
usb_class_mass_storage_device_command
                        0x0001ded1   0x84  Code  Gb  usb_host_msd_bo.o [12]
usb_dev_list_attach_device
                        0x0001d067  0x120  Code  Gb  host_dev_list.o [12]
usb_dev_list_close_pipe
                        0x0001d191   0x46  Code  Lc  host_dev_list.o [12]
usb_dev_list_close_pipe_bundle
                        0x0001d1d7   0x2a  Code  Gb  host_dev_list.o [12]
usb_dev_list_detach_device
                        0x0001d201   0x82  Code  Gb  host_dev_list.o [12]
usb_dev_list_free_mem   0x0001cf07   0x76  Code  Gb  host_dev_list.o [12]
usb_dev_list_free_memlist
                        0x0001ceb1   0x56  Code  Gb  host_dev_list.o [12]
usb_dev_list_get_mem    0x0001cf7d   0xea  Code  Gb  host_dev_list.o [12]
usb_filesystem_install  0x00017139  0x18c  Code  Gb  USB_File.o [1]
usb_filesystem_uninstall
                        0x000172c5   0xde  Code  Gb  USB_File.o [1]
usb_host_ch9_dev_req    0x0001db01   0x8e  Code  Lc  host_ch9.o [12]
usb_host_class_intf_init
                        0x0001978f   0xf8  Code  Gb  host_common.o [12]
usb_host_class_intf_validate
                        0x00019887   0x22  Code  Gb  host_common.o [12]
usb_host_cntrl_transaction_done
                        0x0001d7e9  0x2e2  Code  Lc  host_ch9.o [12]
usb_host_driver_info_match
                        0x000198a9   0xec  Code  Lc  host_common.o [12]
usb_host_driver_info_nonzero
                        0x000199ff   0x4a  Code  Lc  host_common.o [12]
usb_host_driver_info_scan
                        0x00019995   0x6a  Code  Lc  host_common.o [12]
usb_host_hub_device_event
                        0x00026355   0x9e  Code  Gb  usb_host_hub_sm.o [12]
usb_host_hub_device_sm  0x000263f5  0x45c  Code  Lc  usb_host_hub_sm.o [12]
usb_host_hub_int_callback
                        0x00026851   0x60  Code  Lc  usb_host_hub_sm.o [12]
usb_host_map_class_intf
                        0x00019a49   0x3a  Code  Lc  host_common.o [12]
usb_host_mass_device_event
                        0x0001fd9d   0x6e  Code  Gb  USB_Task.o [1]
usb_host_state_struct_ptr
                        0x1fff1b40    0x4  Data  Gb  host_main.o [12]
usb_hostdev_attach_detach
                        0x00019385   0x48  Code  Gb  host_common.o [12]
usb_hostdev_delete_interface
                        0x00019ab3   0xce  Code  Gb  host_common.o [12]
usb_hostdev_get_class   0x000194db   0x6c  Code  Lc  host_common.o [12]
usb_hostdev_get_pipe_handle
                        0x00019711   0x7e  Code  Gb  host_common.o [12]
usb_hostdev_mask_class_etc
                        0x00019b81   0x2a  Code  Lc  host_common.o [12]
usb_hostdev_open_pipe   0x00019bab  0x10c  Code  Lc  host_common.o [12]
usb_hostdev_tr_init     0x00019e93   0x36  Code  Gb  host_common.o [12]
usb_hostdev_validate    0x000193cd   0x28  Code  Gb  host_common.o [12]
usb_mass_ufi_cancel     0x00019f5d    0xc  Code  Gb  usb_host_msd_ufi.o [12]
usb_mass_ufi_generic    0x00019ed9   0x84  Code  Gb  usb_host_msd_ufi.o [12]


[1] = E:\Freescale\mqx_test\YD_PRJ_NEW_20130323_git_\IAR\twrk60n512\Int Flash Debug\Obj
[2] = command line
[3] = bsp_twrk60n512_130406_SPI_TX.a
[4] = dl7M_tln.a
[5] = m7M_tl.a
[6] = mfs_twrk60n512_d.a
[7] = psp_twrk60n512_d.a
[8] = rt7M_tl.a
[9] = rtcs_twrk60n512_d_20130105.a
[10] = shb_l.a
[11] = shell_twrk60n512_d_20130406_wr_s.a
[12] = usb_hdk_twrk60n512_d.a

  192 088 bytes of readonly  code memory
   19 578 bytes of readonly  data memory
    8 551 bytes of readwrite data memory

Errors: none
Warnings: none
