###############################################################################
#                                                                             #
# IAR ELF Linker V6.30.1.53127/W32 for ARM              28/Mar/2013  16:26:40 #
# Copyright 2007-2011 IAR Systems AB.                                         #
#                                                                             #
#    Output file  =  E:\Freescale\mqx_test\YD_PRJ_NEW_20130323_git_\IAR\twrk6 #
#                    0n512\Int Flash Debug\Exe\twrk60n512.out                 #
#    Map file     =  E:\Freescale\mqx_test\YD_PRJ_NEW_20130323_git_\IAR\twrk6 #
#                    0n512\Int Flash Debug\List\twrk60n512.map                #
#    Command line =  "E:\Freescale\mqx_test\YD_PRJ_NEW_20130323_git_\IAR\twrk #
#                    60n512\Int Flash Debug\Obj\DSPSPI.o"                     #
#                    "E:\Freescale\mqx_test\YD_PRJ_NEW_20130323_git_\IAR\twrk #
#                    60n512\Int Flash Debug\Obj\DataConvert.o"                #
#                    "E:\Freescale\mqx_test\YD_PRJ_NEW_20130323_git_\IAR\twrk #
#                    60n512\Int Flash Debug\Obj\FTP_Task.o"                   #
#                    "E:\Freescale\mqx_test\YD_PRJ_NEW_20130323_git_\IAR\twrk #
#                    60n512\Int Flash Debug\Obj\LCDDriver.o"                  #
#                    "E:\Freescale\mqx_test\YD_PRJ_NEW_20130323_git_\IAR\twrk #
#                    60n512\Int Flash Debug\Obj\LCDUart.o"                    #
#                    "E:\Freescale\mqx_test\YD_PRJ_NEW_20130323_git_\IAR\twrk #
#                    60n512\Int Flash Debug\Obj\MenuView.o"                   #
#                    "E:\Freescale\mqx_test\YD_PRJ_NEW_20130323_git_\IAR\twrk #
#                    60n512\Int Flash Debug\Obj\SD_task.o"                    #
#                    "E:\Freescale\mqx_test\YD_PRJ_NEW_20130323_git_\IAR\twrk #
#                    60n512\Int Flash Debug\Obj\Shell_Task.o"                 #
#                    "E:\Freescale\mqx_test\YD_PRJ_NEW_20130323_git_\IAR\twrk #
#                    60n512\Int Flash Debug\Obj\System.o"                     #
#                    "E:\Freescale\mqx_test\YD_PRJ_NEW_20130323_git_\IAR\twrk #
#                    60n512\Int Flash Debug\Obj\USB_File.o"                   #
#                    "E:\Freescale\mqx_test\YD_PRJ_NEW_20130323_git_\IAR\twrk #
#                    60n512\Int Flash Debug\Obj\USB_Task.o"                   #
#                    "E:\Freescale\mqx_test\YD_PRJ_NEW_20130323_git_\IAR\twrk #
#                    60n512\Int Flash Debug\Obj\mem_flash.o"                  #
#                    "E:\Freescale\mqx_test\YD_PRJ_NEW_20130323_git_\IAR\twrk #
#                    60n512\Int Flash Debug\Obj\mem_ram.o"                    #
#                    "E:\Freescale\mqx_test\YD_PRJ_NEW_20130323_git_\IAR\twrk #
#                    60n512\Int Flash Debug\Obj\pin2.o"                       #
#                    "E:\Freescale\mqx_test\YD_PRJ_NEW_20130323_git_\IAR\twrk #
#                    60n512\Int Flash Debug\Obj\usb_classes.o"                #
#                    "E:\Freescale\mqx_test\YD_PRJ_NEW_20130323_git_\IAR\twrk #
#                    60n512\Int Flash Debug\Obj\yada_prj.o"                   #
#                    E:\Freescale\mqx_test\YD_PRJ_NEW_20130323_git_\lib\twrk6 #
#                    0n512.iar\bsp\bsp_twrk60n512_20130322_no_event.a         #
#                    E:\Freescale\mqx_test\YD_PRJ_NEW_20130323_git_\lib\twrk6 #
#                    0n512.iar\mfs\mfs_twrk60n512_d.a                         #
#                    E:\Freescale\mqx_test\YD_PRJ_NEW_20130323_git_\lib\twrk6 #
#                    0n512.iar\psp\psp_twrk60n512_d.a                         #
#                    E:\Freescale\mqx_test\YD_PRJ_NEW_20130323_git_\lib\twrk6 #
#                    0n512.iar\rtcs\rtcs_twrk60n512_d_20130105.a              #
#                    E:\Freescale\mqx_test\YD_PRJ_NEW_20130323_git_\lib\twrk6 #
#                    0n512.iar\shell\shell_twrk60n512_d_20130319.a            #
#                    E:\Freescale\mqx_test\YD_PRJ_NEW_20130323_git_\lib\twrk6 #
#                    0n512.iar\usb\host\usb_hdk_twrk60n512_d.a --redirect     #
#                    _Printf=_PrintfFull --redirect _Scanf=_ScanfFull -o      #
#                    "E:\Freescale\mqx_test\YD_PRJ_NEW_20130323_git_\IAR\twrk #
#                    60n512\Int Flash Debug\Exe\twrk60n512.out" --map         #
#                    "E:\Freescale\mqx_test\YD_PRJ_NEW_20130323_git_\IAR\twrk #
#                    60n512\Int Flash Debug\List\twrk60n512.map" --config     #
#                    E:\Freescale\mqx_test\YD_PRJ_NEW_20130323_git_\IAR\..\li #
#                    b\twrk60n512.iar\bsp\intflash.icf --redirect             #
#                    __iar_dlmalloc=malloc --redirect __iar_dlcalloc=calloc   #
#                    --redirect __iar_dlfree=free --semihosting --entry       #
#                    __iar_program_start --vfe                                #
#                                                                             #
#                                                                             #
###############################################################################

*******************************************************************************
*** RUNTIME MODEL ATTRIBUTES
***

CppFlavor                   = *
__SystemLibrary             = DLib
__dlib_jmp_buf_num_elements = 8


*******************************************************************************
*** PLACEMENT SUMMARY
***

"A1":  place at 0x00000000 { ro section .intvec, block CFMPROTROM };
"P1":  place in [from 0x00000000 to 0x0007ffff] {
          first block TEXTSECTION, ro, last block FLASHX_POOL };
"P2":  place in [from 0x1fff0000 to 0x2000fff0] { rw, last block KERNEL_DATA };

  Section            Kind        Address     Size  Object
  -------            ----        -------     ----  ------
"A1":                                       0x414
  .intvec            const    0x00000000    0x400  vectors.o [3]
  CFMPROTROM                  0x00000400     0x14  <Block>
    .cfmconfig       const    0x00000400     0x10  vectors.o [3]
    .cfmconfig       const    0x00000410      0x0  vectors.o [3]
    CFMPROTROM       const    0x00000410      0x4  <Block tail>
                            - 0x00000414    0x414

"P1":                                     0x313e4
  TEXTSECTION                 0x00000420  0x2cabc  <Block>
    .text            ro code  0x00000420     0x4c  cortex_boot.o [7]
    .text            ro code  0x0000046c      0xc  cstartup_M.o [8]
    .text            ro code  0x00000478     0x16  cmain.o [8]
    .text            ro code  0x0000048e      0xa  iar.o [3]
    .text            ro code  0x00000498     0x2c  data_init3.o [8]
    .text            ro code  0x000004c4     0x10  mqx_main.o [3]
    .text            ro code  0x000004d4      0x4  exit.o [4]
    .text            ro code  0x000004d8    0x190  init_hw.o [3]
    .text            ro code  0x00000668    0x1a8  mqx.o [7]
    .text            ro code  0x00000810      0xa  cexit.o [8]
    .text            ro code  0x0000081a     0x46  sotcp.o [9]
    .text            ro code  0x00000860    0x79c  bsp_cm.o [3]
    .text            ro code  0x00000ffc    0x538  init_gpio.o [3]
    .text            ro code  0x00001534    0x134  mem_zero.o [7]
    .text            ro code  0x00001668     0x76  ABImemcpy.o [8]
    .text            ro code  0x000016de     0x56  macnet_rejoin.o [3]
    .text            ro code  0x00001734     0xd8  mqxiinit.o [7]
    .text            ro code  0x0000180c     0x28  lwm_init.o [7]
    .text            ro code  0x00001834     0x18  lwm_gsys.o [7]
    .text            ro code  0x0000184c     0x24  lwm_size.o [7]
    .text            ro code  0x00001870    0x1c4  ta_init.o [7]
    .text            ro code  0x00001a34     0xc0  sc_irdyq.o [7]
    .text            ro code  0x00001af4     0x74  lws_crea.o [7]
    .text            ro code  0x00001b68    0x2c8  init_bsp.o [3]
    .text            ro code  0x00001e30     0x24  int_disa.o [7]
    .text            ro code  0x00001e54     0x14  exit.o [10]
    .text            ro code  0x00001e68     0x14  cm.o [3]
    .text            ro code  0x00001e7c      0xc  qu_init.o [7]
    .text            ro code  0x00001e88     0x64  lwm_crep.o [7]
    .text            ro code  0x00001eec    0x204  lwm_alli.o [7]
    .text            ro code  0x000020f0     0x34  td_serr.o [7]
    .text            ro code  0x00002124     0xd0  td_alloc.o [7]
    .text            ro code  0x000021f4     0x68  stack_bu.o [7]
    .text            ro code  0x0000225c      0x8  lwm_xfri.o [7]
    .text            ro code  0x00002264     0x18  lwm_allz.o [7]
    .text            ro code  0x0000227c     0x38  int_ena.o [7]
    .text            ro code  0x000022b4     0x3e  qu_enq.o [7]
    .text            ro code  0x000022f2     0x22  zero_init3.o [8]
    .text            ro code  0x00002314      0xc  mqx_scpu.o [7]
    .text            ro code  0x00002320     0x30  lwm_allo.o [7]
    .text            ro code  0x00002350     0x14  psp_iinit.o [7]
    .text            ro code  0x00002364     0x10  int_vtab.o [7]
    .text            ro code  0x00002374     0x10  ti_setv.o [7]
    .text            ro code  0x00002384     0xb0  int_iisr.o [7]
    .text            ro code  0x00002434     0x10  ti_sett.o [7]
    .text            ro code  0x00002444     0x10  ti_shwtt.o [7]
    .text            ro code  0x00002454     0x14  ti_shwtf.o [7]
    .text            ro code  0x00002468     0x14  kinetis_mpu.o [7]
    .text            ro code  0x0000247c     0x18  io_init.o [7]
    .text            ro code  0x00002494    0x3b4  serl_pol_kuart.o [3]
    .text            ro code  0x00002848    0x1f0  serl_int_kuart.o [3]
    .text            ro code  0x00002a38    0x86c  i2c_pol_ki2c.o [3]
    .text            ro code  0x000032a4    0x6aa  i2c_int_ki2c.o [3]
    .text            ro code  0x0000394e     0x2e  copy_init3.o [8]
    .text            ro code  0x0000397c    0x9e8  spi_pol_dspi.o [3]
    .text            ro code  0x00004364    0x7a4  spi_dma_dspi.o [3]
    .text            ro code  0x00004b08    0x28c  io_gpio.o [3]
    .text            ro code  0x00004d94    0x5ae  adc.o [3]
    .text            ro code  0x00005344    0xc76  esdhc.o [3]
    .text            ro code  0x00005fbc    0xd3c  flashx.o [3]
    .text            ro code  0x00006cf8     0x34  io_sinit.o [3]
    .text            ro code  0x00006d2c     0xe0  ti_krnl.o [7]
    .text            ro code  0x00006e0c     0xfc  lwm_free.o [7]
    .text            ro code  0x00006f08     0x40  qu_insrt.o [7]
    .text            ro code  0x00006f48     0x78  int_init.o [7]
    .text            ro code  0x00006fc0     0x10  int_inst.o [7]
    .text            ro code  0x00006fd0    0x53c  serl_pol.o [3]
    .text            ro code  0x0000750c     0x4c  serl_mk60.o [3]
    .text            ro code  0x00007558     0x18  lwm_zsys.o [7]
    .text            ro code  0x00007570    0x610  serl_int.o [3]
    .text            ro code  0x00007b80     0x60  int_gdat.o [7]
    .text            ro code  0x00007be0      0x4  int_geh.o [7]
    .text            ro code  0x00007be4     0xa0  cortex.o [7]
    .text            ro code  0x00007c84     0xf0  ev_open.o [7]
    .text            ro code  0x00007d74     0xe0  ev_set.o [7]
    .text            ro code  0x00007e54    0x170  i2c_pol.o [3]
    .text            ro code  0x00007fc4     0x38  i2c_mk60.o [3]
    .text            ro code  0x00007ffc    0x16c  i2c_int.o [3]
    .text            ro code  0x00008168    0x196  spi_pol.o [3]
    .text            ro code  0x00008300     0x30  spi_mk60_dspi.o [3]
    .text            ro code  0x00008330    0x1a2  spi_int.o [3]
    .text            ro code  0x000084d4     0x24  io_pntf.o [7]
    .text            ro code  0x000084f8    0x284  DSPSPI.o [1]
    .text            ro code  0x0000877c    0x994  io_gpio_kgpio.o [3]
    .text            ro code  0x00009110     0x1a  io_inst.o [7]
    .text            ro code  0x0000912a     0x3e  io_ioctl.o [7]
    .text            ro code  0x00009168    0xac0  adc_kadc.o [3]
    .text            ro code  0x00009c28    0xaf8  adt_kpdb.o [3]
    .text            ro code  0x0000a720     0x42  strcmp.o [8]
    .text            ro code  0x0000a764     0x36  strlen.o [8]
    .text            ro code  0x0000a79c     0x38  ti_delay.o [7]
    .text            ro code  0x0000a7d4    0x108  io_instx.o [7]
    .text            ro code  0x0000a8dc     0x14  esdhc_mk60.o [3]
    .text            ro code  0x0000a8f0      0xe  esdhc.o [3]
    .text            ro code  0x0000a900     0x78  lws_wait.o [7]
    .text            ro code  0x0000a978    0x17c  mem_copy.o [7]
    .text            ro code  0x0000aaf4     0x7c  lws_post.o [7]
    .text            ro code  0x0000ab70     0xa0  io_fopen.o [7]
    .text            ro code  0x0000ac10     0x34  psp_tinm.o [7]
    .text            ro code  0x0000ac44     0x84  tq_creat.o [7]
    .text            ro code  0x0000acc8     0x80  tq_dest.o [7]
    .text            ro code  0x0000ad48     0xd8  tq_func.o [7]
    .text            ro code  0x0000ae20     0x94  na_findi.o [7]
    .text            ro code  0x0000aeb4     0x48  io_ghand.o [7]
    .text            ro code  0x0000aefc    0xbd4  io_dopr.o [7]
    .text            ro code  0x0000bad0     0x34  io_fclos.o [7]
    .text            ro code  0x0000bb04     0x14  ev_creat.o [7]
    .text            ro code  0x0000bb18     0x3a  ev_all.o [7]
    .text            ro code  0x0000bb54     0x48  ev_clear.o [7]
    .text            ro code  0x0000bb9c     0x2a  strncmp.o [4]
    .text            ro code  0x0000bbc8      0x6  ABImemclr4.o [8]
    .text            ro code  0x0000bbd0     0x14  adc_mk60.o [3]
    .text            ro code  0x0000bbe4    0x132  I64DivMod.o [8]
    .text            ro code  0x0000bd18     0xd4  lwe_set.o [7]
    .text            ro code  0x0000bdec     0x84  psp_mstiq.o [7]
    .text            ro code  0x0000be70     0x48  psp_tiad.o [7]
    .text            ro code  0x0000beb8     0x88  ti_deli.o [7]
    .text            ro code  0x0000bf40     0x2e  qu_deq.o [7]
    .text            ro code  0x0000bf6e     0x2c  sc_ipq.o [7]
    .text            ro code  0x0000bf9a     0x1c  strnlen.o [7]
    .text            ro code  0x0000bfb8     0xc0  ev_creai.o [7]
    .text            ro code  0x0000c078    0x108  ev_waiti.o [7]
    .text            ro code  0x0000c180     0x32  ABImemset48.o [8]
    .text            ro code  0x0000c1b4      0x2  I64DivZer.o [8]
    .text            ro code  0x0000c1b8     0xcc  ev_comp.o [7]
    .text            ro code  0x0000c284     0x6c  strncpy.o [8]
    .text            ro code  0x0000c2f0    0x138  na_addi.o [7]
    .text            ro code  0x0000c428     0x34  ti_delun.o [7]
    .text            ro code  0x0000c45c     0x38  ti_delfo.o [7]
    .text            ro code  0x0000c494     0x7c  na_crth.o [7]
    .text            ro code  0x0000c510     0x5e  ABImemset.o [8]
    .text            ro code  0x0000c570    0x37c  DataConvert.o [1]
    .text            ro code  0x0000c8ec     0xfc  FltDiv.o [5]
    .text            ro code  0x0000c9e8     0xd8  FltMul.o [5]
    .text            ro code  0x0000cac0     0x24  FltToU32.o [5]
    .text            ro code  0x0000cae4     0x32  I32ToFlt.o [5]
    .text            ro code  0x0000cb16      0x8  abs.o [4]
    .text            ro code  0x0000cb20     0xe6  FltSub.o [5]
    .text            ro code  0x0000cc08     0x44  FltToS32.o [5]
    .text            ro code  0x0000cc4c     0x24  FltCmpLe.o [5]
    .text            ro code  0x0000cc70     0x84  FltAdd.o [5]
    .text            ro code  0x0000ccf4    0x300  LCDDriver.o [1]
    .text            ro code  0x0000cff4     0x24  io_write.o [7]
    .text            ro code  0x0000d018     0xe8  FTP_Task.o [1]
    .text            ro code  0x0000d100    0x26c  rtcscmd.o [9]
    .text            ro code  0x0000d36c     0x24  enaddr.o [3]
    .text            ro code  0x0000d390    0x104  eninit.o [3]
    .text            ro code  0x0000d494     0x5c  ifadd.o [9]
    .text            ro code  0x0000d4f0    0x644  ftpd.o [9]
    .text            ro code  0x0000db34     0xe4  mqx_ioc.o [7]
    .text            ro code  0x0000dc18    0x1b6  rtcspart.o [9]
    .text            ro code  0x0000ddd0     0x2c  ms_id.o [7]
    .text            ro code  0x0000ddfc     0x16  ms_pool.o [7]
    .text            ro code  0x0000de14     0xa8  rtcstask.o [9]
    .text            ro code  0x0000debc     0x6c  ms_dpool.o [7]
    .text            ro code  0x0000df28     0xcc  ms_alloc.o [7]
    .text            ro code  0x0000dff4     0x58  td_get.o [7]
    .text            ro code  0x0000e04c      0xc  ms_sendb.o [7]
    .text            ro code  0x0000e058     0x48  ta_rdy.o [7]
    .text            ro code  0x0000e0a0      0xc  ms_send.o [7]
    .text            ro code  0x0000e0ac     0x10  td_gid.o [7]
    .text            ro code  0x0000e0bc     0x1c  td_gerr.o [7]
    .text            ro code  0x0000e0d8     0x24  td_util.o [7]
    .text            ro code  0x0000e0fc     0x2c  init_enet.o [3]
    .text            ro code  0x0000e128     0x58  enutil.o [3]
    .text            ro code  0x0000e180     0x3c  ta_env.o [7]
    .text            ro code  0x0000e1bc     0x22  ta_sexit.o [7]
    .text            ro code  0x0000e1e0     0x8a  rtcs.o [9]
    .text            ro code  0x0000e26c    0x3ea  io_util.o [7]
    .text            ro code  0x0000e658     0x44  strcpy.o [8]
    .text            ro code  0x0000e69c     0x18  sh_util.o [11]
    .text            ro code  0x0000e6b4      0x8  io_util.o [7]
    .text            ro code  0x0000e6bc     0x18  lwm_allp.o [7]
    .text            ro code  0x0000e6d4     0x18  lwm_alzp.o [7]
    .text            ro code  0x0000e6ec     0x18  lwm_gsyp.o [7]
    .text            ro code  0x0000e704     0x18  lwm_zsyf.o [7]
    .text            ro code  0x0000e71c     0x84  pa_creat.o [7]
    .text            ro code  0x0000e7a0     0x14  pa_sallo.o [7]
    .text            ro code  0x0000e7b4     0x74  pa_free.o [7]
    .text            ro code  0x0000e828     0x74  pa_dest.o [7]
    .text            ro code  0x0000e89c    0x20c  ms_pooli.o [7]
    .text            ro code  0x0000eaa8     0x12  ta_util.o [7]
    .text            ro code  0x0000eabc     0x88  ta_creat.o [7]
    .text            ro code  0x0000eb44     0xa2  lws_dest.o [7]
    .text            ro code  0x0000ebe8    0x364  ms_sendi.o [7]
    .text            ro code  0x0000ef4c    0x12a  sockutil.o [9]
    .text            ro code  0x0000f076      0x8  io_util.o [7]
    .text            ro code  0x0000f07e     0x2a  sh_util.o [11]
    .text            ro code  0x0000f0a8     0x16  io_util.o [7]
    .text            ro code  0x0000f0c0     0x7c  pa_creai.o [7]
    .text            ro code  0x0000f13c    0x118  pa_alloi.o [7]
    .text            ro code  0x0000f254    0x130  ms_comp.o [7]
    .text            ro code  0x0000f384     0x7c  ta_build.o [7]
    .text            ro code  0x0000f400     0x60  ms_free.o [7]
    .text            ro code  0x0000f460     0x10  sh_util.o [11]
    .text            ro code  0x0000f470      0x8  sh_util.o [11]
    .text            ro code  0x0000f478      0x8  sh_util.o [11]
    .text            ro code  0x0000f480     0x7c  pa_comp.o [7]
    .text            ro code  0x0000f4fc     0x5c  pa_extni.o [7]
    .text            ro code  0x0000f558     0x22  sh_util.o [11]
    .text            ro code  0x0000f57a     0x28  sh_util.o [11]
    .text            ro code  0x0000f5a2     0x10  sh_util.o [11]
    .text            ro code  0x0000f5b4    0xa60  LCDUart.o [1]
    .text            ro code  0x00010014     0x14  ev_creaa.o [7]
    .text            ro code  0x00010028   0x2900  MenuView.o [1]
    .text            ro code  0x00012928     0x52  System.o [1]
    .text            ro code  0x0001297c     0x30  I32ToDbl.o [5]
    .text            ro code  0x000129ac    0x1a2  DblMul.o [5]
    .text            ro code  0x00012b50    0x246  DblDiv.o [5]
    .text            ro code  0x00012d96      0x6  cos.o [5]
    .text            ro code  0x00012d9c     0xe8  DblAdd.o [5]
    .text            ro code  0x00012e84     0x4c  DblToI32.o [5]
    .text            ro code  0x00012ed0      0x6  sin.o [5]
    .text            ro code  0x00012ed8    0x180  DblSub.o [5]
    .text            ro code  0x00013058     0x24  FltCmpGe.o [5]
    .text            ro code  0x0001307c     0x4e  FltToDbl.o [5]
    .text            ro code  0x000130cc    0x14c  sh_cd.o [11]
    .text            ro code  0x00013218     0x90  sh_pwd.o [11]
    .text            ro code  0x000132a8    0x220  sh_read_wk.o [11]
    .text            ro code  0x000134c8    0x208  sh_write_binary.o [11]
    .text            ro code  0x000136d0     0xc8  sh_update.o [11]
    .text            ro code  0x00013798    0x1f0  xsin.o [5]
    .text            ro code  0x00013988    0x218  sh_util.o [11]
    .text            ro code  0x00013ba0    0x408  mfs_misc.o [6]
    .text            ro code  0x00013fa8     0x90  io_fseek.o [7]
    .text            ro code  0x00014038     0x16  io_feof.o [7]
    .text            ro code  0x0001404e     0x46  io_fgetc.o [7]
    .text            ro code  0x00014094      0xc  errno.o [4]
    .text            ro code  0x000140a0    0x170  xquad.o [5]
    .text            ro code  0x00014210     0x2e  DblCmpGe.o [5]
    .text            ro code  0x00014240     0x2e  DblCmpLe.o [5]
    .text            ro code  0x0001426e     0x10  sh_util.o [11]
    .text            ro code  0x0001427e    0x344  mfs_rw.o [6]
    .text            ro code  0x000145c2     0x9e  mfs_data_sector.o [6]
    .text            ro code  0x00014660    0x382  mfs_fat.o [6]
    .text            ro code  0x000149e2      0x2  xtls.o [4]
    .text            ro code  0x000149e4     0x80  xdint.o [5]
    .text            ro code  0x00014a64     0x20  DblCmpEq.o [5]
    .text            ro code  0x00014a84    0x1a8  fmod.o [5]
    .text            ro code  0x00014c2c     0x6a  io_read.o [7]
    .text            ro code  0x00014c98     0x62  memcmp.o [8]
    .text            ro code  0x00014cfc    0x356  mfs_cluster.o [6]
    .text            ro code  0x00015054      0xc  iarEdom.o [8]
    .text            ro code  0x00015060     0x48  Shell_Task.o [1]
    .text            ro code  0x000150a8    0x22c  shell.o [11]
    .text            ro code  0x000152d4     0x38  io_fflsh.o [7]
    .text            ro code  0x0001530c     0x2e  io_fgets.o [7]
    .text            ro code  0x0001533a     0x94  io_fgetl.o [7]
    .text            ro code  0x000153ce     0x2c  io_fung.o [7]
    .text            ro code  0x000153fc    0x2d0  USB_File.o [1]
    .text            ro code  0x000156cc    0x726  usbmfs.o [12]
    .text            ro code  0x00015df4    0x5a6  part_mgr.o [6]
    .text            ro code  0x0001639a      0xe  io_ferr.o [7]
    .text            ro code  0x000163a8   0x1222  mfs_init.o [6]
    .text            ro code  0x000175cc     0x7c  io_uinst.o [7]
    .text            ro code  0x00017648    0xb54  host_common.o [12]
    .text            ro code  0x0001819c     0x90  usb_host_msd_ufi.o [12]
    .text            ro code  0x0001822c     0x10  ti_getp.o [7]
    .text            ro code  0x0001823c     0x98  lws_wati.o [7]
    .text            ro code  0x000182d4     0x30  ti_delti.o [7]
    .text            ro code  0x00018304     0xa2  mfs_valdev.o [6]
    .text            ro code  0x000183a8    0x39c  mfs_open.o [6]
    .text            ro code  0x00018744    0x4bc  mfs_create.o [6]
    .text            ro code  0x00018c00    0x2d0  mfs_read.o [6]
    .text            ro code  0x00018ed0    0x430  mfs_write.o [6]
    .text            ro code  0x00019300    0x7f8  mfs_directory.o [6]
    .text            ro code  0x00019af8     0xf4  mfs_attribute.o [6]
    .text            ro code  0x00019bec     0xe4  mfs_time.o [6]
    .text            ro code  0x00019cd0    0x7ce  mfs_lfn.o [6]
    .text            ro code  0x0001a49e    0x102  mfs_delete.o [6]
    .text            ro code  0x0001a5a0    0x2c0  mfs_rename.o [6]
    .text            ro code  0x0001a860    0x89c  mfs_format.o [6]
    .text            ro code  0x0001b0fc     0x10  qu_util.o [7]
    .text            ro code  0x0001b10c     0x68  usb_mqx.o [12]
    .text            ro code  0x0001b174    0x3d2  host_dev_list.o [12]
    .text            ro code  0x0001b548    0x564  host_main.o [12]
    .text            ro code  0x0001baac    0x660  host_ch9.o [12]
    .text            ro code  0x0001c10c    0x670  usb_host_msd_bo.o [12]
    .text            ro code  0x0001c77c     0x36  lws_wain.o [7]
    .text            ro code  0x0001c7b2    0x79a  mfs_search.o [6]
    .text            ro code  0x0001cf4c     0xf6  mfs_handle.o [6]
    .text            ro code  0x0001d042     0x16  ti_get.o [7]
    .text            ro code  0x0001d058     0xe4  ti_to.o [7]
    .text            ro code  0x0001d13c    0x7f6  mfs_dir_entry.o [6]
    .text            ro code  0x0001d932     0x20  qu_head.o [7]
    .text            ro code  0x0001d952     0x22  qu_next.o [7]
    .text            ro code  0x0001d974     0x26  io_spr.o [7]
    .text            ro code  0x0001d99c    0x57c  mfs_parse.o [6]
    .text            ro code  0x0001df18     0x50  host_close.o [12]
    .text            ro code  0x0001df68     0x5a  usb_mk60.o [3]
    .text            ro code  0x0001dfc2     0xa2  usb_host_msd_queue.o [12]
    .text            ro code  0x0001e064     0x58  host_snd.o [12]
    .text            ro code  0x0001e0bc     0x58  host_rcv.o [12]
    .text            ro code  0x0001e114     0x30  pa_sallz.o [7]
    .text            ro code  0x0001e144     0x1e  qu_unlnk.o [7]
    .text            ro code  0x0001e164     0x4c  ti_gett.o [7]
    .text            ro code  0x0001e1b0     0xbc  psp_tkti.o [7]
    .text            ro code  0x0001e26c     0x42  ti_leap.o [7]
    .text            ro code  0x0001e2ae     0x1e  strcat.o [4]
    .text            ro code  0x0001e2cc    0x190  USB_Task.o [1]
    .text            ro code  0x0001e45c     0x86  lwe_crea.o [7]
    .text            ro code  0x0001e4e4     0x20  int_iunx.o [7]
    .text            ro code  0x0001e504     0x34  lwe_clr.o [7]
    .text            ro code  0x0001e538     0x48  lwe_watt.o [7]
    .text            ro code  0x0001e580     0x10  int_idef.o [7]
    .text            ro code  0x0001e590     0xf0  lwe_waii.o [7]
    .text            ro code  0x0001e680    0x16c  mem_flash.o [1]
    .text            ro code  0x0001e7ec     0x94  pin2.o [1]
    .text            ro code  0x0001e880     0xac  tq_tsusp.o [7]
    .text            ro code  0x0001e92c     0x98  ta_prio.o [7]
    .text            ro code  0x0001e9c4     0x68  sc_sprio.o [7]
    .text            ro code  0x0001ea2c      0x4  ta_sync.o [7]
    .text            ro code  0x0001ea30    0x2f8  yada_prj.o [1]
    .text            ro code  0x0001ed28    0x110  sh_mkdir.o [11]
    .text            ro code  0x0001ee38   0x12f0  ftpd_cmd.o [9]
    .text            ro code  0x00020128     0x24  ftpd_cmd.o [9]
    .text            ro code  0x0002014c    0x320  dir_read.o [6]
    .text            ro code  0x0002046c      0x4  strpbrk.o [4]
    .text            ro code  0x00020470     0x18  rtcsmsec.o [9]
    .text            ro code  0x00020488     0x20  io_ftell.o [7]
    .text            ro code  0x000204a8     0x22  strpbrk.o [4]
    .text            ro code  0x000204ca     0x1a  ti_elaps.o [7]
    .text            ro code  0x000204e4     0x40  ti_elapt.o [7]
    .text            ro code  0x00020524    0x3be  ip-e.o [9]
    .text            ro code  0x000208e4    0x82c  arp.o [9]
    .text            ro code  0x00021110     0x94  enopen.o [3]
    .text            ro code  0x000211a4     0x82  enclose.o [3]
    .text            ro code  0x00021228     0xdc  rtcsrand.o [9]
    .text            ro code  0x00021304    0x496  rtcspcb.o [9]
    .text            ro code  0x0002179a    0x162  ensend.o [3]
    .text            ro code  0x000218fc     0xd4  timer.o [9]
    .text            ro code  0x000219d0    0x24c  iputil.o [9]
    .text            ro code  0x00021c1c      0x4  proxyarp.o [9]
    .text            ro code  0x00021c20     0x3c  lws_poll.o [7]
    .text            ro code  0x00021c5c    0x24c  ipradix.o [9]
    .text            ro code  0x00021ea8     0x94  sh_cmdlist.o [11]
    .text            ro code  0x00021f3c    0x1f0  sh_copy.o [11]
    .text            ro code  0x0002212c    0x118  sh_create.o [11]
    .text            ro code  0x00022244    0x11c  sh_del.o [11]
    .text            ro code  0x00022360    0x108  sh_df.o [11]
    .text            ro code  0x00022468    0x154  sh_dir.o [11]
    .text            ro code  0x000225bc    0x1bc  sh_disect.o [11]
    .text            ro code  0x00022778     0x68  sh_exit.o [11]
    .text            ro code  0x000227e0    0x17c  sh_format.o [11]
    .text            ro code  0x0002295c    0x108  sh_help.o [11]
    .text            ro code  0x00022a64    0x22c  sh_read.o [11]
    .text            ro code  0x00022c90     0x40  io_fputc.o [7]
    .text            ro code  0x00022cd0    0x188  sh_rename.o [11]
    .text            ro code  0x00022e58    0x12c  sh_rmdir.o [11]
    .text            ro code  0x00022f84     0xd8  sh_sh.o [11]
    .text            ro code  0x0002305c    0x130  sh_type.o [11]
    .text            ro code  0x0002318c    0x250  sh_write.o [11]
    .text            ro code  0x000233dc    0xa94  khci.o [12]
    .text            ro code  0x00023e70     0x92  lwmsgq.o [7]
    .text            ro code  0x00023f04    0x138  lwmsgq_recv.o [7]
    .text            ro code  0x0002403c     0x70  ta_creab.o [7]
    .text            ro code  0x000240ac    0x128  lwmsgq_send.o [7]
    .text            ro code  0x000241d4    0x560  usb_host_hub_sm.o [12]
    .text            ro code  0x00024734    0x3ae  usb_host_hub.o [12]
    .text            ro code  0x00024ae4    0x59c  sstream.o [9]
    .text            ro code  0x00025080    0x9f6  ip.o [9]
    .text            ro code  0x00025a78    0x76c  iproute.o [9]
    .text            ro code  0x000261e4     0x86  checksum.o [9]
    .text            ro code  0x0002626a     0x44  ipsum.o [7]
    .text            ro code  0x000262b0    0x680  icmp.o [9]
    .text            ro code  0x00026930     0x22  route.o [9]
    .text            ro code  0x00026954    0x19e  iplocal.o [9]
    .text            ro code  0x00026af4    0x124  tcpip.o [9]
    .text            ro code  0x00026c18     0x16  ms_open.o [7]
    .text            ro code  0x00026c30     0x10  arpinit.o [9]
    .text            ro code  0x00026c40     0x18  bootinit.o [9]
    .text            ro code  0x00026c58     0x32  ms_recv.o [7]
    .text            ro code  0x00026c8c    0x144  ms_openi.o [7]
    .text            ro code  0x00026dd0    0x320  ms_recvi.o [7]
    .text            ro code  0x000270f0     0xe8  int_unx.o [7]
    .text            ro code  0x000271d8    0x464  macnet_init.o [3]
    .text            ro code  0x0002763c     0x1c  macnet_mk60.o [3]
    .text            ro code  0x00027658    0x49e  macnet_receive.o [3]
    .text            ro code  0x00027af8    0x1d4  macnet_util.o [3]
    .text            ro code  0x00027ccc    0x11a  enrecv.o [3]
    .text            ro code  0x00027de8     0x64  int_gisr.o [7]
    .text            ro code  0x00027e4c    0x3c4  tcp_clos.o [9]
    .text            ro code  0x00028210    0x792  tcp_rcv.o [9]
    .text            ro code  0x000289a2    0x3a2  ticker.o [9]
    .text            ro code  0x00028d44   0x16e2  tcp.o [9]
    .text            ro code  0x0002a426    0x12c  sosel1.o [9]
    .text            ro code  0x0002a554    0xfa8  tcp_send.o [9]
    .text            ro code  0x0002b4fc    0x412  tcp_buf.o [9]
    .text            ro code  0x0002b910     0x18  ti_getr.o [7]
    .text            ro code  0x0002b928    0x1e2  ta_dest.o [7]
    .text            ro code  0x0002bb0c     0x6c  lwm_list.o [7]
    .text            ro code  0x0002bb78      0x2  stack_de.o [7]
    .text            ro code  0x0002bb7c     0x34  int_isr.o [7]
    .text            ro code  0x0002bbb0     0x10  td_serrt.o [7]
    .text            ro code  0x0002bbc0     0x40  idletask.o [7]
    .text            ro code  0x0002bc00     0x60  ev_tdel.o [7]
    .text            ro code  0x0002bc60     0x88  macnet_join.o [3]
    .text            ro code  0x0002bce8     0xe8  macnet_mii.o [3]
    .text            ro code  0x0002bdd0     0x4c  macnet_stop.o [3]
    .text            ro code  0x0002be1c     0x24  ta_exit.o [7]
    .text            ro code  0x0002be40    0x31c  udp.o [9]
    .text            ro code  0x0002c15c    0x4fc  flash_ftfl.o [3]
    .text            ro code  0x0002c658     0x24  flash_mk60.o [3]
    .text            ro code  0x0002c67c     0xd8  ms_tdel.o [7]
    .text            ro code  0x0002c754     0x98  pa_tdel.o [7]
    .text            ro code  0x0002c7ec    0x104  soip.o [9]
    .text            ro code  0x0002c8f0    0x1ba  ipif_add.o [9]
    .text            ro code  0x0002caaa    0x178  phy_ks8721bl.o [3]
    .text            ro code  0x0002cc22    0x2ba  macnet_send.o [3]
  KERNEL             ro code  0x0002cee0    0x218  dispatch.o [7]
  .iar.init_table    const    0x0002d0f8     0x38  - Linker created -
  .rodata            const    0x0002d130      0x8  DSPSPI.o [1]
  .rodata            const    0x0002d138     0x1c  DSPSPI.o [1]
  .rodata            const    0x0002d154      0x8  DSPSPI.o [1]
  .rodata            const    0x0002d15c      0x8  DSPSPI.o [1]
  .rodata            const    0x0002d164     0x24  DSPSPI.o [1]
  .rodata            const    0x0002d188     0x24  DSPSPI.o [1]
  .rodata            const    0x0002d1ac     0x24  DSPSPI.o [1]
  .rodata            const    0x0002d1d0     0x10  DSPSPI.o [1]
  .rodata            const    0x0002d1e0     0x1c  DSPSPI.o [1]
  .rodata            const    0x0002d1fc     0x18  DSPSPI.o [1]
  .rodata            const    0x0002d214     0x1c  DSPSPI.o [1]
  .rodata            const    0x0002d230     0x18  DSPSPI.o [1]
  .rodata            const    0x0002d248      0x8  FTP_Task.o [1]
  .rodata            const    0x0002d250      0x8  FTP_Task.o [1]
  .rodata            const    0x0002d258      0x8  FTP_Task.o [1]
  .rodata            const    0x0002d260      0x4  FTP_Task.o [1]
  .rodata            const    0x0002d264      0x8  FTP_Task.o [1]
  .rodata            const    0x0002d26c      0x8  FTP_Task.o [1]
  .rodata            const    0x0002d274      0x8  FTP_Task.o [1]
  .rodata            const    0x0002d27c      0x8  FTP_Task.o [1]
  .rodata            const    0x0002d284      0x4  FTP_Task.o [1]
  .rodata            const    0x0002d288      0x8  FTP_Task.o [1]
  .rodata            const    0x0002d290      0x8  FTP_Task.o [1]
  .rodata            const    0x0002d298      0x8  FTP_Task.o [1]
  .rodata            const    0x0002d2a0      0x8  FTP_Task.o [1]
  .rodata            const    0x0002d2a8      0x8  FTP_Task.o [1]
  .rodata            const    0x0002d2b0      0x8  FTP_Task.o [1]
  .rodata            const    0x0002d2b8      0x4  FTP_Task.o [1]
  .rodata            const    0x0002d2bc      0x8  FTP_Task.o [1]
  .rodata            const    0x0002d2c4      0x8  FTP_Task.o [1]
  .rodata            const    0x0002d2cc      0x8  FTP_Task.o [1]
  .rodata            const    0x0002d2d4      0x8  FTP_Task.o [1]
  .rodata            const    0x0002d2dc      0x8  FTP_Task.o [1]
  .rodata            const    0x0002d2e4      0x4  FTP_Task.o [1]
  .rodata            const    0x0002d2e8      0x8  FTP_Task.o [1]
  .rodata            const    0x0002d2f0      0x8  FTP_Task.o [1]
  .rodata            const    0x0002d2f8      0x8  FTP_Task.o [1]
  .rodata            const    0x0002d300      0x8  FTP_Task.o [1]
  .rodata            const    0x0002d308      0x8  FTP_Task.o [1]
  .rodata            const    0x0002d310      0x8  FTP_Task.o [1]
  .rodata            const    0x0002d318      0x8  FTP_Task.o [1]
  .rodata            const    0x0002d320      0x8  FTP_Task.o [1]
  .rodata            const    0x0002d328      0x8  FTP_Task.o [1]
  .rodata            const    0x0002d330     0x24  FTP_Task.o [1]
  .rodata            const    0x0002d354     0x24  FTP_Task.o [1]
  .rodata            const    0x0002d378     0x24  FTP_Task.o [1]
  .rodata            const    0x0002d39c     0x14  FTP_Task.o [1]
  .rodata            const    0x0002d3b0      0xc  FTP_Task.o [1]
  .rodata            const    0x0002d3bc    0x100  FTP_Task.o [1]
  .rodata            const    0x0002d4bc      0x8  LCDDriver.o [1]
  .rodata            const    0x0002d4c4      0x8  LCDUart.o [1]
  .rodata            const    0x0002d4cc      0xc  LCDUart.o [1]
  .rodata            const    0x0002d4d8     0x28  LCDUart.o [1]
  .rodata            const    0x0002d500     0x24  LCDUart.o [1]
  .rodata            const    0x0002d524     0x24  LCDUart.o [1]
  .rodata            const    0x0002d548     0x1c  LCDUart.o [1]
  .rodata            const    0x0002d564     0x10  LCDUart.o [1]
  .rodata            const    0x0002d574     0x1c  LCDUart.o [1]
  .rodata            const    0x0002d590     0x18  LCDUart.o [1]
  .rodata            const    0x0002d5a8      0xc  MenuView.o [1]
  .rodata            const    0x0002d5b4     0x10  MenuView.o [1]
  .rodata            const    0x0002d5c4     0x10  MenuView.o [1]
  .rodata            const    0x0002d5d4     0x14  MenuView.o [1]
  .rodata            const    0x0002d5e8     0x38  MenuView.o [1]
  .rodata            const    0x0002d620      0x4  MenuView.o [1]
  .rodata            const    0x0002d624      0x8  MenuView.o [1]
  .rodata            const    0x0002d62c     0x24  MenuView.o [1]
  .rodata            const    0x0002d650     0x48  MenuView.o [1]
  .rodata            const    0x0002d698      0x8  MenuView.o [1]
  .rodata            const    0x0002d6a0      0x8  MenuView.o [1]
  .rodata            const    0x0002d6a8      0xc  MenuView.o [1]
  .rodata            const    0x0002d6b4      0x8  MenuView.o [1]
  .rodata            const    0x0002d6bc     0x10  MenuView.o [1]
  .rodata            const    0x0002d6cc      0x8  MenuView.o [1]
  .rodata            const    0x0002d6d4      0x8  MenuView.o [1]
  .rodata            const    0x0002d6dc     0x2c  MenuView.o [1]
  .rodata            const    0x0002d708     0x58  MenuView.o [1]
  .rodata            const    0x0002d760     0x10  MenuView.o [1]
  .rodata            const    0x0002d770     0x10  MenuView.o [1]
  .rodata            const    0x0002d780      0x8  MenuView.o [1]
  .rodata            const    0x0002d788      0x4  Shell_Task.o [1]
  .rodata            const    0x0002d78c      0x8  Shell_Task.o [1]
  .rodata            const    0x0002d794      0x8  Shell_Task.o [1]
  .rodata            const    0x0002d79c      0x4  Shell_Task.o [1]
  .rodata            const    0x0002d7a0      0x8  Shell_Task.o [1]
  .rodata            const    0x0002d7a8      0x4  Shell_Task.o [1]
  .rodata            const    0x0002d7ac      0x4  Shell_Task.o [1]
  .rodata            const    0x0002d7b0      0x8  Shell_Task.o [1]
  .rodata            const    0x0002d7b8      0x8  Shell_Task.o [1]
  .rodata            const    0x0002d7c0      0x8  Shell_Task.o [1]
  .rodata            const    0x0002d7c8      0x8  Shell_Task.o [1]
  .rodata            const    0x0002d7d0      0x4  Shell_Task.o [1]
  .rodata            const    0x0002d7d4      0x8  Shell_Task.o [1]
  .rodata            const    0x0002d7dc      0x4  Shell_Task.o [1]
  .rodata            const    0x0002d7e0      0x8  Shell_Task.o [1]
  .rodata            const    0x0002d7e8      0x4  Shell_Task.o [1]
  .rodata            const    0x0002d7ec      0x8  Shell_Task.o [1]
  .rodata            const    0x0002d7f4      0x8  Shell_Task.o [1]
  .rodata            const    0x0002d7fc     0x28  Shell_Task.o [1]
  .rodata            const    0x0002d824     0x24  Shell_Task.o [1]
  .rodata            const    0x0002d848     0x24  Shell_Task.o [1]
  .rodata            const    0x0002d86c     0x20  Shell_Task.o [1]
  .rodata            const    0x0002d88c     0xa0  Shell_Task.o [1]
  .rodata            const    0x0002d92c     0x1c  USB_File.o [1]
  .rodata            const    0x0002d948     0x4c  USB_File.o [1]
  .rodata            const    0x0002d994     0x34  USB_File.o [1]
  .rodata            const    0x0002d9c8     0x24  USB_File.o [1]
  .rodata            const    0x0002d9ec     0x20  USB_File.o [1]
  .rodata            const    0x0002da0c     0x20  USB_File.o [1]
  .rodata            const    0x0002da2c     0x24  USB_File.o [1]
  .rodata            const    0x0002da50     0x24  USB_File.o [1]
  .rodata            const    0x0002da74     0x2c  USB_File.o [1]
  .rodata            const    0x0002daa0     0x24  USB_File.o [1]
  .rodata            const    0x0002dac4     0x20  USB_File.o [1]
  .rodata            const    0x0002dae4     0x1c  USB_File.o [1]
  .rodata            const    0x0002db00     0x18  USB_File.o [1]
  .rodata            const    0x0002db18     0x2c  USB_File.o [1]
  .rodata            const    0x0002db44     0x14  USB_File.o [1]
  .rodata            const    0x0002db58     0x24  USB_File.o [1]
  .rodata            const    0x0002db7c     0x18  USB_File.o [1]
  .rodata            const    0x0002db94     0x28  USB_File.o [1]
  .rodata            const    0x0002dbbc     0x18  USB_File.o [1]
  .rodata            const    0x0002dbd4     0x2c  USB_File.o [1]
  .rodata            const    0x0002dc00     0x18  USB_File.o [1]
  .rodata            const    0x0002dc18     0x30  USB_File.o [1]
  .rodata            const    0x0002dc48     0x14  USB_File.o [1]
  .rodata            const    0x0002dc5c     0x1c  USB_File.o [1]
  .rodata            const    0x0002dc78     0x18  USB_File.o [1]
  .rodata            const    0x0002dc90     0x24  USB_Task.o [1]
  .rodata            const    0x0002dcb4     0x24  USB_Task.o [1]
  .rodata            const    0x0002dcd8     0x24  USB_Task.o [1]
  .rodata            const    0x0002dcfc      0x8  USB_Task.o [1]
  .rodata            const    0x0002dd04      0x8  USB_Task.o [1]
  .rodata            const    0x0002dd0c     0x30  USB_Task.o [1]
  .rodata            const    0x0002dd3c      0x4  mem_flash.o [1]
  .rodata            const    0x0002dd40      0x8  mem_flash.o [1]
  .rodata            const    0x0002dd48     0x14  mem_flash.o [1]
  .rodata            const    0x0002dd5c      0x8  mem_flash.o [1]
  .rodata            const    0x0002dd64     0x18  mem_flash.o [1]
  .rodata            const    0x0002dd7c     0x18  mem_flash.o [1]
  .rodata            const    0x0002dd94     0x28  mem_flash.o [1]
  .rodata            const    0x0002ddbc     0x28  mem_flash.o [1]
  .rodata            const    0x0002dde4     0x1c  mem_flash.o [1]
  .rodata            const    0x0002de00     0x20  mem_flash.o [1]
  .rodata            const    0x0002de20     0x30  mem_flash.o [1]
  .rodata            const    0x0002de50     0x1c  mem_flash.o [1]
  .rodata            const    0x0002de6c      0xc  pin2.o [1]
  .rodata            const    0x0002de78      0xc  pin2.o [1]
  .rodata            const    0x0002de84      0x8  pin2.o [1]
  .rodata            const    0x0002de8c     0x10  yada_prj.o [1]
  .rodata            const    0x0002de9c      0xc  yada_prj.o [1]
  .rodata            const    0x0002dea8      0xc  yada_prj.o [1]
  .rodata            const    0x0002deb4      0xc  yada_prj.o [1]
  .rodata            const    0x0002dec0      0xc  yada_prj.o [1]
  .rodata            const    0x0002decc     0x10  yada_prj.o [1]
  .rodata            const    0x0002dedc      0xc  yada_prj.o [1]
  .rodata            const    0x0002dee8      0xc  yada_prj.o [1]
  .rodata            const    0x0002def4      0xc  yada_prj.o [1]
  .rodata            const    0x0002df00     0x20  yada_prj.o [1]
  .rodata            const    0x0002df20     0x24  yada_prj.o [1]
  .rodata            const    0x0002df44     0x24  yada_prj.o [1]
  .rodata            const    0x0002df68     0x24  yada_prj.o [1]
  .rodata            const    0x0002df8c      0x8  yada_prj.o [1]
  .rodata            const    0x0002df94      0x8  yada_prj.o [1]
  .rodata            const    0x0002df9c      0x8  yada_prj.o [1]
  .rodata            const    0x0002dfa4      0xc  yada_prj.o [1]
  .rodata            const    0x0002dfb0    0x120  yada_prj.o [1]
  .rodata            const    0x0002e0d0      0x4  ftpd_cmd.o [9]
  .rodata            const    0x0002e0d4     0x10  ftpd_cmd.o [9]
  .rodata            const    0x0002e0e4      0x8  ftpd_cmd.o [9]
  .rodata            const    0x0002e0ec      0xc  ftpd_cmd.o [9]
  .rodata            const    0x0002e0f8     0x14  ftpd_cmd.o [9]
  .rodata            const    0x0002e10c      0x8  ftpd_cmd.o [9]
  .rodata            const    0x0002e114     0x20  ftpd_cmd.o [9]
  .rodata            const    0x0002e134     0x24  ftpd_cmd.o [9]
  .rodata            const    0x0002e158     0x20  ftpd_cmd.o [9]
  .rodata            const    0x0002e178     0x30  ftpd_cmd.o [9]
  .rodata            const    0x0002e1a8     0x28  ftpd_cmd.o [9]
  .rodata            const    0x0002e1d0     0x24  ftpd_cmd.o [9]
  .rodata            const    0x0002e1f4     0x1c  ftpd_cmd.o [9]
  .rodata            const    0x0002e210      0x4  ftpd.o [9]
  .rodata            const    0x0002e214      0x8  ftpd.o [9]
  .rodata            const    0x0002e21c      0xc  ip-e.o [9]
  .rodata            const    0x0002e228      0x4  ip-e.o [9]
  .rodata            const    0x0002e22c      0x8  rtcscmd.o [9]
  .rodata            const    0x0002e234     0x28  sh_cd.o [11]
  .rodata            const    0x0002e25c     0x2c  sh_cd.o [11]
  .rodata            const    0x0002e288     0x1c  sh_cd.o [11]
  .rodata            const    0x0002e2a4     0x20  sh_cd.o [11]
  .rodata            const    0x0002e2c4     0x14  sh_cd.o [11]
  .rodata            const    0x0002e2d8     0x18  sh_cd.o [11]
  .rodata            const    0x0002e2f0     0x34  sh_cd.o [11]
  .rodata            const    0x0002e324     0x28  sh_pwd.o [11]
  .rodata            const    0x0002e34c     0x20  sh_pwd.o [11]
  .rodata            const    0x0002e36c      0x8  sh_pwd.o [11]
  .rodata            const    0x0002e374      0x8  sh_pwd.o [11]
  .rodata            const    0x0002e37c      0xc  sh_pwd.o [11]
  .rodata            const    0x0002e388     0x28  sh_read_wk.o [11]
  .rodata            const    0x0002e3b0     0x18  sh_read_wk.o [11]
  .rodata            const    0x0002e3c8     0x20  sh_read_wk.o [11]
  .rodata            const    0x0002e3e8      0x8  sh_read_wk.o [11]
  .rodata            const    0x0002e3f0      0x8  sh_read_wk.o [11]
  .rodata            const    0x0002e3f8     0x1c  sh_read_wk.o [11]
  .rodata            const    0x0002e414     0x1c  sh_read_wk.o [11]
  .rodata            const    0x0002e430     0x2c  sh_read_wk.o [11]
  .rodata            const    0x0002e45c     0x14  sh_read_wk.o [11]
  .rodata            const    0x0002e470      0x8  sh_read_wk.o [11]
  .rodata            const    0x0002e478     0x20  sh_read_wk.o [11]
  .rodata            const    0x0002e498     0x20  sh_read_wk.o [11]
  .rodata            const    0x0002e4b8     0x30  sh_read_wk.o [11]
  .rodata            const    0x0002e4e8     0x38  sh_read_wk.o [11]
  .rodata            const    0x0002e520     0x28  sh_read_wk.o [11]
  .rodata            const    0x0002e548     0x2c  sh_read_wk.o [11]
  .rodata            const    0x0002e574     0x34  sh_read_wk.o [11]
  .rodata            const    0x0002e5a8     0x20  sh_read_wk.o [11]
  .rodata            const    0x0002e5c8      0x8  sh_update.o [11]
  .rodata            const    0x0002e5d0     0x24  sh_update.o [11]
  .rodata            const    0x0002e5f4     0x28  sh_update.o [11]
  .rodata            const    0x0002e61c     0x28  sh_update.o [11]
  .rodata            const    0x0002e644     0x1c  sh_update.o [11]
  .rodata            const    0x0002e660     0x28  sh_write_binary.o [11]
  .rodata            const    0x0002e688     0x20  sh_write_binary.o [11]
  .rodata            const    0x0002e6a8      0x8  sh_write_binary.o [11]
  .rodata            const    0x0002e6b0      0x8  sh_write_binary.o [11]
  .rodata            const    0x0002e6b8     0x1c  sh_write_binary.o [11]
  .rodata            const    0x0002e6d4     0x1c  sh_write_binary.o [11]
  .rodata            const    0x0002e6f0     0x2c  sh_write_binary.o [11]
  .rodata            const    0x0002e71c     0x20  sh_write_binary.o [11]
  .rodata            const    0x0002e73c     0x20  sh_write_binary.o [11]
  .rodata            const    0x0002e75c     0x38  sh_write_binary.o [11]
  .rodata            const    0x0002e794     0x3c  sh_write_binary.o [11]
  .rodata            const    0x0002e7d0     0x28  sh_write_binary.o [11]
  .rodata            const    0x0002e7f8     0x2c  sh_write_binary.o [11]
  .rodata            const    0x0002e824     0x34  sh_write_binary.o [11]
  .rodata            const    0x0002e858     0x20  sh_write_binary.o [11]
  .rodata            const    0x0002e878     0x1c  sh_write_binary.o [11]
  .rodata            const    0x0002e894     0x10  mfs_misc.o [6]
  .rodata            const    0x0002e8a4     0x1c  mfs_misc.o [6]
  .rodata            const    0x0002e8c0     0x14  mfs_misc.o [6]
  .rodata            const    0x0002e8d4     0x14  mfs_misc.o [6]
  .rodata            const    0x0002e8e8     0x14  mfs_misc.o [6]
  .rodata            const    0x0002e8fc     0x14  mfs_misc.o [6]
  .rodata            const    0x0002e910     0x18  mfs_misc.o [6]
  .rodata            const    0x0002e928     0x24  mfs_misc.o [6]
  .rodata            const    0x0002e94c     0x24  mfs_misc.o [6]
  .rodata            const    0x0002e970     0x1c  mfs_misc.o [6]
  .rodata            const    0x0002e98c     0x14  mfs_misc.o [6]
  .rodata            const    0x0002e9a0     0x28  mfs_misc.o [6]
  .rodata            const    0x0002e9c8     0x14  mfs_misc.o [6]
  .rodata            const    0x0002e9dc     0x18  mfs_misc.o [6]
  .rodata            const    0x0002e9f4     0x10  mfs_misc.o [6]
  .rodata            const    0x0002ea04     0x10  mfs_misc.o [6]
  .rodata            const    0x0002ea14     0x18  mfs_misc.o [6]
  .rodata            const    0x0002ea2c     0x10  mfs_misc.o [6]
  .rodata            const    0x0002ea3c     0x18  mfs_misc.o [6]
  .rodata            const    0x0002ea54     0x18  mfs_misc.o [6]
  .rodata            const    0x0002ea6c     0x10  mfs_misc.o [6]
  .rodata            const    0x0002ea7c     0x14  mfs_misc.o [6]
  .rodata            const    0x0002ea90      0x8  mfs_misc.o [6]
  .rodata            const    0x0002ea98     0x1c  mfs_misc.o [6]
  .rodata            const    0x0002eab4     0x14  mfs_misc.o [6]
  .rodata            const    0x0002eac8     0x1c  mfs_misc.o [6]
  .rodata            const    0x0002eae4     0x1c  mfs_misc.o [6]
  .rodata            const    0x0002eb00     0x18  mfs_misc.o [6]
  .rodata            const    0x0002eb18     0x20  mfs_misc.o [6]
  .rodata            const    0x0002eb38     0x10  mfs_misc.o [6]
  .rodata            const    0x0002eb48     0x14  mfs_misc.o [6]
  .rodata            const    0x0002eb5c     0x1c  mfs_misc.o [6]
  .rodata            const    0x0002eb78     0x1c  mfs_misc.o [6]
  .rodata            const    0x0002eb94     0x14  mfs_misc.o [6]
  .rodata            const    0x0002eba8     0x18  mfs_misc.o [6]
  .rodata            const    0x0002ebc0     0x14  mfs_misc.o [6]
  .rodata            const    0x0002ebd4     0x14  mfs_misc.o [6]
  .rodata            const    0x0002ebe8     0x14  shell.o [11]
  .rodata            const    0x0002ebfc      0xc  shell.o [11]
  .rodata            const    0x0002ec08     0x30  shell.o [11]
  .rodata            const    0x0002ec38      0xc  shell.o [11]
  .rodata            const    0x0002ec44      0x8  shell.o [11]
  .rodata            const    0x0002ec4c     0x38  shell.o [11]
  .rodata            const    0x0002ec84     0x14  shell.o [11]
  .rodata            const    0x0002ec98      0x8  sh_cmdlist.o [11]
  .rodata            const    0x0002eca0      0xc  sh_cmdlist.o [11]
  .rodata            const    0x0002ecac     0x28  sh_copy.o [11]
  .rodata            const    0x0002ecd4     0x20  sh_copy.o [11]
  .rodata            const    0x0002ecf4     0x2c  sh_copy.o [11]
  .rodata            const    0x0002ed20     0x24  sh_copy.o [11]
  .rodata            const    0x0002ed44     0x2c  sh_copy.o [11]
  .rodata            const    0x0002ed70     0x40  sh_copy.o [11]
  .rodata            const    0x0002edb0     0x18  sh_copy.o [11]
  .rodata            const    0x0002edc8     0x1c  sh_copy.o [11]
  .rodata            const    0x0002ede4     0x24  sh_copy.o [11]
  .rodata            const    0x0002ee08     0x20  sh_copy.o [11]
  .rodata            const    0x0002ee28     0x28  sh_create.o [11]
  .rodata            const    0x0002ee50     0x20  sh_create.o [11]
  .rodata            const    0x0002ee70     0x2c  sh_create.o [11]
  .rodata            const    0x0002ee9c     0x20  sh_create.o [11]
  .rodata            const    0x0002eebc     0x1c  sh_create.o [11]
  .rodata            const    0x0002eed8     0x20  sh_create.o [11]
  .rodata            const    0x0002eef8     0x28  sh_create.o [11]
  .rodata            const    0x0002ef20     0x20  sh_create.o [11]
  .rodata            const    0x0002ef40     0x28  sh_del.o [11]
  .rodata            const    0x0002ef68     0x20  sh_del.o [11]
  .rodata            const    0x0002ef88     0x2c  sh_del.o [11]
  .rodata            const    0x0002efb4     0x18  sh_del.o [11]
  .rodata            const    0x0002efcc      0xc  sh_del.o [11]
  .rodata            const    0x0002efd8     0x14  sh_del.o [11]
  .rodata            const    0x0002efec     0x24  sh_del.o [11]
  .rodata            const    0x0002f010     0x28  sh_df.o [11]
  .rodata            const    0x0002f038     0x14  sh_df.o [11]
  .rodata            const    0x0002f04c     0x18  sh_df.o [11]
  .rodata            const    0x0002f064     0x38  sh_df.o [11]
  .rodata            const    0x0002f09c     0x20  sh_df.o [11]
  .rodata            const    0x0002f0bc     0x18  sh_df.o [11]
  .rodata            const    0x0002f0d4     0x20  sh_df.o [11]
  .rodata            const    0x0002f0f4      0x8  sh_df.o [11]
  .rodata            const    0x0002f0fc     0x28  sh_dir.o [11]
  .rodata            const    0x0002f124     0x20  sh_dir.o [11]
  .rodata            const    0x0002f144     0x14  sh_dir.o [11]
  .rodata            const    0x0002f158     0x24  sh_dir.o [11]
  .rodata            const    0x0002f17c     0x24  sh_dir.o [11]
  .rodata            const    0x0002f1a0     0x1c  sh_dir.o [11]
  .rodata            const    0x0002f1bc     0x24  sh_dir.o [11]
  .rodata            const    0x0002f1e0     0x24  sh_dir.o [11]
  .rodata            const    0x0002f204     0x30  sh_dir.o [11]
  .rodata            const    0x0002f234     0x28  sh_disect.o [11]
  .rodata            const    0x0002f25c     0x18  sh_disect.o [11]
  .rodata            const    0x0002f274     0x20  sh_disect.o [11]
  .rodata            const    0x0002f294     0x28  sh_disect.o [11]
  .rodata            const    0x0002f2bc     0x24  sh_disect.o [11]
  .rodata            const    0x0002f2e0     0x10  sh_disect.o [11]
  .rodata            const    0x0002f2f0      0x8  sh_disect.o [11]
  .rodata            const    0x0002f2f8     0x18  sh_disect.o [11]
  .rodata            const    0x0002f310     0x20  sh_disect.o [11]
  .rodata            const    0x0002f330     0x24  sh_disect.o [11]
  .rodata            const    0x0002f354     0x24  sh_disect.o [11]
  .rodata            const    0x0002f378      0xc  sh_exit.o [11]
  .rodata            const    0x0002f384      0x8  sh_format.o [11]
  .rodata            const    0x0002f38c      0x4  sh_format.o [11]
  .rodata            const    0x0002f390      0x4  sh_format.o [11]
  .rodata            const    0x0002f394      0x4  sh_format.o [11]
  .rodata            const    0x0002f398      0x4  sh_format.o [11]
  .rodata            const    0x0002f39c     0x28  sh_format.o [11]
  .rodata            const    0x0002f3c4     0x24  sh_format.o [11]
  .rodata            const    0x0002f3e8     0x10  sh_format.o [11]
  .rodata            const    0x0002f3f8     0x20  sh_format.o [11]
  .rodata            const    0x0002f418     0x2c  sh_format.o [11]
  .rodata            const    0x0002f444      0x8  sh_format.o [11]
  .rodata            const    0x0002f44c     0x20  sh_format.o [11]
  .rodata            const    0x0002f46c     0x28  sh_format.o [11]
  .rodata            const    0x0002f494     0x40  sh_format.o [11]
  .rodata            const    0x0002f4d4     0x34  sh_format.o [11]
  .rodata            const    0x0002f508     0x14  sh_format.o [11]
  .rodata            const    0x0002f51c      0x8  sh_help.o [11]
  .rodata            const    0x0002f524      0x8  sh_help.o [11]
  .rodata            const    0x0002f52c     0x18  sh_help.o [11]
  .rodata            const    0x0002f544      0x8  sh_help.o [11]
  .rodata            const    0x0002f54c     0x28  sh_help.o [11]
  .rodata            const    0x0002f574     0x10  sh_help.o [11]
  .rodata            const    0x0002f584     0x18  sh_help.o [11]
  .rodata            const    0x0002f59c     0x28  sh_help.o [11]
  .rodata            const    0x0002f5c4     0x28  sh_mkdir.o [11]
  .rodata            const    0x0002f5ec     0x2c  sh_mkdir.o [11]
  .rodata            const    0x0002f618     0x20  sh_mkdir.o [11]
  .rodata            const    0x0002f638     0x20  sh_mkdir.o [11]
  .rodata            const    0x0002f658     0x14  sh_mkdir.o [11]
  .rodata            const    0x0002f66c     0x18  sh_mkdir.o [11]
  .rodata            const    0x0002f684     0x30  sh_mkdir.o [11]
  .rodata            const    0x0002f6b4     0x28  sh_read.o [11]
  .rodata            const    0x0002f6dc     0x18  sh_read.o [11]
  .rodata            const    0x0002f6f4     0x20  sh_read.o [11]
  .rodata            const    0x0002f714      0x8  sh_read.o [11]
  .rodata            const    0x0002f71c      0x8  sh_read.o [11]
  .rodata            const    0x0002f724     0x1c  sh_read.o [11]
  .rodata            const    0x0002f740     0x1c  sh_read.o [11]
  .rodata            const    0x0002f75c     0x2c  sh_read.o [11]
  .rodata            const    0x0002f788     0x14  sh_read.o [11]
  .rodata            const    0x0002f79c      0x8  sh_read.o [11]
  .rodata            const    0x0002f7a4     0x20  sh_read.o [11]
  .rodata            const    0x0002f7c4     0x20  sh_read.o [11]
  .rodata            const    0x0002f7e4     0x30  sh_read.o [11]
  .rodata            const    0x0002f814     0x38  sh_read.o [11]
  .rodata            const    0x0002f84c     0x28  sh_read.o [11]
  .rodata            const    0x0002f874     0x2c  sh_read.o [11]
  .rodata            const    0x0002f8a0     0x34  sh_read.o [11]
  .rodata            const    0x0002f8d4     0x20  sh_read.o [11]
  .rodata            const    0x0002f8f4     0x28  sh_rename.o [11]
  .rodata            const    0x0002f91c     0x2c  sh_rename.o [11]
  .rodata            const    0x0002f948     0x34  sh_rename.o [11]
  .rodata            const    0x0002f97c     0x20  sh_rename.o [11]
  .rodata            const    0x0002f99c     0x18  sh_rename.o [11]
  .rodata            const    0x0002f9b4     0x1c  sh_rename.o [11]
  .rodata            const    0x0002f9d0     0x20  sh_rename.o [11]
  .rodata            const    0x0002f9f0     0x28  sh_rename.o [11]
  .rodata            const    0x0002fa18     0x24  sh_rename.o [11]
  .rodata            const    0x0002fa3c     0x28  sh_rmdir.o [11]
  .rodata            const    0x0002fa64     0x2c  sh_rmdir.o [11]
  .rodata            const    0x0002fa90     0x20  sh_rmdir.o [11]
  .rodata            const    0x0002fab0     0x20  sh_rmdir.o [11]
  .rodata            const    0x0002fad0     0x14  sh_rmdir.o [11]
  .rodata            const    0x0002fae4     0x14  sh_rmdir.o [11]
  .rodata            const    0x0002faf8     0x18  sh_rmdir.o [11]
  .rodata            const    0x0002fb10     0x30  sh_rmdir.o [11]
  .rodata            const    0x0002fb40     0x28  sh_sh.o [11]
  .rodata            const    0x0002fb68     0x20  sh_sh.o [11]
  .rodata            const    0x0002fb88     0x10  sh_sh.o [11]
  .rodata            const    0x0002fb98     0x18  sh_sh.o [11]
  .rodata            const    0x0002fbb0     0x28  sh_sh.o [11]
  .rodata            const    0x0002fbd8     0x20  sh_type.o [11]
  .rodata            const    0x0002fbf8     0x2c  sh_type.o [11]
  .rodata            const    0x0002fc24     0x20  sh_type.o [11]
  .rodata            const    0x0002fc44     0x38  sh_type.o [11]
  .rodata            const    0x0002fc7c     0x10  sh_type.o [11]
  .rodata            const    0x0002fc8c     0x18  sh_type.o [11]
  .rodata            const    0x0002fca4     0x28  sh_type.o [11]
  .rodata            const    0x0002fccc     0x28  sh_write.o [11]
  .rodata            const    0x0002fcf4     0x20  sh_write.o [11]
  .rodata            const    0x0002fd14     0x18  sh_write.o [11]
  .rodata            const    0x0002fd2c      0x8  sh_write.o [11]
  .rodata            const    0x0002fd34      0x8  sh_write.o [11]
  .rodata            const    0x0002fd3c     0x1c  sh_write.o [11]
  .rodata            const    0x0002fd58     0x1c  sh_write.o [11]
  .rodata            const    0x0002fd74     0x2c  sh_write.o [11]
  .rodata            const    0x0002fda0     0x20  sh_write.o [11]
  .rodata            const    0x0002fdc0     0x20  sh_write.o [11]
  .rodata            const    0x0002fde0     0x30  sh_write.o [11]
  .rodata            const    0x0002fe10     0x38  sh_write.o [11]
  .rodata            const    0x0002fe48     0x28  sh_write.o [11]
  .rodata            const    0x0002fe70     0x2c  sh_write.o [11]
  .rodata            const    0x0002fe9c     0x34  sh_write.o [11]
  .rodata            const    0x0002fed0     0x20  sh_write.o [11]
  .rodata            const    0x0002fef0     0x20  usbmfs.o [12]
  .rodata            const    0x0002ff10      0xc  khci.o [12]
  .rodata            const    0x0002ff1c     0x38  khci.o [12]
  .rodata            const    0x0002ff54     0x50  host_common.o [12]
  .rodata            const    0x0002ffa4     0x50  usb_mqx.o [12]
  .rodata            const    0x0002fff4     0x50  host_main.o [12]
  .rodata            const    0x00030044     0x58  usb_host_hub.o [12]
  .rodata            const    0x0003009c     0x5c  usb_host_msd_bo.o [12]
  .rodata            const    0x000300f8     0x18  mqx.o [7]
  .rodata            const    0x00030110      0xc  mqx.o [7]
  .rodata            const    0x0003011c      0x4  mqx.o [7]
  .rodata            const    0x00030120      0x4  mqx.o [7]
  .rodata            const    0x00030124     0x14  io_dopr.o [7]
  .rodata            const    0x00030138     0x14  io_dopr.o [7]
  .rodata            const    0x0003014c      0x8  init_enet.o [3]
  .rodata            const    0x00030154     0x10  init_enet.o [3]
  .rodata            const    0x00030164     0x24  init_enet.o [3]
  .rodata            const    0x00030188      0x8  init_enet.o [3]
  .rodata            const    0x00030190     0x3c  sstream.o [9]
  .rodata            const    0x000301cc      0x8  sotcp.o [9]
  .rodata            const    0x000301d4      0x4  dir_read.o [6]
  .rodata            const    0x000301d8      0x4  dir_read.o [6]
  .rodata            const    0x000301dc      0x4  dir_read.o [6]
  .rodata            const    0x000301e0      0x4  dir_read.o [6]
  .rodata            const    0x000301e4      0x4  dir_read.o [6]
  .rodata            const    0x000301e8      0x4  dir_read.o [6]
  .rodata            const    0x000301ec      0x4  dir_read.o [6]
  .rodata            const    0x000301f0      0x4  dir_read.o [6]
  .rodata            const    0x000301f4      0x4  dir_read.o [6]
  .rodata            const    0x000301f8      0x4  dir_read.o [6]
  .rodata            const    0x000301fc      0x4  dir_read.o [6]
  .rodata            const    0x00030200      0x4  dir_read.o [6]
  .rodata            const    0x00030204     0x40  dir_read.o [6]
  .rodata            const    0x00030244     0x14  dir_read.o [6]
  .rodata            const    0x00030258     0x10  dir_read.o [6]
  .rodata            const    0x00030268      0xc  dir_read.o [6]
  .rodata            const    0x00030274      0xc  dir_read.o [6]
  .rodata            const    0x00030280      0x8  dir_read.o [6]
  .rodata            const    0x00030288      0x8  dir_read.o [6]
  .rodata            const    0x00030290     0x30  dir_read.o [6]
  .rodata            const    0x000302c0     0x18  ftpd_msg.o [9]
  .rodata            const    0x000302d8     0x1c  ftpd_msg.o [9]
  .rodata            const    0x000302f4     0x34  ftpd_msg.o [9]
  .rodata            const    0x00030328     0x30  ftpd_msg.o [9]
  .rodata            const    0x00030358     0x10  ftpd_msg.o [9]
  .rodata            const    0x00030368     0x14  ftpd_msg.o [9]
  .rodata            const    0x0003037c     0x14  ftpd_msg.o [9]
  .rodata            const    0x00030390     0x18  ftpd_msg.o [9]
  .rodata            const    0x000303a8     0x18  ftpd_msg.o [9]
  .rodata            const    0x000303c0     0x20  ftpd_msg.o [9]
  .rodata            const    0x000303e0     0x18  ftpd_msg.o [9]
  .rodata            const    0x000303f8     0x10  ftpd_msg.o [9]
  .rodata            const    0x00030408     0x3c  ftpd_msg.o [9]
  .rodata            const    0x00030444     0x38  ftpd_msg.o [9]
  .rodata            const    0x0003047c     0x30  ftpd_msg.o [9]
  .rodata            const    0x000304ac     0x1c  ftpd_msg.o [9]
  .rodata            const    0x000304c8      0xc  ftpd_msg.o [9]
  .rodata            const    0x000304d4     0x30  ftpd_msg.o [9]
  .rodata            const    0x00030504     0x30  ftpd_msg.o [9]
  .rodata            const    0x00030534     0x20  ftpd_msg.o [9]
  .rodata            const    0x00030554     0x20  ftpd_msg.o [9]
  .rodata            const    0x00030574     0x1c  ftpd_msg.o [9]
  .rodata            const    0x00030590      0xc  ftpd_msg.o [9]
  .rodata            const    0x0003059c     0x14  ftpd_msg.o [9]
  .rodata            const    0x000305b0     0x14  ftpd_msg.o [9]
  .rodata            const    0x000305c4     0x14  ftpd_msg.o [9]
  .rodata            const    0x000305d8     0x34  ftpd_msg.o [9]
  .rodata            const    0x0003060c     0x20  ftpd_msg.o [9]
  .rodata            const    0x0003062c     0x1c  ftpd_msg.o [9]
  .rodata            const    0x00030648     0x20  ftpd_msg.o [9]
  .rodata            const    0x00030668     0x38  ftpd_msg.o [9]
  .rodata            const    0x000306a0      0x8  soip.o [9]
  .rodata            const    0x000306a8      0x8  sh_util.o [11]
  .rodata            const    0x000306b0      0x8  sh_util.o [11]
  .rodata            const    0x000306b8     0x14  mfs_create.o [6]
  .rodata            const    0x000306cc     0x14  mfs_create.o [6]
  .rodata            const    0x000306e0     0x14  mfs_format.o [6]
  .rodata            const    0x000306f4     0x14  mfs_format.o [6]
  .rodata            const    0x00030708     0x14  mfs_format.o [6]
  .rodata            const    0x0003071c     0x30  mfs_format.o [6]
  .rodata            const    0x0003074c      0x8  mfs_lfn.o [6]
  .rodata            const    0x00030754      0xc  mfs_lfn.o [6]
  .rodata            const    0x00030760     0x54  host_dev_list.o [12]
  .rodata            const    0x000307b4     0x24  host_dev_list.o [12]
  .rodata            const    0x000307d8     0x20  int_unx.o [7]
  .rodata            const    0x000307f8     0x30  int_unx.o [7]
  .rodata            const    0x00030828     0x3c  int_unx.o [7]
  .rodata            const    0x00030864     0x14  int_unx.o [7]
  .rodata            const    0x00030878     0x28  int_unx.o [7]
  .rodata            const    0x000308a0     0x50  host_ch9.o [12]
  .rodata            const    0x000308f0      0x8  host_ch9.o [12]
  .rodata            const    0x000308f8     0x50  host_rcv.o [12]
  .rodata            const    0x00030948     0x50  host_snd.o [12]
  .rodata            const    0x00030998      0x8  init_bsp.o [3]
  .rodata            const    0x000309a0      0x8  init_bsp.o [3]
  .rodata            const    0x000309a8      0x8  init_bsp.o [3]
  .rodata            const    0x000309b0      0x8  init_bsp.o [3]
  .rodata            const    0x000309b8      0x8  init_bsp.o [3]
  .rodata            const    0x000309c0      0x8  init_bsp.o [3]
  .rodata            const    0x000309c8      0x8  init_bsp.o [3]
  .rodata            const    0x000309d0      0x8  init_bsp.o [3]
  .rodata            const    0x000309d8      0x8  init_bsp.o [3]
  .rodata            const    0x000309e0      0x8  init_bsp.o [3]
  .rodata            const    0x000309e8      0x8  init_bsp.o [3]
  .rodata            const    0x000309f0      0x8  init_bsp.o [3]
  .rodata            const    0x000309f8      0x8  init_bsp.o [3]
  .rodata            const    0x00030a00      0x8  init_bsp.o [3]
  .rodata            const    0x00030a08      0x8  init_bsp.o [3]
  .rodata            const    0x00030a10      0x8  init_bsp.o [3]
  .rodata            const    0x00030a18      0x8  init_bsp.o [3]
  .rodata            const    0x00030a20      0x8  init_bsp.o [3]
  .rodata            const    0x00030a28      0x8  init_bsp.o [3]
  .rodata            const    0x00030a30      0x8  init_bsp.o [3]
  .rodata            const    0x00030a38      0x8  init_bsp.o [3]
  .rodata            const    0x00030a40      0x8  init_bsp.o [3]
  .rodata            const    0x00030a48      0x8  init_bsp.o [3]
  .rodata            const    0x00030a50      0x8  init_bsp.o [3]
  .rodata            const    0x00030a58     0x10  mqxiinit.o [7]
  .rodata            const    0x00030a68     0x20  macnet_init.o [3]
  .rodata            const    0x00030a88     0x14  phy_ks8721bl.o [3]
  .rodata            const    0x00030a9c      0xc  iplocal.o [9]
  .rodata            const    0x00030aa8      0x4  iplocal.o [9]
  .rodata            const    0x00030aac      0xc  rtcsinit.o [9]
  .rodata            const    0x00030ab8     0x1c  init_gpio.o [3]
  .rodata            const    0x00030ad4     0x1c  init_gpio.o [3]
  .rodata            const    0x00030af0      0x4  init_gpio.o [3]
  .rodata            const    0x00030af4     0x50  host_close.o [12]
  .rodata            const    0x00030b44     0x10  init_adc.o [3]
  .rodata            const    0x00030b54     0x18  init_adc.o [3]
  .rodata            const    0x00030b6c     0x30  init_spi.o [3]
  .rodata            const    0x00030b9c     0x30  init_spi.o [3]
  .rodata            const    0x00030bcc     0x30  init_spi.o [3]
  .rodata            const    0x00030bfc      0xc  init_esdhc.o [3]
  .rodata            const    0x00030c08      0x8  init_flashx.o [3]
  .rodata            const    0x00030c10      0x8  init_flashx.o [3]
  .rodata            const    0x00030c18     0x30  init_flashx.o [3]
  .rodata            const    0x00030c48     0x20  init_flashx.o [3]
  .rodata            const    0x00030c68     0x14  init_i2c.o [3]
  .rodata            const    0x00030c7c     0x1c  bsp_cm.o [3]
  .rodata            const    0x00030c98     0x78  bsp_cm.o [3]
  .rodata            const    0x00030d10     0x20  init_sci.o [3]
  .rodata            const    0x00030d30     0x20  init_sci.o [3]
  .rodata            const    0x00030d50     0x20  init_sci.o [3]
  .rodata            const    0x00030d70     0x20  init_sci.o [3]
  .rodata            const    0x00030d90     0x20  init_sci.o [3]
  .rodata            const    0x00030db0     0x20  init_sci.o [3]
  .rodata            const    0x00030dd0     0x1c  spi_dma_dspi.o [3]
  .rodata            const    0x00030dec     0x40  spi_dma_dspi.o [3]
  .rodata            const    0x00030e2c     0x10  spi_pol_dspi.o [3]
  .rodata            const    0x00030e3c     0x40  spi_pol_dspi.o [3]
  .rodata            const    0x00030e7c     0x10  spi_pol_dspi.o [3]
  .rodata            const    0x00030e8c    0x100  esdhc.o [3]
  .rodata            const    0x00030f8c      0xc  i2c_pol_ki2c.o [3]
  .rodata            const    0x00030f98    0x100  i2c_pol_ki2c.o [3]
  .rodata            const    0x00031098      0xc  serl_int_kuart.o [3]
  .rodata            const    0x000310a4     0x40  macnet_mk60.o [3]
  .rodata            const    0x000310e4     0x68  ti_rom.o [7]
  .rodata            const    0x0003114c    0x20c  ti_rom.o [7]
  .rodata            const    0x00031358     0x30  flash_ftfl.o [3]
  .rodata            const    0x00031388     0x20  flash_ftfl.o [3]
  .rodata            const    0x000313a8      0xc  spi_mk60_dspi.o [3]
  .rodata            const    0x000313b4      0xc  spi_mk60_dspi.o [3]
  .rodata            const    0x000313c0     0x20  adc_kadc.o [3]
  .rodata            const    0x000313e0      0xc  io_gpio_kgpio.o [3]
  .rodata            const    0x000313ec      0xc  io_gpio_kgpio.o [3]
  .rodata            const    0x000313f8      0xc  io_gpio_kgpio.o [3]
  .rodata            const    0x00031404      0xc  io_gpio_kgpio.o [3]
  .rodata            const    0x00031410     0x14  io_gpio_kgpio.o [3]
  .rodata            const    0x00031424     0x14  io_gpio_kgpio.o [3]
  .rodata            const    0x00031438      0x8  io_gpio_kgpio.o [3]
  .rodata            const    0x00031440      0x8  io_gpio_kgpio.o [3]
  .rodata            const    0x00031448      0x8  adc_mk60.o [3]
  .rodata            const    0x00031450      0x8  mqx_init.o [3]
  .rodata            const    0x00031458     0x30  mqx_init.o [3]
  Initializer bytes  ro data  0x00031488     0xb8  <for P2 mid-1>
  .rodata            const    0x00031540      0x2  Shell_Task.o [1]
  Initializer bytes  ro data  0x00031544      0x4  <for KERNEL_DATA-1>
  .rodata            const    0x00031548      0x1  init_flashx.o [3]
  .rodata            const    0x00031549      0x0  bwt_init3c.o [8]
  FLASHX_POOL                 0x00031800      0x1  <Block>
    .flashx          const    0x00031800      0x1  vectors.o [3]
    .flashx          const    0x00031801      0x0  vectors.o [3]
                            - 0x00031801  0x313e1

"P2":                                      0x1cc4
  P2 mid-1                    0x1fff0000     0xb8  <Init block>
    .data            inited   0x1fff0000      0x2  DSPSPI.o [1]
    .data            inited   0x1fff0004      0x4  FTP_Task.o [1]
    .data            inited   0x1fff0008     0x14  MenuView.o [1]
    .data            inited   0x1fff001c     0x28  MenuView.o [1]
    .data            inited   0x1fff0044     0x24  usb_classes.o [1]
    .data            inited   0x1fff0068      0x8  yada_prj.o [1]
    .data            inited   0x1fff0070      0x2  ftpd_cmd.o [9]
    .data            inited   0x1fff0074      0x4  ftpd.o [9]
    .data            inited   0x1fff0078      0x4  ftpd.o [9]
    .data            inited   0x1fff007c      0x4  rtcsglob.o [9]
    .data            inited   0x1fff0080      0x4  rtcsglob.o [9]
    .data            inited   0x1fff0084      0x4  rtcsglob.o [9]
    .data            inited   0x1fff0088      0x4  rtcsglob.o [9]
    .data            inited   0x1fff008c      0x4  rtcsglob.o [9]
    .data            inited   0x1fff0090      0x4  rtcsglob.o [9]
    .data            inited   0x1fff0094      0x4  rtcsglob.o [9]
    .data            inited   0x1fff0098      0x4  rtcsglob.o [9]
    .data            inited   0x1fff009c      0x4  rtcsglob.o [9]
    .data            inited   0x1fff00a0      0x4  rtcsglob.o [9]
    .data            inited   0x1fff00a4      0x4  mfs_init.o [6]
    .data            inited   0x1fff00a8      0x4  mfs_init.o [6]
    .data            inited   0x1fff00ac      0x4  mqx.o [7]
    .data            inited   0x1fff00b0      0x4  rtcsrand.o [9]
    .data            inited   0x1fff00b4      0x4  adt_kpdb.o [3]
  USB_BDT_Z          zero     0x1fff0200    0x200  khci.o [12]
  .bss               zero     0x1fff0400    0xbb8  DSPSPI.o [1]
  .bss               zero     0x1fff0fb8    0xa68  DSPSPI.o [1]
  .bss               zero     0x1fff1a20      0x4  DSPSPI.o [1]
  .bss               zero     0x1fff1a24      0x4  DSPSPI.o [1]
  .bss               zero     0x1fff1a28      0x4  LCDDriver.o [1]
  .bss               zero     0x1fff1a2c     0x14  LCDUart.o [1]
  .bss               zero     0x1fff1a40     0x64  MenuView.o [1]
  .bss               zero     0x1fff1aa4     0x54  MenuView.o [1]
  .bss               zero     0x1fff1af8     0x14  MenuView.o [1]
  .bss               zero     0x1fff1b0c      0xc  MenuView.o [1]
  .bss               zero     0x1fff1b18      0xc  MenuView.o [1]
  .bss               zero     0x1fff1b24     0x24  USB_Task.o [1]
  .bss               zero     0x1fff1b48     0x1c  USB_Task.o [1]
  .bss               zero     0x1fff1b64      0x4  USB_Task.o [1]
  .bss               zero     0x1fff1b68     0x20  USB_Task.o [1]
  .bss               zero     0x1fff1b88      0x4  ftpd.o [9]
  .bss               zero     0x1fff1b8c      0x4  rtcsglob.o [9]
  .bss               zero     0x1fff1b90      0x4  rtcsglob.o [9]
  .bss               zero     0x1fff1b94      0x4  rtcsglob.o [9]
  .bss               zero     0x1fff1b98      0x4  rtcsglob.o [9]
  .bss               zero     0x1fff1b9c      0x4  rtcsglob.o [9]
  .bss               zero     0x1fff1ba0      0x4  rtcsglob.o [9]
  .bss               zero     0x1fff1ba4      0x4  rtcsglob.o [9]
  .bss               zero     0x1fff1ba8      0x4  rtcsglob.o [9]
  .bss               zero     0x1fff1bac      0x4  rtcsglob.o [9]
  .bss               zero     0x1fff1bb0      0x4  mfs_init.o [6]
  .bss               zero     0x1fff1bb4      0x4  mfs_init.o [6]
  .bss               zero     0x1fff1bb8      0x4  host_common.o [12]
  .bss               zero     0x1fff1bbc      0x4  host_common.o [12]
  .bss               zero     0x1fff1bc0      0x4  host_main.o [12]
  .bss               zero     0x1fff1bc4      0x4  usb_host_hub.o [12]
  .bss               zero     0x1fff1bc8      0x4  usb_host_msd_bo.o [12]
  .bss               zero     0x1fff1bcc      0x4  mqx.o [7]
  .bss               zero     0x1fff1bd0      0x4  psp_mstiq.o [7]
  .bss               zero     0x1fff1bd4      0x4  psp_mstiq.o [7]
  .bss               zero     0x1fff1bd8     0x30  io_util.o [7]
  .bss               zero     0x1fff1c08      0x4  rtcsrand.o [9]
  .bss               zero     0x1fff1c0c      0x4  rtcsrand.o [9]
  .bss               zero     0x1fff1c10      0x4  tcpip.o [9]
  .bss               zero     0x1fff1c14      0x4  arpinit.o [9]
[...]
_usb_host_close_pipe_call_interface
                        0x0001b5e9   0x20  Code  Gb  host_main.o [12]
_usb_host_driver_info_register
                        0x00017d47   0x30  Code  Gb  host_common.o [12]
_usb_host_driver_install
                        0x0001b10d   0x60  Code  Gb  usb_mqx.o [12]
_usb_host_get_tr_element
                        0x0001b96f   0x6e  Code  Gb  host_main.o [12]
_usb_host_init          0x0001b669  0x18a  Code  Gb  host_main.o [12]
_usb_host_init_call_interface
                        0x0001b549   0x1e  Code  Gb  host_main.o [12]
_usb_host_new_tr_element
                        0x0001b929   0x46  Code  Lc  host_main.o [12]
_usb_host_open_pipe     0x0001b893   0x96  Code  Gb  host_main.o [12]
_usb_host_open_pipe_call_interface
                        0x0001b609   0x20  Code  Gb  host_main.o [12]
_usb_host_open_pipe_cleanup
                        0x0001b869   0x2a  Code  Gb  host_main.o [12]
_usb_host_recv_data     0x0001e0bd   0x58  Code  Gb  host_rcv.o [12]
_usb_host_recv_data_call_interface
                        0x0001b5a7   0x20  Code  Gb  host_main.o [12]
_usb_host_register_ch9_callback
                        0x0001bd8f   0x36  Code  Gb  host_ch9.o [12]
_usb_host_register_service
                        0x0001b7f3   0x76  Code  Gb  host_main.o [12]
_usb_host_send_call_interface
                        0x0001b567   0x20  Code  Gb  host_main.o [12]
_usb_host_send_data     0x0001e065   0x52  Code  Gb  host_snd.o [12]
_usb_host_send_setup    0x0001ba39   0x6a  Code  Gb  host_main.o [12]
_usb_host_send_setup_call_interface
                        0x0001b587   0x20  Code  Gb  host_main.o [12]
_usb_host_set_up_TR     0x0001b9dd   0x5c  Code  Gb  host_main.o [12]
_usb_host_update_device_address_call_interface
                        0x0001b649   0x20  Code  Gb  host_main.o [12]
_usb_host_update_max_packet_size_call_interface
                        0x0001b629   0x20  Code  Gb  host_main.o [12]
_usb_hostdev_cntrl_request
                        0x0001c06d   0x92  Code  Gb  host_ch9.o [12]
_usb_hostdev_free_buffer
                        0x00017733   0x6c  Code  Gb  host_common.o [12]
_usb_hostdev_get_buffer
                        0x000176b9    0xc  Code  Gb  host_common.o [12]
_usb_hostdev_get_buffer_aligned
                        0x000176c5   0x6e  Code  Gb  host_common.o [12]
_usb_hostdev_get_descriptor
                        0x0001780b  0x1ca  Code  Gb  host_common.o [12]
_usb_hostdev_select_interface
                        0x00017f7b  0x1dc  Code  Gb  host_common.o [12]
_usb_khci_add_int_tr    0x00023449   0x6c  Code  Lc  khci.o [12]
_usb_khci_atom_tr       0x00023b2d  0x304  Code  Lc  khci.o [12]
_usb_khci_attach        0x000235b1   0x7c  Code  Lc  khci.o [12]
_usb_khci_bus_control   0x00023a9d    0x4  Code  Lc  khci.o [12]
_usb_khci_cancel        0x00023a7d   0x20  Code  Lc  khci.o [12]
_usb_khci_detach        0x00023671   0x2e  Code  Lc  khci.o [12]
_usb_khci_get_frame_number
                        0x00023aa1   0x10  Code  Lc  khci.o [12]
_usb_khci_get_hot_int_tr
                        0x000234eb   0xc6  Code  Lc  khci.o [12]
_usb_khci_host_close_pipe
                        0x00023e4d   0x24  Code  Lc  khci.o [12]
_usb_khci_init          0x0002396d   0xa6  Code  Lc  khci.o [12]
_usb_khci_init_int_tr   0x00023433   0x16  Code  Lc  khci.o [12]
_usb_khci_isr           0x000233dd   0x56  Code  Lc  khci.o [12]
_usb_khci_process_tr_complete
                        0x00023ab1   0x7c  Code  Lc  khci.o [12]
_usb_khci_recv          0x00023a5b   0x22  Code  Lc  khci.o [12]
_usb_khci_reset         0x0002362d   0x44  Code  Lc  khci.o [12]
_usb_khci_rm_int_tr     0x000234b5   0x36  Code  Lc  khci.o [12]
_usb_khci_send          0x00023a17   0x22  Code  Lc  khci.o [12]
_usb_khci_send_setup    0x00023a39   0x22  Code  Lc  khci.o [12]
_usb_khci_shutdown      0x00023a13    0x4  Code  Lc  khci.o [12]
_usb_khci_task          0x0002369f  0x272  Code  Lc  khci.o [12]
_usb_khci_task_create   0x00023911   0x5c  Code  Lc  khci.o [12]
abs                     0x0000cb17    0x8  Code  Gb  abs.o [4]
adc_address             0x00031448    0x8  Data  Lc  adc_mk60.o [3]
adc_bundle              0x1fff1c3c    0x4  Data  Gb  adc_kadc.o [3]
adc_calibrate           0x00009ab7   0xaa  Code  Lc  adc_kadc.o [3]
adc_complete_isr        0x00009a99   0x1e  Code  Lc  adc_kadc.o [3]
adc_get_calibration_data
                        0x00009b61   0x64  Code  Lc  adc_kadc.o [3]
adc_internal            0x1fff1c28   0x14  Data  Lc  adc_kadc.o [3]
adc_process_all_data    0x00009a45   0x32  Code  Gb  adc_kadc.o [3]
adc_process_data        0x000099a7   0x9e  Code  Lc  adc_kadc.o [3]
adc_set_calibration_data
                        0x00009bc5   0x64  Code  Lc  adc_kadc.o [3]
adt_idelay_isr          0x0000a6b9   0x36  Code  Lc  adt_kpdb.o [3]
adt_period_prescaler    0x00009f25  0x1e0  Code  Lc  adt_kpdb.o [3]
bdt                     0x1fff0200  0x200  Data  Lc  khci.o [12]
class_interface_map     0x1fff0044   0x24  Data  Gb  usb_classes.o [1]
cos                     0x00012d97    0x6  Code  Gb  cos.o [5]
count                   0x1fff1c93    0x1  Data  Lc  DSPSPI.o [1]
delay_ms                0x00012949   0x16  Code  Gb  System.o [1]
delay_us                0x00012961   0x1a  Code  Gb  System.o [1]
device                  0x1fff1b68   0x20  Data  Gb  USB_Task.o [1]
dspi_address            0x000313a8    0xc  Data  Lc  spi_mk60_dspi.o [3]
dspi_vectors            0x000313b4    0xc  Data  Lc  spi_mk60_dspi.o [3]
exit                    0x000004d5    0x4  Code  Gb  exit.o [4]
first_irq               0x1fff1c24    0x4  Data  Gb  io_gpio.o [3]
flexnvm_flash_ioctl     0x0002c5bf   0x96  Code  Gb  flash_ftfl.o [3]
flexnvm_prog_part       0x0002c557   0x40  Code  Gb  flash_ftfl.o [3]
flexnvm_read_resource   0x0002c513   0x44  Code  Gb  flash_ftfl.o [3]
flexnvm_set_flexram     0x0002c597   0x28  Code  Gb  flash_ftfl.o [3]
flg_int                 0x0001ec35   0x74  Code  Gb  yada_prj.o [1]
fmod                    0x00014a85         Code  Gb  fmod.o [5]
fmodl                   0x00014a85         Code  Gb  fmod.o [5]
ftfl_flash_command_sequence
                        0x0002c15d  0x1c4  Code  Lc  flash_ftfl.o [3]
ftfl_flash_deinit       0x0002c355   0x22  Code  Gb  flash_ftfl.o [3]
ftfl_flash_erase_sector
                        0x0002c39f   0xa2  Code  Gb  flash_ftfl.o [3]
ftfl_flash_init         0x0002c321   0x34  Code  Gb  flash_ftfl.o [3]
ftfl_flash_write_sector
                        0x0002c441   0xb8  Code  Gb  flash_ftfl.o [3]
ftfl_init_ram_function  0x0002c377   0x28  Code  Gb  flash_ftfl.o [3]
ftfl_ram_function       0x0002c4f9   0x18  Code  Lc  flash_ftfl.o [3]
ftfl_ram_function_end   0x0002c511    0x2  Code  Lc  flash_ftfl.o [3]
ftpmsg_bad_option       0x000304ac   0x1c  Data  Gb  ftpd_msg.o [9]
ftpmsg_badcmd           0x00030390   0x18  Data  Gb  ftpd_msg.o [9]
ftpmsg_badport          0x000303a8   0x18  Data  Gb  ftpd_msg.o [9]
ftpmsg_banner           0x000302d8   0x1c  Data  Gb  ftpd_msg.o [9]
ftpmsg_cd_error         0x00030534   0x20  Data  Gb  ftpd_msg.o [9]
ftpmsg_delete_error     0x00030574   0x1c  Data  Gb  ftpd_msg.o [9]
ftpmsg_goodbye          0x000303f8   0x10  Data  Gb  ftpd_msg.o [9]
ftpmsg_help_end         0x00030504   0x30  Data  Gb  ftpd_msg.o [9]
ftpmsg_help_start       0x000304d4   0x30  Data  Gb  ftpd_msg.o [9]
ftpmsg_logged           0x00030358   0x10  Data  Gb  ftpd_msg.o [9]
ftpmsg_no_datacon       0x00030648   0x20  Data  Gb  ftpd_msg.o [9]
ftpmsg_no_file          0x000305d8   0x34  Data  Gb  ftpd_msg.o [9]
ftpmsg_no_fs            0x00030408   0x3c  Data  Gb  ftpd_msg.o [9]
ftpmsg_no_memory        0x00030668   0x38  Data  Gb  ftpd_msg.o [9]
ftpmsg_ok               0x00030590    0xc  Data  Gb  ftpd_msg.o [9]
ftpmsg_opening_datacon  0x0003060c   0x20  Data  Gb  ftpd_msg.o [9]
ftpmsg_pasv_mode        0x00030444   0x38  Data  Gb  ftpd_msg.o [9]
ftpmsg_portok           0x000302c0   0x18  Data  Gb  ftpd_msg.o [9]
ftpmsg_rmdir_error      0x00030554   0x20  Data  Gb  ftpd_msg.o [9]
ftpmsg_rxok             0x000302f4   0x34  Data  Gb  ftpd_msg.o [9]
ftpmsg_site_info        0x0003047c   0x30  Data  Gb  ftpd_msg.o [9]
ftpmsg_size             0x000303e0   0x18  Data  Gb  ftpd_msg.o [9]
ftpmsg_syst             0x000304c8    0xc  Data  Gb  ftpd_msg.o [9]
ftpmsg_tx_complete      0x0003062c   0x1c  Data  Gb  ftpd_msg.o [9]
ftpmsg_txok             0x00030328   0x30  Data  Gb  ftpd_msg.o [9]
ftpmsg_type_ascii       0x0003059c   0x14  Data  Gb  ftpd_msg.o [9]
ftpmsg_type_image       0x000305b0   0x14  Data  Gb  ftpd_msg.o [9]
ftpmsg_type_unknown     0x000305c4   0x14  Data  Gb  ftpd_msg.o [9]
ftpmsg_unimp            0x000303c0   0x20  Data  Gb  ftpd_msg.o [9]
ftpmsg_writeeof         0x0003037c   0x14  Data  Gb  ftpd_msg.o [9]
ftpmsg_writefail        0x00030368   0x14  Data  Gb  ftpd_msg.o [9]
get_irq_mask            0x0000877d   0x2a  Code  Lc  io_gpio_kgpio.o [3]
gpio_cpu_configure      0x000087a7  0x160  Code  Gb  io_gpio_kgpio.o [3]
gpio_cpu_init           0x00008907    0xa  Code  Gb  io_gpio_kgpio.o [3]
gpio_cpu_ioctl          0x00008b05  0x4f8  Code  Gb  io_gpio_kgpio.o [3]
gpio_cpu_open           0x000089c5  0x140  Code  Gb  io_gpio_kgpio.o [3]
gpio_eport_irq          0x00008ffd   0x9c  Code  Lc  io_gpio_kgpio.o [3]
gpio_global_irq_map     0x1fff1c78   0x14  Data  Gb  io_gpio_kgpio.o [3]
gpio_global_pin_map     0x1fff1c64   0x14  Data  Gb  io_gpio_kgpio.o [3]
hub_anchor              0x1fff1bc4    0x4  Data  Lc  usb_host_hub.o [12]
init_hardware           0x000005fd   0x3c  Code  Gb  init_hw.o [3]
install_isr             0x00008911   0xb4  Code  Lc  io_gpio_kgpio.o [3]
int_callback            0x0001ea31   0x1a  Code  Gb  yada_prj.o [1]
isalpha                 0x0000f471    0x8  Code  Gb  sh_util.o [11]
isdigit                 0x0001426f   0x10  Code  Gb  sh_util.o [11]
isgraph                 0x0000e69d   0x18  Code  Gb  sh_util.o [11]
isprint                 0x0000f07f   0x2a  Code  Gb  sh_util.o [11]
ispunct                 0x0000f479    0x8  Code  Gb  sh_util.o [11]
isupper                 0x0000f077    0x8  Code  Gb  io_util.o [7]
isxdigit                0x00020129   0x24  Code  Gb  ftpd_cmd.o [9]
kinetis_flash_invalidate_cache
                        0x0002c65d   0x16  Code  Gb  flash_mk60.o [3]
linemark                0x00011461  0x166  Code  Gb  MenuView.o [1]
lower_hex_string        0x00030138   0x14  Data  Lc  io_dopr.o [7]
main                    0x000004c5   0x10  Code  Gb  mqx_main.o [3]
mass_anchor             0x1fff1bc8    0x4  Data  Lc  usb_host_msd_bo.o [12]
mem_flash_app           0x0001e681  0x16c  Code  Gb  mem_flash.o [1]
memcmp                  0x00014c99         Code  Gb  memcmp.o [8]
memcpy                  0x0000a8f1    0xe  Code  Gb  esdhc.o [3]
months                  0x00030290   0x30  Data  Lc  dir_read.o [6]
pctl_ptr_arr            0x00031424   0x14  Data  Lc  io_gpio_kgpio.o [3]
pdb_external            0x1fff00b4    0x4  Data  Lc  adt_kpdb.o [3]
pdb_internal            0x1fff1c40   0x24  Data  Lc  adt_kpdb.o [3]
phy_ksz8041_IF          0x00030a88   0x14  Data  Gb  phy_ks8721bl.o [3]
phy_ksz8041_discover_addr
                        0x0002caab   0x46  Code  Lc  phy_ks8721bl.o [3]
phy_ksz8041_get_link_status
                        0x0002cbdd   0x46  Code  Lc  phy_ks8721bl.o [3]
phy_ksz8041_get_speed   0x0002cb97   0x46  Code  Lc  phy_ks8721bl.o [3]
phy_ksz8041_init        0x0002caf1   0xa6  Code  Lc  phy_ks8721bl.o [3]
pipe_init_params_prototype
                        0x000307b4   0x24  Data  Lc  host_dev_list.o [12]
read_buffer             0x1fff0068    0x8  Data  Gb  yada_prj.o [1]
req_prototype           0x000308f0    0x8  Data  Lc  host_ch9.o [12]
reseed                  0x1fff1c0c    0x4  Data  Lc  rtcsrand.o [9]
rtcs_enet               0x0002e21c    0xc  Data  Lc  ip-e.o [9]
rtcs_local              0x00030a9c    0xc  Data  Lc  iplocal.o [9]
seed                    0x1fff1c08    0x4  Data  Lc  rtcsrand.o [9]
send_U16str             0x0000cdbd   0x2e  Code  Gb  LCDDriver.o [1]
send_U8str              0x0000cd8f   0x2e  Code  Gb  LCDDriver.o [1]
send_area               0x0000cd67   0x28  Code  Gb  LCDDriver.o [1]
send_byte               0x0000cd17   0x12  Code  Gb  LCDDriver.o [1]
send_end                0x0000cdeb   0x14  Code  Gb  LCDDriver.o [1]
send_word               0x0000cd29   0x2a  Code  Gb  LCDDriver.o [1]
send_xy                 0x0000cd53   0x14  Code  Gb  LCDDriver.o [1]
sin                     0x00012ed1    0x6  Code  Gb  sin.o [5]
spi2_dma_int            0x000084f9   0x74  Code  Gb  DSPSPI.o [1]
spifd_2                 0x1fff1a24    0x4  Data  Gb  DSPSPI.o [1]
state                   0x1fff00b0    0x4  Data  Lc  rtcsrand.o [9]
strcat                  0x0001e2af   0x1e  Code  Gb  strcat.o [4]
strcmp                  0x0000a721         Code  Gb  strcmp.o [8]
strcpy                  0x0000e659         Code  Gb  strcpy.o [8]
strlen                  0x0000a765         Code  Gb  strlen.o [8]
strncmp                 0x0000bb9d   0x2a  Code  Gb  strncmp.o [4]
strncpy                 0x0000c285         Code  Gb  strncpy.o [8]
strpbrk                 0x0002046d    0x4  Code  Gb  strpbrk.o [4]
systick_config          0x00001b69    0xc  Code  Gb  init_bsp.o [3]
systick_init            0x00001b75   0x34  Code  Lc  init_bsp.o [3]
text                    0x1fff0008   0x14  Data  Gb  MenuView.o [1]
tolower                 0x0000e6b5    0x8  Code  Gb  io_util.o [7]
tr_index                0x1fff1bbc    0x4  Data  Lc  host_common.o [12]
uart_isr                0x000029ad   0x76  Code  Gb  serl_int_kuart.o [3]
uart_lcd                0x1fff1a28    0x4  Data  Gb  LCDDriver.o [1]
upper_hex_string        0x00030124   0x14  Data  Lc  io_dopr.o [7]
usb_class_hub_clear_feature
                        0x0002496d   0x1e  Code  Gb  usb_host_hub.o [12]
usb_class_hub_clear_port_feature
                        0x0002498b   0x24  Code  Gb  usb_host_hub.o [12]
usb_class_hub_cntrl_callback
                        0x000247f1   0x1a  Code  Gb  usb_host_hub.o [12]
usb_class_hub_cntrl_common
                        0x0002480b   0xfe  Code  Gb  usb_host_hub.o [12]
usb_class_hub_get_app   0x00024791   0x60  Code  Gb  usb_host_hub.o [12]
usb_class_hub_get_descriptor
                        0x00024909   0x40  Code  Gb  usb_host_hub.o [12]
usb_class_hub_get_port_status
                        0x000249cf   0x22  Code  Gb  usb_host_hub.o [12]
usb_class_hub_get_status
                        0x000249af   0x20  Code  Gb  usb_host_hub.o [12]
usb_class_hub_init      0x00024735   0x5c  Code  Gb  usb_host_hub.o [12]
usb_class_hub_int_callback
                        0x00024ac9   0x1a  Code  Gb  usb_host_hub.o [12]
usb_class_hub_set_port_feature
                        0x00024949   0x24  Code  Gb  usb_host_hub.o [12]
usb_class_hub_wait_for_interrupt
                        0x000249f1   0xcc  Code  Gb  usb_host_hub.o [12]
usb_class_mass_call_back_cbw
                        0x0001c219   0xa2  Code  Lc  usb_host_msd_bo.o [12]
usb_class_mass_call_back_csw
                        0x0001c391  0x12e  Code  Lc  usb_host_msd_bo.o [12]
usb_class_mass_call_back_dphase
                        0x0001c2bb   0xd6  Code  Lc  usb_host_msd_bo.o [12]
usb_class_mass_clear_bulk_pipe_on_usb
                        0x0001c5a9   0x7c  Code  Lc  usb_host_msd_bo.o [12]
usb_class_mass_deleteq  0x0001e00b   0x34  Code  Gb  usb_host_msd_queue.o [12]
usb_class_mass_get_pending_request
                        0x0001e03f   0x26  Code  Gb  usb_host_msd_queue.o [12]
usb_class_mass_init     0x0001c10d   0x88  Code  Gb  usb_host_msd_bo.o [12]
usb_class_mass_pass_on_usb
                        0x0001c4bf   0xea  Code  Lc  usb_host_msd_bo.o [12]
usb_class_mass_q_init   0x0001dfc3    0xc  Code  Gb  usb_host_msd_queue.o [12]
usb_class_mass_q_insert
                        0x0001dfcf   0x3c  Code  Gb  usb_host_msd_queue.o [12]
usb_class_mass_reset_callback
                        0x0001c68d   0xd0  Code  Lc  usb_host_msd_bo.o [12]
usb_class_mass_reset_recovery_on_usb
                        0x0001c625   0x68  Code  Gb  usb_host_msd_bo.o [12]
usb_class_mass_storage_device_command
                        0x0001c195   0x84  Code  Gb  usb_host_msd_bo.o [12]
usb_dev_list_attach_device
                        0x0001b32b  0x120  Code  Gb  host_dev_list.o [12]
usb_dev_list_close_pipe
                        0x0001b455   0x46  Code  Lc  host_dev_list.o [12]
usb_dev_list_close_pipe_bundle
                        0x0001b49b   0x2a  Code  Gb  host_dev_list.o [12]
usb_dev_list_detach_device
                        0x0001b4c5   0x82  Code  Gb  host_dev_list.o [12]
usb_dev_list_free_mem   0x0001b1cb   0x76  Code  Gb  host_dev_list.o [12]
usb_dev_list_free_memlist
                        0x0001b175   0x56  Code  Gb  host_dev_list.o [12]
usb_dev_list_get_mem    0x0001b241   0xea  Code  Gb  host_dev_list.o [12]
usb_filesystem_install  0x000153fd  0x18c  Code  Gb  USB_File.o [1]
usb_filesystem_uninstall
                        0x00015589   0xde  Code  Gb  USB_File.o [1]
usb_host_ch9_dev_req    0x0001bdc5   0x8e  Code  Lc  host_ch9.o [12]
usb_host_class_intf_init
                        0x00017a53   0xf8  Code  Gb  host_common.o [12]
usb_host_class_intf_validate
                        0x00017b4b   0x22  Code  Gb  host_common.o [12]
usb_host_cntrl_transaction_done
                        0x0001baad  0x2e2  Code  Lc  host_ch9.o [12]
usb_host_driver_info_match
                        0x00017b6d   0xec  Code  Lc  host_common.o [12]
usb_host_driver_info_nonzero
                        0x00017cc3   0x4a  Code  Lc  host_common.o [12]
usb_host_driver_info_scan
                        0x00017c59   0x6a  Code  Lc  host_common.o [12]
usb_host_hub_device_event
                        0x000241d5   0x9e  Code  Gb  usb_host_hub_sm.o [12]
usb_host_hub_device_sm  0x00024275  0x45c  Code  Lc  usb_host_hub_sm.o [12]
usb_host_hub_int_callback
                        0x000246d1   0x60  Code  Lc  usb_host_hub_sm.o [12]
usb_host_map_class_intf
                        0x00017d0d   0x3a  Code  Lc  host_common.o [12]
usb_host_mass_device_event
                        0x0001e2cd   0x6e  Code  Gb  USB_Task.o [1]
usb_host_state_struct_ptr
                        0x1fff1bc0    0x4  Data  Gb  host_main.o [12]
usb_hostdev_attach_detach
                        0x00017649   0x48  Code  Gb  host_common.o [12]
usb_hostdev_delete_interface
                        0x00017d77   0xce  Code  Gb  host_common.o [12]
usb_hostdev_get_class   0x0001779f   0x6c  Code  Lc  host_common.o [12]
usb_hostdev_get_pipe_handle
                        0x000179d5   0x7e  Code  Gb  host_common.o [12]
usb_hostdev_mask_class_etc
                        0x00017e45   0x2a  Code  Lc  host_common.o [12]
usb_hostdev_open_pipe   0x00017e6f  0x10c  Code  Lc  host_common.o [12]
usb_hostdev_tr_init     0x00018157   0x36  Code  Gb  host_common.o [12]
usb_hostdev_validate    0x00017691   0x28  Code  Gb  host_common.o [12]
usb_mass_ufi_cancel     0x00018221    0xc  Code  Gb  usb_host_msd_ufi.o [12]
usb_mass_ufi_generic    0x0001819d   0x84  Code  Gb  usb_host_msd_ufi.o [12]


[1] = E:\Freescale\mqx_test\YD_PRJ_NEW_20130323_git_\IAR\twrk60n512\Int Flash Debug\Obj
[2] = command line
[3] = bsp_twrk60n512_20130322_no_event.a
[4] = dl7M_tln.a
[5] = m7M_tl.a
[6] = mfs_twrk60n512_d.a
[7] = psp_twrk60n512_d.a
[8] = rt7M_tl.a
[9] = rtcs_twrk60n512_d_20130105.a
[10] = shb_l.a
[11] = shell_twrk60n512_d_20130319.a
[12] = usb_hdk_twrk60n512_d.a

  183 512 bytes of readonly  code memory
   18 534 bytes of readonly  data memory
    8 059 bytes of readwrite data memory

Errors: none
Warnings: none
