###############################################################################
#                                                                             #
# IAR ANSI C/C++ Compiler V6.30.1.53127/W32 for ARM     07/Apr/2013  20:11:12 #
# Copyright 1999-2011 IAR Systems AB.                                         #
#                                                                             #
#    Cpu mode     =  thumb                                                    #
#    Endian       =  little                                                   #
#    Source file  =  E:\Freescale\mqx_test\YD_PRJ_NEW_20130323_git_\Source\ya #
#                    da_prj.c                                                 #
#    Command line =  E:\Freescale\mqx_test\YD_PRJ_NEW_20130323_git_\Source\ya #
#                    da_prj.c -D _DEBUG=1 -lC "E:\Freescale\mqx_test\YD_PRJ_N #
#                    EW_20130323_git_\IAR\twrk60n512\Int Flash Debug\List\"   #
#                    -lA "E:\Freescale\mqx_test\YD_PRJ_NEW_20130323_git_\IAR\ #
#                    twrk60n512\Int Flash Debug\List\" --diag_suppress        #
#                    Pa039,Pa082,Pe186 -o "E:\Freescale\mqx_test\YD_PRJ_NEW_2 #
#                    0130323_git_\IAR\twrk60n512\Int Flash Debug\Obj\"        #
#                    --no_cse --no_unroll --no_inline --no_code_motion        #
#                    --no_tbaa --no_clustering --no_scheduling --debug        #
#                    --endian=little --cpu=Cortex-M4 -e --fpu=None            #
#                    --dlib_config "D:\Program Files\IAR Systems\Embedded     #
#                    Workbench 6.0\arm\INC\c\DLib_Config_Normal.h" -I         #
#                    E:\Freescale\mqx_test\YD_PRJ_NEW_20130323_git_\IAR\..\li #
#                    b\twrk60n512.iar\ -I E:\Freescale\mqx_test\YD_PRJ_NEW_20 #
#                    130323_git_\IAR\..\lib\twrk60n512.iar\bsp\ -I            #
#                    E:\Freescale\mqx_test\YD_PRJ_NEW_20130323_git_\IAR\..\li #
#                    b\twrk60n512.iar\psp\ -I E:\Freescale\mqx_test\YD_PRJ_NE #
#                    W_20130323_git_\IAR\..\lib\twrk60n512.iar\bsp\Generated_ #
#                    Code\ -I E:\Freescale\mqx_test\YD_PRJ_NEW_20130323_git_\ #
#                    IAR\..\lib\twrk60n512.iar\rtcs\ -I                       #
#                    E:\Freescale\mqx_test\YD_PRJ_NEW_20130323_git_\IAR\..\li #
#                    b\twrk60n512.iar\mfs\ -I E:\Freescale\mqx_test\YD_PRJ_NE #
#                    W_20130323_git_\IAR\..\lib\twrk60n512.iar\usb\host\ -I   #
#                    E:\Freescale\mqx_test\YD_PRJ_NEW_20130323_git_\IAR\..\li #
#                    b\twrk60n512.iar\shell\ -I E:\Freescale\mqx_test\YD_PRJ_ #
#                    NEW_20130323_git_\IAR\..\lib\twrk60n512.iar\usb\ -I      #
#                    E:\Freescale\mqx_test\YD_PRJ_NEW_20130323_git_\IAR\..\   #
#                    -I E:\Freescale\mqx_test\YD_PRJ_NEW_20130323_git_\IAR\.. #
#                    \Source\Source_MQX\ -I E:\Freescale\mqx_test\YD_PRJ_NEW_ #
#                    20130323_git_\IAR\..\Source\ -I "E:\Freescale\Freescale  #
#                    MQX 3.8\shell\source\include\" -Ol --use_c++_inline      #
#    List file    =  E:\Freescale\mqx_test\YD_PRJ_NEW_20130323_git_\IAR\twrk6 #
#                    0n512\Int Flash Debug\List\yada_prj.lst                  #
#    Object file  =  E:\Freescale\mqx_test\YD_PRJ_NEW_20130323_git_\IAR\twrk6 #
#                    0n512\Int Flash Debug\Obj\yada_prj.o                     #
#                                                                             #
#                                                                             #
###############################################################################

E:\Freescale\mqx_test\YD_PRJ_NEW_20130323_git_\Source\yada_prj.c
      1          
      2          #include <mqx.h>
      3          #include <bsp.h> 
      4          #include <fio.h>
      5          #include <string.h>
      6          #include "shell.h" // shell function
      7          #include "sh_prv.h"// shell function
      8          #include <mfs.h>  // wk @130330 --> test mfs func
      9          
     10          #include "System.h"
     11          /* application *.h */
     12          #include "MenuView.h"
     13          #include "LCDDriver.h"
     14          #include "LCDUart.h"
     15          #include "DSPSPI.h" 
     16          
     17          #if ! BSPCFG_ENABLE_IO_SUBSYSTEM
     18          #error This application requires BSPCFG_ENABLE_IO_SUBSYSTEM defined non-zero in user_config.h. Please recompile BSP with this option.
     19          #endif
     20          
     21          #define _GUI_DBUG_
     22          /* Task IDs */
     23          #define RS232_TASK 5
     24          #define LPT_FLAG_CLOCK_SOURCE_LPO           (0x00000002) // wk @130330 --> test timer
     25          

   \                                 In section .bss, align 1
     26          volatile U8 RefreshFlg; // 页面刷新标志
   \                     RefreshFlg:
   \   00000000                      DS8 1

   \                                 In section .bss, align 1
     27          U8 U_FLAG = 0;
   \                     U_FLAG:
   \   00000000                      DS8 1

   \                                 In section .data, align 4
     28          uchar read_buffer[8]={0x12,0x23};  // wk @130403 --> uncomment
   \                     read_buffer:
   \   00000000   0x12 0x23          DC8 18, 35, 0, 0, 0, 0, 0, 0
   \              0x00 0x00    
   \              0x00 0x00    
   \              0x00 0x00    
     29          //static U8 File_flg; // 第一次启动时建立文件夹标志

   \                                 In section .bss, align 1
     30          U8 SavePowerFlg; // WK @130401 --> 电能质量数据存储标志 1时存储
   \                     SavePowerFlg:
   \   00000000                      DS8 1
     31          
     32          extern void YaDa(uint_32);
     33          extern void MainLoop();
     34          
     35          extern void USB_task(uint_32 param);
     36          //extern void sdcard_task(uint_32 param);
     37          extern void FTP_task(uint_32 param);
     38          extern void Shell_Task(uint_32 param);
     39          extern void LCDTouchSel_Task(uint_32 param);
     40          extern void SPIDMA_Task( uint_32 param);
     41          extern void sdcard_task(uint_32 temp);
     42          extern void PIN2(uint_32 temp);
     43          extern void mem_flash_app(uint_32 temp);
     44          extern void tcp_socket_task( uint_32 val);
     45          //void LCDTouchSel(uint_32 param);
     46          
     47          void flg_int();
     48          
     49          /*  pin2 int callback function */

   \                                 In section .text, align 2, keep-with-next
     50          void int_callback(void) 
     51          {
   \                     int_callback:
   \   00000000   0xB580             PUSH     {R7,LR}
     52            pointer ppin2_event;
     53            _event_open("pin2_event",&ppin2_event);
   \   00000002   0xA900             ADD      R1,SP,#+0
   \   00000004   0x....             LDR.N    R0,??DataTable4
   \   00000006   0x.... 0x....      BL       _event_open
     54            _event_set(ppin2_event,0x04);
   \   0000000A   0x2104             MOVS     R1,#+4
   \   0000000C   0x9800             LDR      R0,[SP, #+0]
   \   0000000E   0x.... 0x....      BL       _event_set
     55            
     56            printf("Switch2 is pressed(int mode)!\n");
   \   00000012   0x....             LDR.N    R0,??DataTable4_1
   \   00000014   0x.... 0x....      BL       _io_printf
     57          }
   \   00000018   0xBD01             POP      {R0,PC}          ;; return
     58          /*******************************************************************************
     59          ** Function Name	：timser_isr
     60          ** Input		：device num of timer
     61          ** Return		：void
     62          ** Author		：wk
     63          ** Version	：v1.0
     64          ** Date		：130330
     65          ** Dessription	：LPT 定时器中断函数入口
     66          ** Reverse	：
     67          *******************************************************************************/

   \                                 In section .text, align 2, keep-with-next
     68          static void timer_isr
     69              (
     70                  pointer parameter
     71              )
     72          {
   \                     timer_isr:
   \   00000000   0xB510             PUSH     {R4,LR}
   \   00000002   0x0004             MOVS     R4,R0
     73              uint_32 timer = (uint_32)parameter;
     74              
     75              /* Stop the timer */
     76              _lpt_run (timer, FALSE);
                     ^
Warning[Pe223]: function "_lpt_run" declared implicitly
   \   00000004   0x2100             MOVS     R1,#+0
   \   00000006   0x0020             MOVS     R0,R4
   \   00000008   0x.... 0x....      BL       _lpt_run
     77              _lpt_clear_int (timer);
                     ^
Warning[Pe223]: function "_lpt_clear_int" declared implicitly
   \   0000000C   0x0020             MOVS     R0,R4
   \   0000000E   0x.... 0x....      BL       _lpt_clear_int
     78          
     79          //    printf("\nhellow\n");
     80              SavePowerFlg =1;
   \   00000012   0x....             LDR.N    R0,??DataTable4_2
   \   00000014   0x2101             MOVS     R1,#+1
   \   00000016   0x7001             STRB     R1,[R0, #+0]
     81          //    EventKeyFlg=1; SPIEventFlg=1;// wk @130401 --> test event data save
     82              _lpt_init(0,3 * 1000000 , LPT_FLAG_CLOCK_SOURCE_LPO,TRUE);
                     ^
Warning[Pe223]: function "_lpt_init" declared implicitly
   \   00000018   0x2301             MOVS     R3,#+1
   \   0000001A   0x2202             MOVS     R2,#+2
   \   0000001C   0x....             LDR.N    R1,??DataTable4_3  ;; 0x2dc6c0
   \   0000001E   0x2000             MOVS     R0,#+0
   \   00000020   0x.... 0x....      BL       _lpt_init
     83          }
   \   00000024   0xBD10             POP      {R4,PC}          ;; return
     84          
     85          /*
     86          ** 作者：
     87          ** 时间：2013-02-27
     88          ** 说明： Task ：YADA 与 Shell_Task 的优先级问题
     89          **　      在目前调试阶段，需要运行谁，将优先级提高
     90          **    --> 最后完善阶段，需要通过在 YADA 任务中选择调用 Shell_Task <--   ,--> 已解决，通过PIN2任务
     91          */

   \                                 In section .rodata, align 4
     92          const TASK_TEMPLATE_STRUCT  MQX_template_list[] =    //  | MQX_TIME_SLICE_TASK
   \                     MQX_template_list:
   \   00000000   0x00000001         DC32 1, YaDa, 1500, 11, `?<Constant "MAIN&GUI_Task">`, 1, 0, 1000, 2
   \              0x........   
   \              0x000005DC   
   \              0x0000000B   
   \              0x........   
   \              0x00000001   
   \              0x00000000   
   \              0x000003E8   
   \              0x00000002   
   \   00000024   0x........         DC32 Shell_Task, 4000, 12, `?<Constant "Shell_Task">`, 1, 0, 1000, 3
   \              0x00000FA0   
   \              0x0000000C   
   \              0x........   
   \              0x00000001   
   \              0x00000000   
   \              0x000003E8   
   \              0x00000003   
   \   00000044   0x........         DC32 FTP_task, 2000, 9, `?<Constant "FTP_Task">`, 1, 0, 0, 4
   \              0x000007D0   
   \              0x00000009   
   \              0x........   
   \              0x00000001   
   \              0x00000000   
   \              0x00000000   
   \              0x00000004   
   \   00000064   0x........         DC32 tcp_socket_task, 3000, 9, `?<Constant "tcp_socket_task">`, 0, 0, 0
   \              0x00000BB8   
   \              0x00000009   
   \              0x........   
   \              0x00000000   
   \              0x00000000   
   \              0x00000000   
   \   00000080   0x00000005         DC32 5, USB_task, 5200, 8, `?<Constant "USB_Task">`, 1, 0, 0, 6
   \              0x........   
   \              0x00001450   
   \              0x00000008   
   \              0x........   
   \              0x00000001   
   \              0x00000000   
   \              0x00000000   
   \              0x00000006   
   \   000000A4   0x........         DC32 mem_flash_app, 4000, 8, `?<Constant "Flash_Task">`, 1, 0, 0, 7
   \              0x00000FA0   
   \              0x00000008   
   \              0x........   
   \              0x00000001   
   \              0x00000000   
   \              0x00000000   
   \              0x00000007   
   \   000000C4   0x........         DC32 LCDTouchSel_Task, 1000, 7, `?<Constant "UartTouch_Task">`, 1, 0, 0
   \              0x000003E8   
   \              0x00000007   
   \              0x........   
   \              0x00000001   
   \              0x00000000   
   \              0x00000000   
   \   000000E0   0x00000008         DC32 8, SPIDMA_Task, 5000, 6, `?<Constant "SPIDMA_Task">`, 1, 0, 0, 11
   \              0x........   
   \              0x00001388   
   \              0x00000006   
   \              0x........   
   \              0x00000001   
   \              0x00000000   
   \              0x00000000   
   \              0x0000000B   
   \   00000104   0x........         DC32 PIN2, 500, 9, `?<Constant "PIN2_Task">`, 1, 0, 0, 0
   \              0x000001F4   
   \              0x00000009   
   \              0x........   
   \              0x00000001   
   \              0x00000000   
   \              0x00000000   
   \              0x00000000   
   \   00000124   0x00 0x00          DC8 0, 0, 0, 0, 0, 0, 0, 0, 0, 0, 0, 0, 0, 0, 0, 0
   \              0x00 0x00    
   \              0x00 0x00    
   \              0x00 0x00    
   \              0x00 0x00    
   \              0x00 0x00    
   \              0x00 0x00    
   \              0x00 0x00    
   \   00000134   0x00 0x00          DC8 0, 0, 0, 0, 0, 0, 0, 0, 0, 0, 0, 0
   \              0x00 0x00    
   \              0x00 0x00    
   \              0x00 0x00    
   \              0x00 0x00    
   \              0x00 0x00    
     93          { 
     94             /* Task Index,   Function,         Stack,  Priority, Name,     Attributes,          Param, Time Slice */
     95             {1,  YaDa,       1500,   11,         "MAIN&GUI_Task", MQX_AUTO_START_TASK , 0,    1000 },  // | MQX_TIME_SLICE_TASK
     96             {2,  Shell_Task, 4000L,  12, "Shell_Task",   MQX_AUTO_START_TASK, 0,     1000 },  //  | MQX_TIME_SLICE_TASK
     97             
     98             {3,  FTP_task,   2000,   9L,   "FTP_Task",     MQX_AUTO_START_TASK, 0,     0 },
     99             {4,  tcp_socket_task,   3000,   9L,   "tcp_socket_task",     0, 0,     0 },
    100             {5,  USB_task,   5200L,  8L,   "USB_Task",     MQX_AUTO_START_TASK, 0,     0 },
    101             {6,  mem_flash_app, 4000L,  8L,   "Flash_Task",     MQX_AUTO_START_TASK, 0,     0 },
    102             
    103             {7,  LCDTouchSel_Task ,1000,7 , "UartTouch_Task", MQX_AUTO_START_TASK, 0 , 0},
    104             {8,  SPIDMA_Task , 5000, 6 , "SPIDMA_Task",MQX_AUTO_START_TASK,0 ,0 },
    105             //   {10,  sdcard_task,2000L,  8L, "SDcard",  MQX_AUTO_START_TASK, 0,     0 },
    106             {11, PIN2,       500,   9L,  "PIN2_Task", MQX_AUTO_START_TASK,0 ,0 }, // 按键的处理任务
    107             { 0 }
    108          };
    109          
    110          /*TASK*-----------------------------------------------------
    111          * 
    112          * Task Name    : YaDa
    113          * Comments     :
    114          *    
    115          *
    116          *END*-----------------------------------------------------*/
    117          

   \                                 In section .text, align 2, keep-with-next
    118          void YaDa
    119             (
    120                uint_32 initial_data
    121             )
    122          {
   \                     YaDa:
   \   00000000   0xB500             PUSH     {LR}
   \   00000002   0xB085             SUB      SP,SP,#+20
    123          #ifdef _GUI_DBUG_
    124             printf("\n----------MAIN&GUI_Task----------\n");
   \   00000004   0x....             LDR.N    R0,??DataTable4_4
   \   00000006   0x.... 0x....      BL       _io_printf
    125             printf("\n----------             ----------\n");
   \   0000000A   0x....             LDR.N    R0,??DataTable4_5
   \   0000000C   0x.... 0x....      BL       _io_printf
    126             printf("\n----------             ----------\n");
   \   00000010   0x....             LDR.N    R0,??DataTable4_5
   \   00000012   0x.... 0x....      BL       _io_printf
    127             printf("\n----------      END    ----------\n");
   \   00000016   0x....             LDR.N    R0,??DataTable4_6
   \   00000018   0x.... 0x....      BL       _io_printf
    128          #endif 
    129            U8 status;
    130             
    131            UartLCD_init();  // uart initialization
   \   0000001C   0x.... 0x....      BL       UartLCD_init
    132            UartTouch_init();
   \   00000020   0x.... 0x....      BL       UartTouch_init
    133            flg_int(); // wk --> 初始化一些标志 !  
   \   00000024   0x.... 0x....      BL       flg_int
    134            spi2_dma_int(); // dsp2k60 spi2 初始化
   \   00000028   0x.... 0x....      BL       spi2_dma_int
    135            
    136            YADA_70(PageStart); //必要的初始化后进入首页
   \   0000002C   0x2001             MOVS     R0,#+1
   \   0000002E   0x.... 0x....      BL       YADA_70
    137            delay_ms(1000); // wk -->test  延时1s
   \   00000032   0xF44F 0x707A      MOV      R0,#+1000
   \   00000036   0x.... 0x....      BL       delay_ms
    138            delay_ms(4000); // wk -->test  延时4s，等待U盘启动完成
   \   0000003A   0xF44F 0x607A      MOV      R0,#+4000
   \   0000003E   0x.... 0x....      BL       delay_ms
    139          //  YADA_E4();  // wk --> 屏幕校正
    140            YADA_70(MenuTop);  // 进入菜单首页
   \   00000042   0x2000             MOVS     R0,#+0
   \   00000044   0x.... 0x....      BL       YADA_70
    141            
    142            RefreshFlg = 0; //页面无刷新
   \   00000048   0x....             LDR.N    R0,??DataTable4_7
   \   0000004A   0x2100             MOVS     R1,#+0
   \   0000004C   0x7001             STRB     R1,[R0, #+0]
    143            
    144            /* test function of USB */  // wk --> for test  2013-02-28
    145          //  char_ptr create[]={"test","kkM2.txt"},write[]={"write","kkM2.txt","6"};  // wk --> test array of USB
    146          //  char_ptr buf[]={"test","kkM1.txt","6","begin","5","123456"};
    147          //  char_ptr buf_1[]={"test","kkM4.txt","begin","5"};
    148          //  uchar data[]={1,2,3,4,5,6};
    149          //  Shell_create(2,create); 
    150          //  Shell_write(3,write);   
    151          ////  Shell_write_buf(6,buf);
    152          //  Shell_write_binary(4,buf_1,6,data);
    153          //  /* read test */
    154          //    uchar data_r[10]={0};
    155          //    char_ptr read_buf[]={"read","kkM4.txt","5","begin","0"};
    156          //    Shell_read_wk(5,read_buf,data_r);
    157          //    printf("\n-------------------------read_test--------------------\n");
    158          //    for(int i=0;i<10;i++)
    159          //    {
    160          //      printf("data_r[%d]=%x\n",i,data_r[i]);
    161          //    }
    162          //    printf("end\n\n");
    163          //    
    164            /* wk @130403 --> 这段代码可以考虑放在U盘启动里面 ，或者考虑一下如何让 U 盘启动早于主任务启动 */
    165            {
    166          #if 0  // wk @130403
    167               SHELL_CONTEXT_PTR    shell_ptr;
    168               shell_ptr = _mem_alloc_zero( sizeof( SHELL_CONTEXT ));
    169               _mem_set_type(shell_ptr, MEM_TYPE_SHELL_CONTEXT);
    170               /* wk @130401 --> 新建 sysset 用于系统变量保存 */
    171                shell_ptr->ARGC = 2;
    172                shell_ptr->ARGV[0]="cd";
    173                shell_ptr->ARGV[1]="f:\\"; 
    174                Shell_cd(shell_ptr->ARGC, shell_ptr->ARGV);
    175                
    176                shell_ptr->ARGC = 2;
    177                shell_ptr->ARGV[0]="df_s";
    178                shell_ptr->ARGV[1]="SYSSET";   //wk --> 注意：查找的文件名暂时必须要是大写
    179                status=Shell_search_file_r1(shell_ptr->ARGC, shell_ptr->ARGV,NULL);
    180                if(status=0)
    181                {
    182                  shell_ptr->ARGC = 2;
    183                  shell_ptr->ARGV[0]="mkdir";
    184                  shell_ptr->ARGV[1]="SYSSET"; 
    185                  Shell_mkdir(shell_ptr->ARGC, shell_ptr->ARGV);
    186                }
    187                /* wk @130401 --> 新建 power/event用于基本电能质量/事件数据保存 */
    188                /* ??????????? 这里后期加上 U 盘插入标志监测 */
    189                shell_ptr->ARGC = 2;
    190                shell_ptr->ARGV[0]="cd";
    191                shell_ptr->ARGV[1]="u:\\"; 
    192                Shell_cd(shell_ptr->ARGC, shell_ptr->ARGV);
    193          //      
    194                shell_ptr->ARGC = 2;
    195                shell_ptr->ARGV[0]="df_s";
    196                shell_ptr->ARGV[1]="POWER";   //wk --> 注意：查找的文件名暂时必须要是大写
    197                status=Shell_search_file_r1(shell_ptr->ARGC, shell_ptr->ARGV,NULL);
    198                if(status==0)
    199                {
    200                  shell_ptr->ARGC = 2;
    201                  shell_ptr->ARGV[0]="mkdir";
    202                  shell_ptr->ARGV[1]="POWER"; 
    203                  Shell_mkdir(shell_ptr->ARGC, shell_ptr->ARGV);
    204                }
    205                shell_ptr->ARGC = 2;
    206                shell_ptr->ARGV[0]="df_s";
    207                shell_ptr->ARGV[1]="EVENT";   //wk --> 注意：查找的文件名暂时必须要是大写
    208                status=Shell_search_file_r1(shell_ptr->ARGC, shell_ptr->ARGV,NULL);
    209                
    210                if(status==0)
    211                {
    212                  shell_ptr->ARGC = 2;
    213                  shell_ptr->ARGV[0]="mkdir";
    214                  shell_ptr->ARGV[1]="EVENT"; 
    215                  Shell_mkdir(shell_ptr->ARGC, shell_ptr->ARGV);
    216                }
    217                
    218                _mem_free(shell_ptr);
    219          #endif  //wk @130403 --> end
    220                /* wk @130407 --> 将文件夹建立放在 U 盘 TASK里面 */
    221          //      SHELL_CONTEXT_PTR    shell_ptr;
    222          //     shell_ptr = _mem_alloc_zero( sizeof( SHELL_CONTEXT ));
    223          //     _mem_set_type(shell_ptr, MEM_TYPE_SHELL_CONTEXT);
    224          //     /* wk @130401 --> 新建 sysset 用于系统变量保存 */
    225          //      shell_ptr->ARGC = 2;
    226          //      shell_ptr->ARGV[0]="cd";
    227          //      shell_ptr->ARGV[1]="f:\\"; 
    228          //      Shell_cd(shell_ptr->ARGC, shell_ptr->ARGV);
    229          //     
    230          //      shell_ptr->ARGC = 2;
    231          //      shell_ptr->ARGV[0]="mkdir";
    232          //      shell_ptr->ARGV[1]="SYSSET"; 
    233          //      Shell_mkdir(shell_ptr->ARGC, shell_ptr->ARGV);
    234          //      
    235          //      /* wk @130401 --> 新建 power/event用于基本电能质量/事件数据保存 */
    236          //      /* ??????????? 这里后期加上 U 盘插入标志监测 */
    237          //      shell_ptr->ARGC = 2;
    238          //      shell_ptr->ARGV[0]="cd";
    239          //      shell_ptr->ARGV[1]="u:\\"; 
    240          //      Shell_cd(shell_ptr->ARGC, shell_ptr->ARGV);
    241          //      
    242          //      shell_ptr->ARGC = 2;
    243          //      shell_ptr->ARGV[0]="mkdir";
    244          //      shell_ptr->ARGV[1]="POWER"; 
    245          //      Shell_mkdir(shell_ptr->ARGC, shell_ptr->ARGV);
    246          //      
    247          //      shell_ptr->ARGC = 2;
    248          //      shell_ptr->ARGV[0]="mkdir";
    249          //      shell_ptr->ARGV[1]="EVENT"; 
    250          //      Shell_mkdir(shell_ptr->ARGC, shell_ptr->ARGV);
    251          //      
    252          //      
    253          //      _mem_free(shell_ptr);
    254              }
    255              
    256            /* Test end */
    257            /* button1 into interrupt for shell or maingui task change */
    258             GPIO_PIN_STRUCT pins_int[] = {
    259                      BSP_BUTTON1 | GPIO_PIN_IRQ_RISING ,
    260                      GPIO_LIST_END
    261                  };
   \   0000004E   0xA802             ADD      R0,SP,#+8
   \   00000050   0x....             LDR.N    R1,??DataTable4_8
   \   00000052   0xC90C             LDM      R1!,{R2,R3}
   \   00000054   0xC00C             STM      R0!,{R2,R3}
   \   00000056   0x3908             SUBS     R1,R1,#+8
   \   00000058   0x3808             SUBS     R0,R0,#+8
    262              MQX_FILE_PTR port_file4;        
    263                   /* 这是按键1 上升沿中断*/
    264                   port_file4 = fopen("gpio:read", (char_ptr) &pins_int );
   \   0000005A   0xA902             ADD      R1,SP,#+8
   \   0000005C   0x....             LDR.N    R0,??DataTable4_9
   \   0000005E   0x.... 0x....      BL       _io_fopen
    265                   ioctl(port_file4, GPIO_IOCTL_SET_IRQ_FUNCTION, (pointer)int_callback);        
   \   00000062   0x....             LDR.N    R2,??DataTable4_10
   \   00000064   0xF240 0x3106      MOVW     R1,#+774
   \   00000068   0x.... 0x....      BL       _io_ioctl
    266            /* end */
    267            /* wk @130330 -->timer of lpt */
    268             _lpt_install (0,3 * 1000000 , LPT_FLAG_CLOCK_SOURCE_LPO, 11, timer_isr, TRUE);//2 * 1000000  --> 2秒     
                    ^
Warning[Pe223]: function "_lpt_install" declared implicitly

    U8 status;
       ^
"E:\Freescale\mqx_test\YD_PRJ_NEW_20130323_git_\Source\yada_prj.c",129  Warning[Pe177]: 
          variable "status" was declared but never referenced
   \   0000006C   0x2001             MOVS     R0,#+1
   \   0000006E   0x9001             STR      R0,[SP, #+4]
   \   00000070   0x....             LDR.N    R0,??DataTable4_11
   \   00000072   0x9000             STR      R0,[SP, #+0]
   \   00000074   0x230B             MOVS     R3,#+11
   \   00000076   0x2202             MOVS     R2,#+2
   \   00000078   0x....             LDR.N    R1,??DataTable4_3  ;; 0x2dc6c0
   \   0000007A   0x2000             MOVS     R0,#+0
   \   0000007C   0x.... 0x....      BL       _lpt_install
    269            /* wk @130330 -->timer end */
    270             
    271            while(1)
    272            {
    273              MainLoop(); //循环主程序
   \                     ??YaDa_0:
   \   00000080   0x.... 0x....      BL       MainLoop
   \   00000084   0xE7FC             B.N      ??YaDa_0
    274            }
    275          }
    276          
    277          /*******************************************************************************
    278          * 函  数  名      : MainLoop
    279          * 描      述      : main函数中的菜单主函数
    280          * 输      入      : 无
    281          * 返      回      : 无
    282          *******************************************************************************/
    283          

   \                                 In section .text, align 2, keep-with-next
    284          void MainLoop()
    285          {
   \                     MainLoop:
   \   00000000   0xB580             PUSH     {R7,LR}
    286            if (SPIPowerFlg) //接收到电能数据
   \   00000002   0x....             LDR.N    R0,??DataTable4_12
   \   00000004   0x7800             LDRB     R0,[R0, #+0]
   \   00000006   0x2800             CMP      R0,#+0
   \   00000008   0xD00D             BEQ.N    ??MainLoop_0
    287            {
    288              if (VIEWHoldFlg == 0)
   \   0000000A   0x....             LDR.N    R0,??DataTable4_13
   \   0000000C   0x7800             LDRB     R0,[R0, #+0]
   \   0000000E   0x2800             CMP      R0,#+0
   \   00000010   0xD105             BNE.N    ??MainLoop_1
    289              {
    290                RefreshFlg = 2;
   \   00000012   0x....             LDR.N    R0,??DataTable4_7
   \   00000014   0x2102             MOVS     R1,#+2
   \   00000016   0x7001             STRB     R1,[R0, #+0]
    291                ViewKeyFlg = 0; //VIEWHoldFlg为0时，可能有其余键按下，需要清零
   \   00000018   0x....             LDR.N    R0,??DataTable4_14
   \   0000001A   0x2100             MOVS     R1,#+0
   \   0000001C   0x7001             STRB     R1,[R0, #+0]
    292              }
    293              
    294              SPIPowerFlg = 0; // 清除标志
   \                     ??MainLoop_1:
   \   0000001E   0x....             LDR.N    R0,??DataTable4_12
   \   00000020   0x2100             MOVS     R1,#+0
   \   00000022   0x7001             STRB     R1,[R0, #+0]
   \   00000024   0xE009             B.N      ??MainLoop_2
    295            }
    296            else if(ViewKeyFlg) //  ? ViewKeyFlg ?
   \                     ??MainLoop_0:
   \   00000026   0x....             LDR.N    R0,??DataTable4_14
   \   00000028   0x7800             LDRB     R0,[R0, #+0]
   \   0000002A   0x2800             CMP      R0,#+0
   \   0000002C   0xD005             BEQ.N    ??MainLoop_2
    297            {
    298              RefreshFlg = 2;
   \   0000002E   0x....             LDR.N    R0,??DataTable4_7
   \   00000030   0x2102             MOVS     R1,#+2
   \   00000032   0x7001             STRB     R1,[R0, #+0]
    299              ViewKeyFlg = 0;
   \   00000034   0x....             LDR.N    R0,??DataTable4_14
   \   00000036   0x2100             MOVS     R1,#+0
   \   00000038   0x7001             STRB     R1,[R0, #+0]
    300            }
    301            /* wk @130401 --> 基本电能质量数据保存 */
    302            if(SavePowerFlg)
   \                     ??MainLoop_2:
   \   0000003A   0x....             LDR.N    R0,??DataTable4_2
   \   0000003C   0x7800             LDRB     R0,[R0, #+0]
   \   0000003E   0x2800             CMP      R0,#+0
   \   00000040   0xD004             BEQ.N    ??MainLoop_3
    303            {
    304              PowerSave(); 
   \   00000042   0x.... 0x....      BL       PowerSave
    305              SavePowerFlg=0;
   \   00000046   0x....             LDR.N    R0,??DataTable4_2
   \   00000048   0x2100             MOVS     R1,#+0
   \   0000004A   0x7001             STRB     R1,[R0, #+0]
    306            }
    307            /* wk @130401 --> end */
    308          #if 1 // WK --> 数据存储  待完善
    309            if (SPIEventFlg || EventKeyFlg) //接收到事件数据或者事件记录相关页有键按下时需要刷新
   \                     ??MainLoop_3:
   \   0000004C   0x....             LDR.N    R0,??DataTable4_15
   \   0000004E   0x7800             LDRB     R0,[R0, #+0]
   \   00000050   0x2800             CMP      R0,#+0
   \   00000052   0xD103             BNE.N    ??MainLoop_4
   \   00000054   0x....             LDR.N    R0,??DataTable4_16
   \   00000056   0x7800             LDRB     R0,[R0, #+0]
   \   00000058   0x2800             CMP      R0,#+0
   \   0000005A   0xD010             BEQ.N    ??MainLoop_5
    310            {
    311              RefreshFlg = 3;
   \                     ??MainLoop_4:
   \   0000005C   0x....             LDR.N    R0,??DataTable4_7
   \   0000005E   0x2103             MOVS     R1,#+3
   \   00000060   0x7001             STRB     R1,[R0, #+0]
    312              if (SPIEventFlg)
   \   00000062   0x....             LDR.N    R0,??DataTable4_15
   \   00000064   0x7800             LDRB     R0,[R0, #+0]
   \   00000066   0x2800             CMP      R0,#+0
   \   00000068   0xD003             BEQ.N    ??MainLoop_6
    313              {
    314          //      EVEnum++;
    315                EventSave(U_FLAG);
   \   0000006A   0x....             LDR.N    R0,??DataTable4_17
   \   0000006C   0x7800             LDRB     R0,[R0, #+0]
   \   0000006E   0x.... 0x....      BL       EventSave
    316              }
    317              SPIEventFlg = 0;
   \                     ??MainLoop_6:
   \   00000072   0x....             LDR.N    R0,??DataTable4_15
   \   00000074   0x2100             MOVS     R1,#+0
   \   00000076   0x7001             STRB     R1,[R0, #+0]
    318              EventKeyFlg = 0;
   \   00000078   0x....             LDR.N    R0,??DataTable4_16
   \   0000007A   0x2100             MOVS     R1,#+0
   \   0000007C   0x7001             STRB     R1,[R0, #+0]
    319            }
    320          #endif
    321            
    322            if(SysSetKeyFlg) //系统设置页有键按下时需要刷新
   \                     ??MainLoop_5:
   \   0000007E   0x....             LDR.N    R0,??DataTable4_18
   \   00000080   0x7800             LDRB     R0,[R0, #+0]
   \   00000082   0x2800             CMP      R0,#+0
   \   00000084   0xD005             BEQ.N    ??MainLoop_7
    323            {
    324               SysSetKeyFlg = 0;
   \   00000086   0x....             LDR.N    R0,??DataTable4_18
   \   00000088   0x2100             MOVS     R1,#+0
   \   0000008A   0x7001             STRB     R1,[R0, #+0]
    325               RefreshFlg = 1; 
   \   0000008C   0x....             LDR.N    R0,??DataTable4_7
   \   0000008E   0x2101             MOVS     R1,#+1
   \   00000090   0x7001             STRB     R1,[R0, #+0]
    326            }
    327            
    328            if (MenuSwFlg == 1) //不能放在switch中，功能键按下时会整体刷新一次;页面切换必须放判断刷新之后，否则出现频繁操作后，页面没有数据的现象
   \                     ??MainLoop_7:
   \   00000092   0x....             LDR.N    R0,??DataTable4_19
   \   00000094   0x7800             LDRB     R0,[R0, #+0]
   \   00000096   0x2801             CMP      R0,#+1
   \   00000098   0xD10C             BNE.N    ??MainLoop_8
    329            {
    330              MenuSwFlg = 0 ;
   \   0000009A   0x....             LDR.N    R0,??DataTable4_19
   \   0000009C   0x2100             MOVS     R1,#+0
   \   0000009E   0x7001             STRB     R1,[R0, #+0]
    331              YADA_70(Dis_PicID);
   \   000000A0   0x....             LDR.N    R0,??DataTable4_20
   \   000000A2   0x7800             LDRB     R0,[R0, #+0]
   \   000000A4   0xB280             UXTH     R0,R0            ;; ZeroExt  R0,R0,#+16,#+16
   \   000000A6   0x.... 0x....      BL       YADA_70
    332              
    333              YADA_70(Dis_PicID); //有时会出现切屏不及时，冗余思想
   \   000000AA   0x....             LDR.N    R0,??DataTable4_20
   \   000000AC   0x7800             LDRB     R0,[R0, #+0]
   \   000000AE   0xB280             UXTH     R0,R0            ;; ZeroExt  R0,R0,#+16,#+16
   \   000000B0   0x.... 0x....      BL       YADA_70
    334            }
    335            
    336            /* ……*/
    337            switch(RefreshFlg)
   \                     ??MainLoop_8:
   \   000000B4   0x....             LDR.N    R0,??DataTable4_7
   \   000000B6   0x7800             LDRB     R0,[R0, #+0]
   \   000000B8   0x2801             CMP      R0,#+1
   \   000000BA   0xD004             BEQ.N    ??MainLoop_9
   \   000000BC   0xD35C             BCC.N    ??MainLoop_10
   \   000000BE   0x2803             CMP      R0,#+3
   \   000000C0   0xD047             BEQ.N    ??MainLoop_11
   \   000000C2   0xD311             BCC.N    ??MainLoop_12
   \   000000C4   0xE058             B.N      ??MainLoop_10
    338            {
    339            case 1:
    340              RefreshFlg = 0;
   \                     ??MainLoop_9:
   \   000000C6   0x....             LDR.N    R0,??DataTable4_7
   \   000000C8   0x2100             MOVS     R1,#+0
   \   000000CA   0x7001             STRB     R1,[R0, #+0]
    341              switch (Dis_PicID)
   \   000000CC   0x....             LDR.N    R0,??DataTable4_20
   \   000000CE   0x7800             LDRB     R0,[R0, #+0]
   \   000000D0   0x280A             CMP      R0,#+10
   \   000000D2   0xD002             BEQ.N    ??MainLoop_13
   \   000000D4   0x280B             CMP      R0,#+11
   \   000000D6   0xD003             BEQ.N    ??MainLoop_14
   \   000000D8   0xE005             B.N      ??MainLoop_15
    342              {
    343                case MenuParaSET:
    344                  GUI_SYS_PARASET();
   \                     ??MainLoop_13:
   \   000000DA   0x.... 0x....      BL       GUI_SYS_PARASET
    345                  break;
   \   000000DE   0xE002             B.N      ??MainLoop_16
    346                case MenuEventSET:
    347                GUI_SYS_EVENTSET();  // 涉及 U盘数据  --> wk 
   \                     ??MainLoop_14:
   \   000000E0   0x.... 0x....      BL       GUI_SYS_EVENTSET
    348                  break;
   \   000000E4   0xE7FF             B.N      ??MainLoop_16
    349                default:
    350                  break;
    351              }
    352              break;
   \                     ??MainLoop_15:
   \                     ??MainLoop_16:
   \   000000E6   0xE047             B.N      ??MainLoop_17
    353              
    354            case 2:
    355              RefreshFlg = 0;
   \                     ??MainLoop_12:
   \   000000E8   0x....             LDR.N    R0,??DataTable4_7
   \   000000EA   0x2100             MOVS     R1,#+0
   \   000000EC   0x7001             STRB     R1,[R0, #+0]
    356              switch (Dis_PicID)
   \   000000EE   0x....             LDR.N    R0,??DataTable4_20
   \   000000F0   0x7800             LDRB     R0,[R0, #+0]
   \   000000F2   0x2814             CMP      R0,#+20
   \   000000F4   0xD00F             BEQ.N    ??MainLoop_18
   \   000000F6   0xD32B             BCC.N    ??MainLoop_19
   \   000000F8   0x2816             CMP      R0,#+22
   \   000000FA   0xD012             BEQ.N    ??MainLoop_20
   \   000000FC   0xD30E             BCC.N    ??MainLoop_21
   \   000000FE   0x2818             CMP      R0,#+24
   \   00000100   0xD015             BEQ.N    ??MainLoop_22
   \   00000102   0xD311             BCC.N    ??MainLoop_23
   \   00000104   0x281A             CMP      R0,#+26
   \   00000106   0xD01E             BEQ.N    ??MainLoop_24
   \   00000108   0xD314             BCC.N    ??MainLoop_25
   \   0000010A   0x281C             CMP      R0,#+28
   \   0000010C   0xD018             BEQ.N    ??MainLoop_26
   \   0000010E   0xD314             BCC.N    ??MainLoop_27
   \   00000110   0x281D             CMP      R0,#+29
   \   00000112   0xD015             BEQ.N    ??MainLoop_26
   \   00000114   0xE01C             B.N      ??MainLoop_19
    357              {
    358                case MenuViewWavVolCur:
    359                 
    360                GUI_VIEW_UI();
   \                     ??MainLoop_18:
   \   00000116   0x.... 0x....      BL       GUI_VIEW_UI
    361                break;
   \   0000011A   0xE019             B.N      ??MainLoop_28
    362              case MenuViewWavVol:
    363                GUI_VIEW_U();
   \                     ??MainLoop_21:
   \   0000011C   0x.... 0x....      BL       GUI_VIEW_U
    364                break;
   \   00000120   0xE016             B.N      ??MainLoop_28
    365              case MenuViewWavCur:
    366                GUI_VIEW_I();
   \                     ??MainLoop_20:
   \   00000122   0x.... 0x....      BL       GUI_VIEW_I
    367                break;
   \   00000126   0xE013             B.N      ??MainLoop_28
    368              case MenuViewVector:
    369                GUI_VIEW_VECT();
   \                     ??MainLoop_23:
   \   00000128   0x.... 0x....      BL       GUI_VIEW_VECT
    370                break;
   \   0000012C   0xE010             B.N      ??MainLoop_28
    371              case MenuViewListMeasure:
    372                GUI_VIEW_ListMeasure();
   \                     ??MainLoop_22:
   \   0000012E   0x.... 0x....      BL       GUI_VIEW_ListMeasure
    373                break;
   \   00000132   0xE00D             B.N      ??MainLoop_28
    374              case MenuViewListQuality1:
    375                GUI_VIEW_ListQuality();
   \                     ??MainLoop_25:
   \   00000134   0x.... 0x....      BL       GUI_VIEW_ListQuality
    376                break;
   \   00000138   0xE00A             B.N      ??MainLoop_28
    377              case MenuViewHarmoGraph1:
    378                GUI_VIEW_HarmoGraph();
   \                     ??MainLoop_27:
   \   0000013A   0x.... 0x....      BL       GUI_VIEW_HarmoGraph
    379                break;
   \   0000013E   0xE007             B.N      ??MainLoop_28
    380              case MenuViewHarmoList1:
    381              case MenuViewHarmoList2:
    382                GUI_VIEW_HarmoList();
   \                     ??MainLoop_26:
   \   00000140   0x.... 0x....      BL       GUI_VIEW_HarmoList
    383                break;
   \   00000144   0xE004             B.N      ??MainLoop_28
    384              case MenuViewListQuality2: // wk --> 
    385                GUI_VIEW_ListQuality2(U_FLAG);
   \                     ??MainLoop_24:
   \   00000146   0x....             LDR.N    R0,??DataTable4_17
   \   00000148   0x7800             LDRB     R0,[R0, #+0]
   \   0000014A   0x.... 0x....      BL       GUI_VIEW_ListQuality2
    386                break;
   \   0000014E   0xE7FF             B.N      ??MainLoop_28
    387                
    388              default:
    389                break; 
    390              }
    391              break;
   \                     ??MainLoop_19:
   \                     ??MainLoop_28:
   \   00000150   0xE012             B.N      ??MainLoop_17
    392              
    393            case 3:
    394              RefreshFlg = 0;
   \                     ??MainLoop_11:
   \   00000152   0x....             LDR.N    R0,??DataTable4_7
   \   00000154   0x2100             MOVS     R1,#+0
   \   00000156   0x7001             STRB     R1,[R0, #+0]
    395              switch (Dis_PicID)
   \   00000158   0x....             LDR.N    R0,??DataTable4_20
   \   0000015A   0x7800             LDRB     R0,[R0, #+0]
   \   0000015C   0x2828             CMP      R0,#+40
   \   0000015E   0xD005             BEQ.N    ??MainLoop_29
   \   00000160   0xD309             BCC.N    ??MainLoop_30
   \   00000162   0x282A             CMP      R0,#+42
   \   00000164   0xD001             BEQ.N    ??MainLoop_31
   \   00000166   0xD206             BCS.N    ??MainLoop_30
    396              {
    397              case MenuEventList:
    398          //      GUI_EVENTList();   // 涉及 U 盘数据  --> wk 
    399                break;
   \                     ??MainLoop_32:
   \   00000168   0xE005             B.N      ??MainLoop_33
    400              case MenuEventWave:
    401          //      GUI_EventWave(U_FLAG);   // 涉及 U 盘数据  --> wk
    402                break;
   \                     ??MainLoop_31:
   \   0000016A   0xE004             B.N      ??MainLoop_33
    403              case MenuEventMON:
    404                GUI_EventMonitor(U_FLAG);  // 涉及 U 盘数据  --> wk
   \                     ??MainLoop_29:
   \   0000016C   0x....             LDR.N    R0,??DataTable4_17
   \   0000016E   0x7800             LDRB     R0,[R0, #+0]
   \   00000170   0x.... 0x....      BL       GUI_EventMonitor
    405                break;
   \   00000174   0xE7FF             B.N      ??MainLoop_33
    406                
    407              default:
    408                break;  
    409              }
    410              break;
   \                     ??MainLoop_30:
   \                     ??MainLoop_33:
   \   00000176   0xE7FF             B.N      ??MainLoop_17
    411              
    412            default:
    413              break;
    414            }
    415          }
   \                     ??MainLoop_10:
   \                     ??MainLoop_17:
   \   00000178   0xBD01             POP      {R0,PC}          ;; return
    416           

   \                                 In section .text, align 2, keep-with-next
    417          void flg_int()   // wk --> 一些标志的初始化 
    418          {
    419              Dis_PicID=0;
   \                     flg_int:
   \   00000000   0x....             LDR.N    R0,??DataTable4_20
   \   00000002   0x2100             MOVS     R1,#+0
   \   00000004   0x7001             STRB     R1,[R0, #+0]
    420          //    HarmoGraphShift=0;//
    421              HarmoGraphPhase=1;// 默认值1
   \   00000006   0x....             LDR.N    R0,??DataTable4_21
   \   00000008   0x2101             MOVS     R1,#+1
   \   0000000A   0x7001             STRB     R1,[R0, #+0]
    422              HarmoGraphRange=1;// 用于选择显示谐波范围，默认值为1,对应1~26次，2对应25~50
   \   0000000C   0x....             LDR.N    R0,??DataTable4_22
   \   0000000E   0x2101             MOVS     R1,#+1
   \   00000010   0x7001             STRB     R1,[R0, #+0]
    423              HarmoGraphUorder=1;// 用于控制谐波电压具体次数的数值显示
   \   00000012   0x....             LDR.N    R0,??DataTable4_23
   \   00000014   0x2101             MOVS     R1,#+1
   \   00000016   0x7001             STRB     R1,[R0, #+0]
    424              HarmoGraphIorder=1;// 用于控制谐波电流具体次数的数值显示
   \   00000018   0x....             LDR.N    R0,??DataTable4_24
   \   0000001A   0x2101             MOVS     R1,#+1
   \   0000001C   0x7001             STRB     R1,[R0, #+0]
    425              HarmoListShift=0;// 谐波列表显示中的功能右移键
   \   0000001E   0x....             LDR.N    R0,??DataTable4_25
   \   00000020   0x2100             MOVS     R1,#+0
   \   00000022   0x7001             STRB     R1,[R0, #+0]
    426              HarmoListPhase=1;
   \   00000024   0x....             LDR.N    R0,??DataTable4_26
   \   00000026   0x2101             MOVS     R1,#+1
   \   00000028   0x7001             STRB     R1,[R0, #+0]
    427              HarmoListUorI=1;
   \   0000002A   0x....             LDR.N    R0,??DataTable4_27
   \   0000002C   0x2101             MOVS     R1,#+1
   \   0000002E   0x7001             STRB     R1,[R0, #+0]
    428              HarmoListRange=1;
   \   00000030   0x....             LDR.N    R0,??DataTable4_28
   \   00000032   0x2101             MOVS     R1,#+1
   \   00000034   0x7001             STRB     R1,[R0, #+0]
    429              HarmoListAmporRatio=1;
   \   00000036   0x....             LDR.N    R0,??DataTable4_29
   \   00000038   0x2101             MOVS     R1,#+1
   \   0000003A   0x7001             STRB     R1,[R0, #+0]
    430              VIEWHoldFlg=0; //保 持键默认为0，键按下时值变为1，再次按下时值变为0；
   \   0000003C   0x....             LDR.N    R0,??DataTable4_13
   \   0000003E   0x2100             MOVS     R1,#+0
   \   00000040   0x7001             STRB     R1,[R0, #+0]
    431              ViewKeyFlg=0;
   \   00000042   0x....             LDR.N    R0,??DataTable4_14
   \   00000044   0x2100             MOVS     R1,#+0
   \   00000046   0x7001             STRB     R1,[R0, #+0]
    432              SysSetKeyFlg=0;
   \   00000048   0x....             LDR.N    R0,??DataTable4_18
   \   0000004A   0x2100             MOVS     R1,#+0
   \   0000004C   0x7001             STRB     R1,[R0, #+0]
    433              EventKeyFlg=0;
   \   0000004E   0x....             LDR.N    R0,??DataTable4_16
   \   00000050   0x2100             MOVS     R1,#+0
   \   00000052   0x7001             STRB     R1,[R0, #+0]
    434              MenuSwFlg=0;
   \   00000054   0x....             LDR.N    R0,??DataTable4_19
   \   00000056   0x2100             MOVS     R1,#+0
   \   00000058   0x7001             STRB     R1,[R0, #+0]
    435              EVEpage=0;
   \   0000005A   0x....             LDR.N    R0,??DataTable4_30
   \   0000005C   0x2100             MOVS     R1,#+0
   \   0000005E   0x7001             STRB     R1,[R0, #+0]
    436              EVEline=0;
   \   00000060   0x....             LDR.N    R0,??DataTable4_31
   \   00000062   0x2100             MOVS     R1,#+0
   \   00000064   0x7001             STRB     R1,[R0, #+0]
    437              EVEfunflg=0;
   \   00000066   0x....             LDR.N    R0,??DataTable4_32
   \   00000068   0x2100             MOVS     R1,#+0
   \   0000006A   0x7001             STRB     R1,[R0, #+0]
    438              
    439          //    File_flg=0;// wk -->
    440              SavePowerFlg =0;
   \   0000006C   0x....             LDR.N    R0,??DataTable4_2
   \   0000006E   0x2100             MOVS     R1,#+0
   \   00000070   0x7001             STRB     R1,[R0, #+0]
    441          }
   \   00000072   0x4770             BX       LR               ;; return

   \                                 In section .text, align 4, keep-with-next
   \                     ??DataTable4:
   \   00000000   0x........         DC32     `?<Constant "pin2_event">`

   \                                 In section .text, align 4, keep-with-next
   \                     ??DataTable4_1:
   \   00000000   0x........         DC32     `?<Constant "Switch2 is pressed(in...">`

   \                                 In section .text, align 4, keep-with-next
   \                     ??DataTable4_2:
   \   00000000   0x........         DC32     SavePowerFlg

   \                                 In section .text, align 4, keep-with-next
   \                     ??DataTable4_3:
   \   00000000   0x002DC6C0         DC32     0x2dc6c0

   \                                 In section .text, align 4, keep-with-next
   \                     ??DataTable4_4:
   \   00000000   0x........         DC32     `?<Constant "\\n----------MAIN&GUI_T...">`

   \                                 In section .text, align 4, keep-with-next
   \                     ??DataTable4_5:
   \   00000000   0x........         DC32     `?<Constant "\\n----------          ...">`

   \                                 In section .text, align 4, keep-with-next
   \                     ??DataTable4_6:
   \   00000000   0x........         DC32     `?<Constant "\\n----------      END ...">`

   \                                 In section .text, align 4, keep-with-next
   \                     ??DataTable4_7:
   \   00000000   0x........         DC32     RefreshFlg

   \                                 In section .text, align 4, keep-with-next
   \                     ??DataTable4_8:
   \   00000000   0x........         DC32     `?<Constant {2181038099L, 0L}>`

   \                                 In section .text, align 4, keep-with-next
   \                     ??DataTable4_9:
   \   00000000   0x........         DC32     `?<Constant "gpio:read">`

   \                                 In section .text, align 4, keep-with-next
   \                     ??DataTable4_10:
   \   00000000   0x........         DC32     int_callback

   \                                 In section .text, align 4, keep-with-next
   \                     ??DataTable4_11:
   \   00000000   0x........         DC32     timer_isr

   \                                 In section .text, align 4, keep-with-next
   \                     ??DataTable4_12:
   \   00000000   0x........         DC32     SPIPowerFlg

   \                                 In section .text, align 4, keep-with-next
   \                     ??DataTable4_13:
   \   00000000   0x........         DC32     VIEWHoldFlg

   \                                 In section .text, align 4, keep-with-next
   \                     ??DataTable4_14:
   \   00000000   0x........         DC32     ViewKeyFlg

   \                                 In section .text, align 4, keep-with-next
   \                     ??DataTable4_15:
   \   00000000   0x........         DC32     SPIEventFlg

   \                                 In section .text, align 4, keep-with-next
   \                     ??DataTable4_16:
   \   00000000   0x........         DC32     EventKeyFlg

   \                                 In section .text, align 4, keep-with-next
   \                     ??DataTable4_17:
   \   00000000   0x........         DC32     U_FLAG

   \                                 In section .text, align 4, keep-with-next
   \                     ??DataTable4_18:
   \   00000000   0x........         DC32     SysSetKeyFlg

   \                                 In section .text, align 4, keep-with-next
   \                     ??DataTable4_19:
   \   00000000   0x........         DC32     MenuSwFlg

   \                                 In section .text, align 4, keep-with-next
   \                     ??DataTable4_20:
   \   00000000   0x........         DC32     Dis_PicID

   \                                 In section .text, align 4, keep-with-next
   \                     ??DataTable4_21:
   \   00000000   0x........         DC32     HarmoGraphPhase

   \                                 In section .text, align 4, keep-with-next
   \                     ??DataTable4_22:
   \   00000000   0x........         DC32     HarmoGraphRange

   \                                 In section .text, align 4, keep-with-next
   \                     ??DataTable4_23:
   \   00000000   0x........         DC32     HarmoGraphUorder

   \                                 In section .text, align 4, keep-with-next
   \                     ??DataTable4_24:
   \   00000000   0x........         DC32     HarmoGraphIorder

   \                                 In section .text, align 4, keep-with-next
   \                     ??DataTable4_25:
   \   00000000   0x........         DC32     HarmoListShift

   \                                 In section .text, align 4, keep-with-next
   \                     ??DataTable4_26:
   \   00000000   0x........         DC32     HarmoListPhase

   \                                 In section .text, align 4, keep-with-next
   \                     ??DataTable4_27:
   \   00000000   0x........         DC32     HarmoListUorI

   \                                 In section .text, align 4, keep-with-next
   \                     ??DataTable4_28:
   \   00000000   0x........         DC32     HarmoListRange

   \                                 In section .text, align 4, keep-with-next
   \                     ??DataTable4_29:
   \   00000000   0x........         DC32     HarmoListAmporRatio

   \                                 In section .text, align 4, keep-with-next
   \                     ??DataTable4_30:
   \   00000000   0x........         DC32     EVEpage

   \                                 In section .text, align 4, keep-with-next
   \                     ??DataTable4_31:
   \   00000000   0x........         DC32     EVEline

   \                                 In section .text, align 4, keep-with-next
   \                     ??DataTable4_32:
   \   00000000   0x........         DC32     EVEfunflg

   \                                 In section .rodata, align 4
   \                     `?<Constant "MAIN&GUI_Task">`:
   \   00000000   0x4D 0x41          DC8 "MAIN&GUI_Task"
   \              0x49 0x4E    
   \              0x26 0x47    
   \              0x55 0x49    
   \              0x5F 0x54    
   \              0x61 0x73    
   \              0x6B 0x00    
   \   0000000E   0x00 0x00          DC8 0, 0

   \                                 In section .rodata, align 4
   \                     `?<Constant "Shell_Task">`:
   \   00000000   0x53 0x68          DC8 "Shell_Task"
   \              0x65 0x6C    
   \              0x6C 0x5F    
   \              0x54 0x61    
   \              0x73 0x6B    
   \              0x00         
   \   0000000B   0x00               DC8 0

   \                                 In section .rodata, align 4
   \                     `?<Constant "FTP_Task">`:
   \   00000000   0x46 0x54          DC8 "FTP_Task"
   \              0x50 0x5F    
   \              0x54 0x61    
   \              0x73 0x6B    
   \              0x00         
   \   00000009   0x00 0x00          DC8 0, 0, 0
   \              0x00         

   \                                 In section .rodata, align 4
   \                     `?<Constant "tcp_socket_task">`:
   \   00000000   0x74 0x63          DC8 "tcp_socket_task"
   \              0x70 0x5F    
   \              0x73 0x6F    
   \              0x63 0x6B    
   \              0x65 0x74    
   \              0x5F 0x74    
   \              0x61 0x73    
   \              0x6B 0x00    

   \                                 In section .rodata, align 4
   \                     `?<Constant "USB_Task">`:
   \   00000000   0x55 0x53          DC8 "USB_Task"
   \              0x42 0x5F    
   \              0x54 0x61    
   \              0x73 0x6B    
   \              0x00         
   \   00000009   0x00 0x00          DC8 0, 0, 0
   \              0x00         

   \                                 In section .rodata, align 4
   \                     `?<Constant "Flash_Task">`:
   \   00000000   0x46 0x6C          DC8 "Flash_Task"
   \              0x61 0x73    
   \              0x68 0x5F    
   \              0x54 0x61    
   \              0x73 0x6B    
   \              0x00         
   \   0000000B   0x00               DC8 0

   \                                 In section .rodata, align 4
   \                     `?<Constant "UartTouch_Task">`:
   \   00000000   0x55 0x61          DC8 "UartTouch_Task"
   \              0x72 0x74    
   \              0x54 0x6F    
   \              0x75 0x63    
   \              0x68 0x5F    
   \              0x54 0x61    
   \              0x73 0x6B    
   \              0x00         
   \   0000000F   0x00               DC8 0

   \                                 In section .rodata, align 4
   \                     `?<Constant "SPIDMA_Task">`:
   \   00000000   0x53 0x50          DC8 "SPIDMA_Task"
   \              0x49 0x44    
   \              0x4D 0x41    
   \              0x5F 0x54    
   \              0x61 0x73    
   \              0x6B 0x00    

   \                                 In section .rodata, align 4
   \                     `?<Constant "PIN2_Task">`:
   \   00000000   0x50 0x49          DC8 "PIN2_Task"
   \              0x4E 0x32    
   \              0x5F 0x54    
   \              0x61 0x73    
   \              0x6B 0x00    
   \   0000000A   0x00 0x00          DC8 0, 0

   \                                 In section .rodata, align 4
   \                     `?<Constant "pin2_event">`:
   \   00000000   0x70 0x69          DC8 "pin2_event"
   \              0x6E 0x32    
   \              0x5F 0x65    
   \              0x76 0x65    
   \              0x6E 0x74    
   \              0x00         
   \   0000000B   0x00               DC8 0

   \                                 In section .rodata, align 4
   \                     `?<Constant "Switch2 is pressed(in...">`:
   \   00000000   0x53 0x77          DC8 "Switch2 is pressed(int mode)!\012"
   \              0x69 0x74    
   \              0x63 0x68    
   \              0x32 0x20    
   \              0x69 0x73    
   \              0x20 0x70    
   \              0x72 0x65    
   \              0x73 0x73    
   \              0x65 0x64    
   \              0x28 0x69    
   \              0x6E 0x74    
   \              0x20 0x6D    
   \              0x6F 0x64    
   \              0x65 0x29    
   \              0x21 0x0A    
   \              0x00         
   \   0000001F   0x00               DC8 0

   \                                 In section .rodata, align 4
   \                     `?<Constant "\\n----------MAIN&GUI_T...">`:
   \   00000000   0x0A 0x2D          DC8 "\012----------MAIN&GUI_Task----------\012"
   \              0x2D 0x2D    
   \              0x2D 0x2D    
   \              0x2D 0x2D    
   \              0x2D 0x2D    
   \              0x2D 0x4D    
   \              0x41 0x49    
   \              0x4E 0x26    
   \              0x47 0x55    
   \              0x49 0x5F    
   \              0x54 0x61    
   \              0x73 0x6B    
   \              0x2D 0x2D    
   \              0x2D 0x2D    
   \              0x2D 0x2D    
   \              0x2D 0x2D    
   \              0x2D 0x2D    
   \              0x0A 0x00    

   \                                 In section .rodata, align 4
   \                     `?<Constant "\\n----------          ...">`:
   \   00000000   0x0A 0x2D          DC8 "\012----------             ----------\012"
   \              0x2D 0x2D    
   \              0x2D 0x2D    
   \              0x2D 0x2D    
   \              0x2D 0x2D    
   \              0x2D 0x20    
   \              0x20 0x20    
   \              0x20 0x20    
   \              0x20 0x20    
   \              0x20 0x20    
   \              0x20 0x20    
   \              0x20 0x20    
   \              0x2D 0x2D    
   \              0x2D 0x2D    
   \              0x2D 0x2D    
   \              0x2D 0x2D    
   \              0x2D 0x2D    
   \              0x0A 0x00    

   \                                 In section .rodata, align 4
   \                     `?<Constant "\\n----------      END ...">`:
   \   00000000   0x0A 0x2D          DC8 "\012----------      END    ----------\012"
   \              0x2D 0x2D    
   \              0x2D 0x2D    
   \              0x2D 0x2D    
   \              0x2D 0x2D    
   \              0x2D 0x20    
   \              0x20 0x20    
   \              0x20 0x20    
   \              0x20 0x45    
   \              0x4E 0x44    
   \              0x20 0x20    
   \              0x20 0x20    
   \              0x2D 0x2D    
   \              0x2D 0x2D    
   \              0x2D 0x2D    
   \              0x2D 0x2D    
   \              0x2D 0x2D    
   \              0x0A 0x00    

   \                                 In section .rodata, align 4
   \                     `?<Constant {2181038099L, 0L}>`:
   \   00000000   0x82000013         DC32 2181038099, 0
   \              0x00000000   

   \                                 In section .rodata, align 4
   \                     `?<Constant "gpio:read">`:
   \   00000000   0x67 0x70          DC8 "gpio:read"
   \              0x69 0x6F    
   \              0x3A 0x72    
   \              0x65 0x61    
   \              0x64 0x00    
   \   0000000A   0x00 0x00          DC8 0, 0

   Maximum stack usage in bytes:

   .cstack Function
   ------- --------
        8  MainLoop
              8 -> EventSave
              8 -> GUI_EventMonitor
              8 -> GUI_SYS_EVENTSET
              8 -> GUI_SYS_PARASET
              8 -> GUI_VIEW_HarmoGraph
              8 -> GUI_VIEW_HarmoList
              8 -> GUI_VIEW_I
              8 -> GUI_VIEW_ListMeasure
              8 -> GUI_VIEW_ListQuality
              8 -> GUI_VIEW_ListQuality2
              8 -> GUI_VIEW_U
              8 -> GUI_VIEW_UI
              8 -> GUI_VIEW_VECT
              8 -> PowerSave
              8 -> YADA_70
       24  YaDa
             24 -> MainLoop
             24 -> UartLCD_init
             24 -> UartTouch_init
             24 -> YADA_70
             24 -> _io_fopen
             24 -> _io_ioctl
             24 -> _io_printf
             24 -> _lpt_install
             24 -> delay_ms
             24 -> flg_int
             24 -> spi2_dma_int
        0  flg_int
        8  int_callback
              8 -> _event_open
              8 -> _event_set
              8 -> _io_printf
        8  timer_isr
              8 -> _lpt_clear_int
              8 -> _lpt_init
              8 -> _lpt_run


   Section sizes:

   Bytes  Function/Label
   -----  --------------
      12  ?<Constant "FTP_Task">
      12  ?<Constant "Flash_Task">
      16  ?<Constant "MAIN&GUI_Task">
      12  ?<Constant "PIN2_Task">
      12  ?<Constant "SPIDMA_Task">
      12  ?<Constant "Shell_Task">
      32  ?<Constant "Switch2 is pressed(in...">
      12  ?<Constant "USB_Task">
      16  ?<Constant "UartTouch_Task">
      36  ?<Constant "\n----------          ...">
      36  ?<Constant "\n----------      END ...">
      36  ?<Constant "\n----------MAIN&GUI_T...">
      12  ?<Constant "gpio:read">
      12  ?<Constant "pin2_event">
      16  ?<Constant "tcp_socket_task">
       8  ?<Constant {2181038099L, 0L}>
       4  ??DataTable4
       4  ??DataTable4_1
       4  ??DataTable4_10
       4  ??DataTable4_11
       4  ??DataTable4_12
       4  ??DataTable4_13
       4  ??DataTable4_14
       4  ??DataTable4_15
       4  ??DataTable4_16
       4  ??DataTable4_17
       4  ??DataTable4_18
       4  ??DataTable4_19
       4  ??DataTable4_2
       4  ??DataTable4_20
       4  ??DataTable4_21
       4  ??DataTable4_22
       4  ??DataTable4_23
       4  ??DataTable4_24
       4  ??DataTable4_25
       4  ??DataTable4_26
       4  ??DataTable4_27
       4  ??DataTable4_28
       4  ??DataTable4_29
       4  ??DataTable4_3
       4  ??DataTable4_30
       4  ??DataTable4_31
       4  ??DataTable4_32
       4  ??DataTable4_4
       4  ??DataTable4_5
       4  ??DataTable4_6
       4  ??DataTable4_7
       4  ??DataTable4_8
       4  ??DataTable4_9
     320  MQX_template_list
     378  MainLoop
       1  RefreshFlg
       1  SavePowerFlg
       1  U_FLAG
     134  YaDa
     116  flg_int
      26  int_callback
       8  read_buffer
      38  timer_isr

 
   3 bytes in section .bss
   8 bytes in section .data
 612 bytes in section .rodata
 824 bytes in section .text
 
 824 bytes of CODE  memory
 612 bytes of CONST memory
  11 bytes of DATA  memory

Errors: none
Warnings: 5
